******************************************************************************
                  TI ARM Linker PC v20.2.1                     
******************************************************************************
>> Linked Mon Feb  7 16:54:42 2022

OUTPUT FILE NAME:   <4.Exin_motor.out>
ENTRY POINT SYMBOL: "_c_int00_noargs"  address: 00003bc1


MEMORY CONFIGURATION

         name            origin    length      used     unused   attr    fill
----------------------  --------  ---------  --------  --------  ----  --------
  MAIN                  00000000   00040000  00003d6e  0003c292  R  X
  INFO                  00200000   00004000  00000000  00004000  R  X
  SRAM_CODE             01000000   00010000  000002c0  0000fd40  RW X
  SRAM_DATA             20000000   00010000  000002c0  0000fd40  RW  


SEGMENT ALLOCATION MAP

run origin  load origin   length   init length attrs members
----------  ----------- ---------- ----------- ----- -------
00000000    00000000    00003d70   00003d70    r-x
  00000000    00000000    000000e4   000000e4    r-- .intvecs
  000000e4    000000e4    00003b82   00003b82    r-x .text
  00003c68    00003c68    000000c8   000000c8    r-- .const
  00003d30    00003d30    00000040   00000040    r-- .cinit
20000000    20000000    000000c0   00000000    rw-
  20000000    20000000    0000006c   00000000    rw- .data
  2000006c    2000006c    00000054   00000000    rw- .bss
2000fe00    2000fe00    00000200   00000000    rw-
  2000fe00    2000fe00    00000200   00000000    rw- .stack


SECTION ALLOCATION MAP

 output                                  attributes/
section   page    origin      length       input sections
--------  ----  ----------  ----------   ----------------
.intvecs   0    00000000    000000e4     
                  00000000    000000e4     startup_msp432p401r_ccs.obj (.intvecs:retain)

.text      0    000000e4    00003b82     
                  000000e4    00000a9c     exingpio.obj (.text)
                  00000b80    000008f0     exinADC.obj (.text)
                  00001470    00000838     exinuart.obj (.text)
                  00001ca8    00000664     exinisr.obj (.text)
                  0000230c    00000600     exinTimerA.obj (.text)
                  0000290c    000004fc     exinsystem.obj (.text)
                  00002e08    00000340     exinpwm.obj (.text)
                  00003148    00000334     system_msp432p401r.obj (.text)
                  0000347c    00000290     exinmotor.obj (.text)
                  0000370c    000001b6     rtsv7M4_T_le_v4SPD16_eabi.lib : fd_add_t2.asm.obj (.text)
                  000038c2    00000136                                   : fd_div_t2.asm.obj (.text)
                  000039f8    0000009c                                   : memcpy_t2.asm.obj (.text)
                  00003a94    00000068                                   : copy_decompress_lzss.c.obj (.text:decompress:lzss:__TI_decompress_lzss)
                  00003afc    00000048                                   : fd_toi_t2.asm.obj (.text)
                  00003b44    00000044                                   : autoinit.c.obj (.text:__TI_auto_init_nobinit_nopinit:__TI_auto_init_nobinit_nopinit)
                  00003b88    00000038                                   : fs_tod_t2.asm.obj (.text)
                  00003bc0    00000034                                   : boot_cortex_m.c.obj (.text:_c_int00_noargs:_c_int00_noargs)
                  00003bf4    00000020                                   : u_tofd_t2.asm.obj (.text)
                  00003c14    0000001c                                   : copy_zero_init.c.obj (.text:decompress:ZI:__TI_zero_init_nomemset:__TI_zero_init_nomemset)
                  00003c30    00000012     main.obj (.text)
                  00003c42    0000000e     rtsv7M4_T_le_v4SPD16_eabi.lib : copy_decompress_none.c.obj (.text:decompress:none:__TI_decompress_none)
                  00003c50    0000000e     startup_msp432p401r_ccs.obj (.text)
                  00003c5e    00000004     rtsv7M4_T_le_v4SPD16_eabi.lib : pre_init.c.obj (.text:_system_pre_init)
                  00003c62    00000004                                   : exit.c.obj (.text:abort:abort)

.const     0    00003c68    000000c8     
                  00003c68    000000a0     exinuart.obj (.const:FP_N)
                  00003d08    00000028     exinuart.obj (.const:.string:BRS)

.cinit     0    00003d30    00000040     
                  00003d30    0000001b     (.cinit..data.load) [load image, compression = lzss]
                  00003d4b    00000001     --HOLE-- [fill = 0]
                  00003d4c    0000000c     (__TI_handler_table)
                  00003d58    00000008     (.cinit..bss.load) [load image, compression = zero_init]
                  00003d60    00000010     (__TI_cinit_table)

.init_array 
*          0    00000000    00000000     UNINITIALIZED

.binit     0    00000000    00000000     

.data      0    20000000    0000006c     UNINITIALIZED
                  20000000    00000038     exinTimerAINT.obj (.data:CCRn_period_val)
                  20000038    0000001c     exinadjust.obj (.data)
                  20000054    00000008     exinsystem.obj (.data)
                  2000005c    00000008     exinuart.obj (.data)
                  20000064    00000004     exinpwm.obj (.data)
                  20000068    00000004     system_msp432p401r.obj (.data)

.bss       0    2000006c    00000054     UNINITIALIZED
                  2000006c    00000030     (.common:ADC14_STRUCT)
                  2000009c    00000008     (.common:encoder_A)
                  200000a4    00000008     (.common:encoder_B)
                  200000ac    00000008     (.common:encoder_C)
                  200000b4    00000008     (.common:encoder_D)
                  200000bc    00000004     exinsystem.obj (.bss)

.stack     0    2000fe00    00000200     UNINITIALIZED
                  2000fe00    00000004     rtsv7M4_T_le_v4SPD16_eabi.lib : boot_cortex_m.c.obj (.stack)
                  2000fe04    000001fc     --HOLE--

__llvm_prf_cnts 
*          0    20000000    00000000     UNINITIALIZED

MODULE SUMMARY

       Module                        code    ro data   rw data
       ------                        ----    -------   -------
    .\
       system_msp432p401r.obj        820     0         8      
       startup_msp432p401r_ccs.obj   14      228       0      
       main.obj                      18      0         96     
    +--+-----------------------------+-------+---------+---------+
       Total:                        852     228       104    
                                                              
    .\exinlibs\
       exingpio.obj                  2716    0         0      
       exinuart.obj                  2104    200       16     
       exinADC.obj                   2288    0         0      
       exinisr.obj                   1636    0         0      
       exinTimerA.obj                1536    0         0      
       exinsystem.obj                1276    0         24     
       exinpwm.obj                   832     0         8      
       exinmotor.obj                 656     0         0      
       exinTimerAINT.obj             0       0         112    
       exinencoder.obj               0       0         64     
       exinadjust.obj                0       0         56     
    +--+-----------------------------+-------+---------+---------+
       Total:                        13044   200       280    
                                                              
    D:\CCS\ccs\tools\compiler\ti-cgt-arm_20.2.1.LTS\lib\rtsv7M4_T_le_v4SPD16_eabi.lib
       fd_add_t2.asm.obj             438     0         0      
       fd_div_t2.asm.obj             310     0         0      
       memcpy_t2.asm.obj             156     0         0      
       copy_decompress_lzss.c.obj    104     0         0      
       fd_toi_t2.asm.obj             72      0         0      
       autoinit.c.obj                68      0         0      
       fs_tod_t2.asm.obj             56      0         0      
       boot_cortex_m.c.obj           52      0         0      
       u_tofd_t2.asm.obj             32      0         0      
       copy_zero_init.c.obj          28      0         0      
       copy_decompress_none.c.obj    14      0         0      
       exit.c.obj                    4       0         0      
       pre_init.c.obj                4       0         0      
    +--+-----------------------------+-------+---------+---------+
       Total:                        1338    0         0      
                                                              
       Stack:                        0       0         1024   
       Linker Generated:             0       63        0      
    +--+-----------------------------+-------+---------+---------+
       Grand Total:                  15234   491       1408   


LINKER GENERATED COPY TABLES

__TI_cinit_table @ 00003d60 records: 2, size/record: 8, table size: 16
	.data: load addr=00003d30, load size=0000001b bytes, run addr=20000000, run size=0000006c bytes, compression=lzss
	.bss: load addr=00003d58, load size=00000008 bytes, run addr=2000006c, run size=00000054 bytes, compression=zero_init


LINKER GENERATED HANDLER TABLE

__TI_handler_table @ 00003d4c records: 3, size/record: 4, table size: 12
	index: 0, handler: __TI_decompress_lzss
	index: 1, handler: __TI_decompress_none
	index: 2, handler: __TI_zero_init


GLOBAL SYMBOLS: SORTED ALPHABETICALLY BY Name 

address   name                          
-------   ----                          
00001091  ADC14_CHAEND_set              
00000dc5  ADC14_CHA_sel                 
00000ed9  ADC14_CLK_sel                 
0000128d  ADC14_IRQFG_set               
000013e5  ADC14_IRQHandler              
000013e5  ADC14_IRQHandler              
00001189  ADC14_MEM_set                 
00000fd7  ADC14_PREC_sel                
2000006c  ADC14_STRUCT                  
00000b8d  ADC14_convert_disable         
00000b81  ADC14_convert_enable          
00000ba5  ADC14_convert_end             
00000b99  ADC14_convert_start           
00001031  ADC14_init                    
00000c4f  ADC14_read_data               
00001319  ADC14_repeatmod_init          
00001391  ADC14_repeatmod_rec           
00000bb1  ADC14_start                   
00003c5d  AES256_IRQHandler             
20000052  A_flag                        
20000060  BRCLK                         
00003d08  BRS                           
20000053  B_flag                        
00003c5d  BusFault_Handler              
00003c63  C$$EXIT                       
0000281d  CCRn_MOD_sel                  
20000000  CCRn_period_val               
00003c5d  COMP_E0_IRQHandler            
00003c5d  COMP_E1_IRQHandler            
00003c5d  CS_IRQHandler                 
0000293f  CS_locked                     
00002935  CS_unlocked                   
00002947  DCO_set                       
00003c5d  DMA_ERR_IRQHandler            
00003c5d  DMA_INT0_IRQHandler           
00003c5d  DMA_INT1_IRQHandler           
00003c5d  DMA_INT2_IRQHandler           
00003c5d  DMA_INT3_IRQHandler           
00003c5d  DebugMon_Handler              
00003c5d  Default_Handler               
00001c3d  EUSCIA0_IRQHandler            
00001c3d  EUSCIA0_IRQHandler            
00001c47  EUSCIA1_IRQHandler            
00001c47  EUSCIA1_IRQHandler            
00001c59  EUSCIA2_IRQHandler            
00001c59  EUSCIA2_IRQHandler            
00001c69  EUSCIA3_IRQHandler            
00001c69  EUSCIA3_IRQHandler            
00003c5d  EUSCIB0_IRQHandler            
00003c5d  EUSCIB1_IRQHandler            
00003c5d  EUSCIB2_IRQHandler            
00003c5d  EUSCIB3_IRQHandler            
00003c5d  FLCTL_IRQHandler              
00003c5d  FPU_IRQHandler                
00003c68  FP_N                          
00003c5d  HardFault_Handler             
20000050  IRQ3_5flag                    
20000051  IRQ4_6flag                    
000029bd  MCLK_set                      
000036d1  MOTOR_TEST                    
00003c5d  MemManage_Handler             
000034cf  Motor_DIR_PIN_INIT            
0000347d  Motor_PWM_INIT                
00003527  Motor_init                    
00003543  Motor_pwm_duty                
00003c5d  NMI_Handler                   
00003c5d  PCM_IRQHandler                
0000365d  PID_Inc                       
0000361b  PID_SET                       
00001ca9  PORT1_IRQHandler              
00001ca9  PORT1_IRQHandler              
00001d4f  PORT2_IRQHandler              
00001d4f  PORT2_IRQHandler              
00001e1b  PORT3_IRQHandler              
00001e1b  PORT3_IRQHandler              
00001ed3  PORT4_IRQHandler              
00001ed3  PORT4_IRQHandler              
00001fb1  PORT5_IRQHandler              
00001fb1  PORT5_IRQHandler              
00002085  PORT6_IRQHandler              
00002085  PORT6_IRQHandler              
00003c5d  PSS_IRQHandler                
000030ef  PWM_TEST                      
00003c5d  PendSV_Handler                
00003c5d  RTC_C_IRQHandler              
00003c51  Reset_Handler                 
00002add  SMCLK_set                     
00003c5d  SVC_Handler                   
00002d83  SysTick_Handler               
00002d83  SysTick_Handler               
20000068  SystemCoreClock               
00003149  SystemCoreClockUpdate         
000033c1  SystemInit                    
00003c5d  T32_INT1_IRQHandler           
00003c5d  T32_INT2_IRQHandler           
00003c5d  T32_INTC_IRQHandler           
00002161  TA0_0_IRQHandler              
00002161  TA0_0_IRQHandler              
0000219b  TA0_N_IRQHandler              
0000219b  TA0_N_IRQHandler              
00002177  TA1_0_IRQHandler              
00002177  TA1_0_IRQHandler              
000021a1  TA1_N_IRQHandler              
000021a1  TA1_N_IRQHandler              
00002183  TA2_0_IRQHandler              
00002183  TA2_0_IRQHandler              
000021a3  TA2_N_IRQHandler              
000021a3  TA2_N_IRQHandler              
0000218f  TA3_0_IRQHandler              
0000218f  TA3_0_IRQHandler              
000021b9  TA3_N_IRQHandler              
000021b9  TA3_N_IRQHandler              
0000279d  TimerA_CCRVAL_set             
000023b3  TimerA_CLK_set                
0000230d  TimerA_MOD_sel                
00002575  TimerA_NVIC_IRQ_set           
000026ed  TimerA_disable_CCRnIRQ        
0000263d  TimerA_enable_CCRnIRQ         
2000005e  UART0_RXDat                   
2000005d  UART2_RXDat                   
2000005c  UART3_RXDat                   
000016e1  UART_BRS_val                  
00001801  UART_Baunds_set               
000015e9  UART_CLK_sel                  
000014ed  UART_IRQRX_set                
00001471  UART_IRQ_set                  
00001595  UART_PIN_sel                  
00001541  UART_USIC_init                
00001a35  UART_init                     
00001b15  UART_recv_Byte                
00001aa1  UART_send_Byte                
00001c01  UART_send_int                 
00001ba5  UART_send_short               
00001b69  UART_send_string              
00003c5d  UsageFault_Handler            
4000480c  WDTCTL_SYM                    
00003c5d  WDT_A_IRQHandler              
20010000  __STACK_END                   
00000200  __STACK_SIZE                  
00003d60  __TI_CINIT_Base               
00003d70  __TI_CINIT_Limit              
00003d4c  __TI_Handler_Table_Base       
00003d58  __TI_Handler_Table_Limit      
00003b45  __TI_auto_init_nobinit_nopinit
00003a95  __TI_decompress_lzss          
00003c43  __TI_decompress_none          
ffffffff  __TI_pprof_out_hndl           
ffffffff  __TI_prof_data_size           
ffffffff  __TI_prof_data_start          
00000000  __TI_static_base__            
00003c15  __TI_zero_init_nomemset       
00003afd  __aeabi_d2iz                  
00003717  __aeabi_dadd                  
000038c3  __aeabi_ddiv                  
0000370d  __aeabi_dsub                  
00003b89  __aeabi_f2d                   
000039f9  __aeabi_memcpy                
000039f9  __aeabi_memcpy4               
000039f9  __aeabi_memcpy8               
00003bf5  __aeabi_ui2d                  
ffffffff  __binit__                     
ffffffff  __c_args__                    
UNDEFED   __mpu_init                    
2000fe00  __stack                       
20000000  __start___llvm_prf_cnts       
20000000  __stop___llvm_prf_cnts        
00003bc1  _c_int00_noargs               
UNDEFED   _system_post_cinit            
00003c5f  _system_pre_init              
00003c63  abort                         
ffffffff  binit                         
20000044  count                         
20000038  dirf                          
20000064  duty                          
2000009c  encoder_A                     
200000a4  encoder_B                     
200000ac  encoder_C                     
200000b4  encoder_D                     
0000290d  error                         
000006bf  gpio_clr_GPIOIRQFLG           
0000064d  gpio_disable_IRQ              
000004cd  gpio_disable_Ren              
00000741  gpio_edg_sel                  
000005b5  gpio_enable_IRQ               
0000040d  gpio_enable_Ren               
00000951  gpio_get                      
000008c1  gpio_init                     
00000861  gpio_interrupt_INIT           
00000a41  gpio_set                      
000001a5  gpio_set_Asin                 
000000e5  gpio_set_Asout                
00000265  gpio_set_High                 
00000325  gpio_set_Low                  
00000a71  gpio_toggle                   
00000000  interruptVectors              
00003c31  main                          
000039f9  memcpy                        
2000003c  page_count                    
0000305b  pwm_duty                      
00002f45  pwm_init                      
00002eb9  pwm_period_set                
00002e09  pwm_pin_init                  
00002c05  set_DCO_48MH                  
00002c9d  set_clock_period              
20000040  start_flag                    
20000054  sysc                          
00002d63  system_init                   
00002d55  systic_clr                    
00002dab  systic_delayms                
00002d8d  systic_delayus                
00002ce1  systic_end                    
00002ca7  systic_init                   
00002cf5  systic_read                   
00002ccb  systic_start                  
20000058  systim                        
20000048  testA                         
2000004c  testB                         


GLOBAL SYMBOLS: SORTED BY Symbol Address 

address   name                          
-------   ----                          
00000000  __TI_static_base__            
00000000  interruptVectors              
000000e5  gpio_set_Asout                
000001a5  gpio_set_Asin                 
00000200  __STACK_SIZE                  
00000265  gpio_set_High                 
00000325  gpio_set_Low                  
0000040d  gpio_enable_Ren               
000004cd  gpio_disable_Ren              
000005b5  gpio_enable_IRQ               
0000064d  gpio_disable_IRQ              
000006bf  gpio_clr_GPIOIRQFLG           
00000741  gpio_edg_sel                  
00000861  gpio_interrupt_INIT           
000008c1  gpio_init                     
00000951  gpio_get                      
00000a41  gpio_set                      
00000a71  gpio_toggle                   
00000b81  ADC14_convert_enable          
00000b8d  ADC14_convert_disable         
00000b99  ADC14_convert_start           
00000ba5  ADC14_convert_end             
00000bb1  ADC14_start                   
00000c4f  ADC14_read_data               
00000dc5  ADC14_CHA_sel                 
00000ed9  ADC14_CLK_sel                 
00000fd7  ADC14_PREC_sel                
00001031  ADC14_init                    
00001091  ADC14_CHAEND_set              
00001189  ADC14_MEM_set                 
0000128d  ADC14_IRQFG_set               
00001319  ADC14_repeatmod_init          
00001391  ADC14_repeatmod_rec           
000013e5  ADC14_IRQHandler              
000013e5  ADC14_IRQHandler              
00001471  UART_IRQ_set                  
000014ed  UART_IRQRX_set                
00001541  UART_USIC_init                
00001595  UART_PIN_sel                  
000015e9  UART_CLK_sel                  
000016e1  UART_BRS_val                  
00001801  UART_Baunds_set               
00001a35  UART_init                     
00001aa1  UART_send_Byte                
00001b15  UART_recv_Byte                
00001b69  UART_send_string              
00001ba5  UART_send_short               
00001c01  UART_send_int                 
00001c3d  EUSCIA0_IRQHandler            
00001c3d  EUSCIA0_IRQHandler            
00001c47  EUSCIA1_IRQHandler            
00001c47  EUSCIA1_IRQHandler            
00001c59  EUSCIA2_IRQHandler            
00001c59  EUSCIA2_IRQHandler            
00001c69  EUSCIA3_IRQHandler            
00001c69  EUSCIA3_IRQHandler            
00001ca9  PORT1_IRQHandler              
00001ca9  PORT1_IRQHandler              
00001d4f  PORT2_IRQHandler              
00001d4f  PORT2_IRQHandler              
00001e1b  PORT3_IRQHandler              
00001e1b  PORT3_IRQHandler              
00001ed3  PORT4_IRQHandler              
00001ed3  PORT4_IRQHandler              
00001fb1  PORT5_IRQHandler              
00001fb1  PORT5_IRQHandler              
00002085  PORT6_IRQHandler              
00002085  PORT6_IRQHandler              
00002161  TA0_0_IRQHandler              
00002161  TA0_0_IRQHandler              
00002177  TA1_0_IRQHandler              
00002177  TA1_0_IRQHandler              
00002183  TA2_0_IRQHandler              
00002183  TA2_0_IRQHandler              
0000218f  TA3_0_IRQHandler              
0000218f  TA3_0_IRQHandler              
0000219b  TA0_N_IRQHandler              
0000219b  TA0_N_IRQHandler              
000021a1  TA1_N_IRQHandler              
000021a1  TA1_N_IRQHandler              
000021a3  TA2_N_IRQHandler              
000021a3  TA2_N_IRQHandler              
000021b9  TA3_N_IRQHandler              
000021b9  TA3_N_IRQHandler              
0000230d  TimerA_MOD_sel                
000023b3  TimerA_CLK_set                
00002575  TimerA_NVIC_IRQ_set           
0000263d  TimerA_enable_CCRnIRQ         
000026ed  TimerA_disable_CCRnIRQ        
0000279d  TimerA_CCRVAL_set             
0000281d  CCRn_MOD_sel                  
0000290d  error                         
00002935  CS_unlocked                   
0000293f  CS_locked                     
00002947  DCO_set                       
000029bd  MCLK_set                      
00002add  SMCLK_set                     
00002c05  set_DCO_48MH                  
00002c9d  set_clock_period              
00002ca7  systic_init                   
00002ccb  systic_start                  
00002ce1  systic_end                    
00002cf5  systic_read                   
00002d55  systic_clr                    
00002d63  system_init                   
00002d83  SysTick_Handler               
00002d83  SysTick_Handler               
00002d8d  systic_delayus                
00002dab  systic_delayms                
00002e09  pwm_pin_init                  
00002eb9  pwm_period_set                
00002f45  pwm_init                      
0000305b  pwm_duty                      
000030ef  PWM_TEST                      
00003149  SystemCoreClockUpdate         
000033c1  SystemInit                    
0000347d  Motor_PWM_INIT                
000034cf  Motor_DIR_PIN_INIT            
00003527  Motor_init                    
00003543  Motor_pwm_duty                
0000361b  PID_SET                       
0000365d  PID_Inc                       
000036d1  MOTOR_TEST                    
0000370d  __aeabi_dsub                  
00003717  __aeabi_dadd                  
000038c3  __aeabi_ddiv                  
000039f9  __aeabi_memcpy                
000039f9  __aeabi_memcpy4               
000039f9  __aeabi_memcpy8               
000039f9  memcpy                        
00003a95  __TI_decompress_lzss          
00003afd  __aeabi_d2iz                  
00003b45  __TI_auto_init_nobinit_nopinit
00003b89  __aeabi_f2d                   
00003bc1  _c_int00_noargs               
00003bf5  __aeabi_ui2d                  
00003c15  __TI_zero_init_nomemset       
00003c31  main                          
00003c43  __TI_decompress_none          
00003c51  Reset_Handler                 
00003c5d  AES256_IRQHandler             
00003c5d  BusFault_Handler              
00003c5d  COMP_E0_IRQHandler            
00003c5d  COMP_E1_IRQHandler            
00003c5d  CS_IRQHandler                 
00003c5d  DMA_ERR_IRQHandler            
00003c5d  DMA_INT0_IRQHandler           
00003c5d  DMA_INT1_IRQHandler           
00003c5d  DMA_INT2_IRQHandler           
00003c5d  DMA_INT3_IRQHandler           
00003c5d  DebugMon_Handler              
00003c5d  Default_Handler               
00003c5d  EUSCIB0_IRQHandler            
00003c5d  EUSCIB1_IRQHandler            
00003c5d  EUSCIB2_IRQHandler            
00003c5d  EUSCIB3_IRQHandler            
00003c5d  FLCTL_IRQHandler              
00003c5d  FPU_IRQHandler                
00003c5d  HardFault_Handler             
00003c5d  MemManage_Handler             
00003c5d  NMI_Handler                   
00003c5d  PCM_IRQHandler                
00003c5d  PSS_IRQHandler                
00003c5d  PendSV_Handler                
00003c5d  RTC_C_IRQHandler              
00003c5d  SVC_Handler                   
00003c5d  T32_INT1_IRQHandler           
00003c5d  T32_INT2_IRQHandler           
00003c5d  T32_INTC_IRQHandler           
00003c5d  UsageFault_Handler            
00003c5d  WDT_A_IRQHandler              
00003c5f  _system_pre_init              
00003c63  C$$EXIT                       
00003c63  abort                         
00003c68  FP_N                          
00003d08  BRS                           
00003d4c  __TI_Handler_Table_Base       
00003d58  __TI_Handler_Table_Limit      
00003d60  __TI_CINIT_Base               
00003d70  __TI_CINIT_Limit              
20000000  CCRn_period_val               
20000000  __start___llvm_prf_cnts       
20000000  __stop___llvm_prf_cnts        
20000038  dirf                          
2000003c  page_count                    
20000040  start_flag                    
20000044  count                         
20000048  testA                         
2000004c  testB                         
20000050  IRQ3_5flag                    
20000051  IRQ4_6flag                    
20000052  A_flag                        
20000053  B_flag                        
20000054  sysc                          
20000058  systim                        
2000005c  UART3_RXDat                   
2000005d  UART2_RXDat                   
2000005e  UART0_RXDat                   
20000060  BRCLK                         
20000064  duty                          
20000068  SystemCoreClock               
2000006c  ADC14_STRUCT                  
2000009c  encoder_A                     
200000a4  encoder_B                     
200000ac  encoder_C                     
200000b4  encoder_D                     
2000fe00  __stack                       
20010000  __STACK_END                   
4000480c  WDTCTL_SYM                    
ffffffff  __TI_pprof_out_hndl           
ffffffff  __TI_prof_data_size           
ffffffff  __TI_prof_data_start          
ffffffff  __binit__                     
ffffffff  __c_args__                    
ffffffff  binit                         
UNDEFED   __mpu_init                    
UNDEFED   _system_post_cinit            

[217 symbols]
