******************************************************************************
                  TI ARM Linker PC v20.2.1                     
******************************************************************************
>> Linked Tue Dec 21 20:33:42 2021

OUTPUT FILE NAME:   <4.Exin_motor.out>
ENTRY POINT SYMBOL: "_c_int00_noargs"  address: 0000370d


MEMORY CONFIGURATION

         name            origin    length      used     unused   attr    fill
----------------------  --------  ---------  --------  --------  ----  --------
  MAIN                  00000000   00040000  00003874  0003c78c  R  X
  INFO                  00200000   00004000  00000000  00004000  R  X
  SRAM_CODE             01000000   00010000  000002e8  0000fd18  RW X
  SRAM_DATA             20000000   00010000  000002e8  0000fd18  RW  


SEGMENT ALLOCATION MAP

run origin  load origin   length   init length attrs members
----------  ----------- ---------- ----------- ----- -------
00000000    00000000    00003878   00003878    r-x
  00000000    00000000    000000e4   000000e4    r-- .intvecs
  000000e4    000000e4    00003728   00003728    r-x .text
  00003810    00003810    00000068   00000068    r-- .cinit
20000000    20000000    000000e8   00000000    rw-
  20000000    20000000    00000094   00000000    rw- .data
  20000094    20000094    00000054   00000000    rw- .bss
2000fe00    2000fe00    00000200   00000000    rw-
  2000fe00    2000fe00    00000200   00000000    rw- .stack


SECTION ALLOCATION MAP

 output                                  attributes/
section   page    origin      length       input sections
--------  ----  ----------  ----------   ----------------
.intvecs   0    00000000    000000e4     
                  00000000    000000e4     startup_msp432p401r_ccs.obj (.intvecs:retain)

.text      0    000000e4    00003728     
                  000000e4    00000a9c     exingpio.obj (.text)
                  00000b80    000008f0     exinADC.obj (.text)
                  00001470    000006a0     exinuart.obj (.text)
                  00001b10    000004fc     exinsystem.obj (.text)
                  0000200c    0000046c     exinTimerA.obj (.text)
                  00002478    000003e8     exinisr.obj (.text)
                  00002860    00000340     exinpwm.obj (.text)
                  00002ba0    00000334     system_msp432p401r.obj (.text)
                  00002ed4    00000288     exinmotor.obj (.text)
                  0000315c    000001b6     rtsv7M4_T_le_v4SPD16_eabi.lib : fd_add_t2.asm.obj (.text)
                  00003312    00000136                                   : fd_div_t2.asm.obj (.text)
                  00003448    000000fc                                   : fd_mul_t2.asm.obj (.text)
                  00003544    0000009c                                   : memcpy_t2.asm.obj (.text)
                  000035e0    00000068                                   : copy_decompress_lzss.c.obj (.text:decompress:lzss:__TI_decompress_lzss)
                  00003648    00000048                                   : fd_toi_t2.asm.obj (.text)
                  00003690    00000044                                   : autoinit.c.obj (.text:__TI_auto_init_nobinit_nopinit:__TI_auto_init_nobinit_nopinit)
                  000036d4    00000038                                   : fs_tod_t2.asm.obj (.text)
                  0000370c    00000034                                   : boot_cortex_m.c.obj (.text:_c_int00_noargs:_c_int00_noargs)
                  00003740    00000030     msp432p4xx_driverlib.lib : gpio.o (.text:GPIO_getEnabledInterruptStatus)
                  00003770    00000020     rtsv7M4_T_le_v4SPD16_eabi.lib : u_tofd_t2.asm.obj (.text)
                  00003790    0000001c                                   : copy_zero_init.c.obj (.text:decompress:ZI:__TI_zero_init_nomemset:__TI_zero_init_nomemset)
                  000037ac    00000018     msp432p4xx_driverlib.lib : gpio.o (.text:GPIO_clearInterruptFlag)
                  000037c4    00000012     main.obj (.text)
                  000037d6    00000002     --HOLE-- [fill = 0]
                  000037d8    00000010     msp432p4xx_driverlib.lib : gpio.o (.text:GPIO_getInterruptStatus)
                  000037e8    0000000e     rtsv7M4_T_le_v4SPD16_eabi.lib : copy_decompress_none.c.obj (.text:decompress:none:__TI_decompress_none)
                  000037f6    0000000e     startup_msp432p401r_ccs.obj (.text)
                  00003804    00000004     rtsv7M4_T_le_v4SPD16_eabi.lib : pre_init.c.obj (.text:_system_pre_init)
                  00003808    00000004                                   : exit.c.obj (.text:abort:abort)

.cinit     0    00003810    00000068     
                  00003810    00000040     (.cinit..data.load) [load image, compression = lzss]
                  00003850    0000000c     (__TI_handler_table)
                  0000385c    00000004     --HOLE-- [fill = 0]
                  00003860    00000008     (.cinit..bss.load) [load image, compression = zero_init]
                  00003868    00000010     (__TI_cinit_table)

.init_array 
*          0    00000000    00000000     UNINITIALIZED

.binit     0    00000000    00000000     

.data      0    20000000    00000094     UNINITIALIZED
                  20000000    00000038     exinTimerAINT.obj (.data:CCRn_period_val)
                  20000038    00000030     msp432p4xx_driverlib.lib : gpio.o (.data:GPIO_PORT_TO_BASE)
                  20000068    0000001c     exinadjust.obj (.data)
                  20000084    00000008     exinsystem.obj (.data)
                  2000008c    00000004     exinpwm.obj (.data)
                  20000090    00000004     system_msp432p401r.obj (.data)

.bss       0    20000094    00000054     UNINITIALIZED
                  20000094    00000030     (.common:ADC14_STRUCT)
                  200000c4    00000008     (.common:encoder_A)
                  200000cc    00000008     (.common:encoder_B)
                  200000d4    00000008     (.common:encoder_C)
                  200000dc    00000008     (.common:encoder_D)
                  200000e4    00000004     exinsystem.obj (.bss)

.stack     0    2000fe00    00000200     UNINITIALIZED
                  2000fe00    00000004     rtsv7M4_T_le_v4SPD16_eabi.lib : boot_cortex_m.c.obj (.stack)
                  2000fe04    000001fc     --HOLE--

__llvm_prf_cnts 
*          0    20000000    00000000     UNINITIALIZED

MODULE SUMMARY

       Module                        code    ro data   rw data
       ------                        ----    -------   -------
    .\
       system_msp432p401r.obj        820     0         8      
       startup_msp432p401r_ccs.obj   14      228       0      
       main.obj                      18      0         96     
    +--+-----------------------------+-------+---------+---------+
       Total:                        852     228       104    
                                                              
    .\exinlibs\
       exingpio.obj                  2716    0         0      
       exinADC.obj                   2288    0         0      
       exinuart.obj                  1696    0         0      
       exinsystem.obj                1276    0         24     
       exinTimerA.obj                1132    0         0      
       exinisr.obj                   1000    0         0      
       exinpwm.obj                   832     0         8      
       exinmotor.obj                 648     0         0      
       exinTimerAINT.obj             0       0         112    
       exinencoder.obj               0       0         64     
       exinadjust.obj                0       0         56     
    +--+-----------------------------+-------+---------+---------+
       Total:                        11588   0         264    
                                                              
    C:/ti/msp/MSP432Ware_3_40_00_25/driverlib/driverlib/MSP432P4xx/ccs/msp432p4xx_driverlib.lib
       gpio.o                        88      0         96     
    +--+-----------------------------+-------+---------+---------+
       Total:                        88      0         96     
                                                              
    D:\CCS\ccs\tools\compiler\ti-cgt-arm_20.2.1.LTS\lib\rtsv7M4_T_le_v4SPD16_eabi.lib
       fd_add_t2.asm.obj             438     0         0      
       fd_div_t2.asm.obj             310     0         0      
       fd_mul_t2.asm.obj             252     0         0      
       memcpy_t2.asm.obj             156     0         0      
       copy_decompress_lzss.c.obj    104     0         0      
       fd_toi_t2.asm.obj             72      0         0      
       autoinit.c.obj                68      0         0      
       fs_tod_t2.asm.obj             56      0         0      
       boot_cortex_m.c.obj           52      0         0      
       u_tofd_t2.asm.obj             32      0         0      
       copy_zero_init.c.obj          28      0         0      
       copy_decompress_none.c.obj    14      0         0      
       exit.c.obj                    4       0         0      
       pre_init.c.obj                4       0         0      
    +--+-----------------------------+-------+---------+---------+
       Total:                        1590    0         0      
                                                              
       Stack:                        0       0         1024   
       Linker Generated:             0       100       0      
    +--+-----------------------------+-------+---------+---------+
       Grand Total:                  14118   328       1488   


LINKER GENERATED COPY TABLES

__TI_cinit_table @ 00003868 records: 2, size/record: 8, table size: 16
	.data: load addr=00003810, load size=00000040 bytes, run addr=20000000, run size=00000094 bytes, compression=lzss
	.bss: load addr=00003860, load size=00000008 bytes, run addr=20000094, run size=00000054 bytes, compression=zero_init


LINKER GENERATED HANDLER TABLE

__TI_handler_table @ 00003850 records: 3, size/record: 4, table size: 12
	index: 0, handler: __TI_decompress_lzss
	index: 1, handler: __TI_decompress_none
	index: 2, handler: __TI_zero_init


GLOBAL SYMBOLS: SORTED ALPHABETICALLY BY Name 

address   name                          
-------   ----                          
00001091  ADC14_CHAEND_set              
00000dc5  ADC14_CHA_sel                 
00000ed9  ADC14_CLK_sel                 
0000128d  ADC14_IRQFG_set               
000013e5  ADC14_IRQHandler              
000013e5  ADC14_IRQHandler              
00001189  ADC14_MEM_set                 
00000fd7  ADC14_PREC_sel                
20000094  ADC14_STRUCT                  
00000b8d  ADC14_convert_disable         
00000b81  ADC14_convert_enable          
00000ba5  ADC14_convert_end             
00000b99  ADC14_convert_start           
00001031  ADC14_init                    
00000c4f  ADC14_read_data               
00001319  ADC14_repeatmod_init          
00001391  ADC14_repeatmod_rec           
00000bb1  ADC14_start                   
00003803  AES256_IRQHandler             
20000082  A_flag                        
20000083  B_flag                        
00003803  BusFault_Handler              
00003809  C$$EXIT                       
20000000  CCRn_period_val               
00003803  COMP_E0_IRQHandler            
00003803  COMP_E1_IRQHandler            
00003803  CS_IRQHandler                 
00001b43  CS_locked                     
00001b39  CS_unlocked                   
00001b4b  DCO_set                       
00003803  DMA_ERR_IRQHandler            
00003803  DMA_INT0_IRQHandler           
00003803  DMA_INT1_IRQHandler           
00003803  DMA_INT2_IRQHandler           
00003803  DMA_INT3_IRQHandler           
00003803  DebugMon_Handler              
00003803  Default_Handler               
00001a77  EUSCIA0_IRQHandler            
00001a77  EUSCIA0_IRQHandler            
00001a81  EUSCIA1_IRQHandler            
00001a81  EUSCIA1_IRQHandler            
00001a95  EUSCIA2_IRQHandler            
00001a95  EUSCIA2_IRQHandler            
00001a9f  EUSCIA3_IRQHandler            
00001a9f  EUSCIA3_IRQHandler            
00003803  EUSCIB0_IRQHandler            
00003803  EUSCIB1_IRQHandler            
00003803  EUSCIB2_IRQHandler            
00003803  EUSCIB3_IRQHandler            
00003803  FLCTL_IRQHandler              
00003803  FPU_IRQHandler                
000037ad  GPIO_clearInterruptFlag       
00003741  GPIO_getEnabledInterruptStatus
000037d9  GPIO_getInterruptStatus       
00003803  HardFault_Handler             
20000080  IRQ3_5flag                    
20000081  IRQ4_6flag                    
00001bc1  MCLK_set                      
0000312b  MOTOR_TEST                    
00003803  MemManage_Handler             
00002f2d  Motor_DIR_PIN_INIT            
00002ed5  Motor_PWM_INIT                
00002f85  Motor_init                    
00002f9d  Motor_pwm_duty                
00003803  NMI_Handler                   
00003803  PCM_IRQHandler                
000030b7  PID_Inc                       
00003075  PID_SET                       
00002479  PORT1_IRQHandler              
00002479  PORT1_IRQHandler              
000024b7  PORT2_IRQHandler              
000024b7  PORT2_IRQHandler              
0000251d  PORT3_IRQHandler              
0000251d  PORT3_IRQHandler              
0000256f  PORT4_IRQHandler              
0000256f  PORT4_IRQHandler              
000025e9  PORT5_IRQHandler              
000025e9  PORT5_IRQHandler              
0000264f  PORT6_IRQHandler              
0000264f  PORT6_IRQHandler              
00003803  PSS_IRQHandler                
00002af5  PWM_TEST                      
00003803  PendSV_Handler                
00003803  RTC_C_IRQHandler              
000037f7  Reset_Handler                 
00001ce1  SMCLK_set                     
00003803  SVC_Handler                   
00001f87  SysTick_Handler               
00001f87  SysTick_Handler               
20000090  SystemCoreClock               
00002ba1  SystemCoreClockUpdate         
00002e19  SystemInit                    
00003803  T32_INT1_IRQHandler           
00003803  T32_INT2_IRQHandler           
00003803  T32_INTC_IRQHandler           
000026bb  TA0_0_IRQHandler              
000026bb  TA0_0_IRQHandler              
000026f5  TA0_N_IRQHandler              
000026f5  TA0_N_IRQHandler              
000026d1  TA1_0_IRQHandler              
000026d1  TA1_0_IRQHandler              
000026f7  TA1_N_IRQHandler              
000026f7  TA1_N_IRQHandler              
000026dd  TA2_0_IRQHandler              
000026dd  TA2_0_IRQHandler              
000026f9  TA2_N_IRQHandler              
000026f9  TA2_N_IRQHandler              
000026e9  TA3_0_IRQHandler              
000026e9  TA3_0_IRQHandler              
00002705  TA3_N_IRQHandler              
00002705  TA3_N_IRQHandler              
000023e9  TimerA_CCRVAL_set             
000020b3  TimerA_CLK_set                
0000200d  TimerA_MOD_sel                
000021bf  TimerA_NVIC_IRQ_set           
00002339  TimerA_disable_CCRnIRQ        
0000227b  TimerA_enable_CCRnIRQ         
000016f5  UART_Baunds_set               
000015e9  UART_CLK_sel                  
000014ed  UART_IRQRX_set                
00001471  UART_IRQ_set                  
00001595  UART_PIN_sel                  
00001541  UART_USIC_init                
000018c9  UART_init                     
0000197d  UART_recv_Byte                
0000190d  UART_send_Byte                
00001a41  UART_send_int                 
000019f9  UART_send_short               
000019cb  UART_send_string              
00003803  UsageFault_Handler            
4000480c  WDTCTL_SYM                    
00003803  WDT_A_IRQHandler              
20010000  __STACK_END                   
00000200  __STACK_SIZE                  
00003868  __TI_CINIT_Base               
00003878  __TI_CINIT_Limit              
00003850  __TI_Handler_Table_Base       
0000385c  __TI_Handler_Table_Limit      
00003691  __TI_auto_init_nobinit_nopinit
000035e1  __TI_decompress_lzss          
000037e9  __TI_decompress_none          
ffffffff  __TI_pprof_out_hndl           
ffffffff  __TI_prof_data_size           
ffffffff  __TI_prof_data_start          
00000000  __TI_static_base__            
00003791  __TI_zero_init_nomemset       
00003649  __aeabi_d2iz                  
00003167  __aeabi_dadd                  
00003313  __aeabi_ddiv                  
00003449  __aeabi_dmul                  
0000315d  __aeabi_dsub                  
000036d5  __aeabi_f2d                   
00003545  __aeabi_memcpy                
00003545  __aeabi_memcpy4               
00003545  __aeabi_memcpy8               
00003771  __aeabi_ui2d                  
ffffffff  __binit__                     
ffffffff  __c_args__                    
UNDEFED   __mpu_init                    
2000fe00  __stack                       
20000000  __start___llvm_prf_cnts       
20000000  __stop___llvm_prf_cnts        
0000370d  _c_int00_noargs               
UNDEFED   _system_post_cinit            
00003805  _system_pre_init              
00003809  abort                         
ffffffff  binit                         
20000074  count                         
20000068  dirf                          
2000008c  duty                          
200000c4  encoder_A                     
200000cc  encoder_B                     
200000d4  encoder_C                     
200000dc  encoder_D                     
00001b11  error                         
000006bf  gpio_clr_GPIOIRQFLG           
0000064d  gpio_disable_IRQ              
000004cd  gpio_disable_Ren              
00000741  gpio_edg_sel                  
000005b5  gpio_enable_IRQ               
0000040d  gpio_enable_Ren               
00000951  gpio_get                      
000008c1  gpio_init                     
00000861  gpio_interrupt_INIT           
00000a41  gpio_set                      
000001a5  gpio_set_Asin                 
000000e5  gpio_set_Asout                
00000265  gpio_set_High                 
00000325  gpio_set_Low                  
00000a71  gpio_toggle                   
00000000  interruptVectors              
000037c5  main                          
00003545  memcpy                        
2000006c  page_count                    
00002861  pwm_clock_init                
00002a8b  pwm_duty                      
00002885  pwm_init                      
00001e09  set_DCO_48MH                  
00001ea1  set_clock_period              
20000070  start_flag                    
20000084  sysc                          
00001f67  system_init                   
00001f59  systic_clr                    
00001faf  systic_delayms                
00001f91  systic_delayus                
00001ee5  systic_end                    
00001eab  systic_init                   
00001ef9  systic_read                   
00001ecf  systic_start                  
20000088  systim                        
20000078  testA                         
2000007c  testB                         


GLOBAL SYMBOLS: SORTED BY Symbol Address 

address   name                          
-------   ----                          
00000000  __TI_static_base__            
00000000  interruptVectors              
000000e5  gpio_set_Asout                
000001a5  gpio_set_Asin                 
00000200  __STACK_SIZE                  
00000265  gpio_set_High                 
00000325  gpio_set_Low                  
0000040d  gpio_enable_Ren               
000004cd  gpio_disable_Ren              
000005b5  gpio_enable_IRQ               
0000064d  gpio_disable_IRQ              
000006bf  gpio_clr_GPIOIRQFLG           
00000741  gpio_edg_sel                  
00000861  gpio_interrupt_INIT           
000008c1  gpio_init                     
00000951  gpio_get                      
00000a41  gpio_set                      
00000a71  gpio_toggle                   
00000b81  ADC14_convert_enable          
00000b8d  ADC14_convert_disable         
00000b99  ADC14_convert_start           
00000ba5  ADC14_convert_end             
00000bb1  ADC14_start                   
00000c4f  ADC14_read_data               
00000dc5  ADC14_CHA_sel                 
00000ed9  ADC14_CLK_sel                 
00000fd7  ADC14_PREC_sel                
00001031  ADC14_init                    
00001091  ADC14_CHAEND_set              
00001189  ADC14_MEM_set                 
0000128d  ADC14_IRQFG_set               
00001319  ADC14_repeatmod_init          
00001391  ADC14_repeatmod_rec           
000013e5  ADC14_IRQHandler              
000013e5  ADC14_IRQHandler              
00001471  UART_IRQ_set                  
000014ed  UART_IRQRX_set                
00001541  UART_USIC_init                
00001595  UART_PIN_sel                  
000015e9  UART_CLK_sel                  
000016f5  UART_Baunds_set               
000018c9  UART_init                     
0000190d  UART_send_Byte                
0000197d  UART_recv_Byte                
000019cb  UART_send_string              
000019f9  UART_send_short               
00001a41  UART_send_int                 
00001a77  EUSCIA0_IRQHandler            
00001a77  EUSCIA0_IRQHandler            
00001a81  EUSCIA1_IRQHandler            
00001a81  EUSCIA1_IRQHandler            
00001a95  EUSCIA2_IRQHandler            
00001a95  EUSCIA2_IRQHandler            
00001a9f  EUSCIA3_IRQHandler            
00001a9f  EUSCIA3_IRQHandler            
00001b11  error                         
00001b39  CS_unlocked                   
00001b43  CS_locked                     
00001b4b  DCO_set                       
00001bc1  MCLK_set                      
00001ce1  SMCLK_set                     
00001e09  set_DCO_48MH                  
00001ea1  set_clock_period              
00001eab  systic_init                   
00001ecf  systic_start                  
00001ee5  systic_end                    
00001ef9  systic_read                   
00001f59  systic_clr                    
00001f67  system_init                   
00001f87  SysTick_Handler               
00001f87  SysTick_Handler               
00001f91  systic_delayus                
00001faf  systic_delayms                
0000200d  TimerA_MOD_sel                
000020b3  TimerA_CLK_set                
000021bf  TimerA_NVIC_IRQ_set           
0000227b  TimerA_enable_CCRnIRQ         
00002339  TimerA_disable_CCRnIRQ        
000023e9  TimerA_CCRVAL_set             
00002479  PORT1_IRQHandler              
00002479  PORT1_IRQHandler              
000024b7  PORT2_IRQHandler              
000024b7  PORT2_IRQHandler              
0000251d  PORT3_IRQHandler              
0000251d  PORT3_IRQHandler              
0000256f  PORT4_IRQHandler              
0000256f  PORT4_IRQHandler              
000025e9  PORT5_IRQHandler              
000025e9  PORT5_IRQHandler              
0000264f  PORT6_IRQHandler              
0000264f  PORT6_IRQHandler              
000026bb  TA0_0_IRQHandler              
000026bb  TA0_0_IRQHandler              
000026d1  TA1_0_IRQHandler              
000026d1  TA1_0_IRQHandler              
000026dd  TA2_0_IRQHandler              
000026dd  TA2_0_IRQHandler              
000026e9  TA3_0_IRQHandler              
000026e9  TA3_0_IRQHandler              
000026f5  TA0_N_IRQHandler              
000026f5  TA0_N_IRQHandler              
000026f7  TA1_N_IRQHandler              
000026f7  TA1_N_IRQHandler              
000026f9  TA2_N_IRQHandler              
000026f9  TA2_N_IRQHandler              
00002705  TA3_N_IRQHandler              
00002705  TA3_N_IRQHandler              
00002861  pwm_clock_init                
00002885  pwm_init                      
00002a8b  pwm_duty                      
00002af5  PWM_TEST                      
00002ba1  SystemCoreClockUpdate         
00002e19  SystemInit                    
00002ed5  Motor_PWM_INIT                
00002f2d  Motor_DIR_PIN_INIT            
00002f85  Motor_init                    
00002f9d  Motor_pwm_duty                
00003075  PID_SET                       
000030b7  PID_Inc                       
0000312b  MOTOR_TEST                    
0000315d  __aeabi_dsub                  
00003167  __aeabi_dadd                  
00003313  __aeabi_ddiv                  
00003449  __aeabi_dmul                  
00003545  __aeabi_memcpy                
00003545  __aeabi_memcpy4               
00003545  __aeabi_memcpy8               
00003545  memcpy                        
000035e1  __TI_decompress_lzss          
00003649  __aeabi_d2iz                  
00003691  __TI_auto_init_nobinit_nopinit
000036d5  __aeabi_f2d                   
0000370d  _c_int00_noargs               
00003741  GPIO_getEnabledInterruptStatus
00003771  __aeabi_ui2d                  
00003791  __TI_zero_init_nomemset       
000037ad  GPIO_clearInterruptFlag       
000037c5  main                          
000037d9  GPIO_getInterruptStatus       
000037e9  __TI_decompress_none          
000037f7  Reset_Handler                 
00003803  AES256_IRQHandler             
00003803  BusFault_Handler              
00003803  COMP_E0_IRQHandler            
00003803  COMP_E1_IRQHandler            
00003803  CS_IRQHandler                 
00003803  DMA_ERR_IRQHandler            
00003803  DMA_INT0_IRQHandler           
00003803  DMA_INT1_IRQHandler           
00003803  DMA_INT2_IRQHandler           
00003803  DMA_INT3_IRQHandler           
00003803  DebugMon_Handler              
00003803  Default_Handler               
00003803  EUSCIB0_IRQHandler            
00003803  EUSCIB1_IRQHandler            
00003803  EUSCIB2_IRQHandler            
00003803  EUSCIB3_IRQHandler            
00003803  FLCTL_IRQHandler              
00003803  FPU_IRQHandler                
00003803  HardFault_Handler             
00003803  MemManage_Handler             
00003803  NMI_Handler                   
00003803  PCM_IRQHandler                
00003803  PSS_IRQHandler                
00003803  PendSV_Handler                
00003803  RTC_C_IRQHandler              
00003803  SVC_Handler                   
00003803  T32_INT1_IRQHandler           
00003803  T32_INT2_IRQHandler           
00003803  T32_INTC_IRQHandler           
00003803  UsageFault_Handler            
00003803  WDT_A_IRQHandler              
00003805  _system_pre_init              
00003809  C$$EXIT                       
00003809  abort                         
00003850  __TI_Handler_Table_Base       
0000385c  __TI_Handler_Table_Limit      
00003868  __TI_CINIT_Base               
00003878  __TI_CINIT_Limit              
20000000  CCRn_period_val               
20000000  __start___llvm_prf_cnts       
20000000  __stop___llvm_prf_cnts        
20000068  dirf                          
2000006c  page_count                    
20000070  start_flag                    
20000074  count                         
20000078  testA                         
2000007c  testB                         
20000080  IRQ3_5flag                    
20000081  IRQ4_6flag                    
20000082  A_flag                        
20000083  B_flag                        
20000084  sysc                          
20000088  systim                        
2000008c  duty                          
20000090  SystemCoreClock               
20000094  ADC14_STRUCT                  
200000c4  encoder_A                     
200000cc  encoder_B                     
200000d4  encoder_C                     
200000dc  encoder_D                     
2000fe00  __stack                       
20010000  __STACK_END                   
4000480c  WDTCTL_SYM                    
ffffffff  __TI_pprof_out_hndl           
ffffffff  __TI_prof_data_size           
ffffffff  __TI_prof_data_start          
ffffffff  __binit__                     
ffffffff  __c_args__                    
ffffffff  binit                         
UNDEFED   __mpu_init                    
UNDEFED   _system_post_cinit            

[212 symbols]
