******************************************************************************
                  TI ARM Linker PC v20.2.1                     
******************************************************************************
>> Linked Tue Dec 21 20:18:33 2021

OUTPUT FILE NAME:   <18.Exin_MPU6050_1.out>
ENTRY POINT SYMBOL: "_c_int00_noargs"  address: 000064ad


MEMORY CONFIGURATION

         name            origin    length      used     unused   attr    fill
----------------------  --------  ---------  --------  --------  ----  --------
  MAIN                  00000000   00040000  00006d52  000392ae  R  X
  INFO                  00200000   00004000  00000000  00004000  R  X
  SRAM_CODE             01000000   00010000  00002d71  0000d28f  RW X
  SRAM_DATA             20000000   00010000  00002d71  0000d28f  RW  


SEGMENT ALLOCATION MAP

run origin  load origin   length   init length attrs members
----------  ----------- ---------- ----------- ----- -------
00000000    00000000    00006d58   00006d58    r-x
  00000000    00000000    000000e4   000000e4    r-- .intvecs
  000000e4    000000e4    000065fc   000065fc    r-x .text
  000066e0    000066e0    0000060a   0000060a    r-- .const
  00006cf0    00006cf0    00000068   00000068    r-- .cinit
20000000    20000000    00002b71   00000000    rw-
  20000000    20000000    00002a9c   00000000    rw- .data
  20002a9c    20002a9c    000000d5   00000000    rw- .bss
2000fe00    2000fe00    00000200   00000000    rw-
  2000fe00    2000fe00    00000200   00000000    rw- .stack


SECTION ALLOCATION MAP

 output                                  attributes/
section   page    origin      length       input sections
--------  ----  ----------  ----------   ----------------
.intvecs   0    00000000    000000e4     
                  00000000    000000e4     startup_msp432p401r_ccs.obj (.intvecs:retain)

.text      0    000000e4    000065fc     
                  000000e4    00000a9c     exingpio.obj (.text)
                  00000b80    00000a4e     rtsv7M4_T_le_v4SPD16_eabi.lib : _printfi.c.obj (.text:__TI_printfi)
                  000015ce    00000002                                   : div0.asm.obj (.text)
                  000015d0    000008f0     exinADC.obj (.text)
                  00001ec0    000007dc     oled.obj (.text)
                  0000269c    000006a0     exinuart.obj (.text)
                  00002d3c    00000694     exinMPU6050.obj (.text)
                  000033d0    000004fc     exinsystem.obj (.text)
                  000038cc    0000046c     exinTimerA.obj (.text)
                  00003d38    000003e8     exinisr.obj (.text)
                  00004120    0000033e     exinIIC.obj (.text)
                  0000445e    00000002     --HOLE-- [fill = 0]
                  00004460    00000334     system_msp432p401r.obj (.text)
                  00004794    000002ec     rtsv7M4_T_le_v4SPD16_eabi.lib : s_atan.c.obj (.text:atan)
                  00004a80    00000270                                   : _printfi.c.obj (.text:_pconv_a)
                  00004cf0    0000026c     main.obj (.text)
                  00004f5c    000001d0     rtsv7M4_T_le_v4SPD16_eabi.lib : _printfi.c.obj (.text:_pconv_g)
                  0000512c    000001c0     exinkey.obj (.text)
                  000052ec    000001b6     rtsv7M4_T_le_v4SPD16_eabi.lib : fd_add_t2.asm.obj (.text)
                  000054a2    00000002     --HOLE-- [fill = 0]
                  000054a4    0000016c     exinTimerAINT.obj (.text)
                  00005610    00000158     rtsv7M4_T_le_v4SPD16_eabi.lib : e_sqrt.c.obj (.text:sqrt)
                  00005768    0000013c                                   : _printfi.c.obj (.text:_pconv_e)
                  000058a4    00000136                                   : fd_div_t2.asm.obj (.text)
                  000059da    00000002     --HOLE-- [fill = 0]
                  000059dc    00000124                                   : _printfi.c.obj (.text:fcvt)
                  00005b00    00000110                                   : s_scalbn.c.obj (.text:scalbn)
                  00005c10    000000fc                                   : fd_mul_t2.asm.obj (.text)
                  00005d0c    000000b1                                   : _printfi.c.obj (.text:_ltostr)
                  00005dbd    00000001     --HOLE-- [fill = 0]
                  00005dbe    0000009c                                   : memcpy_t2.asm.obj (.text)
                  00005e5a    00000096                                   : ull_div_t2.asm.obj (.text)
                  00005ef0    00000086                                   : fd_cmp_t2.asm.obj (.text:__aeabi_cdcmple)
                  00005f76    00000086                                   : fd_cmp_t2.asm.obj (.text:__aeabi_cdrcmple)
                  00005ffc    0000007a                                   : memset_t2.asm.obj (.text)
                  00006076    0000006e                                   : _printfi.c.obj (.text:_mcpy)
                  000060e4    0000006e                                   : fd_tos_t2.asm.obj (.text)
                  00006152    00000068                                   : copy_decompress_lzss.c.obj (.text:decompress:lzss:__TI_decompress_lzss)
                  000061ba    00000002     --HOLE-- [fill = 0]
                  000061bc    00000064                                   : s_frexp.c.obj (.text:frexp)
                  00006220    00000056                                   : _printfi.c.obj (.text:_pconv_f)
                  00006276    00000054                                   : _ltoa.c.obj (.text:__TI_ltoa)
                  000062ca    00000052                                   : _printfi.c.obj (.text:_ecpy)
                  0000631c    0000004c                                   : atoi.c.obj (.text:atoi)
                  00006368    00000048                                   : fd_toi_t2.asm.obj (.text)
                  000063b0    00000044                                   : autoinit.c.obj (.text:__TI_auto_init_nobinit_nopinit:__TI_auto_init_nobinit_nopinit)
                  000063f4    00000040                                   : sprintf.c.obj (.text:sprintf)
                  00006434    0000003e                                   : _printfi.c.obj (.text:_fcpy)
                  00006472    00000038                                   : fs_tod_t2.asm.obj (.text)
                  000064aa    00000002     --HOLE-- [fill = 0]
                  000064ac    00000034                                   : boot_cortex_m.c.obj (.text:_c_int00_noargs:_c_int00_noargs)
                  000064e0    00000030     msp432p4xx_driverlib.lib : gpio.o (.text:GPIO_getEnabledInterruptStatus)
                  00006510    0000002e     rtsv7M4_T_le_v4SPD16_eabi.lib : i_tofd_t2.asm.obj (.text)
                  0000653e    00000002     --HOLE-- [fill = 0]
                  00006540    00000024     msp432p4xx_driverlib.lib : gpio.o (.text:GPIO_setAsOutputPin)
                  00006564    00000024                              : interrupt.o (.text:Interrupt_setPriority)
                  00006588    00000020     rtsv7M4_T_le_v4SPD16_eabi.lib : u_tofd_t2.asm.obj (.text)
                  000065a8    0000001c                                   : copy_zero_init.c.obj (.text:decompress:ZI:__TI_zero_init_nomemset:__TI_zero_init_nomemset)
                  000065c4    0000001c                                   : memccpy.c.obj (.text:memccpy)
                  000065e0    0000001a                                   : s_copysign.c.obj (.text:copysign)
                  000065fa    00000002     --HOLE-- [fill = 0]
                  000065fc    00000018     msp432p4xx_driverlib.lib : gpio.o (.text:GPIO_clearInterruptFlag)
                  00006614    00000018                              : gpio.o (.text:GPIO_setOutputLowOnPin)
                  0000662c    00000018     rtsv7M4_T_le_v4SPD16_eabi.lib : sprintf.c.obj (.text:_outs)
                  00006644    00000016                                   : strchr.c.obj (.text:strchr)
                  0000665a    00000002     --HOLE-- [fill = 0]
                  0000665c    00000014     msp432p4xx_driverlib.lib : gpio.o (.text:GPIO_setOutputHighOnPin)
                  00006670    00000014     rtsv7M4_T_le_v4SPD16_eabi.lib : strlen.c.obj (.text:strlen)
                  00006684    00000012                                   : wcslen.c.obj (.text:wcslen)
                  00006696    00000002     --HOLE-- [fill = 0]
                  00006698    00000010     msp432p4xx_driverlib.lib : gpio.o (.text:GPIO_getInterruptStatus)
                  000066a8    0000000e     rtsv7M4_T_le_v4SPD16_eabi.lib : copy_decompress_none.c.obj (.text:decompress:none:__TI_decompress_none)
                  000066b6    0000000e     startup_msp432p401r_ccs.obj (.text)
                  000066c4    0000000a     rtsv7M4_T_le_v4SPD16_eabi.lib : sprintf.c.obj (.text:_outc)
                  000066ce    00000002     --HOLE-- [fill = 0]
                  000066d0    00000008                                   : errno.c.obj (.text:__aeabi_errno_addr)
                  000066d8    00000004                                   : pre_init.c.obj (.text:_system_pre_init)
                  000066dc    00000004                                   : exit.c.obj (.text:abort:abort)

.const     0    000066e0    0000060a     
                  000066e0    00000228     oled.obj (.const:F6x8)
                  00006908    000001c0     oled.obj (.const:Hzk)
                  00006ac8    00000101     rtsv7M4_T_le_v4SPD16_eabi.lib : ctype.c.obj (.const:.string:_ctypes_)
                  00006bc9    00000007     --HOLE-- [fill = 0]
                  00006bd0    00000098                                   : s_atan.c.obj (.const:$O1$$)
                  00006c68    00000050     msp432p4xx_driverlib.lib : interrupt.o (.const:g_pulRegs)
                  00006cb8    00000032     exinMPU6050.obj (.const:.string:MPU_reg)

.cinit     0    00006cf0    00000068     
                  00006cf0    00000042     (.cinit..data.load) [load image, compression = lzss]
                  00006d32    00000002     --HOLE-- [fill = 0]
                  00006d34    0000000c     (__TI_handler_table)
                  00006d40    00000008     (.cinit..bss.load) [load image, compression = zero_init]
                  00006d48    00000010     (__TI_cinit_table)

.init_array 
*          0    00000000    00000000     UNINITIALIZED

.binit     0    00000000    00000000     

.data      0    20000000    00002a9c     UNINITIALIZED
                  20000000    00002000     oled.obj (.data:screen_buf)
                  20002000    00000400     oled.obj (.data:bmp2)
                  20002400    00000400     oled.obj (.data:bmp)
                  20002800    00000200     Oscill_OLED.obj (.data:Oscill_data_buff)
                  20002a00    00000038     exinTimerAINT.obj (.data:CCRn_period_val)
                  20002a38    00000030     msp432p4xx_driverlib.lib : gpio.o (.data:GPIO_PORT_TO_BASE)
                  20002a68    0000001c     exinadjust.obj (.data)
                  20002a84    00000008     exinsystem.obj (.data)
                  20002a8c    00000008     oled.obj (.data:tmp$2)
                  20002a94    00000004     rtsv7M4_T_le_v4SPD16_eabi.lib : errno.c.obj (.data)
                  20002a98    00000004     system_msp432p401r.obj (.data)

.bss       0    20002a9c    000000d5     UNINITIALIZED
                  20002a9c    00000050     (.common:txt)
                  20002aec    00000030     (.common:ADC14_STRUCT)
                  20002b1c    00000018     (.common:oscill1)
                  20002b34    00000008     (.common:encoder_A)
                  20002b3c    00000008     (.common:encoder_B)
                  20002b44    00000008     (.common:encoder_C)
                  20002b4c    00000008     (.common:encoder_D)
                  20002b54    00000004     exinsystem.obj (.bss)
                  20002b58    00000004     (.common:pitch)
                  20002b5c    00000004     (.common:roll)
                  20002b60    00000004     (.common:yaw)
                  20002b64    00000002     (.common:ax)
                  20002b66    00000002     (.common:ay)
                  20002b68    00000002     (.common:az)
                  20002b6a    00000002     (.common:gx)
                  20002b6c    00000002     (.common:gy)
                  20002b6e    00000002     (.common:gz)
                  20002b70    00000001     oled.obj (.bss)

.stack     0    2000fe00    00000200     UNINITIALIZED
                  2000fe00    00000004     rtsv7M4_T_le_v4SPD16_eabi.lib : boot_cortex_m.c.obj (.stack)
                  2000fe04    000001fc     --HOLE--

__llvm_prf_cnts 
*          0    20000000    00000000     UNINITIALIZED

MODULE SUMMARY

       Module                        code    ro data   rw data
       ------                        ----    -------   -------
    .\
       main.obj                      620     0         304    
       system_msp432p401r.obj        820     0         8      
       startup_msp432p401r_ccs.obj   14      228       0      
    +--+-----------------------------+-------+---------+---------+
       Total:                        1454    228       312    
                                                              
    .\exinlibs\
       oled.obj                      2012    1000      20498  
       exingpio.obj                  2716    0         0      
       exinADC.obj                   2288    0         0      
       exinMPU6050.obj               1684    50        0      
       exinuart.obj                  1696    0         0      
       exinsystem.obj                1276    0         24     
       exinTimerA.obj                1132    0         0      
       Oscill_OLED.obj               0       0         1072   
       exinisr.obj                   1000    0         0      
       exinIIC.obj                   830     0         0      
       exinTimerAINT.obj             364     0         112    
       exinkey.obj                   448     0         0      
       exinencoder.obj               0       0         64     
       exinadjust.obj                0       0         56     
    +--+-----------------------------+-------+---------+---------+
       Total:                        15446   1050      21826  
                                                              
    C:/ti/msp/MSP432Ware_3_40_00_25/driverlib/driverlib/MSP432P4xx/ccs/msp432p4xx_driverlib.lib
       gpio.o                        168     0         96     
       interrupt.o                   36      80        0      
    +--+-----------------------------+-------+---------+---------+
       Total:                        204     80        96     
                                                              
    D:\CCS\ccs\tools\compiler\ti-cgt-arm_20.2.1.LTS\lib\rtsv7M4_T_le_v4SPD16_eabi.lib
       _printfi.c.obj                4851    0         0      
       s_atan.c.obj                  748     152       0      
       fd_add_t2.asm.obj             438     0         0      
       e_sqrt.c.obj                  344     0         0      
       fd_div_t2.asm.obj             310     0         0      
       s_scalbn.c.obj                272     0         0      
       fd_cmp_t2.asm.obj             268     0         0      
       ctype.c.obj                   0       257       0      
       fd_mul_t2.asm.obj             252     0         0      
       memcpy_t2.asm.obj             156     0         0      
       ull_div_t2.asm.obj            150     0         0      
       memset_t2.asm.obj             122     0         0      
       fd_tos_t2.asm.obj             110     0         0      
       copy_decompress_lzss.c.obj    104     0         0      
       s_frexp.c.obj                 100     0         0      
       sprintf.c.obj                 98      0         0      
       _ltoa.c.obj                   84      0         0      
       atoi.c.obj                    76      0         0      
       fd_toi_t2.asm.obj             72      0         0      
       autoinit.c.obj                68      0         0      
       fs_tod_t2.asm.obj             56      0         0      
       boot_cortex_m.c.obj           52      0         0      
       i_tofd_t2.asm.obj             46      0         0      
       u_tofd_t2.asm.obj             32      0         0      
       copy_zero_init.c.obj          28      0         0      
       memccpy.c.obj                 28      0         0      
       s_copysign.c.obj              26      0         0      
       strchr.c.obj                  22      0         0      
       strlen.c.obj                  20      0         0      
       wcslen.c.obj                  18      0         0      
       errno.c.obj                   8       0         8      
       copy_decompress_none.c.obj    14      0         0      
       exit.c.obj                    4       0         0      
       pre_init.c.obj                4       0         0      
       div0.asm.obj                  2       0         0      
    +--+-----------------------------+-------+---------+---------+
       Total:                        8983    409       8      
                                                              
       Stack:                        0       0         1024   
       Linker Generated:             0       102       0      
    +--+-----------------------------+-------+---------+---------+
       Grand Total:                  26087   1869      23266  


LINKER GENERATED COPY TABLES

__TI_cinit_table @ 00006d48 records: 2, size/record: 8, table size: 16
	.data: load addr=00006cf0, load size=00000042 bytes, run addr=20000000, run size=00002a9c bytes, compression=lzss
	.bss: load addr=00006d40, load size=00000008 bytes, run addr=20002a9c, run size=000000d5 bytes, compression=zero_init


LINKER GENERATED HANDLER TABLE

__TI_handler_table @ 00006d34 records: 3, size/record: 4, table size: 12
	index: 0, handler: __TI_decompress_lzss
	index: 1, handler: __TI_decompress_none
	index: 2, handler: __TI_zero_init


GLOBAL SYMBOLS: SORTED ALPHABETICALLY BY Name 

address   name                          
-------   ----                          
00001ae1  ADC14_CHAEND_set              
00001815  ADC14_CHA_sel                 
00001929  ADC14_CLK_sel                 
00001cdd  ADC14_IRQFG_set               
00001e35  ADC14_IRQHandler              
00001e35  ADC14_IRQHandler              
00001bd9  ADC14_MEM_set                 
00001a27  ADC14_PREC_sel                
20002aec  ADC14_STRUCT                  
000015dd  ADC14_convert_disable         
000015d1  ADC14_convert_enable          
000015f5  ADC14_convert_end             
000015e9  ADC14_convert_start           
00001a81  ADC14_init                    
0000169f  ADC14_read_data               
00001d69  ADC14_repeatmod_init          
00001de1  ADC14_repeatmod_rec           
00001601  ADC14_start                   
000066c3  AES256_IRQHandler             
20002a82  A_flag                        
20002a83  B_flag                        
000066c3  BusFault_Handler              
000066dd  C$$EXIT                       
20002a00  CCRn_period_val               
000066c3  COMP_E0_IRQHandler            
000066c3  COMP_E1_IRQHandler            
000066c3  CS_IRQHandler                 
00003403  CS_locked                     
000033f9  CS_unlocked                   
000042db  Check_ACK                     
0000340b  DCO_set                       
000066c3  DMA_ERR_IRQHandler            
000066c3  DMA_INT0_IRQHandler           
000066c3  DMA_INT1_IRQHandler           
000066c3  DMA_INT2_IRQHandler           
000066c3  DMA_INT3_IRQHandler           
000066c3  DebugMon_Handler              
000066c3  Default_Handler               
00002ca3  EUSCIA0_IRQHandler            
00002ca3  EUSCIA0_IRQHandler            
00002cad  EUSCIA1_IRQHandler            
00002cad  EUSCIA1_IRQHandler            
00002cc1  EUSCIA2_IRQHandler            
00002cc1  EUSCIA2_IRQHandler            
00002ccb  EUSCIA3_IRQHandler            
00002ccb  EUSCIA3_IRQHandler            
000066c3  EUSCIB0_IRQHandler            
000066c3  EUSCIB1_IRQHandler            
000066c3  EUSCIB2_IRQHandler            
000066c3  EUSCIB3_IRQHandler            
000066e0  F6x8                          
000066c3  FLCTL_IRQHandler              
000066c3  FPU_IRQHandler                
000065fd  GPIO_clearInterruptFlag       
000064e1  GPIO_getEnabledInterruptStatus
00006699  GPIO_getInterruptStatus       
00006541  GPIO_setAsOutputPin           
0000665d  GPIO_setOutputHighOnPin       
00006615  GPIO_setOutputLowOnPin        
000066c3  HardFault_Handler             
00006908  Hzk                           
00004253  IIC_ACK                       
00004297  IIC_NACK                      
000043d7  IIC_Read_Byte                 
00004345  IIC_Send_Byte                 
00004121  IIC_init                      
00004151  IIC_reset                     
000041c5  IIC_start                     
00004209  IIC_stop                      
20002a80  IRQ3_5flag                    
20002a81  IRQ4_6flag                    
00006565  Interrupt_setPriority         
00003315  Low_filter                    
00003481  MCLK_set                      
00004e65  MPU6050_uart_send             
00002d4f  MPU6050_write_Byte            
0000308b  MPU_Get_Acc                   
00003111  MPU_Get_Angel                 
0000302f  MPU_Get_Gyro                  
00002fcb  MPU_Get_Temp                  
00004cf1  MPU_Low_fillter_Get_Angle     
00002f35  MPU_Read_Len                  
00002eb3  MPU_Write_Len                 
00002e09  MPU_init                      
00002da9  MPU_read_Byte                 
00006cb8  MPU_reg                       
000066c3  MemManage_Handler             
000066c3  NMI_Handler                   
0000214b  OLED_Clear                    
0000212f  OLED_Display_Off              
00002113  OLED_Display_On               
00002499  OLED_DrawBMP                  
00002549  OLED_Init                     
00001ec1  OLED_PutPixel                 
000020d7  OLED_Set_Pos                  
000023e3  OLED_ShowCHinese              
000021b9  OLED_ShowChar                 
0000227d  OLED_ShowNum                  
00002381  OLED_ShowString               
00002351  OLED_Showfloat                
00002047  OLED_WR_Byte                  
00001f31  OLED_pos_clr                  
20002800  Oscill_data_buff              
000066c3  PCM_IRQHandler                
00003d39  PORT1_IRQHandler              
00003d39  PORT1_IRQHandler              
00003d77  PORT2_IRQHandler              
00003d77  PORT2_IRQHandler              
00003ddd  PORT3_IRQHandler              
00003ddd  PORT3_IRQHandler              
00003e2f  PORT4_IRQHandler              
00003e2f  PORT4_IRQHandler              
00003ea9  PORT5_IRQHandler              
00003ea9  PORT5_IRQHandler              
00003f0f  PORT6_IRQHandler              
00003f0f  PORT6_IRQHandler              
000066c3  PSS_IRQHandler                
000066c3  PendSV_Handler                
000066c3  RTC_C_IRQHandler              
000066b7  Reset_Handler                 
000035a1  SMCLK_set                     
000066c3  SVC_Handler                   
00003847  SysTick_Handler               
00003847  SysTick_Handler               
20002a98  SystemCoreClock               
00004461  SystemCoreClockUpdate         
000046d9  SystemInit                    
000066c3  T32_INT1_IRQHandler           
000066c3  T32_INT2_IRQHandler           
000066c3  T32_INTC_IRQHandler           
00003f7b  TA0_0_IRQHandler              
00003f7b  TA0_0_IRQHandler              
00003fb7  TA0_N_IRQHandler              
00003fb7  TA0_N_IRQHandler              
00003f8d  TA1_0_IRQHandler              
00003f8d  TA1_0_IRQHandler              
00003fb9  TA1_N_IRQHandler              
00003fb9  TA1_N_IRQHandler              
00003f9f  TA2_0_IRQHandler              
00003f9f  TA2_0_IRQHandler              
00003fbb  TA2_N_IRQHandler              
00003fbb  TA2_N_IRQHandler              
00003fab  TA3_0_IRQHandler              
00003fab  TA3_0_IRQHandler              
00003fc5  TA3_N_IRQHandler              
00003fc5  TA3_N_IRQHandler              
0000553b  TimerA_CCR0INT_init           
00003ca9  TimerA_CCRVAL_set             
0000558b  TimerA_CCRnINT_init           
00003973  TimerA_CLK_set                
000038cd  TimerA_MOD_sel                
00003a7f  TimerA_NVIC_IRQ_set           
00003bf9  TimerA_disable_CCRnIRQ        
00003b3b  TimerA_enable_CCRnIRQ         
00002921  UART_Baunds_set               
00002815  UART_CLK_sel                  
00002719  UART_IRQRX_set                
0000269d  UART_IRQ_set                  
000027c1  UART_PIN_sel                  
0000276d  UART_USIC_init                
00002af5  UART_init                     
00002ba9  UART_recv_Byte                
00002b39  UART_send_Byte                
00002c6d  UART_send_int                 
00002c25  UART_send_short               
00002bf7  UART_send_string              
000066c3  UsageFault_Handler            
4000480c  WDTCTL_SYM                    
000066c3  WDT_A_IRQHandler              
20010000  __STACK_END                   
00000200  __STACK_SIZE                  
00006d48  __TI_CINIT_Base               
00006d58  __TI_CINIT_Limit              
00006d34  __TI_Handler_Table_Base       
00006d40  __TI_Handler_Table_Limit      
000063b1  __TI_auto_init_nobinit_nopinit
00006153  __TI_decompress_lzss          
000066a9  __TI_decompress_none          
00006277  __TI_ltoa                     
ffffffff  __TI_pprof_out_hndl           
00000b81  __TI_printfi                  
ffffffff  __TI_prof_data_size           
ffffffff  __TI_prof_data_start          
00000000  __TI_static_base__            
000065a9  __TI_zero_init_nomemset       
00005ef1  __aeabi_cdcmpeq               
00005ef1  __aeabi_cdcmple               
00005f77  __aeabi_cdrcmple              
000060e5  __aeabi_d2f                   
00006369  __aeabi_d2iz                  
000052f7  __aeabi_dadd                  
000058a5  __aeabi_ddiv                  
00005c11  __aeabi_dmul                  
000052ed  __aeabi_dsub                  
000066d1  __aeabi_errno_addr            
00006473  __aeabi_f2d                   
00006511  __aeabi_i2d                   
000015cf  __aeabi_idiv0                 
000015cf  __aeabi_ldiv0                 
00005ffd  __aeabi_memclr                
00005ffd  __aeabi_memclr4               
00005ffd  __aeabi_memclr8               
00005dbf  __aeabi_memcpy                
00005dbf  __aeabi_memcpy4               
00005dbf  __aeabi_memcpy8               
00005fff  __aeabi_memset                
00005fff  __aeabi_memset4               
00005fff  __aeabi_memset8               
00006589  __aeabi_ui2d                  
00005e5b  __aeabi_uldivmod              
ffffffff  __binit__                     
ffffffff  __c_args__                    
UNDEFED   __mpu_init                    
2000fe00  __stack                       
20000000  __start___llvm_prf_cnts       
20000000  __stop___llvm_prf_cnts        
000064ad  _c_int00_noargs               
00006ac8  _ctypes_                      
UNDEFED   _system_post_cinit            
000066d9  _system_pre_init              
000066dd  abort                         
00004795  atan                          
00004795  atanl                         
0000631d  atoi                          
20002b64  ax                            
20002b66  ay                            
20002b68  az                            
ffffffff  binit                         
20002400  bmp                           
20002000  bmp2                          
000065e1  copysign                      
000065e1  copysignl                     
20002a74  count                         
20002a68  dirf                          
20002b34  encoder_A                     
20002b3c  encoder_B                     
20002b44  encoder_C                     
20002b4c  encoder_D                     
20002a94  errno                         
000033d1  error                         
00002d3d  error_LED_toggle              
000061bd  frexp                         
000061bd  frexpl                        
000006bf  gpio_clr_GPIOIRQFLG           
0000064d  gpio_disable_IRQ              
000004cd  gpio_disable_Ren              
00000741  gpio_edg_sel                  
000005b5  gpio_enable_IRQ               
0000040d  gpio_enable_Ren               
00000951  gpio_get                      
000008c1  gpio_init                     
00000861  gpio_interrupt_INIT           
00000a41  gpio_set                      
000001a5  gpio_set_Asin                 
000000e5  gpio_set_Asout                
00000265  gpio_set_High                 
00000325  gpio_set_Low                  
00000a71  gpio_toggle                   
20002b6a  gx                            
20002b6c  gy                            
20002b6e  gz                            
00000000  interruptVectors              
0000518b  key_get                       
0000512d  key_init                      
000051e3  key_test                      
00005b01  ldexp                         
00005b01  ldexpl                        
00004ead  main                          
000065c5  memccpy                       
00005dbf  memcpy                        
00006005  memset                        
00002243  oled_pow                      
00001f65  oled_update                   
20002b1c  oscill1                       
20002a6c  page_count                    
000054a5  period_cvert                  
20002b58  pitch                         
20002b5c  roll                          
00005b01  scalbn                        
00005b01  scalbnl                       
20000000  screen_buf                    
000036c9  set_DCO_48MH                  
00003761  set_clock_period              
000063f5  sprintf                       
00005611  sqrt                          
00005611  sqrtl                         
20002a70  start_flag                    
00006645  strchr                        
00006671  strlen                        
20002a84  sysc                          
00003827  system_init                   
00003819  systic_clr                    
0000386f  systic_delayms                
00003851  systic_delayus                
000037a5  systic_end                    
0000376b  systic_init                   
000037b9  systic_read                   
0000378f  systic_start                  
20002a88  systim                        
20002a78  testA                         
20002a7c  testB                         
20002a9c  txt                           
00006685  wcslen                        
20002b60  yaw                           


GLOBAL SYMBOLS: SORTED BY Symbol Address 

address   name                          
-------   ----                          
00000000  __TI_static_base__            
00000000  interruptVectors              
000000e5  gpio_set_Asout                
000001a5  gpio_set_Asin                 
00000200  __STACK_SIZE                  
00000265  gpio_set_High                 
00000325  gpio_set_Low                  
0000040d  gpio_enable_Ren               
000004cd  gpio_disable_Ren              
000005b5  gpio_enable_IRQ               
0000064d  gpio_disable_IRQ              
000006bf  gpio_clr_GPIOIRQFLG           
00000741  gpio_edg_sel                  
00000861  gpio_interrupt_INIT           
000008c1  gpio_init                     
00000951  gpio_get                      
00000a41  gpio_set                      
00000a71  gpio_toggle                   
00000b81  __TI_printfi                  
000015cf  __aeabi_idiv0                 
000015cf  __aeabi_ldiv0                 
000015d1  ADC14_convert_enable          
000015dd  ADC14_convert_disable         
000015e9  ADC14_convert_start           
000015f5  ADC14_convert_end             
00001601  ADC14_start                   
0000169f  ADC14_read_data               
00001815  ADC14_CHA_sel                 
00001929  ADC14_CLK_sel                 
00001a27  ADC14_PREC_sel                
00001a81  ADC14_init                    
00001ae1  ADC14_CHAEND_set              
00001bd9  ADC14_MEM_set                 
00001cdd  ADC14_IRQFG_set               
00001d69  ADC14_repeatmod_init          
00001de1  ADC14_repeatmod_rec           
00001e35  ADC14_IRQHandler              
00001e35  ADC14_IRQHandler              
00001ec1  OLED_PutPixel                 
00001f31  OLED_pos_clr                  
00001f65  oled_update                   
00002047  OLED_WR_Byte                  
000020d7  OLED_Set_Pos                  
00002113  OLED_Display_On               
0000212f  OLED_Display_Off              
0000214b  OLED_Clear                    
000021b9  OLED_ShowChar                 
00002243  oled_pow                      
0000227d  OLED_ShowNum                  
00002351  OLED_Showfloat                
00002381  OLED_ShowString               
000023e3  OLED_ShowCHinese              
00002499  OLED_DrawBMP                  
00002549  OLED_Init                     
0000269d  UART_IRQ_set                  
00002719  UART_IRQRX_set                
0000276d  UART_USIC_init                
000027c1  UART_PIN_sel                  
00002815  UART_CLK_sel                  
00002921  UART_Baunds_set               
00002af5  UART_init                     
00002b39  UART_send_Byte                
00002ba9  UART_recv_Byte                
00002bf7  UART_send_string              
00002c25  UART_send_short               
00002c6d  UART_send_int                 
00002ca3  EUSCIA0_IRQHandler            
00002ca3  EUSCIA0_IRQHandler            
00002cad  EUSCIA1_IRQHandler            
00002cad  EUSCIA1_IRQHandler            
00002cc1  EUSCIA2_IRQHandler            
00002cc1  EUSCIA2_IRQHandler            
00002ccb  EUSCIA3_IRQHandler            
00002ccb  EUSCIA3_IRQHandler            
00002d3d  error_LED_toggle              
00002d4f  MPU6050_write_Byte            
00002da9  MPU_read_Byte                 
00002e09  MPU_init                      
00002eb3  MPU_Write_Len                 
00002f35  MPU_Read_Len                  
00002fcb  MPU_Get_Temp                  
0000302f  MPU_Get_Gyro                  
0000308b  MPU_Get_Acc                   
00003111  MPU_Get_Angel                 
00003315  Low_filter                    
000033d1  error                         
000033f9  CS_unlocked                   
00003403  CS_locked                     
0000340b  DCO_set                       
00003481  MCLK_set                      
000035a1  SMCLK_set                     
000036c9  set_DCO_48MH                  
00003761  set_clock_period              
0000376b  systic_init                   
0000378f  systic_start                  
000037a5  systic_end                    
000037b9  systic_read                   
00003819  systic_clr                    
00003827  system_init                   
00003847  SysTick_Handler               
00003847  SysTick_Handler               
00003851  systic_delayus                
0000386f  systic_delayms                
000038cd  TimerA_MOD_sel                
00003973  TimerA_CLK_set                
00003a7f  TimerA_NVIC_IRQ_set           
00003b3b  TimerA_enable_CCRnIRQ         
00003bf9  TimerA_disable_CCRnIRQ        
00003ca9  TimerA_CCRVAL_set             
00003d39  PORT1_IRQHandler              
00003d39  PORT1_IRQHandler              
00003d77  PORT2_IRQHandler              
00003d77  PORT2_IRQHandler              
00003ddd  PORT3_IRQHandler              
00003ddd  PORT3_IRQHandler              
00003e2f  PORT4_IRQHandler              
00003e2f  PORT4_IRQHandler              
00003ea9  PORT5_IRQHandler              
00003ea9  PORT5_IRQHandler              
00003f0f  PORT6_IRQHandler              
00003f0f  PORT6_IRQHandler              
00003f7b  TA0_0_IRQHandler              
00003f7b  TA0_0_IRQHandler              
00003f8d  TA1_0_IRQHandler              
00003f8d  TA1_0_IRQHandler              
00003f9f  TA2_0_IRQHandler              
00003f9f  TA2_0_IRQHandler              
00003fab  TA3_0_IRQHandler              
00003fab  TA3_0_IRQHandler              
00003fb7  TA0_N_IRQHandler              
00003fb7  TA0_N_IRQHandler              
00003fb9  TA1_N_IRQHandler              
00003fb9  TA1_N_IRQHandler              
00003fbb  TA2_N_IRQHandler              
00003fbb  TA2_N_IRQHandler              
00003fc5  TA3_N_IRQHandler              
00003fc5  TA3_N_IRQHandler              
00004121  IIC_init                      
00004151  IIC_reset                     
000041c5  IIC_start                     
00004209  IIC_stop                      
00004253  IIC_ACK                       
00004297  IIC_NACK                      
000042db  Check_ACK                     
00004345  IIC_Send_Byte                 
000043d7  IIC_Read_Byte                 
00004461  SystemCoreClockUpdate         
000046d9  SystemInit                    
00004795  atan                          
00004795  atanl                         
00004cf1  MPU_Low_fillter_Get_Angle     
00004e65  MPU6050_uart_send             
00004ead  main                          
0000512d  key_init                      
0000518b  key_get                       
000051e3  key_test                      
000052ed  __aeabi_dsub                  
000052f7  __aeabi_dadd                  
000054a5  period_cvert                  
0000553b  TimerA_CCR0INT_init           
0000558b  TimerA_CCRnINT_init           
00005611  sqrt                          
00005611  sqrtl                         
000058a5  __aeabi_ddiv                  
00005b01  ldexp                         
00005b01  ldexpl                        
00005b01  scalbn                        
00005b01  scalbnl                       
00005c11  __aeabi_dmul                  
00005dbf  __aeabi_memcpy                
00005dbf  __aeabi_memcpy4               
00005dbf  __aeabi_memcpy8               
00005dbf  memcpy                        
00005e5b  __aeabi_uldivmod              
00005ef1  __aeabi_cdcmpeq               
00005ef1  __aeabi_cdcmple               
00005f77  __aeabi_cdrcmple              
00005ffd  __aeabi_memclr                
00005ffd  __aeabi_memclr4               
00005ffd  __aeabi_memclr8               
00005fff  __aeabi_memset                
00005fff  __aeabi_memset4               
00005fff  __aeabi_memset8               
00006005  memset                        
000060e5  __aeabi_d2f                   
00006153  __TI_decompress_lzss          
000061bd  frexp                         
000061bd  frexpl                        
00006277  __TI_ltoa                     
0000631d  atoi                          
00006369  __aeabi_d2iz                  
000063b1  __TI_auto_init_nobinit_nopinit
000063f5  sprintf                       
00006473  __aeabi_f2d                   
000064ad  _c_int00_noargs               
000064e1  GPIO_getEnabledInterruptStatus
00006511  __aeabi_i2d                   
00006541  GPIO_setAsOutputPin           
00006565  Interrupt_setPriority         
00006589  __aeabi_ui2d                  
000065a9  __TI_zero_init_nomemset       
000065c5  memccpy                       
000065e1  copysign                      
000065e1  copysignl                     
000065fd  GPIO_clearInterruptFlag       
00006615  GPIO_setOutputLowOnPin        
00006645  strchr                        
0000665d  GPIO_setOutputHighOnPin       
00006671  strlen                        
00006685  wcslen                        
00006699  GPIO_getInterruptStatus       
000066a9  __TI_decompress_none          
000066b7  Reset_Handler                 
000066c3  AES256_IRQHandler             
000066c3  BusFault_Handler              
000066c3  COMP_E0_IRQHandler            
000066c3  COMP_E1_IRQHandler            
000066c3  CS_IRQHandler                 
000066c3  DMA_ERR_IRQHandler            
000066c3  DMA_INT0_IRQHandler           
000066c3  DMA_INT1_IRQHandler           
000066c3  DMA_INT2_IRQHandler           
000066c3  DMA_INT3_IRQHandler           
000066c3  DebugMon_Handler              
000066c3  Default_Handler               
000066c3  EUSCIB0_IRQHandler            
000066c3  EUSCIB1_IRQHandler            
000066c3  EUSCIB2_IRQHandler            
000066c3  EUSCIB3_IRQHandler            
000066c3  FLCTL_IRQHandler              
000066c3  FPU_IRQHandler                
000066c3  HardFault_Handler             
000066c3  MemManage_Handler             
000066c3  NMI_Handler                   
000066c3  PCM_IRQHandler                
000066c3  PSS_IRQHandler                
000066c3  PendSV_Handler                
000066c3  RTC_C_IRQHandler              
000066c3  SVC_Handler                   
000066c3  T32_INT1_IRQHandler           
000066c3  T32_INT2_IRQHandler           
000066c3  T32_INTC_IRQHandler           
000066c3  UsageFault_Handler            
000066c3  WDT_A_IRQHandler              
000066d1  __aeabi_errno_addr            
000066d9  _system_pre_init              
000066dd  C$$EXIT                       
000066dd  abort                         
000066e0  F6x8                          
00006908  Hzk                           
00006ac8  _ctypes_                      
00006cb8  MPU_reg                       
00006d34  __TI_Handler_Table_Base       
00006d40  __TI_Handler_Table_Limit      
00006d48  __TI_CINIT_Base               
00006d58  __TI_CINIT_Limit              
20000000  __start___llvm_prf_cnts       
20000000  __stop___llvm_prf_cnts        
20000000  screen_buf                    
20002000  bmp2                          
20002400  bmp                           
20002800  Oscill_data_buff              
20002a00  CCRn_period_val               
20002a68  dirf                          
20002a6c  page_count                    
20002a70  start_flag                    
20002a74  count                         
20002a78  testA                         
20002a7c  testB                         
20002a80  IRQ3_5flag                    
20002a81  IRQ4_6flag                    
20002a82  A_flag                        
20002a83  B_flag                        
20002a84  sysc                          
20002a88  systim                        
20002a94  errno                         
20002a98  SystemCoreClock               
20002a9c  txt                           
20002aec  ADC14_STRUCT                  
20002b1c  oscill1                       
20002b34  encoder_A                     
20002b3c  encoder_B                     
20002b44  encoder_C                     
20002b4c  encoder_D                     
20002b58  pitch                         
20002b5c  roll                          
20002b60  yaw                           
20002b64  ax                            
20002b66  ay                            
20002b68  az                            
20002b6a  gx                            
20002b6c  gy                            
20002b6e  gz                            
2000fe00  __stack                       
20010000  __STACK_END                   
4000480c  WDTCTL_SYM                    
ffffffff  __TI_pprof_out_hndl           
ffffffff  __TI_prof_data_size           
ffffffff  __TI_prof_data_start          
ffffffff  __binit__                     
ffffffff  __c_args__                    
ffffffff  binit                         
UNDEFED   __mpu_init                    
UNDEFED   _system_post_cinit            

[304 symbols]
