******************************************************************************
                  TI ARM Linker PC v20.2.1                     
******************************************************************************
>> Linked Wed Mar 30 20:52:59 2022

OUTPUT FILE NAME:   <18.Exin_MPU6050_1.out>
ENTRY POINT SYMBOL: "_c_int00_noargs"  address: 00007ead


MEMORY CONFIGURATION

         name            origin    length      used     unused   attr    fill
----------------------  --------  ---------  --------  --------  ----  --------
  MAIN                  00000000   00040000  00009032  00036fce  R  X
  INFO                  00200000   00004000  00000000  00004000  R  X
  SRAM_CODE             01000000   00010000  00002728  0000d8d8  RW X
  SRAM_DATA             20000000   00010000  00002728  0000d8d8  RW  


SEGMENT ALLOCATION MAP

run origin  load origin   length   init length attrs members
----------  ----------- ---------- ----------- ----- -------
00000000    00000000    00009038   00009038    r-x
  00000000    00000000    000000e4   000000e4    r-- .intvecs
  000000e4    000000e4    00007f4c   00007f4c    r-x .text
  00008030    00008030    00000c82   00000c82    r-- .const
  00008cb8    00008cb8    00000380   00000380    r-- .cinit
20000000    20000000    00002528   00000000    rw-
  20000000    20000000    0000246c   00000000    rw- .data
  2000246c    2000246c    000000bc   00000000    rw- .bss
2000fe00    2000fe00    00000200   00000000    rw-
  2000fe00    2000fe00    00000200   00000000    rw- .stack


SECTION ALLOCATION MAP

 output                                  attributes/
section   page    origin      length       input sections
--------  ----  ----------  ----------   ----------------
.intvecs   0    00000000    000000e4     
                  00000000    000000e4     startup_msp432p401r_ccs.obj (.intvecs:retain)

.text      0    000000e4    00007f4c     
                  000000e4    00001c20     exinoled.obj (.text)
                  00001d04    00000a9c     exingpio.obj (.text)
                  000027a0    00000a4e     rtsv7M4_T_le_v4SPD16_eabi.lib : _printfi.c.obj (.text:__TI_printfi)
                  000031ee    00000002                                   : div0.asm.obj (.text)
                  000031f0    000008f0     exinADC.obj (.text)
                  00003ae0    00000838     exinuart.obj (.text)
                  00004318    00000694     exinMPU6050.obj (.text)
                  000049ac    00000668     exinisr.obj (.text)
                  00005014    00000600     exinTimerA.obj (.text)
                  00005614    000004fc     exinsystem.obj (.text)
                  00005b10    0000033e     exinIIC.obj (.text)
                  00005e4e    00000002     --HOLE-- [fill = 0]
                  00005e50    00000334     system_msp432p401r.obj (.text)
                  00006184    000002ec     rtsv7M4_T_le_v4SPD16_eabi.lib : s_atan.c.obj (.text:atan)
                  00006470    00000270                                   : _printfi.c.obj (.text:_pconv_a)
                  000066e0    0000026c     main.obj (.text)
                  0000694c    000001d0     rtsv7M4_T_le_v4SPD16_eabi.lib : _printfi.c.obj (.text:_pconv_g)
                  00006b1c    000001cc     exinkey.obj (.text)
                  00006ce8    000001b6     rtsv7M4_T_le_v4SPD16_eabi.lib : fd_add_t2.asm.obj (.text)
                  00006e9e    00000002     --HOLE-- [fill = 0]
                  00006ea0    00000170     exinTimerAINT.obj (.text)
                  00007010    00000158     rtsv7M4_T_le_v4SPD16_eabi.lib : e_sqrt.c.obj (.text:sqrt)
                  00007168    0000013c                                   : _printfi.c.obj (.text:_pconv_e)
                  000072a4    00000136                                   : fd_div_t2.asm.obj (.text)
                  000073da    00000002     --HOLE-- [fill = 0]
                  000073dc    00000124                                   : _printfi.c.obj (.text:fcvt)
                  00007500    00000110                                   : s_scalbn.c.obj (.text:scalbn)
                  00007610    000000fc                                   : fd_mul_t2.asm.obj (.text)
                  0000770c    000000b1                                   : _printfi.c.obj (.text:_ltostr)
                  000077bd    00000001     --HOLE-- [fill = 0]
                  000077be    0000009c                                   : memcpy_t2.asm.obj (.text)
                  0000785a    00000096                                   : ull_div_t2.asm.obj (.text)
                  000078f0    00000086                                   : fd_cmp_t2.asm.obj (.text:__aeabi_cdcmple)
                  00007976    00000086                                   : fd_cmp_t2.asm.obj (.text:__aeabi_cdrcmple)
                  000079fc    0000007a                                   : memset_t2.asm.obj (.text)
                  00007a76    0000006e                                   : _printfi.c.obj (.text:_mcpy)
                  00007ae4    0000006e                                   : fd_tos_t2.asm.obj (.text)
                  00007b52    00000068                                   : copy_decompress_lzss.c.obj (.text:decompress:lzss:__TI_decompress_lzss)
                  00007bba    00000002     --HOLE-- [fill = 0]
                  00007bbc    00000064                                   : s_frexp.c.obj (.text:frexp)
                  00007c20    00000056                                   : _printfi.c.obj (.text:_pconv_f)
                  00007c76    00000054                                   : _ltoa.c.obj (.text:__TI_ltoa)
                  00007cca    00000052                                   : _printfi.c.obj (.text:_ecpy)
                  00007d1c    0000004c                                   : atoi.c.obj (.text:atoi)
                  00007d68    00000048                                   : fd_toi_t2.asm.obj (.text)
                  00007db0    00000044                                   : autoinit.c.obj (.text:__TI_auto_init_nobinit_nopinit:__TI_auto_init_nobinit_nopinit)
                  00007df4    00000040                                   : sprintf.c.obj (.text:sprintf)
                  00007e34    0000003e                                   : _printfi.c.obj (.text:_fcpy)
                  00007e72    00000038                                   : fs_tod_t2.asm.obj (.text)
                  00007eaa    00000002     --HOLE-- [fill = 0]
                  00007eac    00000034                                   : boot_cortex_m.c.obj (.text:_c_int00_noargs:_c_int00_noargs)
                  00007ee0    0000002e                                   : i_tofd_t2.asm.obj (.text)
                  00007f0e    00000002     --HOLE-- [fill = 0]
                  00007f10    00000024     msp432p4xx_driverlib.lib : interrupt.o (.text:Interrupt_setPriority)
                  00007f34    00000020     rtsv7M4_T_le_v4SPD16_eabi.lib : u_tofd_t2.asm.obj (.text)
                  00007f54    0000001c                                   : copy_zero_init.c.obj (.text:decompress:ZI:__TI_zero_init_nomemset:__TI_zero_init_nomemset)
                  00007f70    0000001c                                   : memccpy.c.obj (.text:memccpy)
                  00007f8c    0000001a                                   : s_copysign.c.obj (.text:copysign)
                  00007fa6    00000018                                   : sprintf.c.obj (.text:_outs)
                  00007fbe    00000016                                   : strchr.c.obj (.text:strchr)
                  00007fd4    00000014                                   : strlen.c.obj (.text:strlen)
                  00007fe8    00000012                                   : wcslen.c.obj (.text:wcslen)
                  00007ffa    0000000e                                   : copy_decompress_none.c.obj (.text:decompress:none:__TI_decompress_none)
                  00008008    0000000e     startup_msp432p401r_ccs.obj (.text)
                  00008016    0000000a     rtsv7M4_T_le_v4SPD16_eabi.lib : sprintf.c.obj (.text:_outc)
                  00008020    00000008                                   : errno.c.obj (.text:__aeabi_errno_addr)
                  00008028    00000004                                   : pre_init.c.obj (.text:_system_pre_init)
                  0000802c    00000004                                   : exit.c.obj (.text:abort:abort)

.const     0    00008030    00000c82     
                  00008030    000005f0     exinoled.obj (.const:.string:F8x16)
                  00008620    00000228     exinoled.obj (.const:F6x8)
                  00008848    00000180     exinoled.obj (.const:Chiness)
                  000089c8    00000101     rtsv7M4_T_le_v4SPD16_eabi.lib : ctype.c.obj (.const:.string:_ctypes_)
                  00008ac9    00000003     --HOLE-- [fill = 0]
                  00008acc    000000a0     exinuart.obj (.const:FP_N)
                  00008b6c    00000004     --HOLE-- [fill = 0]
                  00008b70    00000098     rtsv7M4_T_le_v4SPD16_eabi.lib : s_atan.c.obj (.const:$O1$$)
                  00008c08    00000050     msp432p4xx_driverlib.lib : interrupt.o (.const:g_pulRegs)
                  00008c58    00000032     exinMPU6050.obj (.const:.string:MPU_reg)
                  00008c8a    00000028     exinuart.obj (.const:.string:BRS)

.cinit     0    00008cb8    00000380     
                  00008cb8    00000357     (.cinit..data.load) [load image, compression = lzss]
                  0000900f    00000001     --HOLE-- [fill = 0]
                  00009010    0000000c     (__TI_handler_table)
                  0000901c    00000004     --HOLE-- [fill = 0]
                  00009020    00000008     (.cinit..bss.load) [load image, compression = zero_init]
                  00009028    00000010     (__TI_cinit_table)

.init_array 
*          0    00000000    00000000     UNINITIALIZED

.binit     0    00000000    00000000     

.data      0    20000000    0000246c     UNINITIALIZED
                  20000000    00002000     exinoled.obj (.data:bmp_pixel1)
                  20002000    00000400     exinoled.obj (.data:GDDRAM)
                  20002400    00000038     exinTimerAINT.obj (.data:CCRn_period_val)
                  20002438    0000001c     exinadjust.obj (.data)
                  20002454    00000008     exinsystem.obj (.data)
                  2000245c    00000008     exinuart.obj (.data)
                  20002464    00000004     rtsv7M4_T_le_v4SPD16_eabi.lib : errno.c.obj (.data)
                  20002468    00000004     system_msp432p401r.obj (.data)

.bss       0    2000246c    000000bc     UNINITIALIZED
                  2000246c    00000050     (.common:txt)
                  200024bc    00000030     (.common:ADC14_STRUCT)
                  200024ec    00000008     (.common:encoder_A)
                  200024f4    00000008     (.common:encoder_B)
                  200024fc    00000008     (.common:encoder_C)
                  20002504    00000008     (.common:encoder_D)
                  2000250c    00000004     exinsystem.obj (.bss)
                  20002510    00000004     (.common:pitch)
                  20002514    00000004     (.common:roll)
                  20002518    00000004     (.common:yaw)
                  2000251c    00000002     (.common:ax)
                  2000251e    00000002     (.common:ay)
                  20002520    00000002     (.common:az)
                  20002522    00000002     (.common:gx)
                  20002524    00000002     (.common:gy)
                  20002526    00000002     (.common:gz)

.stack     0    2000fe00    00000200     UNINITIALIZED
                  2000fe00    00000004     rtsv7M4_T_le_v4SPD16_eabi.lib : boot_cortex_m.c.obj (.stack)
                  2000fe04    000001fc     --HOLE--

__llvm_prf_cnts 
*          0    20000000    00000000     UNINITIALIZED

MODULE SUMMARY

       Module                        code    ro data   rw data
       ------                        ----    -------   -------
    .\
       main.obj                      620     0         304    
       system_msp432p401r.obj        820     0         8      
       startup_msp432p401r_ccs.obj   14      228       0      
    +--+-----------------------------+-------+---------+---------+
       Total:                        1454    228       312    
                                                              
    .\exinlibs\
       exinoled.obj                  7200    2456      18432  
       exingpio.obj                  2716    0         0      
       exinuart.obj                  2104    200       16     
       exinADC.obj                   2288    0         0      
       exinMPU6050.obj               1684    50        0      
       exinisr.obj                   1640    0         0      
       exinTimerA.obj                1536    0         0      
       exinsystem.obj                1276    0         24     
       exinIIC.obj                   830     0         0      
       exinTimerAINT.obj             368     0         112    
       exinkey.obj                   460     0         0      
       exinencoder.obj               0       0         64     
       exinadjust.obj                0       0         56     
    +--+-----------------------------+-------+---------+---------+
       Total:                        22102   2706      18704  
                                                              
    C:/ti/msp/MSP432Ware_3_40_00_25/driverlib/driverlib/MSP432P4xx/ccs/msp432p4xx_driverlib.lib
       interrupt.o                   36      80        0      
    +--+-----------------------------+-------+---------+---------+
       Total:                        36      80        0      
                                                              
    D:\CCS\ccs\tools\compiler\ti-cgt-arm_20.2.1.LTS\lib\rtsv7M4_T_le_v4SPD16_eabi.lib
       _printfi.c.obj                4851    0         0      
       s_atan.c.obj                  748     152       0      
       fd_add_t2.asm.obj             438     0         0      
       e_sqrt.c.obj                  344     0         0      
       fd_div_t2.asm.obj             310     0         0      
       s_scalbn.c.obj                272     0         0      
       fd_cmp_t2.asm.obj             268     0         0      
       ctype.c.obj                   0       257       0      
       fd_mul_t2.asm.obj             252     0         0      
       memcpy_t2.asm.obj             156     0         0      
       ull_div_t2.asm.obj            150     0         0      
       memset_t2.asm.obj             122     0         0      
       fd_tos_t2.asm.obj             110     0         0      
       copy_decompress_lzss.c.obj    104     0         0      
       s_frexp.c.obj                 100     0         0      
       sprintf.c.obj                 98      0         0      
       _ltoa.c.obj                   84      0         0      
       atoi.c.obj                    76      0         0      
       fd_toi_t2.asm.obj             72      0         0      
       autoinit.c.obj                68      0         0      
       fs_tod_t2.asm.obj             56      0         0      
       boot_cortex_m.c.obj           52      0         0      
       i_tofd_t2.asm.obj             46      0         0      
       u_tofd_t2.asm.obj             32      0         0      
       copy_zero_init.c.obj          28      0         0      
       memccpy.c.obj                 28      0         0      
       s_copysign.c.obj              26      0         0      
       strchr.c.obj                  22      0         0      
       strlen.c.obj                  20      0         0      
       wcslen.c.obj                  18      0         0      
       errno.c.obj                   8       0         8      
       copy_decompress_none.c.obj    14      0         0      
       exit.c.obj                    4       0         0      
       pre_init.c.obj                4       0         0      
       div0.asm.obj                  2       0         0      
    +--+-----------------------------+-------+---------+---------+
       Total:                        8983    409       8      
                                                              
       Stack:                        0       0         1024   
       Linker Generated:             0       891       0      
    +--+-----------------------------+-------+---------+---------+
       Grand Total:                  32575   4314      20048  


LINKER GENERATED COPY TABLES

__TI_cinit_table @ 00009028 records: 2, size/record: 8, table size: 16
	.data: load addr=00008cb8, load size=00000357 bytes, run addr=20000000, run size=0000246c bytes, compression=lzss
	.bss: load addr=00009020, load size=00000008 bytes, run addr=2000246c, run size=000000bc bytes, compression=zero_init


LINKER GENERATED HANDLER TABLE

__TI_handler_table @ 00009010 records: 3, size/record: 4, table size: 12
	index: 0, handler: __TI_decompress_lzss
	index: 1, handler: __TI_decompress_none
	index: 2, handler: __TI_zero_init


GLOBAL SYMBOLS: SORTED ALPHABETICALLY BY Name 

address   name                          
-------   ----                          
00003701  ADC14_CHAEND_set              
00003435  ADC14_CHA_sel                 
00003549  ADC14_CLK_sel                 
000038fd  ADC14_IRQFG_set               
00003a55  ADC14_IRQHandler              
00003a55  ADC14_IRQHandler              
000037f9  ADC14_MEM_set                 
00003647  ADC14_PREC_sel                
200024bc  ADC14_STRUCT                  
000031fd  ADC14_convert_disable         
000031f1  ADC14_convert_enable          
00003215  ADC14_convert_end             
00003209  ADC14_convert_start           
000036a1  ADC14_init                    
000032bf  ADC14_read_data               
00003989  ADC14_repeatmod_init          
00003a01  ADC14_repeatmod_rec           
00003221  ADC14_start                   
00008015  AES256_IRQHandler             
20002452  A_flag                        
20002460  BRCLK                         
00008c8a  BRS                           
20002453  B_flag                        
00008015  BusFault_Handler              
0000802d  C$$EXIT                       
00005525  CCRn_MOD_sel                  
20002400  CCRn_period_val               
00008015  COMP_E0_IRQHandler            
00008015  COMP_E1_IRQHandler            
00008015  CS_IRQHandler                 
00005647  CS_locked                     
0000563d  CS_unlocked                   
00005ccb  Check_ACK                     
00008848  Chiness                       
0000564f  DCO_set                       
00008015  DMA_ERR_IRQHandler            
00008015  DMA_INT0_IRQHandler           
00008015  DMA_INT1_IRQHandler           
00008015  DMA_INT2_IRQHandler           
00008015  DMA_INT3_IRQHandler           
00008015  DebugMon_Handler              
00008015  Default_Handler               
000042ad  EUSCIA0_IRQHandler            
000042ad  EUSCIA0_IRQHandler            
000042b7  EUSCIA1_IRQHandler            
000042b7  EUSCIA1_IRQHandler            
000042c9  EUSCIA2_IRQHandler            
000042c9  EUSCIA2_IRQHandler            
000042d9  EUSCIA3_IRQHandler            
000042d9  EUSCIA3_IRQHandler            
00008015  EUSCIB0_IRQHandler            
00008015  EUSCIB1_IRQHandler            
00008015  EUSCIB2_IRQHandler            
00008015  EUSCIB3_IRQHandler            
00008620  F6x8                          
00008030  F8x16                         
00008015  FLCTL_IRQHandler              
00008015  FPU_IRQHandler                
00008acc  FP_N                          
20002000  GDDRAM                        
00001535  GDDRAM_Map_clr                
0000158f  GDDRAM_Map_set                
00008015  HardFault_Handler             
00005c43  IIC_ACK                       
00005c87  IIC_NACK                      
00005dc7  IIC_Read_Byte                 
00005d35  IIC_Send_Byte                 
00005b11  IIC_init                      
00005b41  IIC_reset                     
00005bb5  IIC_start                     
00005bf9  IIC_stop                      
20002450  IRQ3_5flag                    
20002451  IRQ4_6flag                    
00007f11  Interrupt_setPriority         
000048f1  Low_filter                    
000056c5  MCLK_set                      
00006855  MPU6050_uart_send             
0000432b  MPU6050_write_Byte            
00004667  MPU_Get_Acc                   
000046ed  MPU_Get_Angel                 
0000460b  MPU_Get_Gyro                  
000045a7  MPU_Get_Temp                  
000066e1  MPU_Low_fillter_Get_Angle     
00004511  MPU_Read_Len                  
0000448f  MPU_Write_Len                 
000043e5  MPU_init                      
00004385  MPU_read_Byte                 
00008c58  MPU_reg                       
00008015  MemManage_Handler             
00008015  NMI_Handler                   
0000126f  OLED_Draw_Bmp                 
0000132d  OLED_Draw_BmpPixel            
00000b73  OLED_Draw_Circle              
00000361  OLED_Draw_Pixel               
00000acd  OLED_Draw_Rectangle           
00000479  OLED_Draw_line                
0000151b  OLED_OFF                      
00001505  OLED_ON                       
0000018d  OLED_SPI_configuration        
00000237  OLED_SPI_write_cmd            
0000026f  OLED_SPI_write_data           
000002a7  OLED_SetPos                   
00000c83  OLED_Show_Char                
00001161  OLED_Show_Hanzi               
00000eb1  OLED_Show_Num                 
00000e55  OLED_Show_String              
00000fd9  OLED_Show_float               
00000357  OLED_clr                      
000002df  OLED_fill                     
00001429  OLED_init                     
000015cd  OLED_test                     
00008015  PCM_IRQHandler                
000049ad  PORT1_IRQHandler              
000049ad  PORT1_IRQHandler              
00004a53  PORT2_IRQHandler              
00004a53  PORT2_IRQHandler              
00004b1f  PORT3_IRQHandler              
00004b1f  PORT3_IRQHandler              
00004bd7  PORT4_IRQHandler              
00004bd7  PORT4_IRQHandler              
00004cb5  PORT5_IRQHandler              
00004cb5  PORT5_IRQHandler              
00004d89  PORT6_IRQHandler              
00004d89  PORT6_IRQHandler              
00008015  PSS_IRQHandler                
00008015  PendSV_Handler                
00008015  RTC_C_IRQHandler              
00008009  Reset_Handler                 
000057e5  SMCLK_set                     
000001cd  SPI_write_byte                
00008015  SVC_Handler                   
00005a8b  SysTick_Handler               
00005a8b  SysTick_Handler               
20002468  SystemCoreClock               
00005e51  SystemCoreClockUpdate         
000060c9  SystemInit                    
00008015  T32_INT1_IRQHandler           
00008015  T32_INT2_IRQHandler           
00008015  T32_INTC_IRQHandler           
00004e65  TA0_0_IRQHandler              
00004e65  TA0_0_IRQHandler              
00004ea5  TA0_N_IRQHandler              
00004ea5  TA0_N_IRQHandler              
00004e77  TA1_0_IRQHandler              
00004e77  TA1_0_IRQHandler              
00004ea7  TA1_N_IRQHandler              
00004ea7  TA1_N_IRQHandler              
00004e89  TA2_0_IRQHandler              
00004e89  TA2_0_IRQHandler              
00004ea9  TA2_N_IRQHandler              
00004ea9  TA2_N_IRQHandler              
00004e99  TA3_0_IRQHandler              
00004e99  TA3_0_IRQHandler              
00004ec1  TA3_N_IRQHandler              
00004ec1  TA3_N_IRQHandler              
00006f37  TimerA_CCR0INT_init           
000054a5  TimerA_CCRVAL_set             
00006f89  TimerA_CCRnINT_init           
000050bb  TimerA_CLK_set                
00005015  TimerA_MOD_sel                
0000527d  TimerA_NVIC_IRQ_set           
000053f5  TimerA_disable_CCRnIRQ        
00005345  TimerA_enable_CCRnIRQ         
2000245e  UART0_RXDat                   
2000245d  UART2_RXDat                   
2000245c  UART3_RXDat                   
00003d51  UART_BRS_val                  
00003e71  UART_Baunds_set               
00003c59  UART_CLK_sel                  
00003b5d  UART_IRQRX_set                
00003ae1  UART_IRQ_set                  
00003c05  UART_PIN_sel                  
00003bb1  UART_USIC_init                
000040a5  UART_init                     
00004185  UART_recv_Byte                
00004111  UART_send_Byte                
00004271  UART_send_int                 
00004215  UART_send_short               
000041d9  UART_send_string              
00008015  UsageFault_Handler            
4000480c  WDTCTL_SYM                    
00008015  WDT_A_IRQHandler              
20010000  __STACK_END                   
00000200  __STACK_SIZE                  
00009028  __TI_CINIT_Base               
00009038  __TI_CINIT_Limit              
00009010  __TI_Handler_Table_Base       
0000901c  __TI_Handler_Table_Limit      
00007db1  __TI_auto_init_nobinit_nopinit
00007b53  __TI_decompress_lzss          
00007ffb  __TI_decompress_none          
00007c77  __TI_ltoa                     
ffffffff  __TI_pprof_out_hndl           
000027a1  __TI_printfi                  
ffffffff  __TI_prof_data_size           
ffffffff  __TI_prof_data_start          
00000000  __TI_static_base__            
00007f55  __TI_zero_init_nomemset       
000078f1  __aeabi_cdcmpeq               
000078f1  __aeabi_cdcmple               
00007977  __aeabi_cdrcmple              
00007ae5  __aeabi_d2f                   
00007d69  __aeabi_d2iz                  
00006cf3  __aeabi_dadd                  
000072a5  __aeabi_ddiv                  
00007611  __aeabi_dmul                  
00006ce9  __aeabi_dsub                  
00008021  __aeabi_errno_addr            
00007e73  __aeabi_f2d                   
00007ee1  __aeabi_i2d                   
000031ef  __aeabi_idiv0                 
000031ef  __aeabi_ldiv0                 
000079fd  __aeabi_memclr                
000079fd  __aeabi_memclr4               
000079fd  __aeabi_memclr8               
000077bf  __aeabi_memcpy                
000077bf  __aeabi_memcpy4               
000077bf  __aeabi_memcpy8               
000079ff  __aeabi_memset                
000079ff  __aeabi_memset4               
000079ff  __aeabi_memset8               
00007f35  __aeabi_ui2d                  
0000785b  __aeabi_uldivmod              
ffffffff  __binit__                     
ffffffff  __c_args__                    
UNDEFED   __mpu_init                    
2000fe00  __stack                       
20000000  __start___llvm_prf_cnts       
20000000  __stop___llvm_prf_cnts        
00007ead  _c_int00_noargs               
000089c8  _ctypes_                      
UNDEFED   _system_post_cinit            
00008029  _system_pre_init              
0000802d  abort                         
00006185  atan                          
00006185  atanl                         
00007d1d  atoi                          
2000251c  ax                            
2000251e  ay                            
20002520  az                            
ffffffff  binit                         
20000000  bmp_pixel1                    
00007f8d  copysign                      
00007f8d  copysignl                     
20002444  count                         
20002438  dirf                          
200024ec  encoder_A                     
200024f4  encoder_B                     
200024fc  encoder_C                     
20002504  encoder_D                     
20002464  errno                         
00005615  error                         
00004319  error_LED_toggle              
00007bbd  frexp                         
00007bbd  frexpl                        
000022df  gpio_clr_GPIOIRQFLG           
0000226d  gpio_disable_IRQ              
000020ed  gpio_disable_Ren              
00002361  gpio_edg_sel                  
000021d5  gpio_enable_IRQ               
0000202d  gpio_enable_Ren               
00002571  gpio_get                      
000024e1  gpio_init                     
00002481  gpio_interrupt_INIT           
00002661  gpio_set                      
00001dc5  gpio_set_Asin                 
00001d05  gpio_set_Asout                
00001e85  gpio_set_High                 
00001f45  gpio_set_Low                  
00002691  gpio_toggle                   
20002522  gx                            
20002524  gy                            
20002526  gz                            
00000000  interruptVectors              
00006b7b  key_get                       
00006b1d  key_init                      
00006bd3  key_test                      
00007501  ldexp                         
00007501  ldexpl                        
0000689d  main                          
00007f71  memccpy                       
000077bf  memcpy                        
00007a05  memset                        
000000e5  num_pow                       
2000243c  page_count                    
00006ea1  period_cvert                  
20002510  pitch                         
20002514  roll                          
00007501  scalbn                        
00007501  scalbnl                       
0000590d  set_DCO_48MH                  
000059a5  set_clock_period              
00007df5  sprintf                       
00000115  sqr                           
00007011  sqrt                          
00007011  sqrtl                         
20002440  start_flag                    
00007fbf  strchr                        
00007fd5  strlen                        
20002454  sysc                          
00005a6b  system_init                   
00005a5d  systic_clr                    
00005ab3  systic_delayms                
00005a95  systic_delayus                
000059e9  systic_end                    
000059af  systic_init                   
000059fd  systic_read                   
000059d3  systic_start                  
20002458  systim                        
20002448  testA                         
2000244c  testB                         
2000246c  txt                           
00007fe9  wcslen                        
20002518  yaw                           


GLOBAL SYMBOLS: SORTED BY Symbol Address 

address   name                          
-------   ----                          
00000000  __TI_static_base__            
00000000  interruptVectors              
000000e5  num_pow                       
00000115  sqr                           
0000018d  OLED_SPI_configuration        
000001cd  SPI_write_byte                
00000200  __STACK_SIZE                  
00000237  OLED_SPI_write_cmd            
0000026f  OLED_SPI_write_data           
000002a7  OLED_SetPos                   
000002df  OLED_fill                     
00000357  OLED_clr                      
00000361  OLED_Draw_Pixel               
00000479  OLED_Draw_line                
00000acd  OLED_Draw_Rectangle           
00000b73  OLED_Draw_Circle              
00000c83  OLED_Show_Char                
00000e55  OLED_Show_String              
00000eb1  OLED_Show_Num                 
00000fd9  OLED_Show_float               
00001161  OLED_Show_Hanzi               
0000126f  OLED_Draw_Bmp                 
0000132d  OLED_Draw_BmpPixel            
00001429  OLED_init                     
00001505  OLED_ON                       
0000151b  OLED_OFF                      
00001535  GDDRAM_Map_clr                
0000158f  GDDRAM_Map_set                
000015cd  OLED_test                     
00001d05  gpio_set_Asout                
00001dc5  gpio_set_Asin                 
00001e85  gpio_set_High                 
00001f45  gpio_set_Low                  
0000202d  gpio_enable_Ren               
000020ed  gpio_disable_Ren              
000021d5  gpio_enable_IRQ               
0000226d  gpio_disable_IRQ              
000022df  gpio_clr_GPIOIRQFLG           
00002361  gpio_edg_sel                  
00002481  gpio_interrupt_INIT           
000024e1  gpio_init                     
00002571  gpio_get                      
00002661  gpio_set                      
00002691  gpio_toggle                   
000027a1  __TI_printfi                  
000031ef  __aeabi_idiv0                 
000031ef  __aeabi_ldiv0                 
000031f1  ADC14_convert_enable          
000031fd  ADC14_convert_disable         
00003209  ADC14_convert_start           
00003215  ADC14_convert_end             
00003221  ADC14_start                   
000032bf  ADC14_read_data               
00003435  ADC14_CHA_sel                 
00003549  ADC14_CLK_sel                 
00003647  ADC14_PREC_sel                
000036a1  ADC14_init                    
00003701  ADC14_CHAEND_set              
000037f9  ADC14_MEM_set                 
000038fd  ADC14_IRQFG_set               
00003989  ADC14_repeatmod_init          
00003a01  ADC14_repeatmod_rec           
00003a55  ADC14_IRQHandler              
00003a55  ADC14_IRQHandler              
00003ae1  UART_IRQ_set                  
00003b5d  UART_IRQRX_set                
00003bb1  UART_USIC_init                
00003c05  UART_PIN_sel                  
00003c59  UART_CLK_sel                  
00003d51  UART_BRS_val                  
00003e71  UART_Baunds_set               
000040a5  UART_init                     
00004111  UART_send_Byte                
00004185  UART_recv_Byte                
000041d9  UART_send_string              
00004215  UART_send_short               
00004271  UART_send_int                 
000042ad  EUSCIA0_IRQHandler            
000042ad  EUSCIA0_IRQHandler            
000042b7  EUSCIA1_IRQHandler            
000042b7  EUSCIA1_IRQHandler            
000042c9  EUSCIA2_IRQHandler            
000042c9  EUSCIA2_IRQHandler            
000042d9  EUSCIA3_IRQHandler            
000042d9  EUSCIA3_IRQHandler            
00004319  error_LED_toggle              
0000432b  MPU6050_write_Byte            
00004385  MPU_read_Byte                 
000043e5  MPU_init                      
0000448f  MPU_Write_Len                 
00004511  MPU_Read_Len                  
000045a7  MPU_Get_Temp                  
0000460b  MPU_Get_Gyro                  
00004667  MPU_Get_Acc                   
000046ed  MPU_Get_Angel                 
000048f1  Low_filter                    
000049ad  PORT1_IRQHandler              
000049ad  PORT1_IRQHandler              
00004a53  PORT2_IRQHandler              
00004a53  PORT2_IRQHandler              
00004b1f  PORT3_IRQHandler              
00004b1f  PORT3_IRQHandler              
00004bd7  PORT4_IRQHandler              
00004bd7  PORT4_IRQHandler              
00004cb5  PORT5_IRQHandler              
00004cb5  PORT5_IRQHandler              
00004d89  PORT6_IRQHandler              
00004d89  PORT6_IRQHandler              
00004e65  TA0_0_IRQHandler              
00004e65  TA0_0_IRQHandler              
00004e77  TA1_0_IRQHandler              
00004e77  TA1_0_IRQHandler              
00004e89  TA2_0_IRQHandler              
00004e89  TA2_0_IRQHandler              
00004e99  TA3_0_IRQHandler              
00004e99  TA3_0_IRQHandler              
00004ea5  TA0_N_IRQHandler              
00004ea5  TA0_N_IRQHandler              
00004ea7  TA1_N_IRQHandler              
00004ea7  TA1_N_IRQHandler              
00004ea9  TA2_N_IRQHandler              
00004ea9  TA2_N_IRQHandler              
00004ec1  TA3_N_IRQHandler              
00004ec1  TA3_N_IRQHandler              
00005015  TimerA_MOD_sel                
000050bb  TimerA_CLK_set                
0000527d  TimerA_NVIC_IRQ_set           
00005345  TimerA_enable_CCRnIRQ         
000053f5  TimerA_disable_CCRnIRQ        
000054a5  TimerA_CCRVAL_set             
00005525  CCRn_MOD_sel                  
00005615  error                         
0000563d  CS_unlocked                   
00005647  CS_locked                     
0000564f  DCO_set                       
000056c5  MCLK_set                      
000057e5  SMCLK_set                     
0000590d  set_DCO_48MH                  
000059a5  set_clock_period              
000059af  systic_init                   
000059d3  systic_start                  
000059e9  systic_end                    
000059fd  systic_read                   
00005a5d  systic_clr                    
00005a6b  system_init                   
00005a8b  SysTick_Handler               
00005a8b  SysTick_Handler               
00005a95  systic_delayus                
00005ab3  systic_delayms                
00005b11  IIC_init                      
00005b41  IIC_reset                     
00005bb5  IIC_start                     
00005bf9  IIC_stop                      
00005c43  IIC_ACK                       
00005c87  IIC_NACK                      
00005ccb  Check_ACK                     
00005d35  IIC_Send_Byte                 
00005dc7  IIC_Read_Byte                 
00005e51  SystemCoreClockUpdate         
000060c9  SystemInit                    
00006185  atan                          
00006185  atanl                         
000066e1  MPU_Low_fillter_Get_Angle     
00006855  MPU6050_uart_send             
0000689d  main                          
00006b1d  key_init                      
00006b7b  key_get                       
00006bd3  key_test                      
00006ce9  __aeabi_dsub                  
00006cf3  __aeabi_dadd                  
00006ea1  period_cvert                  
00006f37  TimerA_CCR0INT_init           
00006f89  TimerA_CCRnINT_init           
00007011  sqrt                          
00007011  sqrtl                         
000072a5  __aeabi_ddiv                  
00007501  ldexp                         
00007501  ldexpl                        
00007501  scalbn                        
00007501  scalbnl                       
00007611  __aeabi_dmul                  
000077bf  __aeabi_memcpy                
000077bf  __aeabi_memcpy4               
000077bf  __aeabi_memcpy8               
000077bf  memcpy                        
0000785b  __aeabi_uldivmod              
000078f1  __aeabi_cdcmpeq               
000078f1  __aeabi_cdcmple               
00007977  __aeabi_cdrcmple              
000079fd  __aeabi_memclr                
000079fd  __aeabi_memclr4               
000079fd  __aeabi_memclr8               
000079ff  __aeabi_memset                
000079ff  __aeabi_memset4               
000079ff  __aeabi_memset8               
00007a05  memset                        
00007ae5  __aeabi_d2f                   
00007b53  __TI_decompress_lzss          
00007bbd  frexp                         
00007bbd  frexpl                        
00007c77  __TI_ltoa                     
00007d1d  atoi                          
00007d69  __aeabi_d2iz                  
00007db1  __TI_auto_init_nobinit_nopinit
00007df5  sprintf                       
00007e73  __aeabi_f2d                   
00007ead  _c_int00_noargs               
00007ee1  __aeabi_i2d                   
00007f11  Interrupt_setPriority         
00007f35  __aeabi_ui2d                  
00007f55  __TI_zero_init_nomemset       
00007f71  memccpy                       
00007f8d  copysign                      
00007f8d  copysignl                     
00007fbf  strchr                        
00007fd5  strlen                        
00007fe9  wcslen                        
00007ffb  __TI_decompress_none          
00008009  Reset_Handler                 
00008015  AES256_IRQHandler             
00008015  BusFault_Handler              
00008015  COMP_E0_IRQHandler            
00008015  COMP_E1_IRQHandler            
00008015  CS_IRQHandler                 
00008015  DMA_ERR_IRQHandler            
00008015  DMA_INT0_IRQHandler           
00008015  DMA_INT1_IRQHandler           
00008015  DMA_INT2_IRQHandler           
00008015  DMA_INT3_IRQHandler           
00008015  DebugMon_Handler              
00008015  Default_Handler               
00008015  EUSCIB0_IRQHandler            
00008015  EUSCIB1_IRQHandler            
00008015  EUSCIB2_IRQHandler            
00008015  EUSCIB3_IRQHandler            
00008015  FLCTL_IRQHandler              
00008015  FPU_IRQHandler                
00008015  HardFault_Handler             
00008015  MemManage_Handler             
00008015  NMI_Handler                   
00008015  PCM_IRQHandler                
00008015  PSS_IRQHandler                
00008015  PendSV_Handler                
00008015  RTC_C_IRQHandler              
00008015  SVC_Handler                   
00008015  T32_INT1_IRQHandler           
00008015  T32_INT2_IRQHandler           
00008015  T32_INTC_IRQHandler           
00008015  UsageFault_Handler            
00008015  WDT_A_IRQHandler              
00008021  __aeabi_errno_addr            
00008029  _system_pre_init              
0000802d  C$$EXIT                       
0000802d  abort                         
00008030  F8x16                         
00008620  F6x8                          
00008848  Chiness                       
000089c8  _ctypes_                      
00008acc  FP_N                          
00008c58  MPU_reg                       
00008c8a  BRS                           
00009010  __TI_Handler_Table_Base       
0000901c  __TI_Handler_Table_Limit      
00009028  __TI_CINIT_Base               
00009038  __TI_CINIT_Limit              
20000000  __start___llvm_prf_cnts       
20000000  __stop___llvm_prf_cnts        
20000000  bmp_pixel1                    
20002000  GDDRAM                        
20002400  CCRn_period_val               
20002438  dirf                          
2000243c  page_count                    
20002440  start_flag                    
20002444  count                         
20002448  testA                         
2000244c  testB                         
20002450  IRQ3_5flag                    
20002451  IRQ4_6flag                    
20002452  A_flag                        
20002453  B_flag                        
20002454  sysc                          
20002458  systim                        
2000245c  UART3_RXDat                   
2000245d  UART2_RXDat                   
2000245e  UART0_RXDat                   
20002460  BRCLK                         
20002464  errno                         
20002468  SystemCoreClock               
2000246c  txt                           
200024bc  ADC14_STRUCT                  
200024ec  encoder_A                     
200024f4  encoder_B                     
200024fc  encoder_C                     
20002504  encoder_D                     
20002510  pitch                         
20002514  roll                          
20002518  yaw                           
2000251c  ax                            
2000251e  ay                            
20002520  az                            
20002522  gx                            
20002524  gy                            
20002526  gz                            
2000fe00  __stack                       
20010000  __STACK_END                   
4000480c  WDTCTL_SYM                    
ffffffff  __TI_pprof_out_hndl           
ffffffff  __TI_prof_data_size           
ffffffff  __TI_prof_data_start          
ffffffff  __binit__                     
ffffffff  __c_args__                    
ffffffff  binit                         
UNDEFED   __mpu_init                    
UNDEFED   _system_post_cinit            

[314 symbols]
