******************************************************************************
                  TI ARM Linker PC v20.2.1                     
******************************************************************************
>> Linked Tue Oct  5 21:18:33 2021

OUTPUT FILE NAME:   <18.Exin_MPU6050_1.out>
ENTRY POINT SYMBOL: "_c_int00_noargs"  address: 000051d5


MEMORY CONFIGURATION

         name            origin    length      used     unused   attr    fill
----------------------  --------  ---------  --------  --------  ----  --------
  MAIN                  00000000   00040000  00005dca  0003a236  R  X
  INFO                  00200000   00004000  00000000  00004000  R  X
  SRAM_CODE             01000000   00010000  00002db5  0000d24b  RW X
  SRAM_DATA             20000000   00010000  00002db5  0000d24b  RW  


SEGMENT ALLOCATION MAP

run origin  load origin   length   init length attrs members
----------  ----------- ---------- ----------- ----- -------
00000000    00000000    00005dd0   00005dd0    r-x
  00000000    00000000    000000e4   000000e4    r-- .intvecs
  000000e4    000000e4    0000559a   0000559a    r-x .text
  00005680    00005680    000006dc   000006dc    r-- .const
  00005d60    00005d60    00000070   00000070    r-- .cinit
20000000    20000000    00002bb6   00000000    rw-
  20000000    20000000    00002acb   00000000    rw- .data
  20002acc    20002acc    000000ea   00000000    rw- .bss
2000fe00    2000fe00    00000200   00000000    rw-
  2000fe00    2000fe00    00000200   00000000    rw- .stack


SECTION ALLOCATION MAP

 output                                  attributes/
section   page    origin      length       input sections
--------  ----  ----------  ----------   ----------------
.intvecs   0    00000000    000000e4     
                  00000000    000000e4     startup_msp432p401r_ccs.obj (.intvecs:retain)

.text      0    000000e4    0000559a     
                  000000e4    00000a4e     rtsv7M4_T_le_v4SPD16_eabi.lib : _printfi.c.obj (.text:__TI_printfi)
                  00000b32    00000002                                   : div0.asm.obj (.text)
                  00000b34    000007dc     oled.obj (.text)
                  00001310    00000690     exinMPU6050.obj (.text)
                  000019a0    000003f0     exinencoder.obj (.text)
                  00001d90    000003cc     exinADC.obj (.text)
                  0000215c    00000334     system_msp432p401r.obj (.text)
                  00002490    000002ec     rtsv7M4_T_le_v4SPD16_eabi.lib : s_atan.c.obj (.text:atan)
                  0000277c    000002cc     exinisr.obj (.text)
                  00002a48    000002ca     exinIIC.obj (.text)
                  00002d12    00000002     --HOLE-- [fill = 0]
                  00002d14    00000274     main.obj (.text)
                  00002f88    00000270     rtsv7M4_T_le_v4SPD16_eabi.lib : _printfi.c.obj (.text:_pconv_a)
                  000031f8    00000268     exingpio.obj (.text)
                  00003460    00000240     exinsystem.obj (.text)
                  000036a0    000001d0     rtsv7M4_T_le_v4SPD16_eabi.lib : _printfi.c.obj (.text:_pconv_g)
                  00003870    000001c0     exinkey.obj (.text)
                  00003a30    000001b6     rtsv7M4_T_le_v4SPD16_eabi.lib : fd_add_t2.asm.obj (.text)
                  00003be6    00000002     --HOLE-- [fill = 0]
                  00003be8    000001b4     ADS_RCV.obj (.text)
                  00003d9c    00000184     exinuart.obj (.text)
                  00003f20    00000158     rtsv7M4_T_le_v4SPD16_eabi.lib : e_sqrt.c.obj (.text:sqrt)
                  00004078    00000148     exin_pit.obj (.text)
                  000041c0    0000013c     rtsv7M4_T_le_v4SPD16_eabi.lib : _printfi.c.obj (.text:_pconv_e)
                  000042fc    00000136                                   : fd_div_t2.asm.obj (.text)
                  00004432    00000002     --HOLE-- [fill = 0]
                  00004434    00000124                                   : _printfi.c.obj (.text:fcvt)
                  00004558    00000110                                   : s_scalbn.c.obj (.text:scalbn)
                  00004668    000000fc                                   : fd_mul_t2.asm.obj (.text)
                  00004764    000000dc     msp432p4xx_driverlib.lib : pcm.o (.text:__PCM_setPowerModeAdvanced)
                  00004840    000000b1     rtsv7M4_T_le_v4SPD16_eabi.lib : _printfi.c.obj (.text:_ltostr)
                  000048f1    00000003     --HOLE-- [fill = 0]
                  000048f4    000000b0     msp432p4xx_driverlib.lib : pcm.o (.text:__PCM_setCoreVoltageLevelAdvanced)
                  000049a4    0000009c     rtsv7M4_T_le_v4SPD16_eabi.lib : memcpy_t2.asm.obj (.text)
                  00004a40    00000096                                   : ull_div_t2.asm.obj (.text)
                  00004ad6    00000002     --HOLE-- [fill = 0]
                  00004ad8    00000094     msp432p4xx_driverlib.lib : uart.o (.text:UART_initModule)
                  00004b6c    00000086     rtsv7M4_T_le_v4SPD16_eabi.lib : fd_cmp_t2.asm.obj (.text:__aeabi_cdcmple)
                  00004bf2    00000086                                   : fd_cmp_t2.asm.obj (.text:__aeabi_cdrcmple)
                  00004c78    0000007a                                   : memset_t2.asm.obj (.text)
                  00004cf2    0000006e                                   : _printfi.c.obj (.text:_mcpy)
                  00004d60    0000006e                                   : fd_tos_t2.asm.obj (.text)
                  00004dce    00000068                                   : copy_decompress_lzss.c.obj (.text:decompress:lzss:__TI_decompress_lzss)
                  00004e36    00000002     --HOLE-- [fill = 0]
                  00004e38    00000064     msp432p4xx_driverlib.lib : interrupt.o (.text:Interrupt_enableInterrupt)
                  00004e9c    00000064     rtsv7M4_T_le_v4SPD16_eabi.lib : s_frexp.c.obj (.text:frexp)
                  00004f00    00000056                                   : _printfi.c.obj (.text:_pconv_f)
                  00004f56    00000054                                   : _ltoa.c.obj (.text:__TI_ltoa)
                  00004faa    00000052                                   : _printfi.c.obj (.text:_ecpy)
                  00004ffc    0000004c                                   : atoi.c.obj (.text:atoi)
                  00005048    00000048     msp432p4xx_driverlib.lib : gpio.o (.text:GPIO_setAsPeripheralModuleFunctionInputPin)
                  00005090    00000048     rtsv7M4_T_le_v4SPD16_eabi.lib : fd_toi_t2.asm.obj (.text)
                  000050d8    00000044                                   : autoinit.c.obj (.text:__TI_auto_init_nobinit_nopinit:__TI_auto_init_nobinit_nopinit)
                  0000511c    00000040                                   : sprintf.c.obj (.text:sprintf)
                  0000515c    0000003e                                   : _printfi.c.obj (.text:_fcpy)
                  0000519a    00000038                                   : fs_tod_t2.asm.obj (.text)
                  000051d2    00000002     --HOLE-- [fill = 0]
                  000051d4    00000034                                   : boot_cortex_m.c.obj (.text:_c_int00_noargs:_c_int00_noargs)
                  00005208    00000030     msp432p4xx_driverlib.lib : gpio.o (.text:GPIO_getEnabledInterruptStatus)
                  00005238    00000030                              : gpio.o (.text:GPIO_setAsInputPinWithPullUpResistor)
                  00005268    00000030                              : uart.o (.text:UART_getEnabledInterruptStatus)
                  00005298    0000002e     rtsv7M4_T_le_v4SPD16_eabi.lib : i_tofd_t2.asm.obj (.text)
                  000052c6    00000002     --HOLE-- [fill = 0]
                  000052c8    0000002c     msp432p4xx_driverlib.lib : gpio.o (.text:GPIO_setAsInputPin)
                  000052f4    0000002c                              : pcm.o (.text:PCM_getCoreVoltageLevel)
                  00005320    0000002a                              : pcm.o (.text:PCM_getPowerMode)
                  0000534a    00000002     --HOLE-- [fill = 0]
                  0000534c    00000028                              : flash.o (.text:FlashCtl_setWaitState)
                  00005374    00000024                              : cs.o (.text:CS_setDCOCenteredFrequency)
                  00005398    00000024                              : gpio.o (.text:GPIO_setAsOutputPin)
                  000053bc    00000024                              : interrupt.o (.text:Interrupt_setPriority)
                  000053e0    00000024                              : uart.o (.text:UART_disableInterrupt)
                  00005404    00000024                              : uart.o (.text:UART_receiveData)
                  00005428    00000024                              : uart.o (.text:UART_transmitData)
                  0000544c    00000020     rtsv7M4_T_le_v4SPD16_eabi.lib : u_tofd_t2.asm.obj (.text)
                  0000546c    0000001c                                   : copy_zero_init.c.obj (.text:decompress:ZI:__TI_zero_init_nomemset:__TI_zero_init_nomemset)
                  00005488    0000001c                                   : memccpy.c.obj (.text:memccpy)
                  000054a4    0000001a                                   : s_copysign.c.obj (.text:copysign)
                  000054be    00000002     --HOLE-- [fill = 0]
                  000054c0    00000018     msp432p4xx_driverlib.lib : gpio.o (.text:GPIO_clearInterruptFlag)
                  000054d8    00000018                              : gpio.o (.text:GPIO_getInputPinValue)
                  000054f0    00000018                              : gpio.o (.text:GPIO_setOutputLowOnPin)
                  00005508    00000018                              : wdt_a.o (.text:WDT_A_holdTimer)
                  00005520    00000018     rtsv7M4_T_le_v4SPD16_eabi.lib : sprintf.c.obj (.text:_outs)
                  00005538    00000016     msp432p4xx_driverlib.lib : uart.o (.text:UART_enableInterrupt)
                  0000554e    00000016     rtsv7M4_T_le_v4SPD16_eabi.lib : strchr.c.obj (.text:strchr)
                  00005564    00000014     msp432p4xx_driverlib.lib : gpio.o (.text:GPIO_enableInterrupt)
                  00005578    00000014                              : gpio.o (.text:GPIO_setOutputHighOnPin)
                  0000558c    00000014                              : gpio.o (.text:GPIO_toggleOutputOnPin)
                  000055a0    00000014                              : sysctl.o (.text:SysCtl_enableSRAMBankRetention)
                  000055b4    00000014     rtsv7M4_T_le_v4SPD16_eabi.lib : strlen.c.obj (.text:strlen)
                  000055c8    00000012                                   : wcslen.c.obj (.text:wcslen)
                  000055da    00000002     --HOLE-- [fill = 0]
                  000055dc    00000010     msp432p4xx_driverlib.lib : gpio.o (.text:GPIO_getInterruptStatus)
                  000055ec    00000010                              : interrupt.o (.text:Interrupt_enableMaster)
                  000055fc    0000000e                              : uart.o (.text:UART_clearInterruptFlag)
                  0000560a    0000000e     rtsv7M4_T_le_v4SPD16_eabi.lib : copy_decompress_none.c.obj (.text:decompress:none:__TI_decompress_none)
                  00005618    0000000e     startup_msp432p401r_ccs.obj (.text)
                  00005626    0000000c     msp432p4xx_driverlib.lib : cpu.o (.text:CPU_cpsie)
                  00005632    00000002     --HOLE-- [fill = 0]
                  00005634    0000000c                              : pcm.o (.text:PCM_getPowerState)
                  00005640    0000000c                              : uart.o (.text:UART_enableModule)
                  0000564c    0000000a     rtsv7M4_T_le_v4SPD16_eabi.lib : sprintf.c.obj (.text:_outc)
                  00005656    00000008     msp432p4xx_driverlib.lib : pcm.o (.text:PCM_setCoreVoltageLevel)
                  0000565e    00000008                              : pcm.o (.text:PCM_setPowerMode)
                  00005666    00000002     --HOLE-- [fill = 0]
                  00005668    00000008     rtsv7M4_T_le_v4SPD16_eabi.lib : errno.c.obj (.text:__aeabi_errno_addr)
                  00005670    00000006     msp432p4xx_driverlib.lib : uart.o (.text:UART_getInterruptStatus)
                  00005676    00000004     rtsv7M4_T_le_v4SPD16_eabi.lib : pre_init.c.obj (.text:_system_pre_init)
                  0000567a    00000004                                   : exit.c.obj (.text:abort:abort)

.const     0    00005680    000006dc     
                  00005680    00000228     oled.obj (.const:F6x8)
                  000058a8    000001c0     oled.obj (.const:Hzk)
                  00005a68    00000101     rtsv7M4_T_le_v4SPD16_eabi.lib : ctype.c.obj (.const:.string:_ctypes_)
                  00005b69    00000007     --HOLE-- [fill = 0]
                  00005b70    00000098                                   : s_atan.c.obj (.const:$O1$$)
                  00005c08    00000050     msp432p4xx_driverlib.lib : interrupt.o (.const:g_pulRegs)
                  00005c58    00000040                              : interrupt.o (.const)
                  00005c98    00000032     exinMPU6050.obj (.const:.string:MPU_reg)
                  00005cca    00000002     --HOLE-- [fill = 0]
                  00005ccc    00000024     exinuart.obj (.const:UART0)
                  00005cf0    00000024     exinuart.obj (.const:UART2)
                  00005d14    00000024     exinuart.obj (.const:UART3)
                  00005d38    00000024     ADS_RCV.obj (.const:UART3_SET)

.cinit     0    00005d60    00000070     
                  00005d60    0000004c     (.cinit..data.load) [load image, compression = lzss]
                  00005dac    0000000c     (__TI_handler_table)
                  00005db8    00000008     (.cinit..bss.load) [load image, compression = zero_init]
                  00005dc0    00000010     (__TI_cinit_table)

.init_array 
*          0    00000000    00000000     UNINITIALIZED

.binit     0    00000000    00000000     

.data      0    20000000    00002acb     UNINITIALIZED
                  20000000    00002000     oled.obj (.data:screen_buf)
                  20002000    00000400     oled.obj (.data:bmp2)
                  20002400    00000400     oled.obj (.data:bmp)
                  20002800    00000200     Oscill_OLED.obj (.data:Oscill_data_buff)
                  20002a00    00000030     msp432p4xx_driverlib.lib : gpio.o (.data:GPIO_PORT_TO_BASE)
                  20002a30    00000028     exinencoder.obj (.data:timerAcaptureValues)
                  20002a58    00000020     exinadjust.obj (.data)
                  20002a78    0000001c     exinADC.obj (.data)
                  20002a94    0000000a     ADS_RCV.obj (.data:ADS_RCV_DATA)
                  20002a9e    00000002     --HOLE--
                  20002aa0    00000008     ADS_RCV.obj (.data)
                  20002aa8    00000008     exinencoder.obj (.data)
                  20002ab0    00000008     exinsystem.obj (.data)
                  20002ab8    00000008     oled.obj (.data:tmp$2)
                  20002ac0    00000004     rtsv7M4_T_le_v4SPD16_eabi.lib : errno.c.obj (.data)
                  20002ac4    00000004     system_msp432p401r.obj (.data)
                  20002ac8    00000003     exinuart.obj (.data)

.bss       0    20002acc    000000ea     UNINITIALIZED
                  20002acc    00000050     (.common:txt)
                  20002b1c    00000018     (.common:oscill1)
                  20002b34    00000010     (.common:A0results)
                  20002b44    00000010     (.common:A1results)
                  20002b54    00000010     (.common:A2results)
                  20002b64    00000010     (.common:A3results)
                  20002b74    00000008     (.common:encoder_A)
                  20002b7c    00000008     (.common:encoder_B)
                  20002b84    00000008     (.common:encoder_C)
                  20002b8c    00000008     (.common:encoder_D)
                  20002b94    00000004     exinsystem.obj (.bss)
                  20002b98    00000004     (.common:ad_get)
                  20002b9c    00000004     (.common:pitch)
                  20002ba0    00000004     (.common:roll)
                  20002ba4    00000004     (.common:yaw)
                  20002ba8    00000002     (.common:ax)
                  20002baa    00000002     (.common:ay)
                  20002bac    00000002     (.common:az)
                  20002bae    00000002     (.common:gx)
                  20002bb0    00000002     (.common:gy)
                  20002bb2    00000002     (.common:gz)
                  20002bb4    00000001     exinADC.obj (.bss)
                  20002bb5    00000001     oled.obj (.bss)

.stack     0    2000fe00    00000200     UNINITIALIZED
                  2000fe00    00000004     rtsv7M4_T_le_v4SPD16_eabi.lib : boot_cortex_m.c.obj (.stack)
                  2000fe04    000001fc     --HOLE--

__llvm_prf_cnts 
*          0    20000000    00000000     UNINITIALIZED

MODULE SUMMARY

       Module                        code    ro data   rw data
       ------                        ----    -------   -------
    .\
       main.obj                      628     0         208    
       system_msp432p401r.obj        820     0         8      
       startup_msp432p401r_ccs.obj   14      228       0      
    +--+-----------------------------+-------+---------+---------+
       Total:                        1462    228       216    
                                                              
    .\exinlibs\
       oled.obj                      2012    1000      20498  
       exinMPU6050.obj               1680    50        0      
       exinencoder.obj               1008    0         160    
       exinADC.obj                   972     0         194    
       Oscill_OLED.obj               0       0         1072   
       exinisr.obj                   716     0         0      
       exinIIC.obj                   714     0         0      
       exingpio.obj                  616     0         0      
       exinsystem.obj                576     0         24     
       ADS_RCV.obj                   436     36        36     
       exinuart.obj                  388     108       6      
       exinkey.obj                   448     0         0      
       exin_pit.obj                  328     0         0      
       exinadjust.obj                0       0         64     
    +--+-----------------------------+-------+---------+---------+
       Total:                        9894    1194      22054  
                                                              
    C:/ti/msp/MSP432Ware_3_40_00_25/driverlib/driverlib/MSP432P4xx/ccs/msp432p4xx_driverlib.lib
       pcm.o                         510     0         0      
       gpio.o                        396     0         96     
       uart.o                        358     0         0      
       interrupt.o                   152     144       0      
       flash.o                       40      0         0      
       cs.o                          36      0         0      
       wdt_a.o                       24      0         0      
       sysctl.o                      20      0         0      
       cpu.o                         12      0         0      
    +--+-----------------------------+-------+---------+---------+
       Total:                        1548    144       96     
                                                              
    D:\CCS\ccs\tools\compiler\ti-cgt-arm_20.2.1.LTS\lib\rtsv7M4_T_le_v4SPD16_eabi.lib
       _printfi.c.obj                4851    0         0      
       s_atan.c.obj                  748     152       0      
       fd_add_t2.asm.obj             438     0         0      
       e_sqrt.c.obj                  344     0         0      
       fd_div_t2.asm.obj             310     0         0      
       s_scalbn.c.obj                272     0         0      
       fd_cmp_t2.asm.obj             268     0         0      
       ctype.c.obj                   0       257       0      
       fd_mul_t2.asm.obj             252     0         0      
       memcpy_t2.asm.obj             156     0         0      
       ull_div_t2.asm.obj            150     0         0      
       memset_t2.asm.obj             122     0         0      
       fd_tos_t2.asm.obj             110     0         0      
       copy_decompress_lzss.c.obj    104     0         0      
       s_frexp.c.obj                 100     0         0      
       sprintf.c.obj                 98      0         0      
       _ltoa.c.obj                   84      0         0      
       atoi.c.obj                    76      0         0      
       fd_toi_t2.asm.obj             72      0         0      
       autoinit.c.obj                68      0         0      
       fs_tod_t2.asm.obj             56      0         0      
       boot_cortex_m.c.obj           52      0         0      
       i_tofd_t2.asm.obj             46      0         0      
       u_tofd_t2.asm.obj             32      0         0      
       copy_zero_init.c.obj          28      0         0      
       memccpy.c.obj                 28      0         0      
       s_copysign.c.obj              26      0         0      
       strchr.c.obj                  22      0         0      
       strlen.c.obj                  20      0         0      
       wcslen.c.obj                  18      0         0      
       errno.c.obj                   8       0         8      
       copy_decompress_none.c.obj    14      0         0      
       exit.c.obj                    4       0         0      
       pre_init.c.obj                4       0         0      
       div0.asm.obj                  2       0         0      
    +--+-----------------------------+-------+---------+---------+
       Total:                        8983    409       8      
                                                              
       Stack:                        0       0         1024   
       Linker Generated:             0       112       0      
    +--+-----------------------------+-------+---------+---------+
       Grand Total:                  21887   2087      23398  


LINKER GENERATED COPY TABLES

__TI_cinit_table @ 00005dc0 records: 2, size/record: 8, table size: 16
	.data: load addr=00005d60, load size=0000004c bytes, run addr=20000000, run size=00002acb bytes, compression=lzss
	.bss: load addr=00005db8, load size=00000008 bytes, run addr=20002acc, run size=000000ea bytes, compression=zero_init


LINKER GENERATED HANDLER TABLE

__TI_handler_table @ 00005dac records: 3, size/record: 4, table size: 12
	index: 0, handler: __TI_decompress_lzss
	index: 1, handler: __TI_decompress_none
	index: 2, handler: __TI_zero_init


GLOBAL SYMBOLS: SORTED ALPHABETICALLY BY Name 

address   name                                      
-------   ----                                      
20002b34  A0results                                 
20002b44  A1results                                 
20002b54  A2results                                 
20002b64  A3results                                 
00001e81  ADC14_IRQHandler                          
00001e81  ADC14_IRQHandler                          
20002a7c  ADC_CA                                    
20002a80  ADC_CB                                    
20002a84  ADC_CC                                    
20002a88  ADC_CD                                    
00001d91  ADC_INIT                                  
00002043  ADC_TEST                                  
00001e2d  ADC_mean_filter                           
20002a90  ADC_receive_count                         
00003cc1  ADS_Get                                   
20002a94  ADS_RCV_DATA                              
20002aa1  ADS_RCV_FLAG                              
00003d03  ADS_RCV_GetData32                         
00003be9  ADS_RCV_Init                              
20002aa2  ADS_RCV_STATE                             
00005625  AES256_IRQHandler                         
20002a76  A_flag                                    
20002a77  B_flag                                    
00005625  BusFault_Handler                          
0000567b  C$$EXIT                                   
00005625  COMP_E0_IRQHandler                        
00005625  COMP_E1_IRQHandler                        
00005627  CPU_cpsie                                 
00005625  CS_IRQHandler                             
00005375  CS_setDCOCenteredFrequency                
00002b8f  Check_ACK                                 
00005625  DMA_ERR_IRQHandler                        
00005625  DMA_INT0_IRQHandler                       
00005625  DMA_INT1_IRQHandler                       
00005625  DMA_INT2_IRQHandler                       
00005625  DMA_INT3_IRQHandler                       
00005625  DebugMon_Handler                          
00005625  Default_Handler                           
00001cf5  ENCODER_TEST                              
00003eb5  EUSCIA0_IRQHandler                        
00003eb5  EUSCIA0_IRQHandler                        
00005625  EUSCIA1_IRQHandler                        
00003ee3  EUSCIA2_IRQHandler                        
00003ee3  EUSCIA2_IRQHandler                        
00003c31  EUSCIA3_IRQHandler                        
00003c31  EUSCIA3_IRQHandler                        
00005625  EUSCIB0_IRQHandler                        
00005625  EUSCIB1_IRQHandler                        
00005625  EUSCIB2_IRQHandler                        
00005625  EUSCIB3_IRQHandler                        
00001bc5  Encoder_clr                               
00005680  F6x8                                      
00005625  FLCTL_IRQHandler                          
00005625  FPU_IRQHandler                            
0000534d  FlashCtl_setWaitState                     
00001df1  GET_ADC_VALUE                             
00001b89  GET_encoder_dir                           
00001b4d  GET_encoder_num                           
000054c1  GPIO_clearInterruptFlag                   
00005565  GPIO_enableInterrupt                      
00005209  GPIO_getEnabledInterruptStatus            
000054d9  GPIO_getInputPinValue                     
000055dd  GPIO_getInterruptStatus                   
000052c9  GPIO_setAsInputPin                        
00005239  GPIO_setAsInputPinWithPullUpResistor      
00005399  GPIO_setAsOutputPin                       
00005049  GPIO_setAsPeripheralModuleFunctionInputPin
00005579  GPIO_setOutputHighOnPin                   
000054f1  GPIO_setOutputLowOnPin                    
0000558d  GPIO_toggleOutputOnPin                    
00005625  HardFault_Handler                         
000058a8  Hzk                                       
00002b07  IIC_ACK                                   
00002b4b  IIC_NACK                                  
00002c8b  IIC_Read_Byte                             
00002bf9  IIC_Send_Byte                             
00002a49  IIC_init                                  
00002a79  IIC_start                                 
00002abd  IIC_stop                                  
20002a74  IRQ3_5flag                                
20002a75  IRQ4_6flag                                
00004e39  Interrupt_enableInterrupt                 
000055ed  Interrupt_enableMaster                    
000053bd  Interrupt_setPriority                     
000018e5  Low_filter                                
00002e89  MPU6050_uart_send                         
00001323  MPU6050_write_Byte                        
0000165b  MPU_Get_Acc                               
000016e1  MPU_Get_Angel                             
000015ff  MPU_Get_Gyro                              
0000159b  MPU_Get_Temp                              
00002d15  MPU_Low_fillter_Get_Angle                 
00001505  MPU_Read_Len                              
00001483  MPU_Write_Len                             
000013dd  MPU_init                                  
0000137d  MPU_read_Byte                             
00005c98  MPU_reg                                   
00005625  MemManage_Handler                         
00005625  NMI_Handler                               
00000dbf  OLED_Clear                                
00000da3  OLED_Display_Off                          
00000d87  OLED_Display_On                           
0000110d  OLED_DrawBMP                              
000011bd  OLED_Init                                 
00000b35  OLED_PutPixel                             
00000d4b  OLED_Set_Pos                              
00001057  OLED_ShowCHinese                          
00000e2d  OLED_ShowChar                             
00000ef1  OLED_ShowNum                              
00000ff5  OLED_ShowString                           
00000fc5  OLED_Showfloat                            
00000cbb  OLED_WR_Byte                              
00000ba5  OLED_pos_clr                              
00001c65  OLED_show                                 
00001fed  OLED_showADC                              
20002800  Oscill_data_buff                          
00005625  PCM_IRQHandler                            
000052f5  PCM_getCoreVoltageLevel                   
00005321  PCM_getPowerMode                          
00005635  PCM_getPowerState                         
00005657  PCM_setCoreVoltageLevel                   
0000565f  PCM_setPowerMode                          
00004079  PIT_init                                  
0000277d  PORT1_IRQHandler                          
0000277d  PORT1_IRQHandler                          
000027bb  PORT2_IRQHandler                          
000027bb  PORT2_IRQHandler                          
00002821  PORT3_IRQHandler                          
00002821  PORT3_IRQHandler                          
00002879  PORT4_IRQHandler                          
00002879  PORT4_IRQHandler                          
000028f9  PORT5_IRQHandler                          
000028f9  PORT5_IRQHandler                          
0000295f  PORT6_IRQHandler                          
0000295f  PORT6_IRQHandler                          
00005625  PSS_IRQHandler                            
00005625  PendSV_Handler                            
00005625  RTC_C_IRQHandler                          
20002aa0  R_FLAG                                    
00005619  Reset_Handler                             
00005625  SVC_Handler                               
000055a1  SysCtl_enableSRAMBankRetention            
00003609  SysTick_Handler                           
00003609  SysTick_Handler                           
20002ac4  SystemCoreClock                           
0000215d  SystemCoreClockUpdate                     
000023d5  SystemInit                                
00005625  T32_INT1_IRQHandler                       
00005625  T32_INT2_IRQHandler                       
00005625  T32_INTC_IRQHandler                       
000029cb  TA0_0_IRQHandler                          
000029cb  TA0_0_IRQHandler                          
00001c09  TA0_N_IRQHandler                          
00001c09  TA0_N_IRQHandler                          
000029dd  TA1_0_IRQHandler                          
000029dd  TA1_0_IRQHandler                          
00005625  TA1_N_IRQHandler                          
000029ef  TA2_0_IRQHandler                          
000029ef  TA2_0_IRQHandler                          
00005625  TA2_N_IRQHandler                          
000029fb  TA3_0_IRQHandler                          
000029fb  TA3_0_IRQHandler                          
00005625  TA3_N_IRQHandler                          
00005ccc  UART0                                     
20002aca  UART0_RXDat                               
00003d9d  UART0_init                                
00005cf0  UART2                                     
20002ac9  UART2_RXDat                               
00003de5  UART2_init                                
00005d14  UART3                                     
20002ac8  UART3_RXDat                               
00005d38  UART3_SET                                 
00003e2d  UART3_init                                
000055fd  UART_clearInterruptFlag                   
000053e1  UART_disableInterrupt                     
00005539  UART_enableInterrupt                      
00005641  UART_enableModule                         
00005269  UART_getEnabledInterruptStatus            
00005671  UART_getInterruptStatus                   
00004ad9  UART_initModule                           
00005405  UART_receiveData                          
00003ea5  UART_send_Num                             
00003e75  UART_send_string                          
00005429  UART_transmitData                         
00005625  UsageFault_Handler                        
4000480c  WDTCTL_SYM                                
00005625  WDT_A_IRQHandler                          
00005509  WDT_A_holdTimer                           
20010000  __STACK_END                               
00000200  __STACK_SIZE                              
00005dc0  __TI_CINIT_Base                           
00005dd0  __TI_CINIT_Limit                          
00005dac  __TI_Handler_Table_Base                   
00005db8  __TI_Handler_Table_Limit                  
000050d9  __TI_auto_init_nobinit_nopinit            
00004dcf  __TI_decompress_lzss                      
0000560b  __TI_decompress_none                      
00004f57  __TI_ltoa                                 
ffffffff  __TI_pprof_out_hndl                       
000000e5  __TI_printfi                              
ffffffff  __TI_prof_data_size                       
ffffffff  __TI_prof_data_start                      
00000000  __TI_static_base__                        
0000546d  __TI_zero_init_nomemset                   
00004b6d  __aeabi_cdcmpeq                           
00004b6d  __aeabi_cdcmple                           
00004bf3  __aeabi_cdrcmple                          
00004d61  __aeabi_d2f                               
00005091  __aeabi_d2iz                              
00003a3b  __aeabi_dadd                              
000042fd  __aeabi_ddiv                              
00004669  __aeabi_dmul                              
00003a31  __aeabi_dsub                              
00005669  __aeabi_errno_addr                        
0000519b  __aeabi_f2d                               
00005299  __aeabi_i2d                               
00000b33  __aeabi_idiv0                             
00000b33  __aeabi_ldiv0                             
00004c79  __aeabi_memclr                            
00004c79  __aeabi_memclr4                           
00004c79  __aeabi_memclr8                           
000049a5  __aeabi_memcpy                            
000049a5  __aeabi_memcpy4                           
000049a5  __aeabi_memcpy8                           
00004c7b  __aeabi_memset                            
00004c7b  __aeabi_memset4                           
00004c7b  __aeabi_memset8                           
0000544d  __aeabi_ui2d                              
00004a41  __aeabi_uldivmod                          
ffffffff  __binit__                                 
ffffffff  __c_args__                                
UNDEFED   __mpu_init                                
2000fe00  __stack                                   
20000000  __start___llvm_prf_cnts                   
20000000  __stop___llvm_prf_cnts                    
000051d5  _c_int00_noargs                           
00005a68  _ctypes_                                  
UNDEFED   _system_post_cinit                        
00005677  _system_pre_init                          
0000567b  abort                                     
20002b98  ad_get                                    
00002491  atan                                      
00002491  atanl                                     
00004ffd  atoi                                      
20002ba8  ax                                        
20002baa  ay                                        
20002bac  az                                        
ffffffff  binit                                     
20002400  bmp                                       
20002000  bmp2                                      
000054a5  copysign                                  
000054a5  copysignl                                 
20002a68  count                                     
20002a5c  count_max                                 
20002a58  dirf                                      
20002b74  encoder_A                                 
20002b7c  encoder_B                                 
20002b84  encoder_C                                 
20002b8c  encoder_D                                 
000019a1  encoder_IncTypeDef_init                   
000019fd  encoder_dirpin_init                       
00001aa5  encoder_init                              
00001a55  encoder_interrupt_init                    
20002ac0  errno                                     
00003461  error                                     
00001311  error_LED_toggle                          
00004e9d  frexp                                     
00004e9d  frexpl                                    
000033af  gpio_INT_EN                               
0000329d  gpio_edg_sel                              
0000325d  gpio_get                                  
000031f9  gpio_init                                 
00003403  gpio_interrupt_INIT                       
0000326d  gpio_set                                  
0000328d  gpio_toggle                               
20002bae  gx                                        
20002bb0  gy                                        
20002bb2  gz                                        
20002a8c  ii                                        
00000000  interruptVectors                          
000038cf  key_get                                   
00003871  key_init                                  
00003927  key_test                                  
00004559  ldexp                                     
00004559  ldexpl                                    
00002ed1  main                                      
00005489  memccpy                                   
000049a5  memcpy                                    
00004c81  memset                                    
00000eb7  oled_pow                                  
00000bd9  oled_update                               
20002b1c  oscill1                                   
20002a60  page_count                                
20002b9c  pitch                                     
20002a78  receive_success                           
20002ba0  roll                                      
00004559  scalbn                                    
00004559  scalbnl                                   
20000000  screen_buf                                
00003489  set_DCO_48MH                              
00003529  set_clock_period                          
0000511d  sprintf                                   
00003f21  sqrt                                      
00003f21  sqrtl                                     
20002a64  start_flag                                
0000554f  strchr                                    
000055b5  strlen                                    
20002ab0  sysc                                      
000035e9  system_init                               
000035db  systic_clr                                
00003631  systic_delayms                            
00003613  systic_delayus                            
0000356d  systic_end                                
00003533  systic_init                               
0000357b  systic_read                               
00003557  systic_start                              
20002ab4  systim                                    
20002a6c  testA                                     
20002a70  testB                                     
20002aac  time_counter                              
20002aa8  timerAcapturePointer                      
20002a30  timerAcaptureValues                       
20002acc  txt                                       
000055c9  wcslen                                    
20002ba4  yaw                                       


GLOBAL SYMBOLS: SORTED BY Symbol Address 

address   name                                      
-------   ----                                      
00000000  __TI_static_base__                        
00000000  interruptVectors                          
000000e5  __TI_printfi                              
00000200  __STACK_SIZE                              
00000b33  __aeabi_idiv0                             
00000b33  __aeabi_ldiv0                             
00000b35  OLED_PutPixel                             
00000ba5  OLED_pos_clr                              
00000bd9  oled_update                               
00000cbb  OLED_WR_Byte                              
00000d4b  OLED_Set_Pos                              
00000d87  OLED_Display_On                           
00000da3  OLED_Display_Off                          
00000dbf  OLED_Clear                                
00000e2d  OLED_ShowChar                             
00000eb7  oled_pow                                  
00000ef1  OLED_ShowNum                              
00000fc5  OLED_Showfloat                            
00000ff5  OLED_ShowString                           
00001057  OLED_ShowCHinese                          
0000110d  OLED_DrawBMP                              
000011bd  OLED_Init                                 
00001311  error_LED_toggle                          
00001323  MPU6050_write_Byte                        
0000137d  MPU_read_Byte                             
000013dd  MPU_init                                  
00001483  MPU_Write_Len                             
00001505  MPU_Read_Len                              
0000159b  MPU_Get_Temp                              
000015ff  MPU_Get_Gyro                              
0000165b  MPU_Get_Acc                               
000016e1  MPU_Get_Angel                             
000018e5  Low_filter                                
000019a1  encoder_IncTypeDef_init                   
000019fd  encoder_dirpin_init                       
00001a55  encoder_interrupt_init                    
00001aa5  encoder_init                              
00001b4d  GET_encoder_num                           
00001b89  GET_encoder_dir                           
00001bc5  Encoder_clr                               
00001c09  TA0_N_IRQHandler                          
00001c09  TA0_N_IRQHandler                          
00001c65  OLED_show                                 
00001cf5  ENCODER_TEST                              
00001d91  ADC_INIT                                  
00001df1  GET_ADC_VALUE                             
00001e2d  ADC_mean_filter                           
00001e81  ADC14_IRQHandler                          
00001e81  ADC14_IRQHandler                          
00001fed  OLED_showADC                              
00002043  ADC_TEST                                  
0000215d  SystemCoreClockUpdate                     
000023d5  SystemInit                                
00002491  atan                                      
00002491  atanl                                     
0000277d  PORT1_IRQHandler                          
0000277d  PORT1_IRQHandler                          
000027bb  PORT2_IRQHandler                          
000027bb  PORT2_IRQHandler                          
00002821  PORT3_IRQHandler                          
00002821  PORT3_IRQHandler                          
00002879  PORT4_IRQHandler                          
00002879  PORT4_IRQHandler                          
000028f9  PORT5_IRQHandler                          
000028f9  PORT5_IRQHandler                          
0000295f  PORT6_IRQHandler                          
0000295f  PORT6_IRQHandler                          
000029cb  TA0_0_IRQHandler                          
000029cb  TA0_0_IRQHandler                          
000029dd  TA1_0_IRQHandler                          
000029dd  TA1_0_IRQHandler                          
000029ef  TA2_0_IRQHandler                          
000029ef  TA2_0_IRQHandler                          
000029fb  TA3_0_IRQHandler                          
000029fb  TA3_0_IRQHandler                          
00002a49  IIC_init                                  
00002a79  IIC_start                                 
00002abd  IIC_stop                                  
00002b07  IIC_ACK                                   
00002b4b  IIC_NACK                                  
00002b8f  Check_ACK                                 
00002bf9  IIC_Send_Byte                             
00002c8b  IIC_Read_Byte                             
00002d15  MPU_Low_fillter_Get_Angle                 
00002e89  MPU6050_uart_send                         
00002ed1  main                                      
000031f9  gpio_init                                 
0000325d  gpio_get                                  
0000326d  gpio_set                                  
0000328d  gpio_toggle                               
0000329d  gpio_edg_sel                              
000033af  gpio_INT_EN                               
00003403  gpio_interrupt_INIT                       
00003461  error                                     
00003489  set_DCO_48MH                              
00003529  set_clock_period                          
00003533  systic_init                               
00003557  systic_start                              
0000356d  systic_end                                
0000357b  systic_read                               
000035db  systic_clr                                
000035e9  system_init                               
00003609  SysTick_Handler                           
00003609  SysTick_Handler                           
00003613  systic_delayus                            
00003631  systic_delayms                            
00003871  key_init                                  
000038cf  key_get                                   
00003927  key_test                                  
00003a31  __aeabi_dsub                              
00003a3b  __aeabi_dadd                              
00003be9  ADS_RCV_Init                              
00003c31  EUSCIA3_IRQHandler                        
00003c31  EUSCIA3_IRQHandler                        
00003cc1  ADS_Get                                   
00003d03  ADS_RCV_GetData32                         
00003d9d  UART0_init                                
00003de5  UART2_init                                
00003e2d  UART3_init                                
00003e75  UART_send_string                          
00003ea5  UART_send_Num                             
00003eb5  EUSCIA0_IRQHandler                        
00003eb5  EUSCIA0_IRQHandler                        
00003ee3  EUSCIA2_IRQHandler                        
00003ee3  EUSCIA2_IRQHandler                        
00003f21  sqrt                                      
00003f21  sqrtl                                     
00004079  PIT_init                                  
000042fd  __aeabi_ddiv                              
00004559  ldexp                                     
00004559  ldexpl                                    
00004559  scalbn                                    
00004559  scalbnl                                   
00004669  __aeabi_dmul                              
000049a5  __aeabi_memcpy                            
000049a5  __aeabi_memcpy4                           
000049a5  __aeabi_memcpy8                           
000049a5  memcpy                                    
00004a41  __aeabi_uldivmod                          
00004ad9  UART_initModule                           
00004b6d  __aeabi_cdcmpeq                           
00004b6d  __aeabi_cdcmple                           
00004bf3  __aeabi_cdrcmple                          
00004c79  __aeabi_memclr                            
00004c79  __aeabi_memclr4                           
00004c79  __aeabi_memclr8                           
00004c7b  __aeabi_memset                            
00004c7b  __aeabi_memset4                           
00004c7b  __aeabi_memset8                           
00004c81  memset                                    
00004d61  __aeabi_d2f                               
00004dcf  __TI_decompress_lzss                      
00004e39  Interrupt_enableInterrupt                 
00004e9d  frexp                                     
00004e9d  frexpl                                    
00004f57  __TI_ltoa                                 
00004ffd  atoi                                      
00005049  GPIO_setAsPeripheralModuleFunctionInputPin
00005091  __aeabi_d2iz                              
000050d9  __TI_auto_init_nobinit_nopinit            
0000511d  sprintf                                   
0000519b  __aeabi_f2d                               
000051d5  _c_int00_noargs                           
00005209  GPIO_getEnabledInterruptStatus            
00005239  GPIO_setAsInputPinWithPullUpResistor      
00005269  UART_getEnabledInterruptStatus            
00005299  __aeabi_i2d                               
000052c9  GPIO_setAsInputPin                        
000052f5  PCM_getCoreVoltageLevel                   
00005321  PCM_getPowerMode                          
0000534d  FlashCtl_setWaitState                     
00005375  CS_setDCOCenteredFrequency                
00005399  GPIO_setAsOutputPin                       
000053bd  Interrupt_setPriority                     
000053e1  UART_disableInterrupt                     
00005405  UART_receiveData                          
00005429  UART_transmitData                         
0000544d  __aeabi_ui2d                              
0000546d  __TI_zero_init_nomemset                   
00005489  memccpy                                   
000054a5  copysign                                  
000054a5  copysignl                                 
000054c1  GPIO_clearInterruptFlag                   
000054d9  GPIO_getInputPinValue                     
000054f1  GPIO_setOutputLowOnPin                    
00005509  WDT_A_holdTimer                           
00005539  UART_enableInterrupt                      
0000554f  strchr                                    
00005565  GPIO_enableInterrupt                      
00005579  GPIO_setOutputHighOnPin                   
0000558d  GPIO_toggleOutputOnPin                    
000055a1  SysCtl_enableSRAMBankRetention            
000055b5  strlen                                    
000055c9  wcslen                                    
000055dd  GPIO_getInterruptStatus                   
000055ed  Interrupt_enableMaster                    
000055fd  UART_clearInterruptFlag                   
0000560b  __TI_decompress_none                      
00005619  Reset_Handler                             
00005625  AES256_IRQHandler                         
00005625  BusFault_Handler                          
00005625  COMP_E0_IRQHandler                        
00005625  COMP_E1_IRQHandler                        
00005625  CS_IRQHandler                             
00005625  DMA_ERR_IRQHandler                        
00005625  DMA_INT0_IRQHandler                       
00005625  DMA_INT1_IRQHandler                       
00005625  DMA_INT2_IRQHandler                       
00005625  DMA_INT3_IRQHandler                       
00005625  DebugMon_Handler                          
00005625  Default_Handler                           
00005625  EUSCIA1_IRQHandler                        
00005625  EUSCIB0_IRQHandler                        
00005625  EUSCIB1_IRQHandler                        
00005625  EUSCIB2_IRQHandler                        
00005625  EUSCIB3_IRQHandler                        
00005625  FLCTL_IRQHandler                          
00005625  FPU_IRQHandler                            
00005625  HardFault_Handler                         
00005625  MemManage_Handler                         
00005625  NMI_Handler                               
00005625  PCM_IRQHandler                            
00005625  PSS_IRQHandler                            
00005625  PendSV_Handler                            
00005625  RTC_C_IRQHandler                          
00005625  SVC_Handler                               
00005625  T32_INT1_IRQHandler                       
00005625  T32_INT2_IRQHandler                       
00005625  T32_INTC_IRQHandler                       
00005625  TA1_N_IRQHandler                          
00005625  TA2_N_IRQHandler                          
00005625  TA3_N_IRQHandler                          
00005625  UsageFault_Handler                        
00005625  WDT_A_IRQHandler                          
00005627  CPU_cpsie                                 
00005635  PCM_getPowerState                         
00005641  UART_enableModule                         
00005657  PCM_setCoreVoltageLevel                   
0000565f  PCM_setPowerMode                          
00005669  __aeabi_errno_addr                        
00005671  UART_getInterruptStatus                   
00005677  _system_pre_init                          
0000567b  C$$EXIT                                   
0000567b  abort                                     
00005680  F6x8                                      
000058a8  Hzk                                       
00005a68  _ctypes_                                  
00005c98  MPU_reg                                   
00005ccc  UART0                                     
00005cf0  UART2                                     
00005d14  UART3                                     
00005d38  UART3_SET                                 
00005dac  __TI_Handler_Table_Base                   
00005db8  __TI_Handler_Table_Limit                  
00005dc0  __TI_CINIT_Base                           
00005dd0  __TI_CINIT_Limit                          
20000000  __start___llvm_prf_cnts                   
20000000  __stop___llvm_prf_cnts                    
20000000  screen_buf                                
20002000  bmp2                                      
20002400  bmp                                       
20002800  Oscill_data_buff                          
20002a30  timerAcaptureValues                       
20002a58  dirf                                      
20002a5c  count_max                                 
20002a60  page_count                                
20002a64  start_flag                                
20002a68  count                                     
20002a6c  testA                                     
20002a70  testB                                     
20002a74  IRQ3_5flag                                
20002a75  IRQ4_6flag                                
20002a76  A_flag                                    
20002a77  B_flag                                    
20002a78  receive_success                           
20002a7c  ADC_CA                                    
20002a80  ADC_CB                                    
20002a84  ADC_CC                                    
20002a88  ADC_CD                                    
20002a8c  ii                                        
20002a90  ADC_receive_count                         
20002a94  ADS_RCV_DATA                              
20002aa0  R_FLAG                                    
20002aa1  ADS_RCV_FLAG                              
20002aa2  ADS_RCV_STATE                             
20002aa8  timerAcapturePointer                      
20002aac  time_counter                              
20002ab0  sysc                                      
20002ab4  systim                                    
20002ac0  errno                                     
20002ac4  SystemCoreClock                           
20002ac8  UART3_RXDat                               
20002ac9  UART2_RXDat                               
20002aca  UART0_RXDat                               
20002acc  txt                                       
20002b1c  oscill1                                   
20002b34  A0results                                 
20002b44  A1results                                 
20002b54  A2results                                 
20002b64  A3results                                 
20002b74  encoder_A                                 
20002b7c  encoder_B                                 
20002b84  encoder_C                                 
20002b8c  encoder_D                                 
20002b98  ad_get                                    
20002b9c  pitch                                     
20002ba0  roll                                      
20002ba4  yaw                                       
20002ba8  ax                                        
20002baa  ay                                        
20002bac  az                                        
20002bae  gx                                        
20002bb0  gy                                        
20002bb2  gz                                        
2000fe00  __stack                                   
20010000  __STACK_END                               
4000480c  WDTCTL_SYM                                
ffffffff  __TI_pprof_out_hndl                       
ffffffff  __TI_prof_data_size                       
ffffffff  __TI_prof_data_start                      
ffffffff  __binit__                                 
ffffffff  __c_args__                                
ffffffff  binit                                     
UNDEFED   __mpu_init                                
UNDEFED   _system_post_cinit                        

[325 symbols]
