******************************************************************************
                  TI ARM Linker PC v20.2.1                     
******************************************************************************
>> Linked Sun Dec 19 12:27:22 2021

OUTPUT FILE NAME:   <18.Exin_MPU6050_1.out>
ENTRY POINT SYMBOL: "_c_int00_noargs"  address: 00005b15


MEMORY CONFIGURATION

         name            origin    length      used     unused   attr    fill
----------------------  --------  ---------  --------  --------  ----  --------
  MAIN                  00000000   00040000  000064e6  00039b1a  R  X
  INFO                  00200000   00004000  00000000  00004000  R  X
  SRAM_CODE             01000000   00010000  00002d69  0000d297  RW X
  SRAM_DATA             20000000   00010000  00002d69  0000d297  RW  


SEGMENT ALLOCATION MAP

run origin  load origin   length   init length attrs members
----------  ----------- ---------- ----------- ----- -------
00000000    00000000    000064f0   000064f0    r-x
  00000000    00000000    000000e4   000000e4    r-- .intvecs
  000000e4    000000e4    00005d48   00005d48    r-x .text
  00005e30    00005e30    0000064a   0000064a    r-- .const
  00006480    00006480    00000070   00000070    r-- .cinit
20000000    20000000    00002b69   00000000    rw-
  20000000    20000000    00002a94   00000000    rw- .data
  20002a94    20002a94    000000d5   00000000    rw- .bss
2000fe00    2000fe00    00000200   00000000    rw-
  2000fe00    2000fe00    00000200   00000000    rw- .stack


SECTION ALLOCATION MAP

 output                                  attributes/
section   page    origin      length       input sections
--------  ----  ----------  ----------   ----------------
.intvecs   0    00000000    000000e4     
                  00000000    000000e4     startup_msp432p401r_ccs.obj (.intvecs:retain)

.text      0    000000e4    00005d48     
                  000000e4    00000a4e     rtsv7M4_T_le_v4SPD16_eabi.lib : _printfi.c.obj (.text:__TI_printfi)
                  00000b32    00000002                                   : div0.asm.obj (.text)
                  00000b34    000008f0     exinADC.obj (.text)
                  00001424    000007dc     oled.obj (.text)
                  00001c00    00000698     exinuart.obj (.text)
                  00002298    00000694     exinMPU6050.obj (.text)
                  0000292c    000004fc     exinsystem.obj (.text)
                  00002e28    000003f0     exinencoder.obj (.text)
                  00003218    0000033e     exinIIC.obj (.text)
                  00003556    00000002     --HOLE-- [fill = 0]
                  00003558    00000334     system_msp432p401r.obj (.text)
                  0000388c    000002ec     rtsv7M4_T_le_v4SPD16_eabi.lib : s_atan.c.obj (.text:atan)
                  00003b78    000002c0     exinisr.obj (.text)
                  00003e38    00000274     main.obj (.text)
                  000040ac    00000270     rtsv7M4_T_le_v4SPD16_eabi.lib : _printfi.c.obj (.text:_pconv_a)
                  0000431c    00000268     exingpio.obj (.text)
                  00004584    000001d0     rtsv7M4_T_le_v4SPD16_eabi.lib : _printfi.c.obj (.text:_pconv_g)
                  00004754    000001c0     exinkey.obj (.text)
                  00004914    000001b6     rtsv7M4_T_le_v4SPD16_eabi.lib : fd_add_t2.asm.obj (.text)
                  00004aca    00000002     --HOLE-- [fill = 0]
                  00004acc    00000158                                   : e_sqrt.c.obj (.text:sqrt)
                  00004c24    00000148     exin_pit.obj (.text)
                  00004d6c    0000013c     rtsv7M4_T_le_v4SPD16_eabi.lib : _printfi.c.obj (.text:_pconv_e)
                  00004ea8    00000136                                   : fd_div_t2.asm.obj (.text)
                  00004fde    00000002     --HOLE-- [fill = 0]
                  00004fe0    00000124                                   : _printfi.c.obj (.text:fcvt)
                  00005104    00000110                                   : s_scalbn.c.obj (.text:scalbn)
                  00005214    000000fc                                   : fd_mul_t2.asm.obj (.text)
                  00005310    000000b1                                   : _printfi.c.obj (.text:_ltostr)
                  000053c1    00000001     --HOLE-- [fill = 0]
                  000053c2    0000009c                                   : memcpy_t2.asm.obj (.text)
                  0000545e    00000096                                   : ull_div_t2.asm.obj (.text)
                  000054f4    00000086                                   : fd_cmp_t2.asm.obj (.text:__aeabi_cdcmple)
                  0000557a    00000086                                   : fd_cmp_t2.asm.obj (.text:__aeabi_cdrcmple)
                  00005600    0000007a                                   : memset_t2.asm.obj (.text)
                  0000567a    0000006e                                   : _printfi.c.obj (.text:_mcpy)
                  000056e8    0000006e                                   : fd_tos_t2.asm.obj (.text)
                  00005756    00000068                                   : copy_decompress_lzss.c.obj (.text:decompress:lzss:__TI_decompress_lzss)
                  000057be    00000002     --HOLE-- [fill = 0]
                  000057c0    00000064     msp432p4xx_driverlib.lib : interrupt.o (.text:Interrupt_enableInterrupt)
                  00005824    00000064     rtsv7M4_T_le_v4SPD16_eabi.lib : s_frexp.c.obj (.text:frexp)
                  00005888    00000056                                   : _printfi.c.obj (.text:_pconv_f)
                  000058de    00000054                                   : _ltoa.c.obj (.text:__TI_ltoa)
                  00005932    00000052                                   : _printfi.c.obj (.text:_ecpy)
                  00005984    0000004c                                   : atoi.c.obj (.text:atoi)
                  000059d0    00000048                                   : fd_toi_t2.asm.obj (.text)
                  00005a18    00000044                                   : autoinit.c.obj (.text:__TI_auto_init_nobinit_nopinit:__TI_auto_init_nobinit_nopinit)
                  00005a5c    00000040                                   : sprintf.c.obj (.text:sprintf)
                  00005a9c    0000003e                                   : _printfi.c.obj (.text:_fcpy)
                  00005ada    00000038                                   : fs_tod_t2.asm.obj (.text)
                  00005b12    00000002     --HOLE-- [fill = 0]
                  00005b14    00000034                                   : boot_cortex_m.c.obj (.text:_c_int00_noargs:_c_int00_noargs)
                  00005b48    00000030     msp432p4xx_driverlib.lib : gpio.o (.text:GPIO_getEnabledInterruptStatus)
                  00005b78    00000030                              : gpio.o (.text:GPIO_setAsInputPinWithPullUpResistor)
                  00005ba8    0000002e     rtsv7M4_T_le_v4SPD16_eabi.lib : i_tofd_t2.asm.obj (.text)
                  00005bd6    00000002     --HOLE-- [fill = 0]
                  00005bd8    0000002c     msp432p4xx_driverlib.lib : gpio.o (.text:GPIO_setAsInputPin)
                  00005c04    00000024                              : gpio.o (.text:GPIO_setAsOutputPin)
                  00005c28    00000024                              : interrupt.o (.text:Interrupt_setPriority)
                  00005c4c    00000020     rtsv7M4_T_le_v4SPD16_eabi.lib : u_tofd_t2.asm.obj (.text)
                  00005c6c    0000001c                                   : copy_zero_init.c.obj (.text:decompress:ZI:__TI_zero_init_nomemset:__TI_zero_init_nomemset)
                  00005c88    0000001c                                   : memccpy.c.obj (.text:memccpy)
                  00005ca4    0000001a                                   : s_copysign.c.obj (.text:copysign)
                  00005cbe    00000002     --HOLE-- [fill = 0]
                  00005cc0    00000018     msp432p4xx_driverlib.lib : gpio.o (.text:GPIO_clearInterruptFlag)
                  00005cd8    00000018                              : gpio.o (.text:GPIO_getInputPinValue)
                  00005cf0    00000018                              : gpio.o (.text:GPIO_setOutputLowOnPin)
                  00005d08    00000018                              : wdt_a.o (.text:WDT_A_holdTimer)
                  00005d20    00000018     rtsv7M4_T_le_v4SPD16_eabi.lib : sprintf.c.obj (.text:_outs)
                  00005d38    00000016                                   : strchr.c.obj (.text:strchr)
                  00005d4e    00000002     --HOLE-- [fill = 0]
                  00005d50    00000014     msp432p4xx_driverlib.lib : gpio.o (.text:GPIO_enableInterrupt)
                  00005d64    00000014                              : gpio.o (.text:GPIO_setOutputHighOnPin)
                  00005d78    00000014                              : gpio.o (.text:GPIO_toggleOutputOnPin)
                  00005d8c    00000014                              : sysctl.o (.text:SysCtl_enableSRAMBankRetention)
                  00005da0    00000014     rtsv7M4_T_le_v4SPD16_eabi.lib : strlen.c.obj (.text:strlen)
                  00005db4    00000012                                   : wcslen.c.obj (.text:wcslen)
                  00005dc6    00000002     --HOLE-- [fill = 0]
                  00005dc8    00000010     msp432p4xx_driverlib.lib : gpio.o (.text:GPIO_getInterruptStatus)
                  00005dd8    00000010                              : interrupt.o (.text:Interrupt_enableMaster)
                  00005de8    0000000e     rtsv7M4_T_le_v4SPD16_eabi.lib : copy_decompress_none.c.obj (.text:decompress:none:__TI_decompress_none)
                  00005df6    0000000e     startup_msp432p401r_ccs.obj (.text)
                  00005e04    0000000c     msp432p4xx_driverlib.lib : cpu.o (.text:CPU_cpsie)
                  00005e10    0000000a     rtsv7M4_T_le_v4SPD16_eabi.lib : sprintf.c.obj (.text:_outc)
                  00005e1a    00000002     --HOLE-- [fill = 0]
                  00005e1c    00000008                                   : errno.c.obj (.text:__aeabi_errno_addr)
                  00005e24    00000004                                   : pre_init.c.obj (.text:_system_pre_init)
                  00005e28    00000004                                   : exit.c.obj (.text:abort:abort)

.const     0    00005e30    0000064a     
                  00005e30    00000228     oled.obj (.const:F6x8)
                  00006058    000001c0     oled.obj (.const:Hzk)
                  00006218    00000101     rtsv7M4_T_le_v4SPD16_eabi.lib : ctype.c.obj (.const:.string:_ctypes_)
                  00006319    00000007     --HOLE-- [fill = 0]
                  00006320    00000098                                   : s_atan.c.obj (.const:$O1$$)
                  000063b8    00000050     msp432p4xx_driverlib.lib : interrupt.o (.const:g_pulRegs)
                  00006408    00000040                              : interrupt.o (.const)
                  00006448    00000032     exinMPU6050.obj (.const:.string:MPU_reg)

.cinit     0    00006480    00000070     
                  00006480    00000045     (.cinit..data.load) [load image, compression = lzss]
                  000064c5    00000003     --HOLE-- [fill = 0]
                  000064c8    0000000c     (__TI_handler_table)
                  000064d4    00000004     --HOLE-- [fill = 0]
                  000064d8    00000008     (.cinit..bss.load) [load image, compression = zero_init]
                  000064e0    00000010     (__TI_cinit_table)

.init_array 
*          0    00000000    00000000     UNINITIALIZED

.binit     0    00000000    00000000     

.data      0    20000000    00002a94     UNINITIALIZED
                  20000000    00002000     oled.obj (.data:screen_buf)
                  20002000    00000400     oled.obj (.data:bmp2)
                  20002400    00000400     oled.obj (.data:bmp)
                  20002800    00000200     Oscill_OLED.obj (.data:Oscill_data_buff)
                  20002a00    00000030     msp432p4xx_driverlib.lib : gpio.o (.data:GPIO_PORT_TO_BASE)
                  20002a30    00000028     exinencoder.obj (.data:timerAcaptureValues)
                  20002a58    0000001c     exinadjust.obj (.data)
                  20002a74    00000008     exinencoder.obj (.data)
                  20002a7c    00000008     exinsystem.obj (.data)
                  20002a84    00000008     oled.obj (.data:tmp$2)
                  20002a8c    00000004     rtsv7M4_T_le_v4SPD16_eabi.lib : errno.c.obj (.data)
                  20002a90    00000004     system_msp432p401r.obj (.data)

.bss       0    20002a94    000000d5     UNINITIALIZED
                  20002a94    00000050     (.common:txt)
                  20002ae4    00000030     (.common:ADC14_STRUCT)
                  20002b14    00000018     (.common:oscill1)
                  20002b2c    00000008     (.common:encoder_A)
                  20002b34    00000008     (.common:encoder_B)
                  20002b3c    00000008     (.common:encoder_C)
                  20002b44    00000008     (.common:encoder_D)
                  20002b4c    00000004     exinsystem.obj (.bss)
                  20002b50    00000004     (.common:pitch)
                  20002b54    00000004     (.common:roll)
                  20002b58    00000004     (.common:yaw)
                  20002b5c    00000002     (.common:ax)
                  20002b5e    00000002     (.common:ay)
                  20002b60    00000002     (.common:az)
                  20002b62    00000002     (.common:gx)
                  20002b64    00000002     (.common:gy)
                  20002b66    00000002     (.common:gz)
                  20002b68    00000001     oled.obj (.bss)

.stack     0    2000fe00    00000200     UNINITIALIZED
                  2000fe00    00000004     rtsv7M4_T_le_v4SPD16_eabi.lib : boot_cortex_m.c.obj (.stack)
                  2000fe04    000001fc     --HOLE--

__llvm_prf_cnts 
*          0    20000000    00000000     UNINITIALIZED

MODULE SUMMARY

       Module                        code    ro data   rw data
       ------                        ----    -------   -------
    .\
       main.obj                      628     0         304    
       system_msp432p401r.obj        820     0         8      
       startup_msp432p401r_ccs.obj   14      228       0      
    +--+-----------------------------+-------+---------+---------+
       Total:                        1462    228       312    
                                                              
    .\exinlibs\
       oled.obj                      2012    1000      20498  
       exinADC.obj                   2288    0         0      
       exinMPU6050.obj               1684    50        0      
       exinuart.obj                  1688    0         0      
       exinsystem.obj                1276    0         24     
       exinencoder.obj               1008    0         160    
       Oscill_OLED.obj               0       0         1072   
       exinIIC.obj                   830     0         0      
       exinisr.obj                   704     0         0      
       exingpio.obj                  616     0         0      
       exinkey.obj                   448     0         0      
       exin_pit.obj                  328     0         0      
       exinadjust.obj                0       0         56     
    +--+-----------------------------+-------+---------+---------+
       Total:                        12882   1050      21810  
                                                              
    C:/ti/msp/MSP432Ware_3_40_00_25/driverlib/driverlib/MSP432P4xx/ccs/msp432p4xx_driverlib.lib
       gpio.o                        324     0         96     
       interrupt.o                   152     144       0      
       wdt_a.o                       24      0         0      
       sysctl.o                      20      0         0      
       cpu.o                         12      0         0      
    +--+-----------------------------+-------+---------+---------+
       Total:                        532     144       96     
                                                              
    D:\CCS\ccs\tools\compiler\ti-cgt-arm_20.2.1.LTS\lib\rtsv7M4_T_le_v4SPD16_eabi.lib
       _printfi.c.obj                4851    0         0      
       s_atan.c.obj                  748     152       0      
       fd_add_t2.asm.obj             438     0         0      
       e_sqrt.c.obj                  344     0         0      
       fd_div_t2.asm.obj             310     0         0      
       s_scalbn.c.obj                272     0         0      
       fd_cmp_t2.asm.obj             268     0         0      
       ctype.c.obj                   0       257       0      
       fd_mul_t2.asm.obj             252     0         0      
       memcpy_t2.asm.obj             156     0         0      
       ull_div_t2.asm.obj            150     0         0      
       memset_t2.asm.obj             122     0         0      
       fd_tos_t2.asm.obj             110     0         0      
       copy_decompress_lzss.c.obj    104     0         0      
       s_frexp.c.obj                 100     0         0      
       sprintf.c.obj                 98      0         0      
       _ltoa.c.obj                   84      0         0      
       atoi.c.obj                    76      0         0      
       fd_toi_t2.asm.obj             72      0         0      
       autoinit.c.obj                68      0         0      
       fs_tod_t2.asm.obj             56      0         0      
       boot_cortex_m.c.obj           52      0         0      
       i_tofd_t2.asm.obj             46      0         0      
       u_tofd_t2.asm.obj             32      0         0      
       copy_zero_init.c.obj          28      0         0      
       memccpy.c.obj                 28      0         0      
       s_copysign.c.obj              26      0         0      
       strchr.c.obj                  22      0         0      
       strlen.c.obj                  20      0         0      
       wcslen.c.obj                  18      0         0      
       errno.c.obj                   8       0         8      
       copy_decompress_none.c.obj    14      0         0      
       exit.c.obj                    4       0         0      
       pre_init.c.obj                4       0         0      
       div0.asm.obj                  2       0         0      
    +--+-----------------------------+-------+---------+---------+
       Total:                        8983    409       8      
                                                              
       Stack:                        0       0         1024   
       Linker Generated:             0       105       0      
    +--+-----------------------------+-------+---------+---------+
       Grand Total:                  23859   1936      23250  


LINKER GENERATED COPY TABLES

__TI_cinit_table @ 000064e0 records: 2, size/record: 8, table size: 16
	.data: load addr=00006480, load size=00000045 bytes, run addr=20000000, run size=00002a94 bytes, compression=lzss
	.bss: load addr=000064d8, load size=00000008 bytes, run addr=20002a94, run size=000000d5 bytes, compression=zero_init


LINKER GENERATED HANDLER TABLE

__TI_handler_table @ 000064c8 records: 3, size/record: 4, table size: 12
	index: 0, handler: __TI_decompress_lzss
	index: 1, handler: __TI_decompress_none
	index: 2, handler: __TI_zero_init


GLOBAL SYMBOLS: SORTED ALPHABETICALLY BY Name 

address   name                                
-------   ----                                
00001045  ADC14_CHAEND_set                    
00000d79  ADC14_CHA_sel                       
00000e8d  ADC14_CLK_sel                       
00001241  ADC14_IRQFG_set                     
00001399  ADC14_IRQHandler                    
00001399  ADC14_IRQHandler                    
0000113d  ADC14_MEM_set                       
00000f8b  ADC14_PREC_sel                      
20002ae4  ADC14_STRUCT                        
00000b41  ADC14_convert_disable               
00000b35  ADC14_convert_enable                
00000b59  ADC14_convert_end                   
00000b4d  ADC14_convert_start                 
00000fe5  ADC14_init                          
00000c03  ADC14_read_data                     
000012cd  ADC14_repeatmod_init                
00001343  ADC14_repeatmod_rec                 
00000b65  ADC14_start                         
00005e03  AES256_IRQHandler                   
20002a72  A_flag                              
20002a73  B_flag                              
00005e03  BusFault_Handler                    
00005e29  C$$EXIT                             
00005e03  COMP_E0_IRQHandler                  
00005e03  COMP_E1_IRQHandler                  
00005e05  CPU_cpsie                           
00005e03  CS_IRQHandler                       
0000295f  CS_locked                           
00002955  CS_unlocked                         
000033d3  Check_ACK                           
00002967  DCO_set                             
00005e03  DMA_ERR_IRQHandler                  
00005e03  DMA_INT0_IRQHandler                 
00005e03  DMA_INT1_IRQHandler                 
00005e03  DMA_INT2_IRQHandler                 
00005e03  DMA_INT3_IRQHandler                 
00005e03  DebugMon_Handler                    
00005e03  Default_Handler                     
0000317d  ENCODER_TEST                        
000021ff  EUSCIA0_IRQHandler                  
000021ff  EUSCIA0_IRQHandler                  
00002209  EUSCIA1_IRQHandler                  
00002209  EUSCIA1_IRQHandler                  
0000221d  EUSCIA2_IRQHandler                  
0000221d  EUSCIA2_IRQHandler                  
00002227  EUSCIA3_IRQHandler                  
00002227  EUSCIA3_IRQHandler                  
00005e03  EUSCIB0_IRQHandler                  
00005e03  EUSCIB1_IRQHandler                  
00005e03  EUSCIB2_IRQHandler                  
00005e03  EUSCIB3_IRQHandler                  
0000304d  Encoder_clr                         
00005e30  F6x8                                
00005e03  FLCTL_IRQHandler                    
00005e03  FPU_IRQHandler                      
00003011  GET_encoder_dir                     
00002fd5  GET_encoder_num                     
00005cc1  GPIO_clearInterruptFlag             
00005d51  GPIO_enableInterrupt                
00005b49  GPIO_getEnabledInterruptStatus      
00005cd9  GPIO_getInputPinValue               
00005dc9  GPIO_getInterruptStatus             
00005bd9  GPIO_setAsInputPin                  
00005b79  GPIO_setAsInputPinWithPullUpResistor
00005c05  GPIO_setAsOutputPin                 
00005d65  GPIO_setOutputHighOnPin             
00005cf1  GPIO_setOutputLowOnPin              
00005d79  GPIO_toggleOutputOnPin              
00005e03  HardFault_Handler                   
00006058  Hzk                                 
0000334b  IIC_ACK                             
0000338f  IIC_NACK                            
000034cf  IIC_Read_Byte                       
0000343d  IIC_Send_Byte                       
00003219  IIC_init                            
00003249  IIC_reset                           
000032bd  IIC_start                           
00003301  IIC_stop                            
20002a70  IRQ3_5flag                          
20002a71  IRQ4_6flag                          
000057c1  Interrupt_enableInterrupt           
00005dd9  Interrupt_enableMaster              
00005c29  Interrupt_setPriority               
00002871  Low_filter                          
000029dd  MCLK_set                            
00003fad  MPU6050_uart_send                   
000022ab  MPU6050_write_Byte                  
000025e7  MPU_Get_Acc                         
0000266d  MPU_Get_Angel                       
0000258b  MPU_Get_Gyro                        
00002527  MPU_Get_Temp                        
00003e39  MPU_Low_fillter_Get_Angle           
00002491  MPU_Read_Len                        
0000240f  MPU_Write_Len                       
00002365  MPU_init                            
00002305  MPU_read_Byte                       
00006448  MPU_reg                             
00005e03  MemManage_Handler                   
00005e03  NMI_Handler                         
000016af  OLED_Clear                          
00001693  OLED_Display_Off                    
00001677  OLED_Display_On                     
000019fd  OLED_DrawBMP                        
00001aad  OLED_Init                           
00001425  OLED_PutPixel                       
0000163b  OLED_Set_Pos                        
00001947  OLED_ShowCHinese                    
0000171d  OLED_ShowChar                       
000017e1  OLED_ShowNum                        
000018e5  OLED_ShowString                     
000018b5  OLED_Showfloat                      
000015ab  OLED_WR_Byte                        
00001495  OLED_pos_clr                        
000030ed  OLED_show                           
20002800  Oscill_data_buff                    
00005e03  PCM_IRQHandler                      
00004c25  PIT_init                            
00003b79  PORT1_IRQHandler                    
00003b79  PORT1_IRQHandler                    
00003bb7  PORT2_IRQHandler                    
00003bb7  PORT2_IRQHandler                    
00003c1d  PORT3_IRQHandler                    
00003c1d  PORT3_IRQHandler                    
00003c6f  PORT4_IRQHandler                    
00003c6f  PORT4_IRQHandler                    
00003ce9  PORT5_IRQHandler                    
00003ce9  PORT5_IRQHandler                    
00003d4f  PORT6_IRQHandler                    
00003d4f  PORT6_IRQHandler                    
00005e03  PSS_IRQHandler                      
00005e03  PendSV_Handler                      
00005e03  RTC_C_IRQHandler                    
00005df7  Reset_Handler                       
00002afd  SMCLK_set                           
00005e03  SVC_Handler                         
00005d8d  SysCtl_enableSRAMBankRetention      
00002da3  SysTick_Handler                     
00002da3  SysTick_Handler                     
20002a90  SystemCoreClock                     
00003559  SystemCoreClockUpdate               
000037d1  SystemInit                          
00005e03  T32_INT1_IRQHandler                 
00005e03  T32_INT2_IRQHandler                 
00005e03  T32_INTC_IRQHandler                 
00003dbb  TA0_0_IRQHandler                    
00003dbb  TA0_0_IRQHandler                    
00003091  TA0_N_IRQHandler                    
00003091  TA0_N_IRQHandler                    
00003dcd  TA1_0_IRQHandler                    
00003dcd  TA1_0_IRQHandler                    
00005e03  TA1_N_IRQHandler                    
00003ddf  TA2_0_IRQHandler                    
00003ddf  TA2_0_IRQHandler                    
00005e03  TA2_N_IRQHandler                    
00003deb  TA3_0_IRQHandler                    
00003deb  TA3_0_IRQHandler                    
00005e03  TA3_N_IRQHandler                    
00001e7d  UART_Baunds_set                     
00001d71  UART_CLK_sel                        
00001c75  UART_IRQRX_set                      
00001c01  UART_IRQ_set                        
00001d1d  UART_PIN_sel                        
00001cc9  UART_USIC_init                      
00002051  UART_init                           
00002105  UART_recv_Byte                      
00002095  UART_send_Byte                      
000021c9  UART_send_int                       
00002181  UART_send_short                     
00002153  UART_send_string                    
00005e03  UsageFault_Handler                  
4000480c  WDTCTL_SYM                          
00005e03  WDT_A_IRQHandler                    
00005d09  WDT_A_holdTimer                     
20010000  __STACK_END                         
00000200  __STACK_SIZE                        
000064e0  __TI_CINIT_Base                     
000064f0  __TI_CINIT_Limit                    
000064c8  __TI_Handler_Table_Base             
000064d4  __TI_Handler_Table_Limit            
00005a19  __TI_auto_init_nobinit_nopinit      
00005757  __TI_decompress_lzss                
00005de9  __TI_decompress_none                
000058df  __TI_ltoa                           
ffffffff  __TI_pprof_out_hndl                 
000000e5  __TI_printfi                        
ffffffff  __TI_prof_data_size                 
ffffffff  __TI_prof_data_start                
00000000  __TI_static_base__                  
00005c6d  __TI_zero_init_nomemset             
000054f5  __aeabi_cdcmpeq                     
000054f5  __aeabi_cdcmple                     
0000557b  __aeabi_cdrcmple                    
000056e9  __aeabi_d2f                         
000059d1  __aeabi_d2iz                        
0000491f  __aeabi_dadd                        
00004ea9  __aeabi_ddiv                        
00005215  __aeabi_dmul                        
00004915  __aeabi_dsub                        
00005e1d  __aeabi_errno_addr                  
00005adb  __aeabi_f2d                         
00005ba9  __aeabi_i2d                         
00000b33  __aeabi_idiv0                       
00000b33  __aeabi_ldiv0                       
00005601  __aeabi_memclr                      
00005601  __aeabi_memclr4                     
00005601  __aeabi_memclr8                     
000053c3  __aeabi_memcpy                      
000053c3  __aeabi_memcpy4                     
000053c3  __aeabi_memcpy8                     
00005603  __aeabi_memset                      
00005603  __aeabi_memset4                     
00005603  __aeabi_memset8                     
00005c4d  __aeabi_ui2d                        
0000545f  __aeabi_uldivmod                    
ffffffff  __binit__                           
ffffffff  __c_args__                          
UNDEFED   __mpu_init                          
2000fe00  __stack                             
20000000  __start___llvm_prf_cnts             
20000000  __stop___llvm_prf_cnts              
00005b15  _c_int00_noargs                     
00006218  _ctypes_                            
UNDEFED   _system_post_cinit                  
00005e25  _system_pre_init                    
00005e29  abort                               
0000388d  atan                                
0000388d  atanl                               
00005985  atoi                                
20002b5c  ax                                  
20002b5e  ay                                  
20002b60  az                                  
ffffffff  binit                               
20002400  bmp                                 
20002000  bmp2                                
00005ca5  copysign                            
00005ca5  copysignl                           
20002a64  count                               
20002a58  dirf                                
20002b2c  encoder_A                           
20002b34  encoder_B                           
20002b3c  encoder_C                           
20002b44  encoder_D                           
00002e29  encoder_IncTypeDef_init             
00002e85  encoder_dirpin_init                 
00002f2d  encoder_init                        
00002edd  encoder_interrupt_init              
20002a8c  errno                               
0000292d  error                               
00002299  error_LED_toggle                    
00005825  frexp                               
00005825  frexpl                              
000044d3  gpio_INT_EN                         
000043c1  gpio_edg_sel                        
00004381  gpio_get                            
0000431d  gpio_init                           
00004527  gpio_interrupt_INIT                 
00004391  gpio_set                            
000043b1  gpio_toggle                         
20002b62  gx                                  
20002b64  gy                                  
20002b66  gz                                  
00000000  interruptVectors                    
000047b3  key_get                             
00004755  key_init                            
0000480b  key_test                            
00005105  ldexp                               
00005105  ldexpl                              
00003ff5  main                                
00005c89  memccpy                             
000053c3  memcpy                              
00005609  memset                              
000017a7  oled_pow                            
000014c9  oled_update                         
20002b14  oscill1                             
20002a5c  page_count                          
20002b50  pitch                               
20002b54  roll                                
00005105  scalbn                              
00005105  scalbnl                             
20000000  screen_buf                          
00002c25  set_DCO_48MH                        
00002cbd  set_clock_period                    
00005a5d  sprintf                             
00004acd  sqrt                                
00004acd  sqrtl                               
20002a60  start_flag                          
00005d39  strchr                              
00005da1  strlen                              
20002a7c  sysc                                
00002d83  system_init                         
00002d75  systic_clr                          
00002dcb  systic_delayms                      
00002dad  systic_delayus                      
00002d01  systic_end                          
00002cc7  systic_init                         
00002d15  systic_read                         
00002ceb  systic_start                        
20002a80  systim                              
20002a68  testA                               
20002a6c  testB                               
20002a78  time_counter                        
20002a74  timerAcapturePointer                
20002a30  timerAcaptureValues                 
20002a94  txt                                 
00005db5  wcslen                              
20002b58  yaw                                 


GLOBAL SYMBOLS: SORTED BY Symbol Address 

address   name                                
-------   ----                                
00000000  __TI_static_base__                  
00000000  interruptVectors                    
000000e5  __TI_printfi                        
00000200  __STACK_SIZE                        
00000b33  __aeabi_idiv0                       
00000b33  __aeabi_ldiv0                       
00000b35  ADC14_convert_enable                
00000b41  ADC14_convert_disable               
00000b4d  ADC14_convert_start                 
00000b59  ADC14_convert_end                   
00000b65  ADC14_start                         
00000c03  ADC14_read_data                     
00000d79  ADC14_CHA_sel                       
00000e8d  ADC14_CLK_sel                       
00000f8b  ADC14_PREC_sel                      
00000fe5  ADC14_init                          
00001045  ADC14_CHAEND_set                    
0000113d  ADC14_MEM_set                       
00001241  ADC14_IRQFG_set                     
000012cd  ADC14_repeatmod_init                
00001343  ADC14_repeatmod_rec                 
00001399  ADC14_IRQHandler                    
00001399  ADC14_IRQHandler                    
00001425  OLED_PutPixel                       
00001495  OLED_pos_clr                        
000014c9  oled_update                         
000015ab  OLED_WR_Byte                        
0000163b  OLED_Set_Pos                        
00001677  OLED_Display_On                     
00001693  OLED_Display_Off                    
000016af  OLED_Clear                          
0000171d  OLED_ShowChar                       
000017a7  oled_pow                            
000017e1  OLED_ShowNum                        
000018b5  OLED_Showfloat                      
000018e5  OLED_ShowString                     
00001947  OLED_ShowCHinese                    
000019fd  OLED_DrawBMP                        
00001aad  OLED_Init                           
00001c01  UART_IRQ_set                        
00001c75  UART_IRQRX_set                      
00001cc9  UART_USIC_init                      
00001d1d  UART_PIN_sel                        
00001d71  UART_CLK_sel                        
00001e7d  UART_Baunds_set                     
00002051  UART_init                           
00002095  UART_send_Byte                      
00002105  UART_recv_Byte                      
00002153  UART_send_string                    
00002181  UART_send_short                     
000021c9  UART_send_int                       
000021ff  EUSCIA0_IRQHandler                  
000021ff  EUSCIA0_IRQHandler                  
00002209  EUSCIA1_IRQHandler                  
00002209  EUSCIA1_IRQHandler                  
0000221d  EUSCIA2_IRQHandler                  
0000221d  EUSCIA2_IRQHandler                  
00002227  EUSCIA3_IRQHandler                  
00002227  EUSCIA3_IRQHandler                  
00002299  error_LED_toggle                    
000022ab  MPU6050_write_Byte                  
00002305  MPU_read_Byte                       
00002365  MPU_init                            
0000240f  MPU_Write_Len                       
00002491  MPU_Read_Len                        
00002527  MPU_Get_Temp                        
0000258b  MPU_Get_Gyro                        
000025e7  MPU_Get_Acc                         
0000266d  MPU_Get_Angel                       
00002871  Low_filter                          
0000292d  error                               
00002955  CS_unlocked                         
0000295f  CS_locked                           
00002967  DCO_set                             
000029dd  MCLK_set                            
00002afd  SMCLK_set                           
00002c25  set_DCO_48MH                        
00002cbd  set_clock_period                    
00002cc7  systic_init                         
00002ceb  systic_start                        
00002d01  systic_end                          
00002d15  systic_read                         
00002d75  systic_clr                          
00002d83  system_init                         
00002da3  SysTick_Handler                     
00002da3  SysTick_Handler                     
00002dad  systic_delayus                      
00002dcb  systic_delayms                      
00002e29  encoder_IncTypeDef_init             
00002e85  encoder_dirpin_init                 
00002edd  encoder_interrupt_init              
00002f2d  encoder_init                        
00002fd5  GET_encoder_num                     
00003011  GET_encoder_dir                     
0000304d  Encoder_clr                         
00003091  TA0_N_IRQHandler                    
00003091  TA0_N_IRQHandler                    
000030ed  OLED_show                           
0000317d  ENCODER_TEST                        
00003219  IIC_init                            
00003249  IIC_reset                           
000032bd  IIC_start                           
00003301  IIC_stop                            
0000334b  IIC_ACK                             
0000338f  IIC_NACK                            
000033d3  Check_ACK                           
0000343d  IIC_Send_Byte                       
000034cf  IIC_Read_Byte                       
00003559  SystemCoreClockUpdate               
000037d1  SystemInit                          
0000388d  atan                                
0000388d  atanl                               
00003b79  PORT1_IRQHandler                    
00003b79  PORT1_IRQHandler                    
00003bb7  PORT2_IRQHandler                    
00003bb7  PORT2_IRQHandler                    
00003c1d  PORT3_IRQHandler                    
00003c1d  PORT3_IRQHandler                    
00003c6f  PORT4_IRQHandler                    
00003c6f  PORT4_IRQHandler                    
00003ce9  PORT5_IRQHandler                    
00003ce9  PORT5_IRQHandler                    
00003d4f  PORT6_IRQHandler                    
00003d4f  PORT6_IRQHandler                    
00003dbb  TA0_0_IRQHandler                    
00003dbb  TA0_0_IRQHandler                    
00003dcd  TA1_0_IRQHandler                    
00003dcd  TA1_0_IRQHandler                    
00003ddf  TA2_0_IRQHandler                    
00003ddf  TA2_0_IRQHandler                    
00003deb  TA3_0_IRQHandler                    
00003deb  TA3_0_IRQHandler                    
00003e39  MPU_Low_fillter_Get_Angle           
00003fad  MPU6050_uart_send                   
00003ff5  main                                
0000431d  gpio_init                           
00004381  gpio_get                            
00004391  gpio_set                            
000043b1  gpio_toggle                         
000043c1  gpio_edg_sel                        
000044d3  gpio_INT_EN                         
00004527  gpio_interrupt_INIT                 
00004755  key_init                            
000047b3  key_get                             
0000480b  key_test                            
00004915  __aeabi_dsub                        
0000491f  __aeabi_dadd                        
00004acd  sqrt                                
00004acd  sqrtl                               
00004c25  PIT_init                            
00004ea9  __aeabi_ddiv                        
00005105  ldexp                               
00005105  ldexpl                              
00005105  scalbn                              
00005105  scalbnl                             
00005215  __aeabi_dmul                        
000053c3  __aeabi_memcpy                      
000053c3  __aeabi_memcpy4                     
000053c3  __aeabi_memcpy8                     
000053c3  memcpy                              
0000545f  __aeabi_uldivmod                    
000054f5  __aeabi_cdcmpeq                     
000054f5  __aeabi_cdcmple                     
0000557b  __aeabi_cdrcmple                    
00005601  __aeabi_memclr                      
00005601  __aeabi_memclr4                     
00005601  __aeabi_memclr8                     
00005603  __aeabi_memset                      
00005603  __aeabi_memset4                     
00005603  __aeabi_memset8                     
00005609  memset                              
000056e9  __aeabi_d2f                         
00005757  __TI_decompress_lzss                
000057c1  Interrupt_enableInterrupt           
00005825  frexp                               
00005825  frexpl                              
000058df  __TI_ltoa                           
00005985  atoi                                
000059d1  __aeabi_d2iz                        
00005a19  __TI_auto_init_nobinit_nopinit      
00005a5d  sprintf                             
00005adb  __aeabi_f2d                         
00005b15  _c_int00_noargs                     
00005b49  GPIO_getEnabledInterruptStatus      
00005b79  GPIO_setAsInputPinWithPullUpResistor
00005ba9  __aeabi_i2d                         
00005bd9  GPIO_setAsInputPin                  
00005c05  GPIO_setAsOutputPin                 
00005c29  Interrupt_setPriority               
00005c4d  __aeabi_ui2d                        
00005c6d  __TI_zero_init_nomemset             
00005c89  memccpy                             
00005ca5  copysign                            
00005ca5  copysignl                           
00005cc1  GPIO_clearInterruptFlag             
00005cd9  GPIO_getInputPinValue               
00005cf1  GPIO_setOutputLowOnPin              
00005d09  WDT_A_holdTimer                     
00005d39  strchr                              
00005d51  GPIO_enableInterrupt                
00005d65  GPIO_setOutputHighOnPin             
00005d79  GPIO_toggleOutputOnPin              
00005d8d  SysCtl_enableSRAMBankRetention      
00005da1  strlen                              
00005db5  wcslen                              
00005dc9  GPIO_getInterruptStatus             
00005dd9  Interrupt_enableMaster              
00005de9  __TI_decompress_none                
00005df7  Reset_Handler                       
00005e03  AES256_IRQHandler                   
00005e03  BusFault_Handler                    
00005e03  COMP_E0_IRQHandler                  
00005e03  COMP_E1_IRQHandler                  
00005e03  CS_IRQHandler                       
00005e03  DMA_ERR_IRQHandler                  
00005e03  DMA_INT0_IRQHandler                 
00005e03  DMA_INT1_IRQHandler                 
00005e03  DMA_INT2_IRQHandler                 
00005e03  DMA_INT3_IRQHandler                 
00005e03  DebugMon_Handler                    
00005e03  Default_Handler                     
00005e03  EUSCIB0_IRQHandler                  
00005e03  EUSCIB1_IRQHandler                  
00005e03  EUSCIB2_IRQHandler                  
00005e03  EUSCIB3_IRQHandler                  
00005e03  FLCTL_IRQHandler                    
00005e03  FPU_IRQHandler                      
00005e03  HardFault_Handler                   
00005e03  MemManage_Handler                   
00005e03  NMI_Handler                         
00005e03  PCM_IRQHandler                      
00005e03  PSS_IRQHandler                      
00005e03  PendSV_Handler                      
00005e03  RTC_C_IRQHandler                    
00005e03  SVC_Handler                         
00005e03  T32_INT1_IRQHandler                 
00005e03  T32_INT2_IRQHandler                 
00005e03  T32_INTC_IRQHandler                 
00005e03  TA1_N_IRQHandler                    
00005e03  TA2_N_IRQHandler                    
00005e03  TA3_N_IRQHandler                    
00005e03  UsageFault_Handler                  
00005e03  WDT_A_IRQHandler                    
00005e05  CPU_cpsie                           
00005e1d  __aeabi_errno_addr                  
00005e25  _system_pre_init                    
00005e29  C$$EXIT                             
00005e29  abort                               
00005e30  F6x8                                
00006058  Hzk                                 
00006218  _ctypes_                            
00006448  MPU_reg                             
000064c8  __TI_Handler_Table_Base             
000064d4  __TI_Handler_Table_Limit            
000064e0  __TI_CINIT_Base                     
000064f0  __TI_CINIT_Limit                    
20000000  __start___llvm_prf_cnts             
20000000  __stop___llvm_prf_cnts              
20000000  screen_buf                          
20002000  bmp2                                
20002400  bmp                                 
20002800  Oscill_data_buff                    
20002a30  timerAcaptureValues                 
20002a58  dirf                                
20002a5c  page_count                          
20002a60  start_flag                          
20002a64  count                               
20002a68  testA                               
20002a6c  testB                               
20002a70  IRQ3_5flag                          
20002a71  IRQ4_6flag                          
20002a72  A_flag                              
20002a73  B_flag                              
20002a74  timerAcapturePointer                
20002a78  time_counter                        
20002a7c  sysc                                
20002a80  systim                              
20002a8c  errno                               
20002a90  SystemCoreClock                     
20002a94  txt                                 
20002ae4  ADC14_STRUCT                        
20002b14  oscill1                             
20002b2c  encoder_A                           
20002b34  encoder_B                           
20002b3c  encoder_C                           
20002b44  encoder_D                           
20002b50  pitch                               
20002b54  roll                                
20002b58  yaw                                 
20002b5c  ax                                  
20002b5e  ay                                  
20002b60  az                                  
20002b62  gx                                  
20002b64  gy                                  
20002b66  gz                                  
2000fe00  __stack                             
20010000  __STACK_END                         
4000480c  WDTCTL_SYM                          
ffffffff  __TI_pprof_out_hndl                 
ffffffff  __TI_prof_data_size                 
ffffffff  __TI_prof_data_start                
ffffffff  __binit__                           
ffffffff  __c_args__                          
ffffffff  binit                               
UNDEFED   __mpu_init                          
UNDEFED   _system_post_cinit                  

[306 symbols]
