******************************************************************************
                  TI ARM Linker PC v20.2.1                     
******************************************************************************
>> Linked Fri Oct  1 17:12:33 2021

OUTPUT FILE NAME:   <16.Exin_IIC.out>
ENTRY POINT SYMBOL: "_c_int00_noargs"  address: 00004275


MEMORY CONFIGURATION

         name            origin    length      used     unused   attr    fill
----------------------  --------  ---------  --------  --------  ----  --------
  MAIN                  00000000   00040000  00004daa  0003b256  R  X
  INFO                  00200000   00004000  00000000  00004000  R  X
  SRAM_CODE             01000000   00010000  00002d55  0000d2ab  RW X
  SRAM_DATA             20000000   00010000  00002d55  0000d2ab  RW  


SEGMENT ALLOCATION MAP

run origin  load origin   length   init length attrs members
----------  ----------- ---------- ----------- ----- -------
00000000    00000000    00004db0   00004db0    r-x
  00000000    00000000    000000e4   000000e4    r-- .intvecs
  000000e4    000000e4    0000463a   0000463a    r-x .text
  00004720    00004720    0000060c   0000060c    r-- .const
  00004d30    00004d30    00000080   00000080    r-- .cinit
20000000    20000000    00002b56   00000000    rw-
  20000000    20000000    00002ad3   00000000    rw- .data
  20002ad4    20002ad4    00000082   00000000    rw- .bss
2000fe00    2000fe00    00000200   00000000    rw-
  2000fe00    2000fe00    00000200   00000000    rw- .stack


SECTION ALLOCATION MAP

 output                                  attributes/
section   page    origin      length       input sections
--------  ----  ----------  ----------   ----------------
.intvecs   0    00000000    000000e4     
                  00000000    000000e4     startup_msp432p401r_ccs.obj (.intvecs:retain)

.text      0    000000e4    0000463a     
                  000000e4    00000a4e     rtsv7M4_T_le_v4SPD16_eabi.lib : _printfi.c.obj (.text:__TI_printfi)
                  00000b32    00000002                                   : div0.asm.obj (.text)
                  00000b34    000007dc     oled.obj (.text)
                  00001310    000003f0     exinencoder.obj (.text)
                  00001700    000003cc     exinADC.obj (.text)
                  00001acc    00000334     system_msp432p401r.obj (.text)
                  00001e00    000002c8     exinisr.obj (.text)
                  000020c8    00000296     exinIIC.obj (.text)
                  0000235e    00000002     --HOLE-- [fill = 0]
                  00002360    00000270     rtsv7M4_T_le_v4SPD16_eabi.lib : _printfi.c.obj (.text:_pconv_a)
                  000025d0    00000268     exingpio.obj (.text)
                  00002838    00000240     exinsystem.obj (.text)
                  00002a78    000001d0     rtsv7M4_T_le_v4SPD16_eabi.lib : _printfi.c.obj (.text:_pconv_g)
                  00002c48    000001b6                                   : fd_add_t2.asm.obj (.text)
                  00002dfe    00000002     --HOLE-- [fill = 0]
                  00002e00    000001b4     ADS_RCV.obj (.text)
                  00002fb4    00000184     exinuart.obj (.text)
                  00003138    00000148     exin_pit.obj (.text)
                  00003280    0000013c     rtsv7M4_T_le_v4SPD16_eabi.lib : _printfi.c.obj (.text:_pconv_e)
                  000033bc    00000136                                   : fd_div_t2.asm.obj (.text)
                  000034f2    00000002     --HOLE-- [fill = 0]
                  000034f4    00000124                                   : _printfi.c.obj (.text:fcvt)
                  00003618    00000110                                   : s_scalbn.c.obj (.text:scalbn)
                  00003728    000000fc                                   : fd_mul_t2.asm.obj (.text)
                  00003824    000000dc     msp432p4xx_driverlib.lib : pcm.o (.text:__PCM_setPowerModeAdvanced)
                  00003900    000000b1     rtsv7M4_T_le_v4SPD16_eabi.lib : _printfi.c.obj (.text:_ltostr)
                  000039b1    00000003     --HOLE-- [fill = 0]
                  000039b4    000000b0     msp432p4xx_driverlib.lib : pcm.o (.text:__PCM_setCoreVoltageLevelAdvanced)
                  00003a64    0000009c     rtsv7M4_T_le_v4SPD16_eabi.lib : memcpy_t2.asm.obj (.text)
                  00003b00    00000096                                   : ull_div_t2.asm.obj (.text)
                  00003b96    00000002     --HOLE-- [fill = 0]
                  00003b98    00000094     msp432p4xx_driverlib.lib : uart.o (.text:UART_initModule)
                  00003c2c    00000086     rtsv7M4_T_le_v4SPD16_eabi.lib : fd_cmp_t2.asm.obj (.text:__aeabi_cdcmple)
                  00003cb2    00000086                                   : fd_cmp_t2.asm.obj (.text:__aeabi_cdrcmple)
                  00003d38    0000007a                                   : memset_t2.asm.obj (.text)
                  00003db2    0000006e                                   : _printfi.c.obj (.text:_mcpy)
                  00003e20    00000068                                   : copy_decompress_lzss.c.obj (.text:decompress:lzss:__TI_decompress_lzss)
                  00003e88    00000064     msp432p4xx_driverlib.lib : interrupt.o (.text:Interrupt_enableInterrupt)
                  00003eec    00000064     rtsv7M4_T_le_v4SPD16_eabi.lib : s_frexp.c.obj (.text:frexp)
                  00003f50    00000056                                   : _printfi.c.obj (.text:_pconv_f)
                  00003fa6    00000054                                   : _ltoa.c.obj (.text:__TI_ltoa)
                  00003ffa    00000052                                   : _printfi.c.obj (.text:_ecpy)
                  0000404c    00000050     main.obj (.text)
                  0000409c    0000004c     rtsv7M4_T_le_v4SPD16_eabi.lib : atoi.c.obj (.text:atoi)
                  000040e8    00000048     msp432p4xx_driverlib.lib : gpio.o (.text:GPIO_setAsPeripheralModuleFunctionInputPin)
                  00004130    00000048     rtsv7M4_T_le_v4SPD16_eabi.lib : fd_toi_t2.asm.obj (.text)
                  00004178    00000044                                   : autoinit.c.obj (.text:__TI_auto_init_nobinit_nopinit:__TI_auto_init_nobinit_nopinit)
                  000041bc    00000040                                   : sprintf.c.obj (.text:sprintf)
                  000041fc    0000003e                                   : _printfi.c.obj (.text:_fcpy)
                  0000423a    00000038                                   : fs_tod_t2.asm.obj (.text)
                  00004272    00000002     --HOLE-- [fill = 0]
                  00004274    00000034                                   : boot_cortex_m.c.obj (.text:_c_int00_noargs:_c_int00_noargs)
                  000042a8    00000030     msp432p4xx_driverlib.lib : gpio.o (.text:GPIO_getEnabledInterruptStatus)
                  000042d8    00000030                              : gpio.o (.text:GPIO_setAsInputPinWithPullUpResistor)
                  00004308    00000030                              : uart.o (.text:UART_getEnabledInterruptStatus)
                  00004338    0000002e     rtsv7M4_T_le_v4SPD16_eabi.lib : i_tofd_t2.asm.obj (.text)
                  00004366    00000002     --HOLE-- [fill = 0]
                  00004368    0000002c     msp432p4xx_driverlib.lib : gpio.o (.text:GPIO_setAsInputPin)
                  00004394    0000002c                              : pcm.o (.text:PCM_getCoreVoltageLevel)
                  000043c0    0000002a                              : pcm.o (.text:PCM_getPowerMode)
                  000043ea    00000002     --HOLE-- [fill = 0]
                  000043ec    00000028                              : flash.o (.text:FlashCtl_setWaitState)
                  00004414    00000024                              : cs.o (.text:CS_setDCOCenteredFrequency)
                  00004438    00000024                              : gpio.o (.text:GPIO_setAsOutputPin)
                  0000445c    00000024                              : interrupt.o (.text:Interrupt_setPriority)
                  00004480    00000024                              : uart.o (.text:UART_disableInterrupt)
                  000044a4    00000024                              : uart.o (.text:UART_receiveData)
                  000044c8    00000024                              : uart.o (.text:UART_transmitData)
                  000044ec    00000020     rtsv7M4_T_le_v4SPD16_eabi.lib : u_tofd_t2.asm.obj (.text)
                  0000450c    0000001c                                   : copy_zero_init.c.obj (.text:decompress:ZI:__TI_zero_init_nomemset:__TI_zero_init_nomemset)
                  00004528    0000001c                                   : memccpy.c.obj (.text:memccpy)
                  00004544    0000001a                                   : s_copysign.c.obj (.text:copysign)
                  0000455e    00000002     --HOLE-- [fill = 0]
                  00004560    00000018     msp432p4xx_driverlib.lib : gpio.o (.text:GPIO_clearInterruptFlag)
                  00004578    00000018                              : gpio.o (.text:GPIO_getInputPinValue)
                  00004590    00000018                              : gpio.o (.text:GPIO_setOutputLowOnPin)
                  000045a8    00000018                              : wdt_a.o (.text:WDT_A_holdTimer)
                  000045c0    00000018     rtsv7M4_T_le_v4SPD16_eabi.lib : sprintf.c.obj (.text:_outs)
                  000045d8    00000016     msp432p4xx_driverlib.lib : uart.o (.text:UART_enableInterrupt)
                  000045ee    00000016     rtsv7M4_T_le_v4SPD16_eabi.lib : strchr.c.obj (.text:strchr)
                  00004604    00000014     msp432p4xx_driverlib.lib : gpio.o (.text:GPIO_enableInterrupt)
                  00004618    00000014                              : gpio.o (.text:GPIO_setOutputHighOnPin)
                  0000462c    00000014                              : gpio.o (.text:GPIO_toggleOutputOnPin)
                  00004640    00000014                              : sysctl.o (.text:SysCtl_enableSRAMBankRetention)
                  00004654    00000014     rtsv7M4_T_le_v4SPD16_eabi.lib : strlen.c.obj (.text:strlen)
                  00004668    00000012                                   : wcslen.c.obj (.text:wcslen)
                  0000467a    00000002     --HOLE-- [fill = 0]
                  0000467c    00000010     msp432p4xx_driverlib.lib : gpio.o (.text:GPIO_getInterruptStatus)
                  0000468c    00000010                              : interrupt.o (.text:Interrupt_enableMaster)
                  0000469c    0000000e                              : uart.o (.text:UART_clearInterruptFlag)
                  000046aa    0000000e     rtsv7M4_T_le_v4SPD16_eabi.lib : copy_decompress_none.c.obj (.text:decompress:none:__TI_decompress_none)
                  000046b8    0000000e     startup_msp432p401r_ccs.obj (.text)
                  000046c6    0000000c     msp432p4xx_driverlib.lib : cpu.o (.text:CPU_cpsie)
                  000046d2    00000002     --HOLE-- [fill = 0]
                  000046d4    0000000c                              : pcm.o (.text:PCM_getPowerState)
                  000046e0    0000000c                              : uart.o (.text:UART_enableModule)
                  000046ec    0000000a     rtsv7M4_T_le_v4SPD16_eabi.lib : sprintf.c.obj (.text:_outc)
                  000046f6    00000008     msp432p4xx_driverlib.lib : pcm.o (.text:PCM_setCoreVoltageLevel)
                  000046fe    00000008                              : pcm.o (.text:PCM_setPowerMode)
                  00004706    00000002     --HOLE-- [fill = 0]
                  00004708    00000008     rtsv7M4_T_le_v4SPD16_eabi.lib : errno.c.obj (.text:__aeabi_errno_addr)
                  00004710    00000006     msp432p4xx_driverlib.lib : uart.o (.text:UART_getInterruptStatus)
                  00004716    00000004     rtsv7M4_T_le_v4SPD16_eabi.lib : pre_init.c.obj (.text:_system_pre_init)
                  0000471a    00000004                                   : exit.c.obj (.text:abort:abort)

.const     0    00004720    0000060c     
                  00004720    00000228     oled.obj (.const:F6x8)
                  00004948    000001c0     oled.obj (.const:Hzk)
                  00004b08    00000101     rtsv7M4_T_le_v4SPD16_eabi.lib : ctype.c.obj (.const:.string:_ctypes_)
                  00004c09    00000003     --HOLE-- [fill = 0]
                  00004c0c    00000050     msp432p4xx_driverlib.lib : interrupt.o (.const:g_pulRegs)
                  00004c5c    00000040                              : interrupt.o (.const)
                  00004c9c    00000024     exinuart.obj (.const:UART0)
                  00004cc0    00000024     exinuart.obj (.const:UART2)
                  00004ce4    00000024     exinuart.obj (.const:UART3)
                  00004d08    00000024     ADS_RCV.obj (.const:UART3_SET)

.cinit     0    00004d30    00000080     
                  00004d30    00000056     (.cinit..data.load) [load image, compression = lzss]
                  00004d86    00000002     --HOLE-- [fill = 0]
                  00004d88    0000000c     (__TI_handler_table)
                  00004d94    00000004     --HOLE-- [fill = 0]
                  00004d98    00000008     (.cinit..bss.load) [load image, compression = zero_init]
                  00004da0    00000010     (__TI_cinit_table)

.init_array 
*          0    00000000    00000000     UNINITIALIZED

.binit     0    00000000    00000000     

.data      0    20000000    00002ad3     UNINITIALIZED
                  20000000    00002000     oled.obj (.data:screen_buf)
                  20002000    00000400     oled.obj (.data:bmp2)
                  20002400    00000400     oled.obj (.data:bmp)
                  20002800    00000200     Oscill_OLED.obj (.data:Oscill_data_buff)
                  20002a00    00000030     msp432p4xx_driverlib.lib : gpio.o (.data:GPIO_PORT_TO_BASE)
                  20002a30    00000028     exinencoder.obj (.data:timerAcaptureValues)
                  20002a58    00000020     exinadjust.obj (.data)
                  20002a78    0000001c     exinADC.obj (.data)
                  20002a94    0000000a     ADS_RCV.obj (.data:ADS_RCV_DATA)
                  20002a9e    00000002     --HOLE--
                  20002aa0    00000008     ADS_RCV.obj (.data)
                  20002aa8    00000008     main.obj (.data:IIC_test_num)
                  20002ab0    00000008     exinencoder.obj (.data)
                  20002ab8    00000008     exinsystem.obj (.data)
                  20002ac0    00000008     oled.obj (.data:tmp$2)
                  20002ac8    00000004     rtsv7M4_T_le_v4SPD16_eabi.lib : errno.c.obj (.data)
                  20002acc    00000004     system_msp432p401r.obj (.data)
                  20002ad0    00000003     exinuart.obj (.data)

.bss       0    20002ad4    00000082     UNINITIALIZED
                  20002ad4    00000018     (.common:oscill1)
                  20002aec    00000010     (.common:A0results)
                  20002afc    00000010     (.common:A1results)
                  20002b0c    00000010     (.common:A2results)
                  20002b1c    00000010     (.common:A3results)
                  20002b2c    00000008     (.common:encoder_A)
                  20002b34    00000008     (.common:encoder_B)
                  20002b3c    00000008     (.common:encoder_C)
                  20002b44    00000008     (.common:encoder_D)
                  20002b4c    00000004     exinsystem.obj (.bss)
                  20002b50    00000004     (.common:ad_get)
                  20002b54    00000001     exinADC.obj (.bss)
                  20002b55    00000001     oled.obj (.bss)

.stack     0    2000fe00    00000200     UNINITIALIZED
                  2000fe00    00000004     rtsv7M4_T_le_v4SPD16_eabi.lib : boot_cortex_m.c.obj (.stack)
                  2000fe04    000001fc     --HOLE--

__llvm_prf_cnts 
*          0    20000000    00000000     UNINITIALIZED

MODULE SUMMARY

       Module                        code    ro data   rw data
       ------                        ----    -------   -------
    .\
       system_msp432p401r.obj        820     0         8      
       startup_msp432p401r_ccs.obj   14      228       0      
       main.obj                      80      0         16     
    +--+-----------------------------+-------+---------+---------+
       Total:                        914     228       24     
                                                              
    .\exinlibs\
       oled.obj                      2012    1000      20498  
       exinencoder.obj               1008    0         160    
       exinADC.obj                   972     0         194    
       Oscill_OLED.obj               0       0         1072   
       exinisr.obj                   712     0         0      
       exinIIC.obj                   662     0         0      
       exingpio.obj                  616     0         0      
       exinsystem.obj                576     0         24     
       ADS_RCV.obj                   436     36        36     
       exinuart.obj                  388     108       6      
       exin_pit.obj                  328     0         0      
       exinadjust.obj                0       0         64     
    +--+-----------------------------+-------+---------+---------+
       Total:                        7710    1144      22054  
                                                              
    C:/ti/msp/MSP432Ware_3_40_00_25/driverlib/driverlib/MSP432P4xx/ccs/msp432p4xx_driverlib.lib
       pcm.o                         510     0         0      
       gpio.o                        396     0         96     
       uart.o                        358     0         0      
       interrupt.o                   152     144       0      
       flash.o                       40      0         0      
       cs.o                          36      0         0      
       wdt_a.o                       24      0         0      
       sysctl.o                      20      0         0      
       cpu.o                         12      0         0      
    +--+-----------------------------+-------+---------+---------+
       Total:                        1548    144       96     
                                                              
    D:\CCS\ccs\tools\compiler\ti-cgt-arm_20.2.1.LTS\lib\rtsv7M4_T_le_v4SPD16_eabi.lib
       _printfi.c.obj                4851    0         0      
       fd_add_t2.asm.obj             438     0         0      
       fd_div_t2.asm.obj             310     0         0      
       s_scalbn.c.obj                272     0         0      
       fd_cmp_t2.asm.obj             268     0         0      
       ctype.c.obj                   0       257       0      
       fd_mul_t2.asm.obj             252     0         0      
       memcpy_t2.asm.obj             156     0         0      
       ull_div_t2.asm.obj            150     0         0      
       memset_t2.asm.obj             122     0         0      
       copy_decompress_lzss.c.obj    104     0         0      
       s_frexp.c.obj                 100     0         0      
       sprintf.c.obj                 98      0         0      
       _ltoa.c.obj                   84      0         0      
       atoi.c.obj                    76      0         0      
       fd_toi_t2.asm.obj             72      0         0      
       autoinit.c.obj                68      0         0      
       fs_tod_t2.asm.obj             56      0         0      
       boot_cortex_m.c.obj           52      0         0      
       i_tofd_t2.asm.obj             46      0         0      
       u_tofd_t2.asm.obj             32      0         0      
       copy_zero_init.c.obj          28      0         0      
       memccpy.c.obj                 28      0         0      
       s_copysign.c.obj              26      0         0      
       strchr.c.obj                  22      0         0      
       strlen.c.obj                  20      0         0      
       wcslen.c.obj                  18      0         0      
       errno.c.obj                   8       0         8      
       copy_decompress_none.c.obj    14      0         0      
       exit.c.obj                    4       0         0      
       pre_init.c.obj                4       0         0      
       div0.asm.obj                  2       0         0      
    +--+-----------------------------+-------+---------+---------+
       Total:                        7781    257       8      
                                                              
       Stack:                        0       0         1024   
       Linker Generated:             0       122       0      
    +--+-----------------------------+-------+---------+---------+
       Grand Total:                  17953   1895      23206  


LINKER GENERATED COPY TABLES

__TI_cinit_table @ 00004da0 records: 2, size/record: 8, table size: 16
	.data: load addr=00004d30, load size=00000056 bytes, run addr=20000000, run size=00002ad3 bytes, compression=lzss
	.bss: load addr=00004d98, load size=00000008 bytes, run addr=20002ad4, run size=00000082 bytes, compression=zero_init


LINKER GENERATED HANDLER TABLE

__TI_handler_table @ 00004d88 records: 3, size/record: 4, table size: 12
	index: 0, handler: __TI_decompress_lzss
	index: 1, handler: __TI_decompress_none
	index: 2, handler: __TI_zero_init


GLOBAL SYMBOLS: SORTED ALPHABETICALLY BY Name 

address   name                                      
-------   ----                                      
20002aec  A0results                                 
20002afc  A1results                                 
20002b0c  A2results                                 
20002b1c  A3results                                 
000017f1  ADC14_IRQHandler                          
000017f1  ADC14_IRQHandler                          
20002a7c  ADC_CA                                    
20002a80  ADC_CB                                    
20002a84  ADC_CC                                    
20002a88  ADC_CD                                    
00001701  ADC_INIT                                  
000019b3  ADC_TEST                                  
0000179d  ADC_mean_filter                           
20002a90  ADC_receive_count                         
00002ed9  ADS_Get                                   
20002a94  ADS_RCV_DATA                              
20002aa1  ADS_RCV_FLAG                              
00002f1b  ADS_RCV_GetData32                         
00002e01  ADS_RCV_Init                              
20002aa2  ADS_RCV_STATE                             
000046c5  AES256_IRQHandler                         
20002a76  A_flag                                    
20002a77  B_flag                                    
000046c5  BusFault_Handler                          
0000471b  C$$EXIT                                   
000046c5  COMP_E0_IRQHandler                        
000046c5  COMP_E1_IRQHandler                        
000046c7  CPU_cpsie                                 
000046c5  CS_IRQHandler                             
00004415  CS_setDCOCenteredFrequency                
000021cb  Check_ACK                                 
000046c5  DMA_ERR_IRQHandler                        
000046c5  DMA_INT0_IRQHandler                       
000046c5  DMA_INT1_IRQHandler                       
000046c5  DMA_INT2_IRQHandler                       
000046c5  DMA_INT3_IRQHandler                       
000046c5  DebugMon_Handler                          
000046c5  Default_Handler                           
00001665  ENCODER_TEST                              
000030cd  EUSCIA0_IRQHandler                        
000030cd  EUSCIA0_IRQHandler                        
000046c5  EUSCIA1_IRQHandler                        
000030fb  EUSCIA2_IRQHandler                        
000030fb  EUSCIA2_IRQHandler                        
00002e49  EUSCIA3_IRQHandler                        
00002e49  EUSCIA3_IRQHandler                        
000046c5  EUSCIB0_IRQHandler                        
000046c5  EUSCIB1_IRQHandler                        
000046c5  EUSCIB2_IRQHandler                        
000046c5  EUSCIB3_IRQHandler                        
00001535  Encoder_clr                               
00004720  F6x8                                      
000046c5  FLCTL_IRQHandler                          
000046c5  FPU_IRQHandler                            
000043ed  FlashCtl_setWaitState                     
00001761  GET_ADC_VALUE                             
000014f9  GET_encoder_dir                           
000014bd  GET_encoder_num                           
00004561  GPIO_clearInterruptFlag                   
00004605  GPIO_enableInterrupt                      
000042a9  GPIO_getEnabledInterruptStatus            
00004579  GPIO_getInputPinValue                     
0000467d  GPIO_getInterruptStatus                   
00004369  GPIO_setAsInputPin                        
000042d9  GPIO_setAsInputPinWithPullUpResistor      
00004439  GPIO_setAsOutputPin                       
000040e9  GPIO_setAsPeripheralModuleFunctionInputPin
00004619  GPIO_setOutputHighOnPin                   
00004591  GPIO_setOutputLowOnPin                    
0000462d  GPIO_toggleOutputOnPin                    
000046c5  HardFault_Handler                         
00004948  Hzk                                       
0000215d  IIC_ACK                                   
000022cf  IIC_Read_Byte                             
0000223d  IIC_Send_Byte                             
000020c9  IIC_init                                  
000020e5  IIC_start                                 
00002123  IIC_stop                                  
20002aa8  IIC_test_num                              
20002a74  IRQ3_5flag                                
20002a75  IRQ4_6flag                                
00003e89  Interrupt_enableInterrupt                 
0000468d  Interrupt_enableMaster                    
0000445d  Interrupt_setPriority                     
000046c5  MemManage_Handler                         
000046c5  NMI_Handler                               
00000dbf  OLED_Clear                                
00000da3  OLED_Display_Off                          
00000d87  OLED_Display_On                           
0000110d  OLED_DrawBMP                              
000011bd  OLED_Init                                 
00000b35  OLED_PutPixel                             
00000d4b  OLED_Set_Pos                              
00001057  OLED_ShowCHinese                          
00000e2d  OLED_ShowChar                             
00000ef1  OLED_ShowNum                              
00000ff5  OLED_ShowString                           
00000fc5  OLED_Showfloat                            
00000cbb  OLED_WR_Byte                              
00000ba5  OLED_pos_clr                              
000015d5  OLED_show                                 
0000195d  OLED_showADC                              
20002800  Oscill_data_buff                          
000046c5  PCM_IRQHandler                            
00004395  PCM_getCoreVoltageLevel                   
000043c1  PCM_getPowerMode                          
000046d5  PCM_getPowerState                         
000046f7  PCM_setCoreVoltageLevel                   
000046ff  PCM_setPowerMode                          
00003139  PIT_init                                  
00001e01  PORT1_IRQHandler                          
00001e01  PORT1_IRQHandler                          
00001e3f  PORT2_IRQHandler                          
00001e3f  PORT2_IRQHandler                          
00001ea5  PORT3_IRQHandler                          
00001ea5  PORT3_IRQHandler                          
00001efd  PORT4_IRQHandler                          
00001efd  PORT4_IRQHandler                          
00001f7d  PORT5_IRQHandler                          
00001f7d  PORT5_IRQHandler                          
00001fe3  PORT6_IRQHandler                          
00001fe3  PORT6_IRQHandler                          
000046c5  PSS_IRQHandler                            
000046c5  PendSV_Handler                            
000046c5  RTC_C_IRQHandler                          
20002aa0  R_FLAG                                    
000046b9  Reset_Handler                             
000046c5  SVC_Handler                               
00004641  SysCtl_enableSRAMBankRetention            
000029e1  SysTick_Handler                           
000029e1  SysTick_Handler                           
20002acc  SystemCoreClock                           
00001acd  SystemCoreClockUpdate                     
00001d45  SystemInit                                
000046c5  T32_INT1_IRQHandler                       
000046c5  T32_INT2_IRQHandler                       
000046c5  T32_INTC_IRQHandler                       
0000204f  TA0_0_IRQHandler                          
0000204f  TA0_0_IRQHandler                          
00001579  TA0_N_IRQHandler                          
00001579  TA0_N_IRQHandler                          
00002065  TA1_0_IRQHandler                          
00002065  TA1_0_IRQHandler                          
000046c5  TA1_N_IRQHandler                          
00002071  TA2_0_IRQHandler                          
00002071  TA2_0_IRQHandler                          
000046c5  TA2_N_IRQHandler                          
0000207d  TA3_0_IRQHandler                          
0000207d  TA3_0_IRQHandler                          
000046c5  TA3_N_IRQHandler                          
00004c9c  UART0                                     
20002ad2  UART0_RXDat                               
00002fb5  UART0_init                                
00004cc0  UART2                                     
20002ad1  UART2_RXDat                               
00002ffd  UART2_init                                
00004ce4  UART3                                     
20002ad0  UART3_RXDat                               
00004d08  UART3_SET                                 
00003045  UART3_init                                
0000469d  UART_clearInterruptFlag                   
00004481  UART_disableInterrupt                     
000045d9  UART_enableInterrupt                      
000046e1  UART_enableModule                         
00004309  UART_getEnabledInterruptStatus            
00004711  UART_getInterruptStatus                   
00003b99  UART_initModule                           
000044a5  UART_receiveData                          
000030bd  UART_send_Num                             
0000308d  UART_send_string                          
000044c9  UART_transmitData                         
000046c5  UsageFault_Handler                        
4000480c  WDTCTL_SYM                                
000046c5  WDT_A_IRQHandler                          
000045a9  WDT_A_holdTimer                           
20010000  __STACK_END                               
00000200  __STACK_SIZE                              
00004da0  __TI_CINIT_Base                           
00004db0  __TI_CINIT_Limit                          
00004d88  __TI_Handler_Table_Base                   
00004d94  __TI_Handler_Table_Limit                  
00004179  __TI_auto_init_nobinit_nopinit            
00003e21  __TI_decompress_lzss                      
000046ab  __TI_decompress_none                      
00003fa7  __TI_ltoa                                 
ffffffff  __TI_pprof_out_hndl                       
000000e5  __TI_printfi                              
ffffffff  __TI_prof_data_size                       
ffffffff  __TI_prof_data_start                      
00000000  __TI_static_base__                        
0000450d  __TI_zero_init_nomemset                   
00003c2d  __aeabi_cdcmpeq                           
00003c2d  __aeabi_cdcmple                           
00003cb3  __aeabi_cdrcmple                          
00004131  __aeabi_d2iz                              
00002c53  __aeabi_dadd                              
000033bd  __aeabi_ddiv                              
00003729  __aeabi_dmul                              
00002c49  __aeabi_dsub                              
00004709  __aeabi_errno_addr                        
0000423b  __aeabi_f2d                               
00004339  __aeabi_i2d                               
00000b33  __aeabi_idiv0                             
00000b33  __aeabi_ldiv0                             
00003d39  __aeabi_memclr                            
00003d39  __aeabi_memclr4                           
00003d39  __aeabi_memclr8                           
00003a65  __aeabi_memcpy                            
00003a65  __aeabi_memcpy4                           
00003a65  __aeabi_memcpy8                           
00003d3b  __aeabi_memset                            
00003d3b  __aeabi_memset4                           
00003d3b  __aeabi_memset8                           
000044ed  __aeabi_ui2d                              
00003b01  __aeabi_uldivmod                          
ffffffff  __binit__                                 
ffffffff  __c_args__                                
UNDEFED   __mpu_init                                
2000fe00  __stack                                   
20000000  __start___llvm_prf_cnts                   
20000000  __stop___llvm_prf_cnts                    
00004275  _c_int00_noargs                           
00004b08  _ctypes_                                  
UNDEFED   _system_post_cinit                        
00004717  _system_pre_init                          
0000471b  abort                                     
20002b50  ad_get                                    
0000409d  atoi                                      
ffffffff  binit                                     
20002400  bmp                                       
20002000  bmp2                                      
00004545  copysign                                  
00004545  copysignl                                 
20002a68  count                                     
20002a5c  count_max                                 
20002a58  dirf                                      
20002b2c  encoder_A                                 
20002b34  encoder_B                                 
20002b3c  encoder_C                                 
20002b44  encoder_D                                 
00001311  encoder_IncTypeDef_init                   
0000136d  encoder_dirpin_init                       
00001415  encoder_init                              
000013c5  encoder_interrupt_init                    
20002ac8  errno                                     
00002839  error                                     
00003eed  frexp                                     
00003eed  frexpl                                    
00002787  gpio_INT_EN                               
00002675  gpio_edg_sel                              
00002635  gpio_get                                  
000025d1  gpio_init                                 
000027db  gpio_interrupt_INIT                       
00002645  gpio_set                                  
00002665  gpio_toggle                               
20002a8c  ii                                        
00000000  interruptVectors                          
00003619  ldexp                                     
00003619  ldexpl                                    
0000404d  main                                      
00004529  memccpy                                   
00003a65  memcpy                                    
00003d41  memset                                    
00000eb7  oled_pow                                  
00000bd9  oled_update                               
20002ad4  oscill1                                   
20002a60  page_count                                
20002a78  receive_success                           
00003619  scalbn                                    
00003619  scalbnl                                   
20000000  screen_buf                                
00002861  set_DCO_48MH                              
00002901  set_clock_period                          
000041bd  sprintf                                   
20002a64  start_flag                                
000045ef  strchr                                    
00004655  strlen                                    
20002ab8  sysc                                      
000029c1  system_init                               
000029b3  systic_clr                                
00002a09  systic_delayms                            
000029eb  systic_delayus                            
00002945  systic_end                                
0000290b  systic_init                               
00002953  systic_read                               
0000292f  systic_start                              
20002abc  systim                                    
20002a6c  testA                                     
20002a70  testB                                     
20002ab4  time_counter                              
20002ab0  timerAcapturePointer                      
20002a30  timerAcaptureValues                       
00004669  wcslen                                    


GLOBAL SYMBOLS: SORTED BY Symbol Address 

address   name                                      
-------   ----                                      
00000000  __TI_static_base__                        
00000000  interruptVectors                          
000000e5  __TI_printfi                              
00000200  __STACK_SIZE                              
00000b33  __aeabi_idiv0                             
00000b33  __aeabi_ldiv0                             
00000b35  OLED_PutPixel                             
00000ba5  OLED_pos_clr                              
00000bd9  oled_update                               
00000cbb  OLED_WR_Byte                              
00000d4b  OLED_Set_Pos                              
00000d87  OLED_Display_On                           
00000da3  OLED_Display_Off                          
00000dbf  OLED_Clear                                
00000e2d  OLED_ShowChar                             
00000eb7  oled_pow                                  
00000ef1  OLED_ShowNum                              
00000fc5  OLED_Showfloat                            
00000ff5  OLED_ShowString                           
00001057  OLED_ShowCHinese                          
0000110d  OLED_DrawBMP                              
000011bd  OLED_Init                                 
00001311  encoder_IncTypeDef_init                   
0000136d  encoder_dirpin_init                       
000013c5  encoder_interrupt_init                    
00001415  encoder_init                              
000014bd  GET_encoder_num                           
000014f9  GET_encoder_dir                           
00001535  Encoder_clr                               
00001579  TA0_N_IRQHandler                          
00001579  TA0_N_IRQHandler                          
000015d5  OLED_show                                 
00001665  ENCODER_TEST                              
00001701  ADC_INIT                                  
00001761  GET_ADC_VALUE                             
0000179d  ADC_mean_filter                           
000017f1  ADC14_IRQHandler                          
000017f1  ADC14_IRQHandler                          
0000195d  OLED_showADC                              
000019b3  ADC_TEST                                  
00001acd  SystemCoreClockUpdate                     
00001d45  SystemInit                                
00001e01  PORT1_IRQHandler                          
00001e01  PORT1_IRQHandler                          
00001e3f  PORT2_IRQHandler                          
00001e3f  PORT2_IRQHandler                          
00001ea5  PORT3_IRQHandler                          
00001ea5  PORT3_IRQHandler                          
00001efd  PORT4_IRQHandler                          
00001efd  PORT4_IRQHandler                          
00001f7d  PORT5_IRQHandler                          
00001f7d  PORT5_IRQHandler                          
00001fe3  PORT6_IRQHandler                          
00001fe3  PORT6_IRQHandler                          
0000204f  TA0_0_IRQHandler                          
0000204f  TA0_0_IRQHandler                          
00002065  TA1_0_IRQHandler                          
00002065  TA1_0_IRQHandler                          
00002071  TA2_0_IRQHandler                          
00002071  TA2_0_IRQHandler                          
0000207d  TA3_0_IRQHandler                          
0000207d  TA3_0_IRQHandler                          
000020c9  IIC_init                                  
000020e5  IIC_start                                 
00002123  IIC_stop                                  
0000215d  IIC_ACK                                   
000021cb  Check_ACK                                 
0000223d  IIC_Send_Byte                             
000022cf  IIC_Read_Byte                             
000025d1  gpio_init                                 
00002635  gpio_get                                  
00002645  gpio_set                                  
00002665  gpio_toggle                               
00002675  gpio_edg_sel                              
00002787  gpio_INT_EN                               
000027db  gpio_interrupt_INIT                       
00002839  error                                     
00002861  set_DCO_48MH                              
00002901  set_clock_period                          
0000290b  systic_init                               
0000292f  systic_start                              
00002945  systic_end                                
00002953  systic_read                               
000029b3  systic_clr                                
000029c1  system_init                               
000029e1  SysTick_Handler                           
000029e1  SysTick_Handler                           
000029eb  systic_delayus                            
00002a09  systic_delayms                            
00002c49  __aeabi_dsub                              
00002c53  __aeabi_dadd                              
00002e01  ADS_RCV_Init                              
00002e49  EUSCIA3_IRQHandler                        
00002e49  EUSCIA3_IRQHandler                        
00002ed9  ADS_Get                                   
00002f1b  ADS_RCV_GetData32                         
00002fb5  UART0_init                                
00002ffd  UART2_init                                
00003045  UART3_init                                
0000308d  UART_send_string                          
000030bd  UART_send_Num                             
000030cd  EUSCIA0_IRQHandler                        
000030cd  EUSCIA0_IRQHandler                        
000030fb  EUSCIA2_IRQHandler                        
000030fb  EUSCIA2_IRQHandler                        
00003139  PIT_init                                  
000033bd  __aeabi_ddiv                              
00003619  ldexp                                     
00003619  ldexpl                                    
00003619  scalbn                                    
00003619  scalbnl                                   
00003729  __aeabi_dmul                              
00003a65  __aeabi_memcpy                            
00003a65  __aeabi_memcpy4                           
00003a65  __aeabi_memcpy8                           
00003a65  memcpy                                    
00003b01  __aeabi_uldivmod                          
00003b99  UART_initModule                           
00003c2d  __aeabi_cdcmpeq                           
00003c2d  __aeabi_cdcmple                           
00003cb3  __aeabi_cdrcmple                          
00003d39  __aeabi_memclr                            
00003d39  __aeabi_memclr4                           
00003d39  __aeabi_memclr8                           
00003d3b  __aeabi_memset                            
00003d3b  __aeabi_memset4                           
00003d3b  __aeabi_memset8                           
00003d41  memset                                    
00003e21  __TI_decompress_lzss                      
00003e89  Interrupt_enableInterrupt                 
00003eed  frexp                                     
00003eed  frexpl                                    
00003fa7  __TI_ltoa                                 
0000404d  main                                      
0000409d  atoi                                      
000040e9  GPIO_setAsPeripheralModuleFunctionInputPin
00004131  __aeabi_d2iz                              
00004179  __TI_auto_init_nobinit_nopinit            
000041bd  sprintf                                   
0000423b  __aeabi_f2d                               
00004275  _c_int00_noargs                           
000042a9  GPIO_getEnabledInterruptStatus            
000042d9  GPIO_setAsInputPinWithPullUpResistor      
00004309  UART_getEnabledInterruptStatus            
00004339  __aeabi_i2d                               
00004369  GPIO_setAsInputPin                        
00004395  PCM_getCoreVoltageLevel                   
000043c1  PCM_getPowerMode                          
000043ed  FlashCtl_setWaitState                     
00004415  CS_setDCOCenteredFrequency                
00004439  GPIO_setAsOutputPin                       
0000445d  Interrupt_setPriority                     
00004481  UART_disableInterrupt                     
000044a5  UART_receiveData                          
000044c9  UART_transmitData                         
000044ed  __aeabi_ui2d                              
0000450d  __TI_zero_init_nomemset                   
00004529  memccpy                                   
00004545  copysign                                  
00004545  copysignl                                 
00004561  GPIO_clearInterruptFlag                   
00004579  GPIO_getInputPinValue                     
00004591  GPIO_setOutputLowOnPin                    
000045a9  WDT_A_holdTimer                           
000045d9  UART_enableInterrupt                      
000045ef  strchr                                    
00004605  GPIO_enableInterrupt                      
00004619  GPIO_setOutputHighOnPin                   
0000462d  GPIO_toggleOutputOnPin                    
00004641  SysCtl_enableSRAMBankRetention            
00004655  strlen                                    
00004669  wcslen                                    
0000467d  GPIO_getInterruptStatus                   
0000468d  Interrupt_enableMaster                    
0000469d  UART_clearInterruptFlag                   
000046ab  __TI_decompress_none                      
000046b9  Reset_Handler                             
000046c5  AES256_IRQHandler                         
000046c5  BusFault_Handler                          
000046c5  COMP_E0_IRQHandler                        
000046c5  COMP_E1_IRQHandler                        
000046c5  CS_IRQHandler                             
000046c5  DMA_ERR_IRQHandler                        
000046c5  DMA_INT0_IRQHandler                       
000046c5  DMA_INT1_IRQHandler                       
000046c5  DMA_INT2_IRQHandler                       
000046c5  DMA_INT3_IRQHandler                       
000046c5  DebugMon_Handler                          
000046c5  Default_Handler                           
000046c5  EUSCIA1_IRQHandler                        
000046c5  EUSCIB0_IRQHandler                        
000046c5  EUSCIB1_IRQHandler                        
000046c5  EUSCIB2_IRQHandler                        
000046c5  EUSCIB3_IRQHandler                        
000046c5  FLCTL_IRQHandler                          
000046c5  FPU_IRQHandler                            
000046c5  HardFault_Handler                         
000046c5  MemManage_Handler                         
000046c5  NMI_Handler                               
000046c5  PCM_IRQHandler                            
000046c5  PSS_IRQHandler                            
000046c5  PendSV_Handler                            
000046c5  RTC_C_IRQHandler                          
000046c5  SVC_Handler                               
000046c5  T32_INT1_IRQHandler                       
000046c5  T32_INT2_IRQHandler                       
000046c5  T32_INTC_IRQHandler                       
000046c5  TA1_N_IRQHandler                          
000046c5  TA2_N_IRQHandler                          
000046c5  TA3_N_IRQHandler                          
000046c5  UsageFault_Handler                        
000046c5  WDT_A_IRQHandler                          
000046c7  CPU_cpsie                                 
000046d5  PCM_getPowerState                         
000046e1  UART_enableModule                         
000046f7  PCM_setCoreVoltageLevel                   
000046ff  PCM_setPowerMode                          
00004709  __aeabi_errno_addr                        
00004711  UART_getInterruptStatus                   
00004717  _system_pre_init                          
0000471b  C$$EXIT                                   
0000471b  abort                                     
00004720  F6x8                                      
00004948  Hzk                                       
00004b08  _ctypes_                                  
00004c9c  UART0                                     
00004cc0  UART2                                     
00004ce4  UART3                                     
00004d08  UART3_SET                                 
00004d88  __TI_Handler_Table_Base                   
00004d94  __TI_Handler_Table_Limit                  
00004da0  __TI_CINIT_Base                           
00004db0  __TI_CINIT_Limit                          
20000000  __start___llvm_prf_cnts                   
20000000  __stop___llvm_prf_cnts                    
20000000  screen_buf                                
20002000  bmp2                                      
20002400  bmp                                       
20002800  Oscill_data_buff                          
20002a30  timerAcaptureValues                       
20002a58  dirf                                      
20002a5c  count_max                                 
20002a60  page_count                                
20002a64  start_flag                                
20002a68  count                                     
20002a6c  testA                                     
20002a70  testB                                     
20002a74  IRQ3_5flag                                
20002a75  IRQ4_6flag                                
20002a76  A_flag                                    
20002a77  B_flag                                    
20002a78  receive_success                           
20002a7c  ADC_CA                                    
20002a80  ADC_CB                                    
20002a84  ADC_CC                                    
20002a88  ADC_CD                                    
20002a8c  ii                                        
20002a90  ADC_receive_count                         
20002a94  ADS_RCV_DATA                              
20002aa0  R_FLAG                                    
20002aa1  ADS_RCV_FLAG                              
20002aa2  ADS_RCV_STATE                             
20002aa8  IIC_test_num                              
20002ab0  timerAcapturePointer                      
20002ab4  time_counter                              
20002ab8  sysc                                      
20002abc  systim                                    
20002ac8  errno                                     
20002acc  SystemCoreClock                           
20002ad0  UART3_RXDat                               
20002ad1  UART2_RXDat                               
20002ad2  UART0_RXDat                               
20002ad4  oscill1                                   
20002aec  A0results                                 
20002afc  A1results                                 
20002b0c  A2results                                 
20002b1c  A3results                                 
20002b2c  encoder_A                                 
20002b34  encoder_B                                 
20002b3c  encoder_C                                 
20002b44  encoder_D                                 
20002b50  ad_get                                    
2000fe00  __stack                                   
20010000  __STACK_END                               
4000480c  WDTCTL_SYM                                
ffffffff  __TI_pprof_out_hndl                       
ffffffff  __TI_prof_data_size                       
ffffffff  __TI_prof_data_start                      
ffffffff  __binit__                                 
ffffffff  __c_args__                                
ffffffff  binit                                     
UNDEFED   __mpu_init                                
UNDEFED   _system_post_cinit                        

[293 symbols]
