******************************************************************************
                  TI ARM Linker PC v20.2.1                     
******************************************************************************
>> Linked Wed Mar 30 20:45:46 2022

OUTPUT FILE NAME:   <16.Exin_IIC.out>
ENTRY POINT SYMBOL: "_c_int00_noargs"  address: 00003981


MEMORY CONFIGURATION

         name            origin    length      used     unused   attr    fill
----------------------  --------  ---------  --------  --------  ----  --------
  MAIN                  00000000   00040000  00003b2c  0003c4d4  R  X
  INFO                  00200000   00004000  00000000  00004000  R  X
  SRAM_CODE             01000000   00010000  000002c4  0000fd3c  RW X
  SRAM_DATA             20000000   00010000  000002c4  0000fd3c  RW  


SEGMENT ALLOCATION MAP

run origin  load origin   length   init length attrs members
----------  ----------- ---------- ----------- ----- -------
00000000    00000000    00003b30   00003b30    r-x
  00000000    00000000    000000e4   000000e4    r-- .intvecs
  000000e4    000000e4    00003930   00003930    r-x .text
  00003a14    00003a14    000000c8   000000c8    r-- .const
  00003ae0    00003ae0    00000050   00000050    r-- .cinit
20000000    20000000    000000c4   00000000    rw-
  20000000    20000000    00000070   00000000    rw- .data
  20000070    20000070    00000054   00000000    rw- .bss
2000fe00    2000fe00    00000200   00000000    rw-
  2000fe00    2000fe00    00000200   00000000    rw- .stack


SECTION ALLOCATION MAP

 output                                  attributes/
section   page    origin      length       input sections
--------  ----  ----------  ----------   ----------------
.intvecs   0    00000000    000000e4     
                  00000000    000000e4     startup_msp432p401r_ccs.obj (.intvecs:retain)

.text      0    000000e4    00003930     
                  000000e4    00000a9c     exingpio.obj (.text)
                  00000b80    000008f0     exinADC.obj (.text)
                  00001470    00000838     exinuart.obj (.text)
                  00001ca8    00000664     exinisr.obj (.text)
                  0000230c    00000600     exinTimerA.obj (.text)
                  0000290c    000004fc     exinsystem.obj (.text)
                  00002e08    0000033e     exinIIC.obj (.text)
                  00003146    00000002     --HOLE-- [fill = 0]
                  00003148    00000334     system_msp432p401r.obj (.text)
                  0000347c    000001b6     rtsv7M4_T_le_v4SPD16_eabi.lib : fd_add_t2.asm.obj (.text)
                  00003632    00000136                                   : fd_div_t2.asm.obj (.text)
                  00003768    0000009c                                   : memcpy_t2.asm.obj (.text)
                  00003804    00000068                                   : copy_decompress_lzss.c.obj (.text:decompress:lzss:__TI_decompress_lzss)
                  0000386c    00000050     main.obj (.text)
                  000038bc    00000048     rtsv7M4_T_le_v4SPD16_eabi.lib : fd_toi_t2.asm.obj (.text)
                  00003904    00000044                                   : autoinit.c.obj (.text:__TI_auto_init_nobinit_nopinit:__TI_auto_init_nobinit_nopinit)
                  00003948    00000038                                   : fs_tod_t2.asm.obj (.text)
                  00003980    00000034                                   : boot_cortex_m.c.obj (.text:_c_int00_noargs:_c_int00_noargs)
                  000039b4    00000020                                   : u_tofd_t2.asm.obj (.text)
                  000039d4    0000001c                                   : copy_zero_init.c.obj (.text:decompress:ZI:__TI_zero_init_nomemset:__TI_zero_init_nomemset)
                  000039f0    0000000e                                   : copy_decompress_none.c.obj (.text:decompress:none:__TI_decompress_none)
                  000039fe    0000000e     startup_msp432p401r_ccs.obj (.text)
                  00003a0c    00000004     rtsv7M4_T_le_v4SPD16_eabi.lib : pre_init.c.obj (.text:_system_pre_init)
                  00003a10    00000004                                   : exit.c.obj (.text:abort:abort)

.const     0    00003a14    000000c8     
                  00003a14    000000a0     exinuart.obj (.const:FP_N)
                  00003ab4    00000028     exinuart.obj (.const:.string:BRS)

.cinit     0    00003ae0    00000050     
                  00003ae0    00000025     (.cinit..data.load) [load image, compression = lzss]
                  00003b05    00000003     --HOLE-- [fill = 0]
                  00003b08    0000000c     (__TI_handler_table)
                  00003b14    00000004     --HOLE-- [fill = 0]
                  00003b18    00000008     (.cinit..bss.load) [load image, compression = zero_init]
                  00003b20    00000010     (__TI_cinit_table)

.init_array 
*          0    00000000    00000000     UNINITIALIZED

.binit     0    00000000    00000000     

.data      0    20000000    00000070     UNINITIALIZED
                  20000000    00000038     exinTimerAINT.obj (.data:CCRn_period_val)
                  20000038    0000001c     exinadjust.obj (.data)
                  20000054    00000008     main.obj (.data:IIC_test_num)
                  2000005c    00000008     exinsystem.obj (.data)
                  20000064    00000008     exinuart.obj (.data)
                  2000006c    00000004     system_msp432p401r.obj (.data)

.bss       0    20000070    00000054     UNINITIALIZED
                  20000070    00000030     (.common:ADC14_STRUCT)
                  200000a0    00000008     (.common:encoder_A)
                  200000a8    00000008     (.common:encoder_B)
                  200000b0    00000008     (.common:encoder_C)
                  200000b8    00000008     (.common:encoder_D)
                  200000c0    00000004     exinsystem.obj (.bss)

.stack     0    2000fe00    00000200     UNINITIALIZED
                  2000fe00    00000004     rtsv7M4_T_le_v4SPD16_eabi.lib : boot_cortex_m.c.obj (.stack)
                  2000fe04    000001fc     --HOLE--

__llvm_prf_cnts 
*          0    20000000    00000000     UNINITIALIZED

MODULE SUMMARY

       Module                        code    ro data   rw data
       ------                        ----    -------   -------
    .\
       system_msp432p401r.obj        820     0         8      
       startup_msp432p401r_ccs.obj   14      228       0      
       main.obj                      80      0         112    
    +--+-----------------------------+-------+---------+---------+
       Total:                        914     228       120    
                                                              
    .\exinlibs\
       exingpio.obj                  2716    0         0      
       exinuart.obj                  2104    200       16     
       exinADC.obj                   2288    0         0      
       exinisr.obj                   1636    0         0      
       exinTimerA.obj                1536    0         0      
       exinsystem.obj                1276    0         24     
       exinIIC.obj                   830     0         0      
       exinTimerAINT.obj             0       0         112    
       exinencoder.obj               0       0         64     
       exinadjust.obj                0       0         56     
    +--+-----------------------------+-------+---------+---------+
       Total:                        12386   200       272    
                                                              
    D:\CCS\ccs\tools\compiler\ti-cgt-arm_20.2.1.LTS\lib\rtsv7M4_T_le_v4SPD16_eabi.lib
       fd_add_t2.asm.obj             438     0         0      
       fd_div_t2.asm.obj             310     0         0      
       memcpy_t2.asm.obj             156     0         0      
       copy_decompress_lzss.c.obj    104     0         0      
       fd_toi_t2.asm.obj             72      0         0      
       autoinit.c.obj                68      0         0      
       fs_tod_t2.asm.obj             56      0         0      
       boot_cortex_m.c.obj           52      0         0      
       u_tofd_t2.asm.obj             32      0         0      
       copy_zero_init.c.obj          28      0         0      
       copy_decompress_none.c.obj    14      0         0      
       exit.c.obj                    4       0         0      
       pre_init.c.obj                4       0         0      
    +--+-----------------------------+-------+---------+---------+
       Total:                        1338    0         0      
                                                              
       Stack:                        0       0         1024   
       Linker Generated:             0       73        0      
    +--+-----------------------------+-------+---------+---------+
       Grand Total:                  14638   501       1416   


LINKER GENERATED COPY TABLES

__TI_cinit_table @ 00003b20 records: 2, size/record: 8, table size: 16
	.data: load addr=00003ae0, load size=00000025 bytes, run addr=20000000, run size=00000070 bytes, compression=lzss
	.bss: load addr=00003b18, load size=00000008 bytes, run addr=20000070, run size=00000054 bytes, compression=zero_init


LINKER GENERATED HANDLER TABLE

__TI_handler_table @ 00003b08 records: 3, size/record: 4, table size: 12
	index: 0, handler: __TI_decompress_lzss
	index: 1, handler: __TI_decompress_none
	index: 2, handler: __TI_zero_init


GLOBAL SYMBOLS: SORTED ALPHABETICALLY BY Name 

address   name                          
-------   ----                          
00001091  ADC14_CHAEND_set              
00000dc5  ADC14_CHA_sel                 
00000ed9  ADC14_CLK_sel                 
0000128d  ADC14_IRQFG_set               
000013e5  ADC14_IRQHandler              
000013e5  ADC14_IRQHandler              
00001189  ADC14_MEM_set                 
00000fd7  ADC14_PREC_sel                
20000070  ADC14_STRUCT                  
00000b8d  ADC14_convert_disable         
00000b81  ADC14_convert_enable          
00000ba5  ADC14_convert_end             
00000b99  ADC14_convert_start           
00001031  ADC14_init                    
00000c4f  ADC14_read_data               
00001319  ADC14_repeatmod_init          
00001391  ADC14_repeatmod_rec           
00000bb1  ADC14_start                   
00003a0b  AES256_IRQHandler             
20000052  A_flag                        
20000068  BRCLK                         
00003ab4  BRS                           
20000053  B_flag                        
00003a0b  BusFault_Handler              
00003a11  C$$EXIT                       
0000281d  CCRn_MOD_sel                  
20000000  CCRn_period_val               
00003a0b  COMP_E0_IRQHandler            
00003a0b  COMP_E1_IRQHandler            
00003a0b  CS_IRQHandler                 
0000293f  CS_locked                     
00002935  CS_unlocked                   
00002fc3  Check_ACK                     
00002947  DCO_set                       
00003a0b  DMA_ERR_IRQHandler            
00003a0b  DMA_INT0_IRQHandler           
00003a0b  DMA_INT1_IRQHandler           
00003a0b  DMA_INT2_IRQHandler           
00003a0b  DMA_INT3_IRQHandler           
00003a0b  DebugMon_Handler              
00003a0b  Default_Handler               
00001c3d  EUSCIA0_IRQHandler            
00001c3d  EUSCIA0_IRQHandler            
00001c47  EUSCIA1_IRQHandler            
00001c47  EUSCIA1_IRQHandler            
00001c59  EUSCIA2_IRQHandler            
00001c59  EUSCIA2_IRQHandler            
00001c69  EUSCIA3_IRQHandler            
00001c69  EUSCIA3_IRQHandler            
00003a0b  EUSCIB0_IRQHandler            
00003a0b  EUSCIB1_IRQHandler            
00003a0b  EUSCIB2_IRQHandler            
00003a0b  EUSCIB3_IRQHandler            
00003a0b  FLCTL_IRQHandler              
00003a0b  FPU_IRQHandler                
00003a14  FP_N                          
00003a0b  HardFault_Handler             
00002f3b  IIC_ACK                       
00002f7f  IIC_NACK                      
000030bf  IIC_Read_Byte                 
0000302d  IIC_Send_Byte                 
00002e09  IIC_init                      
00002e39  IIC_reset                     
00002ead  IIC_start                     
00002ef1  IIC_stop                      
20000054  IIC_test_num                  
20000050  IRQ3_5flag                    
20000051  IRQ4_6flag                    
000029bd  MCLK_set                      
00003a0b  MemManage_Handler             
00003a0b  NMI_Handler                   
00003a0b  PCM_IRQHandler                
00001ca9  PORT1_IRQHandler              
00001ca9  PORT1_IRQHandler              
00001d4f  PORT2_IRQHandler              
00001d4f  PORT2_IRQHandler              
00001e1b  PORT3_IRQHandler              
00001e1b  PORT3_IRQHandler              
00001ed3  PORT4_IRQHandler              
00001ed3  PORT4_IRQHandler              
00001fb1  PORT5_IRQHandler              
00001fb1  PORT5_IRQHandler              
00002085  PORT6_IRQHandler              
00002085  PORT6_IRQHandler              
00003a0b  PSS_IRQHandler                
00003a0b  PendSV_Handler                
00003a0b  RTC_C_IRQHandler              
000039ff  Reset_Handler                 
00002add  SMCLK_set                     
00003a0b  SVC_Handler                   
00002d83  SysTick_Handler               
00002d83  SysTick_Handler               
2000006c  SystemCoreClock               
00003149  SystemCoreClockUpdate         
000033c1  SystemInit                    
00003a0b  T32_INT1_IRQHandler           
00003a0b  T32_INT2_IRQHandler           
00003a0b  T32_INTC_IRQHandler           
00002161  TA0_0_IRQHandler              
00002161  TA0_0_IRQHandler              
0000219b  TA0_N_IRQHandler              
0000219b  TA0_N_IRQHandler              
00002177  TA1_0_IRQHandler              
00002177  TA1_0_IRQHandler              
000021a1  TA1_N_IRQHandler              
000021a1  TA1_N_IRQHandler              
00002183  TA2_0_IRQHandler              
00002183  TA2_0_IRQHandler              
000021a3  TA2_N_IRQHandler              
000021a3  TA2_N_IRQHandler              
0000218f  TA3_0_IRQHandler              
0000218f  TA3_0_IRQHandler              
000021b9  TA3_N_IRQHandler              
000021b9  TA3_N_IRQHandler              
0000279d  TimerA_CCRVAL_set             
000023b3  TimerA_CLK_set                
0000230d  TimerA_MOD_sel                
00002575  TimerA_NVIC_IRQ_set           
000026ed  TimerA_disable_CCRnIRQ        
0000263d  TimerA_enable_CCRnIRQ         
20000066  UART0_RXDat                   
20000065  UART2_RXDat                   
20000064  UART3_RXDat                   
000016e1  UART_BRS_val                  
00001801  UART_Baunds_set               
000015e9  UART_CLK_sel                  
000014ed  UART_IRQRX_set                
00001471  UART_IRQ_set                  
00001595  UART_PIN_sel                  
00001541  UART_USIC_init                
00001a35  UART_init                     
00001b15  UART_recv_Byte                
00001aa1  UART_send_Byte                
00001c01  UART_send_int                 
00001ba5  UART_send_short               
00001b69  UART_send_string              
00003a0b  UsageFault_Handler            
4000480c  WDTCTL_SYM                    
00003a0b  WDT_A_IRQHandler              
20010000  __STACK_END                   
00000200  __STACK_SIZE                  
00003b20  __TI_CINIT_Base               
00003b30  __TI_CINIT_Limit              
00003b08  __TI_Handler_Table_Base       
00003b14  __TI_Handler_Table_Limit      
00003905  __TI_auto_init_nobinit_nopinit
00003805  __TI_decompress_lzss          
000039f1  __TI_decompress_none          
ffffffff  __TI_pprof_out_hndl           
ffffffff  __TI_prof_data_size           
ffffffff  __TI_prof_data_start          
00000000  __TI_static_base__            
000039d5  __TI_zero_init_nomemset       
000038bd  __aeabi_d2iz                  
00003487  __aeabi_dadd                  
00003633  __aeabi_ddiv                  
0000347d  __aeabi_dsub                  
00003949  __aeabi_f2d                   
00003769  __aeabi_memcpy                
00003769  __aeabi_memcpy4               
00003769  __aeabi_memcpy8               
000039b5  __aeabi_ui2d                  
ffffffff  __binit__                     
ffffffff  __c_args__                    
UNDEFED   __mpu_init                    
2000fe00  __stack                       
20000000  __start___llvm_prf_cnts       
20000000  __stop___llvm_prf_cnts        
00003981  _c_int00_noargs               
UNDEFED   _system_post_cinit            
00003a0d  _system_pre_init              
00003a11  abort                         
ffffffff  binit                         
20000044  count                         
20000038  dirf                          
200000a0  encoder_A                     
200000a8  encoder_B                     
200000b0  encoder_C                     
200000b8  encoder_D                     
0000290d  error                         
000006bf  gpio_clr_GPIOIRQFLG           
0000064d  gpio_disable_IRQ              
000004cd  gpio_disable_Ren              
00000741  gpio_edg_sel                  
000005b5  gpio_enable_IRQ               
0000040d  gpio_enable_Ren               
00000951  gpio_get                      
000008c1  gpio_init                     
00000861  gpio_interrupt_INIT           
00000a41  gpio_set                      
000001a5  gpio_set_Asin                 
000000e5  gpio_set_Asout                
00000265  gpio_set_High                 
00000325  gpio_set_Low                  
00000a71  gpio_toggle                   
00000000  interruptVectors              
0000386d  main                          
00003769  memcpy                        
2000003c  page_count                    
00002c05  set_DCO_48MH                  
00002c9d  set_clock_period              
20000040  start_flag                    
2000005c  sysc                          
00002d63  system_init                   
00002d55  systic_clr                    
00002dab  systic_delayms                
00002d8d  systic_delayus                
00002ce1  systic_end                    
00002ca7  systic_init                   
00002cf5  systic_read                   
00002ccb  systic_start                  
20000060  systim                        
20000048  testA                         
2000004c  testB                         


GLOBAL SYMBOLS: SORTED BY Symbol Address 

address   name                          
-------   ----                          
00000000  __TI_static_base__            
00000000  interruptVectors              
000000e5  gpio_set_Asout                
000001a5  gpio_set_Asin                 
00000200  __STACK_SIZE                  
00000265  gpio_set_High                 
00000325  gpio_set_Low                  
0000040d  gpio_enable_Ren               
000004cd  gpio_disable_Ren              
000005b5  gpio_enable_IRQ               
0000064d  gpio_disable_IRQ              
000006bf  gpio_clr_GPIOIRQFLG           
00000741  gpio_edg_sel                  
00000861  gpio_interrupt_INIT           
000008c1  gpio_init                     
00000951  gpio_get                      
00000a41  gpio_set                      
00000a71  gpio_toggle                   
00000b81  ADC14_convert_enable          
00000b8d  ADC14_convert_disable         
00000b99  ADC14_convert_start           
00000ba5  ADC14_convert_end             
00000bb1  ADC14_start                   
00000c4f  ADC14_read_data               
00000dc5  ADC14_CHA_sel                 
00000ed9  ADC14_CLK_sel                 
00000fd7  ADC14_PREC_sel                
00001031  ADC14_init                    
00001091  ADC14_CHAEND_set              
00001189  ADC14_MEM_set                 
0000128d  ADC14_IRQFG_set               
00001319  ADC14_repeatmod_init          
00001391  ADC14_repeatmod_rec           
000013e5  ADC14_IRQHandler              
000013e5  ADC14_IRQHandler              
00001471  UART_IRQ_set                  
000014ed  UART_IRQRX_set                
00001541  UART_USIC_init                
00001595  UART_PIN_sel                  
000015e9  UART_CLK_sel                  
000016e1  UART_BRS_val                  
00001801  UART_Baunds_set               
00001a35  UART_init                     
00001aa1  UART_send_Byte                
00001b15  UART_recv_Byte                
00001b69  UART_send_string              
00001ba5  UART_send_short               
00001c01  UART_send_int                 
00001c3d  EUSCIA0_IRQHandler            
00001c3d  EUSCIA0_IRQHandler            
00001c47  EUSCIA1_IRQHandler            
00001c47  EUSCIA1_IRQHandler            
00001c59  EUSCIA2_IRQHandler            
00001c59  EUSCIA2_IRQHandler            
00001c69  EUSCIA3_IRQHandler            
00001c69  EUSCIA3_IRQHandler            
00001ca9  PORT1_IRQHandler              
00001ca9  PORT1_IRQHandler              
00001d4f  PORT2_IRQHandler              
00001d4f  PORT2_IRQHandler              
00001e1b  PORT3_IRQHandler              
00001e1b  PORT3_IRQHandler              
00001ed3  PORT4_IRQHandler              
00001ed3  PORT4_IRQHandler              
00001fb1  PORT5_IRQHandler              
00001fb1  PORT5_IRQHandler              
00002085  PORT6_IRQHandler              
00002085  PORT6_IRQHandler              
00002161  TA0_0_IRQHandler              
00002161  TA0_0_IRQHandler              
00002177  TA1_0_IRQHandler              
00002177  TA1_0_IRQHandler              
00002183  TA2_0_IRQHandler              
00002183  TA2_0_IRQHandler              
0000218f  TA3_0_IRQHandler              
0000218f  TA3_0_IRQHandler              
0000219b  TA0_N_IRQHandler              
0000219b  TA0_N_IRQHandler              
000021a1  TA1_N_IRQHandler              
000021a1  TA1_N_IRQHandler              
000021a3  TA2_N_IRQHandler              
000021a3  TA2_N_IRQHandler              
000021b9  TA3_N_IRQHandler              
000021b9  TA3_N_IRQHandler              
0000230d  TimerA_MOD_sel                
000023b3  TimerA_CLK_set                
00002575  TimerA_NVIC_IRQ_set           
0000263d  TimerA_enable_CCRnIRQ         
000026ed  TimerA_disable_CCRnIRQ        
0000279d  TimerA_CCRVAL_set             
0000281d  CCRn_MOD_sel                  
0000290d  error                         
00002935  CS_unlocked                   
0000293f  CS_locked                     
00002947  DCO_set                       
000029bd  MCLK_set                      
00002add  SMCLK_set                     
00002c05  set_DCO_48MH                  
00002c9d  set_clock_period              
00002ca7  systic_init                   
00002ccb  systic_start                  
00002ce1  systic_end                    
00002cf5  systic_read                   
00002d55  systic_clr                    
00002d63  system_init                   
00002d83  SysTick_Handler               
00002d83  SysTick_Handler               
00002d8d  systic_delayus                
00002dab  systic_delayms                
00002e09  IIC_init                      
00002e39  IIC_reset                     
00002ead  IIC_start                     
00002ef1  IIC_stop                      
00002f3b  IIC_ACK                       
00002f7f  IIC_NACK                      
00002fc3  Check_ACK                     
0000302d  IIC_Send_Byte                 
000030bf  IIC_Read_Byte                 
00003149  SystemCoreClockUpdate         
000033c1  SystemInit                    
0000347d  __aeabi_dsub                  
00003487  __aeabi_dadd                  
00003633  __aeabi_ddiv                  
00003769  __aeabi_memcpy                
00003769  __aeabi_memcpy4               
00003769  __aeabi_memcpy8               
00003769  memcpy                        
00003805  __TI_decompress_lzss          
0000386d  main                          
000038bd  __aeabi_d2iz                  
00003905  __TI_auto_init_nobinit_nopinit
00003949  __aeabi_f2d                   
00003981  _c_int00_noargs               
000039b5  __aeabi_ui2d                  
000039d5  __TI_zero_init_nomemset       
000039f1  __TI_decompress_none          
000039ff  Reset_Handler                 
00003a0b  AES256_IRQHandler             
00003a0b  BusFault_Handler              
00003a0b  COMP_E0_IRQHandler            
00003a0b  COMP_E1_IRQHandler            
00003a0b  CS_IRQHandler                 
00003a0b  DMA_ERR_IRQHandler            
00003a0b  DMA_INT0_IRQHandler           
00003a0b  DMA_INT1_IRQHandler           
00003a0b  DMA_INT2_IRQHandler           
00003a0b  DMA_INT3_IRQHandler           
00003a0b  DebugMon_Handler              
00003a0b  Default_Handler               
00003a0b  EUSCIB0_IRQHandler            
00003a0b  EUSCIB1_IRQHandler            
00003a0b  EUSCIB2_IRQHandler            
00003a0b  EUSCIB3_IRQHandler            
00003a0b  FLCTL_IRQHandler              
00003a0b  FPU_IRQHandler                
00003a0b  HardFault_Handler             
00003a0b  MemManage_Handler             
00003a0b  NMI_Handler                   
00003a0b  PCM_IRQHandler                
00003a0b  PSS_IRQHandler                
00003a0b  PendSV_Handler                
00003a0b  RTC_C_IRQHandler              
00003a0b  SVC_Handler                   
00003a0b  T32_INT1_IRQHandler           
00003a0b  T32_INT2_IRQHandler           
00003a0b  T32_INTC_IRQHandler           
00003a0b  UsageFault_Handler            
00003a0b  WDT_A_IRQHandler              
00003a0d  _system_pre_init              
00003a11  C$$EXIT                       
00003a11  abort                         
00003a14  FP_N                          
00003ab4  BRS                           
00003b08  __TI_Handler_Table_Base       
00003b14  __TI_Handler_Table_Limit      
00003b20  __TI_CINIT_Base               
00003b30  __TI_CINIT_Limit              
20000000  CCRn_period_val               
20000000  __start___llvm_prf_cnts       
20000000  __stop___llvm_prf_cnts        
20000038  dirf                          
2000003c  page_count                    
20000040  start_flag                    
20000044  count                         
20000048  testA                         
2000004c  testB                         
20000050  IRQ3_5flag                    
20000051  IRQ4_6flag                    
20000052  A_flag                        
20000053  B_flag                        
20000054  IIC_test_num                  
2000005c  sysc                          
20000060  systim                        
20000064  UART3_RXDat                   
20000065  UART2_RXDat                   
20000066  UART0_RXDat                   
20000068  BRCLK                         
2000006c  SystemCoreClock               
20000070  ADC14_STRUCT                  
200000a0  encoder_A                     
200000a8  encoder_B                     
200000b0  encoder_C                     
200000b8  encoder_D                     
2000fe00  __stack                       
20010000  __STACK_END                   
4000480c  WDTCTL_SYM                    
ffffffff  __TI_pprof_out_hndl           
ffffffff  __TI_prof_data_size           
ffffffff  __TI_prof_data_start          
ffffffff  __binit__                     
ffffffff  __c_args__                    
ffffffff  binit                         
UNDEFED   __mpu_init                    
UNDEFED   _system_post_cinit            

[214 symbols]
