******************************************************************************
                  TI ARM Linker PC v20.2.1                     
******************************************************************************
>> Linked Fri Dec 17 23:49:47 2021

OUTPUT FILE NAME:   <16.Exin_IIC.out>
ENTRY POINT SYMBOL: "_c_int00_noargs"  address: 0000447d


MEMORY CONFIGURATION

         name            origin    length      used     unused   attr    fill
----------------------  --------  ---------  --------  --------  ----  --------
  MAIN                  00000000   00040000  00004fb2  0003b04e  R  X
  INFO                  00200000   00004000  00000000  00004000  R  X
  SRAM_CODE             01000000   00010000  00002cf8  0000d308  RW X
  SRAM_DATA             20000000   00010000  00002cf8  0000d308  RW  


SEGMENT ALLOCATION MAP

run origin  load origin   length   init length attrs members
----------  ----------- ---------- ----------- ----- -------
00000000    00000000    00004fb8   00004fb8    r-x
  00000000    00000000    000000e4   000000e4    r-- .intvecs
  000000e4    000000e4    00004842   00004842    r-x .text
  00004928    00004928    0000060c   0000060c    r-- .const
  00004f38    00004f38    00000080   00000080    r-- .cinit
20000000    20000000    00002af9   00000000    rw-
  20000000    20000000    00002abb   00000000    rw- .data
  20002abc    20002abc    0000003d   00000000    rw- .bss
2000fe00    2000fe00    00000200   00000000    rw-
  2000fe00    2000fe00    00000200   00000000    rw- .stack


SECTION ALLOCATION MAP

 output                                  attributes/
section   page    origin      length       input sections
--------  ----  ----------  ----------   ----------------
.intvecs   0    00000000    000000e4     
                  00000000    000000e4     startup_msp432p401r_ccs.obj (.intvecs:retain)

.text      0    000000e4    00004842     
                  000000e4    00000a4e     rtsv7M4_T_le_v4SPD16_eabi.lib : _printfi.c.obj (.text:__TI_printfi)
                  00000b32    00000002                                   : div0.asm.obj (.text)
                  00000b34    000007dc     oled.obj (.text)
                  00001310    00000538     exinADC.obj (.text)
                  00001848    000003f0     exinencoder.obj (.text)
                  00001c38    0000033e     exinIIC.obj (.text)
                  00001f76    00000002     --HOLE-- [fill = 0]
                  00001f78    00000334     system_msp432p401r.obj (.text)
                  000022ac    000002bc     exinisr.obj (.text)
                  00002568    00000270     rtsv7M4_T_le_v4SPD16_eabi.lib : _printfi.c.obj (.text:_pconv_a)
                  000027d8    00000268     exingpio.obj (.text)
                  00002a40    00000240     exinsystem.obj (.text)
                  00002c80    000001d0     rtsv7M4_T_le_v4SPD16_eabi.lib : _printfi.c.obj (.text:_pconv_g)
                  00002e50    000001b6                                   : fd_add_t2.asm.obj (.text)
                  00003006    00000002     --HOLE-- [fill = 0]
                  00003008    000001b4     ADS_RCV.obj (.text)
                  000031bc    00000184     exinuart.obj (.text)
                  00003340    00000148     exin_pit.obj (.text)
                  00003488    0000013c     rtsv7M4_T_le_v4SPD16_eabi.lib : _printfi.c.obj (.text:_pconv_e)
                  000035c4    00000136                                   : fd_div_t2.asm.obj (.text)
                  000036fa    00000002     --HOLE-- [fill = 0]
                  000036fc    00000124                                   : _printfi.c.obj (.text:fcvt)
                  00003820    00000110                                   : s_scalbn.c.obj (.text:scalbn)
                  00003930    000000fc                                   : fd_mul_t2.asm.obj (.text)
                  00003a2c    000000dc     msp432p4xx_driverlib.lib : pcm.o (.text:__PCM_setPowerModeAdvanced)
                  00003b08    000000b1     rtsv7M4_T_le_v4SPD16_eabi.lib : _printfi.c.obj (.text:_ltostr)
                  00003bb9    00000003     --HOLE-- [fill = 0]
                  00003bbc    000000b0     msp432p4xx_driverlib.lib : pcm.o (.text:__PCM_setCoreVoltageLevelAdvanced)
                  00003c6c    0000009c     rtsv7M4_T_le_v4SPD16_eabi.lib : memcpy_t2.asm.obj (.text)
                  00003d08    00000096                                   : ull_div_t2.asm.obj (.text)
                  00003d9e    00000002     --HOLE-- [fill = 0]
                  00003da0    00000094     msp432p4xx_driverlib.lib : uart.o (.text:UART_initModule)
                  00003e34    00000086     rtsv7M4_T_le_v4SPD16_eabi.lib : fd_cmp_t2.asm.obj (.text:__aeabi_cdcmple)
                  00003eba    00000086                                   : fd_cmp_t2.asm.obj (.text:__aeabi_cdrcmple)
                  00003f40    0000007a                                   : memset_t2.asm.obj (.text)
                  00003fba    0000006e                                   : _printfi.c.obj (.text:_mcpy)
                  00004028    00000068                                   : copy_decompress_lzss.c.obj (.text:decompress:lzss:__TI_decompress_lzss)
                  00004090    00000064     msp432p4xx_driverlib.lib : interrupt.o (.text:Interrupt_enableInterrupt)
                  000040f4    00000064     rtsv7M4_T_le_v4SPD16_eabi.lib : s_frexp.c.obj (.text:frexp)
                  00004158    00000056                                   : _printfi.c.obj (.text:_pconv_f)
                  000041ae    00000054                                   : _ltoa.c.obj (.text:__TI_ltoa)
                  00004202    00000052                                   : _printfi.c.obj (.text:_ecpy)
                  00004254    00000050     main.obj (.text)
                  000042a4    0000004c     rtsv7M4_T_le_v4SPD16_eabi.lib : atoi.c.obj (.text:atoi)
                  000042f0    00000048     msp432p4xx_driverlib.lib : gpio.o (.text:GPIO_setAsPeripheralModuleFunctionInputPin)
                  00004338    00000048     rtsv7M4_T_le_v4SPD16_eabi.lib : fd_toi_t2.asm.obj (.text)
                  00004380    00000044                                   : autoinit.c.obj (.text:__TI_auto_init_nobinit_nopinit:__TI_auto_init_nobinit_nopinit)
                  000043c4    00000040                                   : sprintf.c.obj (.text:sprintf)
                  00004404    0000003e                                   : _printfi.c.obj (.text:_fcpy)
                  00004442    00000038                                   : fs_tod_t2.asm.obj (.text)
                  0000447a    00000002     --HOLE-- [fill = 0]
                  0000447c    00000034                                   : boot_cortex_m.c.obj (.text:_c_int00_noargs:_c_int00_noargs)
                  000044b0    00000030     msp432p4xx_driverlib.lib : gpio.o (.text:GPIO_getEnabledInterruptStatus)
                  000044e0    00000030                              : gpio.o (.text:GPIO_setAsInputPinWithPullUpResistor)
                  00004510    00000030                              : uart.o (.text:UART_getEnabledInterruptStatus)
                  00004540    0000002e     rtsv7M4_T_le_v4SPD16_eabi.lib : i_tofd_t2.asm.obj (.text)
                  0000456e    00000002     --HOLE-- [fill = 0]
                  00004570    0000002c     msp432p4xx_driverlib.lib : gpio.o (.text:GPIO_setAsInputPin)
                  0000459c    0000002c                              : pcm.o (.text:PCM_getCoreVoltageLevel)
                  000045c8    0000002a                              : pcm.o (.text:PCM_getPowerMode)
                  000045f2    00000002     --HOLE-- [fill = 0]
                  000045f4    00000028                              : flash.o (.text:FlashCtl_setWaitState)
                  0000461c    00000024                              : cs.o (.text:CS_setDCOCenteredFrequency)
                  00004640    00000024                              : gpio.o (.text:GPIO_setAsOutputPin)
                  00004664    00000024                              : interrupt.o (.text:Interrupt_setPriority)
                  00004688    00000024                              : uart.o (.text:UART_disableInterrupt)
                  000046ac    00000024                              : uart.o (.text:UART_receiveData)
                  000046d0    00000024                              : uart.o (.text:UART_transmitData)
                  000046f4    00000020     rtsv7M4_T_le_v4SPD16_eabi.lib : u_tofd_t2.asm.obj (.text)
                  00004714    0000001c                                   : copy_zero_init.c.obj (.text:decompress:ZI:__TI_zero_init_nomemset:__TI_zero_init_nomemset)
                  00004730    0000001c                                   : memccpy.c.obj (.text:memccpy)
                  0000474c    0000001a                                   : s_copysign.c.obj (.text:copysign)
                  00004766    00000002     --HOLE-- [fill = 0]
                  00004768    00000018     msp432p4xx_driverlib.lib : gpio.o (.text:GPIO_clearInterruptFlag)
                  00004780    00000018                              : gpio.o (.text:GPIO_getInputPinValue)
                  00004798    00000018                              : gpio.o (.text:GPIO_setOutputLowOnPin)
                  000047b0    00000018                              : wdt_a.o (.text:WDT_A_holdTimer)
                  000047c8    00000018     rtsv7M4_T_le_v4SPD16_eabi.lib : sprintf.c.obj (.text:_outs)
                  000047e0    00000016     msp432p4xx_driverlib.lib : uart.o (.text:UART_enableInterrupt)
                  000047f6    00000016     rtsv7M4_T_le_v4SPD16_eabi.lib : strchr.c.obj (.text:strchr)
                  0000480c    00000014     msp432p4xx_driverlib.lib : gpio.o (.text:GPIO_enableInterrupt)
                  00004820    00000014                              : gpio.o (.text:GPIO_setOutputHighOnPin)
                  00004834    00000014                              : gpio.o (.text:GPIO_toggleOutputOnPin)
                  00004848    00000014                              : sysctl.o (.text:SysCtl_enableSRAMBankRetention)
                  0000485c    00000014     rtsv7M4_T_le_v4SPD16_eabi.lib : strlen.c.obj (.text:strlen)
                  00004870    00000012                                   : wcslen.c.obj (.text:wcslen)
                  00004882    00000002     --HOLE-- [fill = 0]
                  00004884    00000010     msp432p4xx_driverlib.lib : gpio.o (.text:GPIO_getInterruptStatus)
                  00004894    00000010                              : interrupt.o (.text:Interrupt_enableMaster)
                  000048a4    0000000e                              : uart.o (.text:UART_clearInterruptFlag)
                  000048b2    0000000e     rtsv7M4_T_le_v4SPD16_eabi.lib : copy_decompress_none.c.obj (.text:decompress:none:__TI_decompress_none)
                  000048c0    0000000e     startup_msp432p401r_ccs.obj (.text)
                  000048ce    0000000c     msp432p4xx_driverlib.lib : cpu.o (.text:CPU_cpsie)
                  000048da    00000002     --HOLE-- [fill = 0]
                  000048dc    0000000c                              : pcm.o (.text:PCM_getPowerState)
                  000048e8    0000000c                              : uart.o (.text:UART_enableModule)
                  000048f4    0000000a     rtsv7M4_T_le_v4SPD16_eabi.lib : sprintf.c.obj (.text:_outc)
                  000048fe    00000008     msp432p4xx_driverlib.lib : pcm.o (.text:PCM_setCoreVoltageLevel)
                  00004906    00000008                              : pcm.o (.text:PCM_setPowerMode)
                  0000490e    00000002     --HOLE-- [fill = 0]
                  00004910    00000008     rtsv7M4_T_le_v4SPD16_eabi.lib : errno.c.obj (.text:__aeabi_errno_addr)
                  00004918    00000006     msp432p4xx_driverlib.lib : uart.o (.text:UART_getInterruptStatus)
                  0000491e    00000004     rtsv7M4_T_le_v4SPD16_eabi.lib : pre_init.c.obj (.text:_system_pre_init)
                  00004922    00000004                                   : exit.c.obj (.text:abort:abort)

.const     0    00004928    0000060c     
                  00004928    00000228     oled.obj (.const:F6x8)
                  00004b50    000001c0     oled.obj (.const:Hzk)
                  00004d10    00000101     rtsv7M4_T_le_v4SPD16_eabi.lib : ctype.c.obj (.const:.string:_ctypes_)
                  00004e11    00000003     --HOLE-- [fill = 0]
                  00004e14    00000050     msp432p4xx_driverlib.lib : interrupt.o (.const:g_pulRegs)
                  00004e64    00000040                              : interrupt.o (.const)
                  00004ea4    00000024     exinuart.obj (.const:UART0)
                  00004ec8    00000024     exinuart.obj (.const:UART2)
                  00004eec    00000024     exinuart.obj (.const:UART3)
                  00004f10    00000024     ADS_RCV.obj (.const:UART3_SET)

.cinit     0    00004f38    00000080     
                  00004f38    00000055     (.cinit..data.load) [load image, compression = lzss]
                  00004f8d    00000003     --HOLE-- [fill = 0]
                  00004f90    0000000c     (__TI_handler_table)
                  00004f9c    00000004     --HOLE-- [fill = 0]
                  00004fa0    00000008     (.cinit..bss.load) [load image, compression = zero_init]
                  00004fa8    00000010     (__TI_cinit_table)

.init_array 
*          0    00000000    00000000     UNINITIALIZED

.binit     0    00000000    00000000     

.data      0    20000000    00002abb     UNINITIALIZED
                  20000000    00002000     oled.obj (.data:screen_buf)
                  20002000    00000400     oled.obj (.data:bmp2)
                  20002400    00000400     oled.obj (.data:bmp)
                  20002800    00000200     Oscill_OLED.obj (.data:Oscill_data_buff)
                  20002a00    00000030     msp432p4xx_driverlib.lib : gpio.o (.data:GPIO_PORT_TO_BASE)
                  20002a30    00000028     exinencoder.obj (.data:timerAcaptureValues)
                  20002a58    0000001c     exinadjust.obj (.data)
                  20002a74    0000000a     ADS_RCV.obj (.data:ADS_RCV_DATA)
                  20002a7e    00000002     --HOLE--
                  20002a80    00000008     ADS_RCV.obj (.data)
                  20002a88    00000008     main.obj (.data:IIC_test_num)
                  20002a90    00000008     exinADC.obj (.data)
                  20002a98    00000008     exinencoder.obj (.data)
                  20002aa0    00000008     exinsystem.obj (.data)
                  20002aa8    00000008     oled.obj (.data:tmp$2)
                  20002ab0    00000004     rtsv7M4_T_le_v4SPD16_eabi.lib : errno.c.obj (.data)
                  20002ab4    00000004     system_msp432p401r.obj (.data)
                  20002ab8    00000003     exinuart.obj (.data)

.bss       0    20002abc    0000003d     UNINITIALIZED
                  20002abc    00000018     (.common:oscill1)
                  20002ad4    00000008     (.common:encoder_A)
                  20002adc    00000008     (.common:encoder_B)
                  20002ae4    00000008     (.common:encoder_C)
                  20002aec    00000008     (.common:encoder_D)
                  20002af4    00000004     exinsystem.obj (.bss)
                  20002af8    00000001     oled.obj (.bss)

.stack     0    2000fe00    00000200     UNINITIALIZED
                  2000fe00    00000004     rtsv7M4_T_le_v4SPD16_eabi.lib : boot_cortex_m.c.obj (.stack)
                  2000fe04    000001fc     --HOLE--

__llvm_prf_cnts 
*          0    20000000    00000000     UNINITIALIZED

MODULE SUMMARY

       Module                        code    ro data   rw data
       ------                        ----    -------   -------
    .\
       system_msp432p401r.obj        820     0         8      
       startup_msp432p401r_ccs.obj   14      228       0      
       main.obj                      80      0         16     
    +--+-----------------------------+-------+---------+---------+
       Total:                        914     228       24     
                                                              
    .\exinlibs\
       oled.obj                      2012    1000      20498  
       exinADC.obj                   1336    0         16     
       exinencoder.obj               1008    0         160    
       Oscill_OLED.obj               0       0         1072   
       exinIIC.obj                   830     0         0      
       exinisr.obj                   700     0         0      
       exingpio.obj                  616     0         0      
       exinsystem.obj                576     0         24     
       ADS_RCV.obj                   436     36        36     
       exinuart.obj                  388     108       6      
       exin_pit.obj                  328     0         0      
       exinadjust.obj                0       0         56     
    +--+-----------------------------+-------+---------+---------+
       Total:                        8230    1144      21868  
                                                              
    C:/ti/msp/MSP432Ware_3_40_00_25/driverlib/driverlib/MSP432P4xx/ccs/msp432p4xx_driverlib.lib
       pcm.o                         510     0         0      
       gpio.o                        396     0         96     
       uart.o                        358     0         0      
       interrupt.o                   152     144       0      
       flash.o                       40      0         0      
       cs.o                          36      0         0      
       wdt_a.o                       24      0         0      
       sysctl.o                      20      0         0      
       cpu.o                         12      0         0      
    +--+-----------------------------+-------+---------+---------+
       Total:                        1548    144       96     
                                                              
    D:\CCS\ccs\tools\compiler\ti-cgt-arm_20.2.1.LTS\lib\rtsv7M4_T_le_v4SPD16_eabi.lib
       _printfi.c.obj                4851    0         0      
       fd_add_t2.asm.obj             438     0         0      
       fd_div_t2.asm.obj             310     0         0      
       s_scalbn.c.obj                272     0         0      
       fd_cmp_t2.asm.obj             268     0         0      
       ctype.c.obj                   0       257       0      
       fd_mul_t2.asm.obj             252     0         0      
       memcpy_t2.asm.obj             156     0         0      
       ull_div_t2.asm.obj            150     0         0      
       memset_t2.asm.obj             122     0         0      
       copy_decompress_lzss.c.obj    104     0         0      
       s_frexp.c.obj                 100     0         0      
       sprintf.c.obj                 98      0         0      
       _ltoa.c.obj                   84      0         0      
       atoi.c.obj                    76      0         0      
       fd_toi_t2.asm.obj             72      0         0      
       autoinit.c.obj                68      0         0      
       fs_tod_t2.asm.obj             56      0         0      
       boot_cortex_m.c.obj           52      0         0      
       i_tofd_t2.asm.obj             46      0         0      
       u_tofd_t2.asm.obj             32      0         0      
       copy_zero_init.c.obj          28      0         0      
       memccpy.c.obj                 28      0         0      
       s_copysign.c.obj              26      0         0      
       strchr.c.obj                  22      0         0      
       strlen.c.obj                  20      0         0      
       wcslen.c.obj                  18      0         0      
       errno.c.obj                   8       0         8      
       copy_decompress_none.c.obj    14      0         0      
       exit.c.obj                    4       0         0      
       pre_init.c.obj                4       0         0      
       div0.asm.obj                  2       0         0      
    +--+-----------------------------+-------+---------+---------+
       Total:                        7781    257       8      
                                                              
       Stack:                        0       0         1024   
       Linker Generated:             0       121       0      
    +--+-----------------------------+-------+---------+---------+
       Grand Total:                  18473   1894      23020  


LINKER GENERATED COPY TABLES

__TI_cinit_table @ 00004fa8 records: 2, size/record: 8, table size: 16
	.data: load addr=00004f38, load size=00000055 bytes, run addr=20000000, run size=00002abb bytes, compression=lzss
	.bss: load addr=00004fa0, load size=00000008 bytes, run addr=20002abc, run size=0000003d bytes, compression=zero_init


LINKER GENERATED HANDLER TABLE

__TI_handler_table @ 00004f90 records: 3, size/record: 4, table size: 12
	index: 0, handler: __TI_decompress_lzss
	index: 1, handler: __TI_decompress_none
	index: 2, handler: __TI_zero_init


GLOBAL SYMBOLS: SORTED ALPHABETICALLY BY Name 

address   name                                      
-------   ----                                      
00001555  ADC14_CHA_sel                             
00001669  ADC14_CLK_sel                             
00001805  ADC14_IRQHandler                          
00001805  ADC14_IRQHandler                          
00001767  ADC14_PREC_sel                            
0000131d  ADC14_convert_disable                     
00001311  ADC14_convert_enable                      
00001335  ADC14_convert_end                         
00001329  ADC14_convert_start                       
000017c1  ADC14_init                                
000013df  ADC14_read_data                           
00001341  ADC14_start                               
000030e1  ADS_Get                                   
20002a74  ADS_RCV_DATA                              
20002a81  ADS_RCV_FLAG                              
00003123  ADS_RCV_GetData32                         
00003009  ADS_RCV_Init                              
20002a82  ADS_RCV_STATE                             
000048cd  AES256_IRQHandler                         
20002a72  A_flag                                    
20002a73  B_flag                                    
000048cd  BusFault_Handler                          
00004923  C$$EXIT                                   
000048cd  COMP_E0_IRQHandler                        
000048cd  COMP_E1_IRQHandler                        
20002a90  CONVERT_SUCCESS_FLAG                      
000048cf  CPU_cpsie                                 
000048cd  CS_IRQHandler                             
0000461d  CS_setDCOCenteredFrequency                
00001df3  Check_ACK                                 
000048cd  DMA_ERR_IRQHandler                        
000048cd  DMA_INT0_IRQHandler                       
000048cd  DMA_INT1_IRQHandler                       
000048cd  DMA_INT2_IRQHandler                       
000048cd  DMA_INT3_IRQHandler                       
000048cd  DebugMon_Handler                          
000048cd  Default_Handler                           
00001b9d  ENCODER_TEST                              
000032d5  EUSCIA0_IRQHandler                        
000032d5  EUSCIA0_IRQHandler                        
000048cd  EUSCIA1_IRQHandler                        
00003303  EUSCIA2_IRQHandler                        
00003303  EUSCIA2_IRQHandler                        
00003051  EUSCIA3_IRQHandler                        
00003051  EUSCIA3_IRQHandler                        
000048cd  EUSCIB0_IRQHandler                        
000048cd  EUSCIB1_IRQHandler                        
000048cd  EUSCIB2_IRQHandler                        
000048cd  EUSCIB3_IRQHandler                        
00001a6d  Encoder_clr                               
00004928  F6x8                                      
000048cd  FLCTL_IRQHandler                          
000048cd  FPU_IRQHandler                            
000045f5  FlashCtl_setWaitState                     
00001a31  GET_encoder_dir                           
000019f5  GET_encoder_num                           
00004769  GPIO_clearInterruptFlag                   
0000480d  GPIO_enableInterrupt                      
000044b1  GPIO_getEnabledInterruptStatus            
00004781  GPIO_getInputPinValue                     
00004885  GPIO_getInterruptStatus                   
00004571  GPIO_setAsInputPin                        
000044e1  GPIO_setAsInputPinWithPullUpResistor      
00004641  GPIO_setAsOutputPin                       
000042f1  GPIO_setAsPeripheralModuleFunctionInputPin
00004821  GPIO_setOutputHighOnPin                   
00004799  GPIO_setOutputLowOnPin                    
00004835  GPIO_toggleOutputOnPin                    
000048cd  HardFault_Handler                         
00004b50  Hzk                                       
00001d6b  IIC_ACK                                   
00001daf  IIC_NACK                                  
00001eef  IIC_Read_Byte                             
00001e5d  IIC_Send_Byte                             
00001c39  IIC_init                                  
00001c69  IIC_reset                                 
00001cdd  IIC_start                                 
00001d21  IIC_stop                                  
20002a88  IIC_test_num                              
20002a70  IRQ3_5flag                                
20002a71  IRQ4_6flag                                
00004091  Interrupt_enableInterrupt                 
00004895  Interrupt_enableMaster                    
00004665  Interrupt_setPriority                     
000048cd  MemManage_Handler                         
000048cd  NMI_Handler                               
00000dbf  OLED_Clear                                
00000da3  OLED_Display_Off                          
00000d87  OLED_Display_On                           
0000110d  OLED_DrawBMP                              
000011bd  OLED_Init                                 
00000b35  OLED_PutPixel                             
00000d4b  OLED_Set_Pos                              
00001057  OLED_ShowCHinese                          
00000e2d  OLED_ShowChar                             
00000ef1  OLED_ShowNum                              
00000ff5  OLED_ShowString                           
00000fc5  OLED_Showfloat                            
00000cbb  OLED_WR_Byte                              
00000ba5  OLED_pos_clr                              
00001b0d  OLED_show                                 
20002800  Oscill_data_buff                          
000048cd  PCM_IRQHandler                            
0000459d  PCM_getCoreVoltageLevel                   
000045c9  PCM_getPowerMode                          
000048dd  PCM_getPowerState                         
000048ff  PCM_setCoreVoltageLevel                   
00004907  PCM_setPowerMode                          
00003341  PIT_init                                  
000022ad  PORT1_IRQHandler                          
000022ad  PORT1_IRQHandler                          
000022eb  PORT2_IRQHandler                          
000022eb  PORT2_IRQHandler                          
00002351  PORT3_IRQHandler                          
00002351  PORT3_IRQHandler                          
000023a3  PORT4_IRQHandler                          
000023a3  PORT4_IRQHandler                          
0000241d  PORT5_IRQHandler                          
0000241d  PORT5_IRQHandler                          
00002483  PORT6_IRQHandler                          
00002483  PORT6_IRQHandler                          
000048cd  PSS_IRQHandler                            
000048cd  PendSV_Handler                            
000048cd  RTC_C_IRQHandler                          
20002a80  R_FLAG                                    
000048c1  Reset_Handler                             
000048cd  SVC_Handler                               
00004849  SysCtl_enableSRAMBankRetention            
00002be9  SysTick_Handler                           
00002be9  SysTick_Handler                           
20002ab4  SystemCoreClock                           
00001f79  SystemCoreClockUpdate                     
000021f1  SystemInit                                
000048cd  T32_INT1_IRQHandler                       
000048cd  T32_INT2_IRQHandler                       
000048cd  T32_INTC_IRQHandler                       
000024ef  TA0_0_IRQHandler                          
000024ef  TA0_0_IRQHandler                          
00001ab1  TA0_N_IRQHandler                          
00001ab1  TA0_N_IRQHandler                          
00002505  TA1_0_IRQHandler                          
00002505  TA1_0_IRQHandler                          
000048cd  TA1_N_IRQHandler                          
00002511  TA2_0_IRQHandler                          
00002511  TA2_0_IRQHandler                          
000048cd  TA2_N_IRQHandler                          
0000251d  TA3_0_IRQHandler                          
0000251d  TA3_0_IRQHandler                          
000048cd  TA3_N_IRQHandler                          
00004ea4  UART0                                     
20002aba  UART0_RXDat                               
000031bd  UART0_init                                
00004ec8  UART2                                     
20002ab9  UART2_RXDat                               
00003205  UART2_init                                
00004eec  UART3                                     
20002ab8  UART3_RXDat                               
00004f10  UART3_SET                                 
0000324d  UART3_init                                
000048a5  UART_clearInterruptFlag                   
00004689  UART_disableInterrupt                     
000047e1  UART_enableInterrupt                      
000048e9  UART_enableModule                         
00004511  UART_getEnabledInterruptStatus            
00004919  UART_getInterruptStatus                   
00003da1  UART_initModule                           
000046ad  UART_receiveData                          
000032c5  UART_send_Num                             
00003295  UART_send_string                          
000046d1  UART_transmitData                         
000048cd  UsageFault_Handler                        
4000480c  WDTCTL_SYM                                
000048cd  WDT_A_IRQHandler                          
000047b1  WDT_A_holdTimer                           
20010000  __STACK_END                               
00000200  __STACK_SIZE                              
00004fa8  __TI_CINIT_Base                           
00004fb8  __TI_CINIT_Limit                          
00004f90  __TI_Handler_Table_Base                   
00004f9c  __TI_Handler_Table_Limit                  
00004381  __TI_auto_init_nobinit_nopinit            
00004029  __TI_decompress_lzss                      
000048b3  __TI_decompress_none                      
000041af  __TI_ltoa                                 
ffffffff  __TI_pprof_out_hndl                       
000000e5  __TI_printfi                              
ffffffff  __TI_prof_data_size                       
ffffffff  __TI_prof_data_start                      
00000000  __TI_static_base__                        
00004715  __TI_zero_init_nomemset                   
00003e35  __aeabi_cdcmpeq                           
00003e35  __aeabi_cdcmple                           
00003ebb  __aeabi_cdrcmple                          
00004339  __aeabi_d2iz                              
00002e5b  __aeabi_dadd                              
000035c5  __aeabi_ddiv                              
00003931  __aeabi_dmul                              
00002e51  __aeabi_dsub                              
00004911  __aeabi_errno_addr                        
00004443  __aeabi_f2d                               
00004541  __aeabi_i2d                               
00000b33  __aeabi_idiv0                             
00000b33  __aeabi_ldiv0                             
00003f41  __aeabi_memclr                            
00003f41  __aeabi_memclr4                           
00003f41  __aeabi_memclr8                           
00003c6d  __aeabi_memcpy                            
00003c6d  __aeabi_memcpy4                           
00003c6d  __aeabi_memcpy8                           
00003f43  __aeabi_memset                            
00003f43  __aeabi_memset4                           
00003f43  __aeabi_memset8                           
000046f5  __aeabi_ui2d                              
00003d09  __aeabi_uldivmod                          
ffffffff  __binit__                                 
ffffffff  __c_args__                                
UNDEFED   __mpu_init                                
2000fe00  __stack                                   
20000000  __start___llvm_prf_cnts                   
20000000  __stop___llvm_prf_cnts                    
0000447d  _c_int00_noargs                           
00004d10  _ctypes_                                  
UNDEFED   _system_post_cinit                        
0000491f  _system_pre_init                          
00004923  abort                                     
000042a5  atoi                                      
ffffffff  binit                                     
20002400  bmp                                       
20002000  bmp2                                      
20002a94  convert_data                              
0000474d  copysign                                  
0000474d  copysignl                                 
20002a64  count                                     
20002a58  dirf                                      
20002ad4  encoder_A                                 
20002adc  encoder_B                                 
20002ae4  encoder_C                                 
20002aec  encoder_D                                 
00001849  encoder_IncTypeDef_init                   
000018a5  encoder_dirpin_init                       
0000194d  encoder_init                              
000018fd  encoder_interrupt_init                    
20002ab0  errno                                     
00002a41  error                                     
000040f5  frexp                                     
000040f5  frexpl                                    
0000298f  gpio_INT_EN                               
0000287d  gpio_edg_sel                              
0000283d  gpio_get                                  
000027d9  gpio_init                                 
000029e3  gpio_interrupt_INIT                       
0000284d  gpio_set                                  
0000286d  gpio_toggle                               
00000000  interruptVectors                          
00003821  ldexp                                     
00003821  ldexpl                                    
00004255  main                                      
00004731  memccpy                                   
00003c6d  memcpy                                    
00003f49  memset                                    
00000eb7  oled_pow                                  
00000bd9  oled_update                               
20002abc  oscill1                                   
20002a5c  page_count                                
00003821  scalbn                                    
00003821  scalbnl                                   
20000000  screen_buf                                
00002a69  set_DCO_48MH                              
00002b09  set_clock_period                          
000043c5  sprintf                                   
20002a60  start_flag                                
000047f7  strchr                                    
0000485d  strlen                                    
20002aa0  sysc                                      
00002bc9  system_init                               
00002bbb  systic_clr                                
00002c11  systic_delayms                            
00002bf3  systic_delayus                            
00002b4d  systic_end                                
00002b13  systic_init                               
00002b5b  systic_read                               
00002b37  systic_start                              
20002aa4  systim                                    
20002a68  testA                                     
20002a6c  testB                                     
20002a9c  time_counter                              
20002a98  timerAcapturePointer                      
20002a30  timerAcaptureValues                       
00004871  wcslen                                    


GLOBAL SYMBOLS: SORTED BY Symbol Address 

address   name                                      
-------   ----                                      
00000000  __TI_static_base__                        
00000000  interruptVectors                          
000000e5  __TI_printfi                              
00000200  __STACK_SIZE                              
00000b33  __aeabi_idiv0                             
00000b33  __aeabi_ldiv0                             
00000b35  OLED_PutPixel                             
00000ba5  OLED_pos_clr                              
00000bd9  oled_update                               
00000cbb  OLED_WR_Byte                              
00000d4b  OLED_Set_Pos                              
00000d87  OLED_Display_On                           
00000da3  OLED_Display_Off                          
00000dbf  OLED_Clear                                
00000e2d  OLED_ShowChar                             
00000eb7  oled_pow                                  
00000ef1  OLED_ShowNum                              
00000fc5  OLED_Showfloat                            
00000ff5  OLED_ShowString                           
00001057  OLED_ShowCHinese                          
0000110d  OLED_DrawBMP                              
000011bd  OLED_Init                                 
00001311  ADC14_convert_enable                      
0000131d  ADC14_convert_disable                     
00001329  ADC14_convert_start                       
00001335  ADC14_convert_end                         
00001341  ADC14_start                               
000013df  ADC14_read_data                           
00001555  ADC14_CHA_sel                             
00001669  ADC14_CLK_sel                             
00001767  ADC14_PREC_sel                            
000017c1  ADC14_init                                
00001805  ADC14_IRQHandler                          
00001805  ADC14_IRQHandler                          
00001849  encoder_IncTypeDef_init                   
000018a5  encoder_dirpin_init                       
000018fd  encoder_interrupt_init                    
0000194d  encoder_init                              
000019f5  GET_encoder_num                           
00001a31  GET_encoder_dir                           
00001a6d  Encoder_clr                               
00001ab1  TA0_N_IRQHandler                          
00001ab1  TA0_N_IRQHandler                          
00001b0d  OLED_show                                 
00001b9d  ENCODER_TEST                              
00001c39  IIC_init                                  
00001c69  IIC_reset                                 
00001cdd  IIC_start                                 
00001d21  IIC_stop                                  
00001d6b  IIC_ACK                                   
00001daf  IIC_NACK                                  
00001df3  Check_ACK                                 
00001e5d  IIC_Send_Byte                             
00001eef  IIC_Read_Byte                             
00001f79  SystemCoreClockUpdate                     
000021f1  SystemInit                                
000022ad  PORT1_IRQHandler                          
000022ad  PORT1_IRQHandler                          
000022eb  PORT2_IRQHandler                          
000022eb  PORT2_IRQHandler                          
00002351  PORT3_IRQHandler                          
00002351  PORT3_IRQHandler                          
000023a3  PORT4_IRQHandler                          
000023a3  PORT4_IRQHandler                          
0000241d  PORT5_IRQHandler                          
0000241d  PORT5_IRQHandler                          
00002483  PORT6_IRQHandler                          
00002483  PORT6_IRQHandler                          
000024ef  TA0_0_IRQHandler                          
000024ef  TA0_0_IRQHandler                          
00002505  TA1_0_IRQHandler                          
00002505  TA1_0_IRQHandler                          
00002511  TA2_0_IRQHandler                          
00002511  TA2_0_IRQHandler                          
0000251d  TA3_0_IRQHandler                          
0000251d  TA3_0_IRQHandler                          
000027d9  gpio_init                                 
0000283d  gpio_get                                  
0000284d  gpio_set                                  
0000286d  gpio_toggle                               
0000287d  gpio_edg_sel                              
0000298f  gpio_INT_EN                               
000029e3  gpio_interrupt_INIT                       
00002a41  error                                     
00002a69  set_DCO_48MH                              
00002b09  set_clock_period                          
00002b13  systic_init                               
00002b37  systic_start                              
00002b4d  systic_end                                
00002b5b  systic_read                               
00002bbb  systic_clr                                
00002bc9  system_init                               
00002be9  SysTick_Handler                           
00002be9  SysTick_Handler                           
00002bf3  systic_delayus                            
00002c11  systic_delayms                            
00002e51  __aeabi_dsub                              
00002e5b  __aeabi_dadd                              
00003009  ADS_RCV_Init                              
00003051  EUSCIA3_IRQHandler                        
00003051  EUSCIA3_IRQHandler                        
000030e1  ADS_Get                                   
00003123  ADS_RCV_GetData32                         
000031bd  UART0_init                                
00003205  UART2_init                                
0000324d  UART3_init                                
00003295  UART_send_string                          
000032c5  UART_send_Num                             
000032d5  EUSCIA0_IRQHandler                        
000032d5  EUSCIA0_IRQHandler                        
00003303  EUSCIA2_IRQHandler                        
00003303  EUSCIA2_IRQHandler                        
00003341  PIT_init                                  
000035c5  __aeabi_ddiv                              
00003821  ldexp                                     
00003821  ldexpl                                    
00003821  scalbn                                    
00003821  scalbnl                                   
00003931  __aeabi_dmul                              
00003c6d  __aeabi_memcpy                            
00003c6d  __aeabi_memcpy4                           
00003c6d  __aeabi_memcpy8                           
00003c6d  memcpy                                    
00003d09  __aeabi_uldivmod                          
00003da1  UART_initModule                           
00003e35  __aeabi_cdcmpeq                           
00003e35  __aeabi_cdcmple                           
00003ebb  __aeabi_cdrcmple                          
00003f41  __aeabi_memclr                            
00003f41  __aeabi_memclr4                           
00003f41  __aeabi_memclr8                           
00003f43  __aeabi_memset                            
00003f43  __aeabi_memset4                           
00003f43  __aeabi_memset8                           
00003f49  memset                                    
00004029  __TI_decompress_lzss                      
00004091  Interrupt_enableInterrupt                 
000040f5  frexp                                     
000040f5  frexpl                                    
000041af  __TI_ltoa                                 
00004255  main                                      
000042a5  atoi                                      
000042f1  GPIO_setAsPeripheralModuleFunctionInputPin
00004339  __aeabi_d2iz                              
00004381  __TI_auto_init_nobinit_nopinit            
000043c5  sprintf                                   
00004443  __aeabi_f2d                               
0000447d  _c_int00_noargs                           
000044b1  GPIO_getEnabledInterruptStatus            
000044e1  GPIO_setAsInputPinWithPullUpResistor      
00004511  UART_getEnabledInterruptStatus            
00004541  __aeabi_i2d                               
00004571  GPIO_setAsInputPin                        
0000459d  PCM_getCoreVoltageLevel                   
000045c9  PCM_getPowerMode                          
000045f5  FlashCtl_setWaitState                     
0000461d  CS_setDCOCenteredFrequency                
00004641  GPIO_setAsOutputPin                       
00004665  Interrupt_setPriority                     
00004689  UART_disableInterrupt                     
000046ad  UART_receiveData                          
000046d1  UART_transmitData                         
000046f5  __aeabi_ui2d                              
00004715  __TI_zero_init_nomemset                   
00004731  memccpy                                   
0000474d  copysign                                  
0000474d  copysignl                                 
00004769  GPIO_clearInterruptFlag                   
00004781  GPIO_getInputPinValue                     
00004799  GPIO_setOutputLowOnPin                    
000047b1  WDT_A_holdTimer                           
000047e1  UART_enableInterrupt                      
000047f7  strchr                                    
0000480d  GPIO_enableInterrupt                      
00004821  GPIO_setOutputHighOnPin                   
00004835  GPIO_toggleOutputOnPin                    
00004849  SysCtl_enableSRAMBankRetention            
0000485d  strlen                                    
00004871  wcslen                                    
00004885  GPIO_getInterruptStatus                   
00004895  Interrupt_enableMaster                    
000048a5  UART_clearInterruptFlag                   
000048b3  __TI_decompress_none                      
000048c1  Reset_Handler                             
000048cd  AES256_IRQHandler                         
000048cd  BusFault_Handler                          
000048cd  COMP_E0_IRQHandler                        
000048cd  COMP_E1_IRQHandler                        
000048cd  CS_IRQHandler                             
000048cd  DMA_ERR_IRQHandler                        
000048cd  DMA_INT0_IRQHandler                       
000048cd  DMA_INT1_IRQHandler                       
000048cd  DMA_INT2_IRQHandler                       
000048cd  DMA_INT3_IRQHandler                       
000048cd  DebugMon_Handler                          
000048cd  Default_Handler                           
000048cd  EUSCIA1_IRQHandler                        
000048cd  EUSCIB0_IRQHandler                        
000048cd  EUSCIB1_IRQHandler                        
000048cd  EUSCIB2_IRQHandler                        
000048cd  EUSCIB3_IRQHandler                        
000048cd  FLCTL_IRQHandler                          
000048cd  FPU_IRQHandler                            
000048cd  HardFault_Handler                         
000048cd  MemManage_Handler                         
000048cd  NMI_Handler                               
000048cd  PCM_IRQHandler                            
000048cd  PSS_IRQHandler                            
000048cd  PendSV_Handler                            
000048cd  RTC_C_IRQHandler                          
000048cd  SVC_Handler                               
000048cd  T32_INT1_IRQHandler                       
000048cd  T32_INT2_IRQHandler                       
000048cd  T32_INTC_IRQHandler                       
000048cd  TA1_N_IRQHandler                          
000048cd  TA2_N_IRQHandler                          
000048cd  TA3_N_IRQHandler                          
000048cd  UsageFault_Handler                        
000048cd  WDT_A_IRQHandler                          
000048cf  CPU_cpsie                                 
000048dd  PCM_getPowerState                         
000048e9  UART_enableModule                         
000048ff  PCM_setCoreVoltageLevel                   
00004907  PCM_setPowerMode                          
00004911  __aeabi_errno_addr                        
00004919  UART_getInterruptStatus                   
0000491f  _system_pre_init                          
00004923  C$$EXIT                                   
00004923  abort                                     
00004928  F6x8                                      
00004b50  Hzk                                       
00004d10  _ctypes_                                  
00004ea4  UART0                                     
00004ec8  UART2                                     
00004eec  UART3                                     
00004f10  UART3_SET                                 
00004f90  __TI_Handler_Table_Base                   
00004f9c  __TI_Handler_Table_Limit                  
00004fa8  __TI_CINIT_Base                           
00004fb8  __TI_CINIT_Limit                          
20000000  __start___llvm_prf_cnts                   
20000000  __stop___llvm_prf_cnts                    
20000000  screen_buf                                
20002000  bmp2                                      
20002400  bmp                                       
20002800  Oscill_data_buff                          
20002a30  timerAcaptureValues                       
20002a58  dirf                                      
20002a5c  page_count                                
20002a60  start_flag                                
20002a64  count                                     
20002a68  testA                                     
20002a6c  testB                                     
20002a70  IRQ3_5flag                                
20002a71  IRQ4_6flag                                
20002a72  A_flag                                    
20002a73  B_flag                                    
20002a74  ADS_RCV_DATA                              
20002a80  R_FLAG                                    
20002a81  ADS_RCV_FLAG                              
20002a82  ADS_RCV_STATE                             
20002a88  IIC_test_num                              
20002a90  CONVERT_SUCCESS_FLAG                      
20002a94  convert_data                              
20002a98  timerAcapturePointer                      
20002a9c  time_counter                              
20002aa0  sysc                                      
20002aa4  systim                                    
20002ab0  errno                                     
20002ab4  SystemCoreClock                           
20002ab8  UART3_RXDat                               
20002ab9  UART2_RXDat                               
20002aba  UART0_RXDat                               
20002abc  oscill1                                   
20002ad4  encoder_A                                 
20002adc  encoder_B                                 
20002ae4  encoder_C                                 
20002aec  encoder_D                                 
2000fe00  __stack                                   
20010000  __STACK_END                               
4000480c  WDTCTL_SYM                                
ffffffff  __TI_pprof_out_hndl                       
ffffffff  __TI_prof_data_size                       
ffffffff  __TI_prof_data_start                      
ffffffff  __binit__                                 
ffffffff  __c_args__                                
ffffffff  binit                                     
UNDEFED   __mpu_init                                
UNDEFED   _system_post_cinit                        

[289 symbols]
