******************************************************************************
                  TI ARM Linker PC v20.2.1                     
******************************************************************************
>> Linked Sat Dec 18 11:36:58 2021

OUTPUT FILE NAME:   <8.Exin_steer.out>
ENTRY POINT SYMBOL: "_c_int00_noargs"  address: 00004449


MEMORY CONFIGURATION

         name            origin    length      used     unused   attr    fill
----------------------  --------  ---------  --------  --------  ----  --------
  MAIN                  00000000   00040000  00004f7e  0003b082  R  X
  INFO                  00200000   00004000  00000000  00004000  R  X
  SRAM_CODE             01000000   00010000  00002d10  0000d2f0  RW X
  SRAM_DATA             20000000   00010000  00002d10  0000d2f0  RW  


SEGMENT ALLOCATION MAP

run origin  load origin   length   init length attrs members
----------  ----------- ---------- ----------- ----- -------
00000000    00000000    00004f80   00004f80    r-x
  00000000    00000000    000000e4   000000e4    r-- .intvecs
  000000e4    000000e4    0000481e   0000481e    r-x .text
  00004904    00004904    0000060c   0000060c    r-- .const
  00004f10    00004f10    00000070   00000070    r-- .cinit
20000000    20000000    00002b11   00000000    rw-
  20000000    20000000    00002ad3   00000000    rw- .data
  20002ad4    20002ad4    0000003d   00000000    rw- .bss
2000fe00    2000fe00    00000200   00000000    rw-
  2000fe00    2000fe00    00000200   00000000    rw- .stack


SECTION ALLOCATION MAP

 output                                  attributes/
section   page    origin      length       input sections
--------  ----  ----------  ----------   ----------------
.intvecs   0    00000000    000000e4     
                  00000000    000000e4     startup_msp432p401r_ccs.obj (.intvecs:retain)

.text      0    000000e4    0000481e     
                  000000e4    00000a4e     rtsv7M4_T_le_v4SPD16_eabi.lib : _printfi.c.obj (.text:__TI_printfi)
                  00000b32    00000002                                   : div0.asm.obj (.text)
                  00000b34    00000894     exinADC.obj (.text)
                  000013c8    000007dc     oled.obj (.text)
                  00001ba4    000003f0     exinencoder.obj (.text)
                  00001f94    00000334     system_msp432p401r.obj (.text)
                  000022c8    000002bc     exinisr.obj (.text)
                  00002584    00000270     rtsv7M4_T_le_v4SPD16_eabi.lib : _printfi.c.obj (.text:_pconv_a)
                  000027f4    00000268     exingpio.obj (.text)
                  00002a5c    00000240     exinsystem.obj (.text)
                  00002c9c    000001d0     rtsv7M4_T_le_v4SPD16_eabi.lib : _printfi.c.obj (.text:_pconv_g)
                  00002e6c    000001b6                                   : fd_add_t2.asm.obj (.text)
                  00003022    00000002     --HOLE-- [fill = 0]
                  00003024    000001b4     ADS_RCV.obj (.text)
                  000031d8    00000184     exinuart.obj (.text)
                  0000335c    00000148     exin_pit.obj (.text)
                  000034a4    0000013c     rtsv7M4_T_le_v4SPD16_eabi.lib : _printfi.c.obj (.text:_pconv_e)
                  000035e0    00000136                                   : fd_div_t2.asm.obj (.text)
                  00003716    00000002     --HOLE-- [fill = 0]
                  00003718    00000124                                   : _printfi.c.obj (.text:fcvt)
                  0000383c    00000110                                   : s_scalbn.c.obj (.text:scalbn)
                  0000394c    000000fc                                   : fd_mul_t2.asm.obj (.text)
                  00003a48    000000dc     msp432p4xx_driverlib.lib : pcm.o (.text:__PCM_setPowerModeAdvanced)
                  00003b24    000000b1     rtsv7M4_T_le_v4SPD16_eabi.lib : _printfi.c.obj (.text:_ltostr)
                  00003bd5    00000003     --HOLE-- [fill = 0]
                  00003bd8    000000b0     msp432p4xx_driverlib.lib : pcm.o (.text:__PCM_setCoreVoltageLevelAdvanced)
                  00003c88    0000009c     rtsv7M4_T_le_v4SPD16_eabi.lib : memcpy_t2.asm.obj (.text)
                  00003d24    00000096                                   : ull_div_t2.asm.obj (.text)
                  00003dba    00000002     --HOLE-- [fill = 0]
                  00003dbc    00000094     msp432p4xx_driverlib.lib : uart.o (.text:UART_initModule)
                  00003e50    00000086     rtsv7M4_T_le_v4SPD16_eabi.lib : fd_cmp_t2.asm.obj (.text:__aeabi_cdcmple)
                  00003ed6    00000086                                   : fd_cmp_t2.asm.obj (.text:__aeabi_cdrcmple)
                  00003f5c    0000007a                                   : memset_t2.asm.obj (.text)
                  00003fd6    0000006e                                   : _printfi.c.obj (.text:_mcpy)
                  00004044    00000068                                   : copy_decompress_lzss.c.obj (.text:decompress:lzss:__TI_decompress_lzss)
                  000040ac    00000064     msp432p4xx_driverlib.lib : interrupt.o (.text:Interrupt_enableInterrupt)
                  00004110    00000064     rtsv7M4_T_le_v4SPD16_eabi.lib : s_frexp.c.obj (.text:frexp)
                  00004174    00000056                                   : _printfi.c.obj (.text:_pconv_f)
                  000041ca    00000054                                   : _ltoa.c.obj (.text:__TI_ltoa)
                  0000421e    00000052                                   : _printfi.c.obj (.text:_ecpy)
                  00004270    0000004c                                   : atoi.c.obj (.text:atoi)
                  000042bc    00000048     msp432p4xx_driverlib.lib : gpio.o (.text:GPIO_setAsPeripheralModuleFunctionInputPin)
                  00004304    00000048     rtsv7M4_T_le_v4SPD16_eabi.lib : fd_toi_t2.asm.obj (.text)
                  0000434c    00000044                                   : autoinit.c.obj (.text:__TI_auto_init_nobinit_nopinit:__TI_auto_init_nobinit_nopinit)
                  00004390    00000040                                   : sprintf.c.obj (.text:sprintf)
                  000043d0    0000003e                                   : _printfi.c.obj (.text:_fcpy)
                  0000440e    00000038                                   : fs_tod_t2.asm.obj (.text)
                  00004446    00000002     --HOLE-- [fill = 0]
                  00004448    00000034                                   : boot_cortex_m.c.obj (.text:_c_int00_noargs:_c_int00_noargs)
                  0000447c    00000030     msp432p4xx_driverlib.lib : gpio.o (.text:GPIO_getEnabledInterruptStatus)
                  000044ac    00000030                              : gpio.o (.text:GPIO_setAsInputPinWithPullUpResistor)
                  000044dc    00000030                              : uart.o (.text:UART_getEnabledInterruptStatus)
                  0000450c    0000002e     rtsv7M4_T_le_v4SPD16_eabi.lib : i_tofd_t2.asm.obj (.text)
                  0000453a    00000002     --HOLE-- [fill = 0]
                  0000453c    0000002c     msp432p4xx_driverlib.lib : gpio.o (.text:GPIO_setAsInputPin)
                  00004568    0000002c                              : pcm.o (.text:PCM_getCoreVoltageLevel)
                  00004594    0000002a                              : pcm.o (.text:PCM_getPowerMode)
                  000045be    00000002     --HOLE-- [fill = 0]
                  000045c0    00000028                              : flash.o (.text:FlashCtl_setWaitState)
                  000045e8    00000024                              : cs.o (.text:CS_setDCOCenteredFrequency)
                  0000460c    00000024                              : gpio.o (.text:GPIO_setAsOutputPin)
                  00004630    00000024                              : interrupt.o (.text:Interrupt_setPriority)
                  00004654    00000024                              : uart.o (.text:UART_disableInterrupt)
                  00004678    00000024                              : uart.o (.text:UART_receiveData)
                  0000469c    00000024                              : uart.o (.text:UART_transmitData)
                  000046c0    00000020     rtsv7M4_T_le_v4SPD16_eabi.lib : u_tofd_t2.asm.obj (.text)
                  000046e0    0000001c                                   : copy_zero_init.c.obj (.text:decompress:ZI:__TI_zero_init_nomemset:__TI_zero_init_nomemset)
                  000046fc    0000001c                                   : memccpy.c.obj (.text:memccpy)
                  00004718    0000001a                                   : s_copysign.c.obj (.text:copysign)
                  00004732    00000002     --HOLE-- [fill = 0]
                  00004734    00000018     msp432p4xx_driverlib.lib : gpio.o (.text:GPIO_clearInterruptFlag)
                  0000474c    00000018                              : gpio.o (.text:GPIO_getInputPinValue)
                  00004764    00000018                              : gpio.o (.text:GPIO_setOutputLowOnPin)
                  0000477c    00000018                              : wdt_a.o (.text:WDT_A_holdTimer)
                  00004794    00000018     rtsv7M4_T_le_v4SPD16_eabi.lib : sprintf.c.obj (.text:_outs)
                  000047ac    00000016     msp432p4xx_driverlib.lib : uart.o (.text:UART_enableInterrupt)
                  000047c2    00000016     rtsv7M4_T_le_v4SPD16_eabi.lib : strchr.c.obj (.text:strchr)
                  000047d8    00000014     msp432p4xx_driverlib.lib : gpio.o (.text:GPIO_enableInterrupt)
                  000047ec    00000014                              : gpio.o (.text:GPIO_setOutputHighOnPin)
                  00004800    00000014                              : gpio.o (.text:GPIO_toggleOutputOnPin)
                  00004814    00000014                              : sysctl.o (.text:SysCtl_enableSRAMBankRetention)
                  00004828    00000014     rtsv7M4_T_le_v4SPD16_eabi.lib : strlen.c.obj (.text:strlen)
                  0000483c    00000012                                   : wcslen.c.obj (.text:wcslen)
                  0000484e    00000002     --HOLE-- [fill = 0]
                  00004850    00000010     msp432p4xx_driverlib.lib : gpio.o (.text:GPIO_getInterruptStatus)
                  00004860    00000010                              : interrupt.o (.text:Interrupt_enableMaster)
                  00004870    00000010     main.obj (.text)
                  00004880    0000000e     msp432p4xx_driverlib.lib : uart.o (.text:UART_clearInterruptFlag)
                  0000488e    0000000e     rtsv7M4_T_le_v4SPD16_eabi.lib : copy_decompress_none.c.obj (.text:decompress:none:__TI_decompress_none)
                  0000489c    0000000e     startup_msp432p401r_ccs.obj (.text)
                  000048aa    0000000c     msp432p4xx_driverlib.lib : cpu.o (.text:CPU_cpsie)
                  000048b6    00000002     --HOLE-- [fill = 0]
                  000048b8    0000000c                              : pcm.o (.text:PCM_getPowerState)
                  000048c4    0000000c                              : uart.o (.text:UART_enableModule)
                  000048d0    0000000a     rtsv7M4_T_le_v4SPD16_eabi.lib : sprintf.c.obj (.text:_outc)
                  000048da    00000008     msp432p4xx_driverlib.lib : pcm.o (.text:PCM_setCoreVoltageLevel)
                  000048e2    00000008                              : pcm.o (.text:PCM_setPowerMode)
                  000048ea    00000002     --HOLE-- [fill = 0]
                  000048ec    00000008     rtsv7M4_T_le_v4SPD16_eabi.lib : errno.c.obj (.text:__aeabi_errno_addr)
                  000048f4    00000006     msp432p4xx_driverlib.lib : uart.o (.text:UART_getInterruptStatus)
                  000048fa    00000004     rtsv7M4_T_le_v4SPD16_eabi.lib : pre_init.c.obj (.text:_system_pre_init)
                  000048fe    00000004                                   : exit.c.obj (.text:abort:abort)

.const     0    00004904    0000060c     
                  00004904    00000228     oled.obj (.const:F6x8)
                  00004b2c    000001c0     oled.obj (.const:Hzk)
                  00004cec    00000101     rtsv7M4_T_le_v4SPD16_eabi.lib : ctype.c.obj (.const:.string:_ctypes_)
                  00004ded    00000003     --HOLE-- [fill = 0]
                  00004df0    00000050     msp432p4xx_driverlib.lib : interrupt.o (.const:g_pulRegs)
                  00004e40    00000040                              : interrupt.o (.const)
                  00004e80    00000024     exinuart.obj (.const:UART0)
                  00004ea4    00000024     exinuart.obj (.const:UART2)
                  00004ec8    00000024     exinuart.obj (.const:UART3)
                  00004eec    00000024     ADS_RCV.obj (.const:UART3_SET)

.cinit     0    00004f10    00000070     
                  00004f10    0000004b     (.cinit..data.load) [load image, compression = lzss]
                  00004f5b    00000001     --HOLE-- [fill = 0]
                  00004f5c    0000000c     (__TI_handler_table)
                  00004f68    00000008     (.cinit..bss.load) [load image, compression = zero_init]
                  00004f70    00000010     (__TI_cinit_table)

.init_array 
*          0    00000000    00000000     UNINITIALIZED

.binit     0    00000000    00000000     

.data      0    20000000    00002ad3     UNINITIALIZED
                  20000000    00002000     oled.obj (.data:screen_buf)
                  20002000    00000400     oled.obj (.data:bmp2)
                  20002400    00000400     oled.obj (.data:bmp)
                  20002800    00000200     Oscill_OLED.obj (.data:Oscill_data_buff)
                  20002a00    00000030     msp432p4xx_driverlib.lib : gpio.o (.data:GPIO_PORT_TO_BASE)
                  20002a30    00000028     exinencoder.obj (.data:timerAcaptureValues)
                  20002a58    00000020     exinADC.obj (.data:repeat_convert_CH)
                  20002a78    0000001c     exinadjust.obj (.data)
                  20002a94    0000000a     ADS_RCV.obj (.data:ADS_RCV_DATA)
                  20002a9e    00000002     --HOLE--
                  20002aa0    00000008     ADS_RCV.obj (.data)
                  20002aa8    00000008     exinADC.obj (.data)
                  20002ab0    00000008     exinencoder.obj (.data)
                  20002ab8    00000008     exinsystem.obj (.data)
                  20002ac0    00000008     oled.obj (.data:tmp$2)
                  20002ac8    00000004     rtsv7M4_T_le_v4SPD16_eabi.lib : errno.c.obj (.data)
                  20002acc    00000004     system_msp432p401r.obj (.data)
                  20002ad0    00000003     exinuart.obj (.data)

.bss       0    20002ad4    0000003d     UNINITIALIZED
                  20002ad4    00000018     (.common:oscill1)
                  20002aec    00000008     (.common:encoder_A)
                  20002af4    00000008     (.common:encoder_B)
                  20002afc    00000008     (.common:encoder_C)
                  20002b04    00000008     (.common:encoder_D)
                  20002b0c    00000004     exinsystem.obj (.bss)
                  20002b10    00000001     oled.obj (.bss)

.stack     0    2000fe00    00000200     UNINITIALIZED
                  2000fe00    00000004     rtsv7M4_T_le_v4SPD16_eabi.lib : boot_cortex_m.c.obj (.stack)
                  2000fe04    000001fc     --HOLE--

__llvm_prf_cnts 
*          0    20000000    00000000     UNINITIALIZED

MODULE SUMMARY

       Module                        code    ro data   rw data
       ------                        ----    -------   -------
    .\
       system_msp432p401r.obj        820     0         8      
       startup_msp432p401r_ccs.obj   14      228       0      
       main.obj                      16      0         0      
    +--+-----------------------------+-------+---------+---------+
       Total:                        850     228       8      
                                                              
    .\exinlibs\
       oled.obj                      2012    1000      20498  
       exinADC.obj                   2196    0         80     
       exinencoder.obj               1008    0         160    
       Oscill_OLED.obj               0       0         1072   
       exinisr.obj                   700     0         0      
       exingpio.obj                  616     0         0      
       exinsystem.obj                576     0         24     
       ADS_RCV.obj                   436     36        36     
       exinuart.obj                  388     108       6      
       exin_pit.obj                  328     0         0      
       exinadjust.obj                0       0         56     
    +--+-----------------------------+-------+---------+---------+
       Total:                        8260    1144      21932  
                                                              
    C:/ti/msp/MSP432Ware_3_40_00_25/driverlib/driverlib/MSP432P4xx/ccs/msp432p4xx_driverlib.lib
       pcm.o                         510     0         0      
       gpio.o                        396     0         96     
       uart.o                        358     0         0      
       interrupt.o                   152     144       0      
       flash.o                       40      0         0      
       cs.o                          36      0         0      
       wdt_a.o                       24      0         0      
       sysctl.o                      20      0         0      
       cpu.o                         12      0         0      
    +--+-----------------------------+-------+---------+---------+
       Total:                        1548    144       96     
                                                              
    D:\CCS\ccs\tools\compiler\ti-cgt-arm_20.2.1.LTS\lib\rtsv7M4_T_le_v4SPD16_eabi.lib
       _printfi.c.obj                4851    0         0      
       fd_add_t2.asm.obj             438     0         0      
       fd_div_t2.asm.obj             310     0         0      
       s_scalbn.c.obj                272     0         0      
       fd_cmp_t2.asm.obj             268     0         0      
       ctype.c.obj                   0       257       0      
       fd_mul_t2.asm.obj             252     0         0      
       memcpy_t2.asm.obj             156     0         0      
       ull_div_t2.asm.obj            150     0         0      
       memset_t2.asm.obj             122     0         0      
       copy_decompress_lzss.c.obj    104     0         0      
       s_frexp.c.obj                 100     0         0      
       sprintf.c.obj                 98      0         0      
       _ltoa.c.obj                   84      0         0      
       atoi.c.obj                    76      0         0      
       fd_toi_t2.asm.obj             72      0         0      
       autoinit.c.obj                68      0         0      
       fs_tod_t2.asm.obj             56      0         0      
       boot_cortex_m.c.obj           52      0         0      
       i_tofd_t2.asm.obj             46      0         0      
       u_tofd_t2.asm.obj             32      0         0      
       copy_zero_init.c.obj          28      0         0      
       memccpy.c.obj                 28      0         0      
       s_copysign.c.obj              26      0         0      
       strchr.c.obj                  22      0         0      
       strlen.c.obj                  20      0         0      
       wcslen.c.obj                  18      0         0      
       errno.c.obj                   8       0         8      
       copy_decompress_none.c.obj    14      0         0      
       exit.c.obj                    4       0         0      
       pre_init.c.obj                4       0         0      
       div0.asm.obj                  2       0         0      
    +--+-----------------------------+-------+---------+---------+
       Total:                        7781    257       8      
                                                              
       Stack:                        0       0         1024   
       Linker Generated:             0       111       0      
    +--+-----------------------------+-------+---------+---------+
       Grand Total:                  18439   1884      23068  


LINKER GENERATED COPY TABLES

__TI_cinit_table @ 00004f70 records: 2, size/record: 8, table size: 16
	.data: load addr=00004f10, load size=0000004b bytes, run addr=20000000, run size=00002ad3 bytes, compression=lzss
	.bss: load addr=00004f68, load size=00000008 bytes, run addr=20002ad4, run size=0000003d bytes, compression=zero_init


LINKER GENERATED HANDLER TABLE

__TI_handler_table @ 00004f5c records: 3, size/record: 4, table size: 12
	index: 0, handler: __TI_decompress_lzss
	index: 1, handler: __TI_decompress_none
	index: 2, handler: __TI_zero_init


GLOBAL SYMBOLS: SORTED ALPHABETICALLY BY Name 

address   name                                      
-------   ----                                      
00001039  ADC14_CHAEND_set                          
00000d79  ADC14_CHA_sel                             
00000e8d  ADC14_CLK_sel                             
00001235  ADC14_IRQFG_set                           
00001351  ADC14_IRQHandler                          
00001351  ADC14_IRQHandler                          
00001129  ADC14_MEM_set                             
00000f8b  ADC14_PREC_sel                            
00000b41  ADC14_convert_disable                     
00000b35  ADC14_convert_enable                      
00000b59  ADC14_convert_end                         
00000b4d  ADC14_convert_start                       
00000fe5  ADC14_init                                
00000c03  ADC14_read_data                           
000012b5  ADC14_repeatmod_init                      
00001315  ADC14_repeatmod_rec                       
00000b65  ADC14_start                               
000030fd  ADS_Get                                   
20002a94  ADS_RCV_DATA                              
20002aa1  ADS_RCV_FLAG                              
0000313f  ADS_RCV_GetData32                         
00003025  ADS_RCV_Init                              
20002aa2  ADS_RCV_STATE                             
000048a9  AES256_IRQHandler                         
20002a92  A_flag                                    
20002a93  B_flag                                    
000048a9  BusFault_Handler                          
000048ff  C$$EXIT                                   
000048a9  COMP_E0_IRQHandler                        
000048a9  COMP_E1_IRQHandler                        
20002aa8  CONVERT_SUCCESS_FLAG                      
000048ab  CPU_cpsie                                 
000048a9  CS_IRQHandler                             
000045e9  CS_setDCOCenteredFrequency                
000048a9  DMA_ERR_IRQHandler                        
000048a9  DMA_INT0_IRQHandler                       
000048a9  DMA_INT1_IRQHandler                       
000048a9  DMA_INT2_IRQHandler                       
000048a9  DMA_INT3_IRQHandler                       
000048a9  DebugMon_Handler                          
000048a9  Default_Handler                           
00001ef9  ENCODER_TEST                              
000032f1  EUSCIA0_IRQHandler                        
000032f1  EUSCIA0_IRQHandler                        
000048a9  EUSCIA1_IRQHandler                        
0000331f  EUSCIA2_IRQHandler                        
0000331f  EUSCIA2_IRQHandler                        
0000306d  EUSCIA3_IRQHandler                        
0000306d  EUSCIA3_IRQHandler                        
000048a9  EUSCIB0_IRQHandler                        
000048a9  EUSCIB1_IRQHandler                        
000048a9  EUSCIB2_IRQHandler                        
000048a9  EUSCIB3_IRQHandler                        
00001dc9  Encoder_clr                               
00004904  F6x8                                      
000048a9  FLCTL_IRQHandler                          
000048a9  FPU_IRQHandler                            
000045c1  FlashCtl_setWaitState                     
00001d8d  GET_encoder_dir                           
00001d51  GET_encoder_num                           
00004735  GPIO_clearInterruptFlag                   
000047d9  GPIO_enableInterrupt                      
0000447d  GPIO_getEnabledInterruptStatus            
0000474d  GPIO_getInputPinValue                     
00004851  GPIO_getInterruptStatus                   
0000453d  GPIO_setAsInputPin                        
000044ad  GPIO_setAsInputPinWithPullUpResistor      
0000460d  GPIO_setAsOutputPin                       
000042bd  GPIO_setAsPeripheralModuleFunctionInputPin
000047ed  GPIO_setOutputHighOnPin                   
00004765  GPIO_setOutputLowOnPin                    
00004801  GPIO_toggleOutputOnPin                    
000048a9  HardFault_Handler                         
00004b2c  Hzk                                       
20002a90  IRQ3_5flag                                
20002a91  IRQ4_6flag                                
000040ad  Interrupt_enableInterrupt                 
00004861  Interrupt_enableMaster                    
00004631  Interrupt_setPriority                     
000048a9  MemManage_Handler                         
000048a9  NMI_Handler                               
00001653  OLED_Clear                                
00001637  OLED_Display_Off                          
0000161b  OLED_Display_On                           
000019a1  OLED_DrawBMP                              
00001a51  OLED_Init                                 
000013c9  OLED_PutPixel                             
000015df  OLED_Set_Pos                              
000018eb  OLED_ShowCHinese                          
000016c1  OLED_ShowChar                             
00001785  OLED_ShowNum                              
00001889  OLED_ShowString                           
00001859  OLED_Showfloat                            
0000154f  OLED_WR_Byte                              
00001439  OLED_pos_clr                              
00001e69  OLED_show                                 
20002800  Oscill_data_buff                          
000048a9  PCM_IRQHandler                            
00004569  PCM_getCoreVoltageLevel                   
00004595  PCM_getPowerMode                          
000048b9  PCM_getPowerState                         
000048db  PCM_setCoreVoltageLevel                   
000048e3  PCM_setPowerMode                          
0000335d  PIT_init                                  
000022c9  PORT1_IRQHandler                          
000022c9  PORT1_IRQHandler                          
00002307  PORT2_IRQHandler                          
00002307  PORT2_IRQHandler                          
0000236d  PORT3_IRQHandler                          
0000236d  PORT3_IRQHandler                          
000023bf  PORT4_IRQHandler                          
000023bf  PORT4_IRQHandler                          
00002439  PORT5_IRQHandler                          
00002439  PORT5_IRQHandler                          
0000249f  PORT6_IRQHandler                          
0000249f  PORT6_IRQHandler                          
000048a9  PSS_IRQHandler                            
000048a9  PendSV_Handler                            
20002aa9  REPEART_MOD                               
000048a9  RTC_C_IRQHandler                          
20002aa0  R_FLAG                                    
0000489d  Reset_Handler                             
000048a9  SVC_Handler                               
00004815  SysCtl_enableSRAMBankRetention            
00002c05  SysTick_Handler                           
00002c05  SysTick_Handler                           
20002acc  SystemCoreClock                           
00001f95  SystemCoreClockUpdate                     
0000220d  SystemInit                                
000048a9  T32_INT1_IRQHandler                       
000048a9  T32_INT2_IRQHandler                       
000048a9  T32_INTC_IRQHandler                       
0000250b  TA0_0_IRQHandler                          
0000250b  TA0_0_IRQHandler                          
00001e0d  TA0_N_IRQHandler                          
00001e0d  TA0_N_IRQHandler                          
00002521  TA1_0_IRQHandler                          
00002521  TA1_0_IRQHandler                          
000048a9  TA1_N_IRQHandler                          
0000252d  TA2_0_IRQHandler                          
0000252d  TA2_0_IRQHandler                          
000048a9  TA2_N_IRQHandler                          
00002539  TA3_0_IRQHandler                          
00002539  TA3_0_IRQHandler                          
000048a9  TA3_N_IRQHandler                          
00004e80  UART0                                     
20002ad2  UART0_RXDat                               
000031d9  UART0_init                                
00004ea4  UART2                                     
20002ad1  UART2_RXDat                               
00003221  UART2_init                                
00004ec8  UART3                                     
20002ad0  UART3_RXDat                               
00004eec  UART3_SET                                 
00003269  UART3_init                                
00004881  UART_clearInterruptFlag                   
00004655  UART_disableInterrupt                     
000047ad  UART_enableInterrupt                      
000048c5  UART_enableModule                         
000044dd  UART_getEnabledInterruptStatus            
000048f5  UART_getInterruptStatus                   
00003dbd  UART_initModule                           
00004679  UART_receiveData                          
000032e1  UART_send_Num                             
000032b1  UART_send_string                          
0000469d  UART_transmitData                         
000048a9  UsageFault_Handler                        
4000480c  WDTCTL_SYM                                
000048a9  WDT_A_IRQHandler                          
0000477d  WDT_A_holdTimer                           
20010000  __STACK_END                               
00000200  __STACK_SIZE                              
00004f70  __TI_CINIT_Base                           
00004f80  __TI_CINIT_Limit                          
00004f5c  __TI_Handler_Table_Base                   
00004f68  __TI_Handler_Table_Limit                  
0000434d  __TI_auto_init_nobinit_nopinit            
00004045  __TI_decompress_lzss                      
0000488f  __TI_decompress_none                      
000041cb  __TI_ltoa                                 
ffffffff  __TI_pprof_out_hndl                       
000000e5  __TI_printfi                              
ffffffff  __TI_prof_data_size                       
ffffffff  __TI_prof_data_start                      
00000000  __TI_static_base__                        
000046e1  __TI_zero_init_nomemset                   
00003e51  __aeabi_cdcmpeq                           
00003e51  __aeabi_cdcmple                           
00003ed7  __aeabi_cdrcmple                          
00004305  __aeabi_d2iz                              
00002e77  __aeabi_dadd                              
000035e1  __aeabi_ddiv                              
0000394d  __aeabi_dmul                              
00002e6d  __aeabi_dsub                              
000048ed  __aeabi_errno_addr                        
0000440f  __aeabi_f2d                               
0000450d  __aeabi_i2d                               
00000b33  __aeabi_idiv0                             
00000b33  __aeabi_ldiv0                             
00003f5d  __aeabi_memclr                            
00003f5d  __aeabi_memclr4                           
00003f5d  __aeabi_memclr8                           
00003c89  __aeabi_memcpy                            
00003c89  __aeabi_memcpy4                           
00003c89  __aeabi_memcpy8                           
00003f5f  __aeabi_memset                            
00003f5f  __aeabi_memset4                           
00003f5f  __aeabi_memset8                           
000046c1  __aeabi_ui2d                              
00003d25  __aeabi_uldivmod                          
ffffffff  __binit__                                 
ffffffff  __c_args__                                
UNDEFED   __mpu_init                                
2000fe00  __stack                                   
20000000  __start___llvm_prf_cnts                   
20000000  __stop___llvm_prf_cnts                    
00004449  _c_int00_noargs                           
00004cec  _ctypes_                                  
UNDEFED   _system_post_cinit                        
000048fb  _system_pre_init                          
000048ff  abort                                     
00004271  atoi                                      
ffffffff  binit                                     
20002400  bmp                                       
20002000  bmp2                                      
20002aac  convert_data                              
00004719  copysign                                  
00004719  copysignl                                 
20002a84  count                                     
20002a78  dirf                                      
20002aec  encoder_A                                 
20002af4  encoder_B                                 
20002afc  encoder_C                                 
20002b04  encoder_D                                 
00001ba5  encoder_IncTypeDef_init                   
00001c01  encoder_dirpin_init                       
00001ca9  encoder_init                              
00001c59  encoder_interrupt_init                    
20002ac8  errno                                     
00002a5d  error                                     
00004111  frexp                                     
00004111  frexpl                                    
000029ab  gpio_INT_EN                               
00002899  gpio_edg_sel                              
00002859  gpio_get                                  
000027f5  gpio_init                                 
000029ff  gpio_interrupt_INIT                       
00002869  gpio_set                                  
00002889  gpio_toggle                               
00000000  interruptVectors                          
0000383d  ldexp                                     
0000383d  ldexpl                                    
00004871  main                                      
000046fd  memccpy                                   
00003c89  memcpy                                    
00003f65  memset                                    
0000174b  oled_pow                                  
0000146d  oled_update                               
20002ad4  oscill1                                   
20002a7c  page_count                                
20002a58  repeat_convert_CH                         
0000383d  scalbn                                    
0000383d  scalbnl                                   
20000000  screen_buf                                
00002a85  set_DCO_48MH                              
00002b25  set_clock_period                          
00004391  sprintf                                   
20002a80  start_flag                                
000047c3  strchr                                    
00004829  strlen                                    
20002ab8  sysc                                      
00002be5  system_init                               
00002bd7  systic_clr                                
00002c2d  systic_delayms                            
00002c0f  systic_delayus                            
00002b69  systic_end                                
00002b2f  systic_init                               
00002b77  systic_read                               
00002b53  systic_start                              
20002abc  systim                                    
20002a88  testA                                     
20002a8c  testB                                     
20002ab4  time_counter                              
20002ab0  timerAcapturePointer                      
20002a30  timerAcaptureValues                       
0000483d  wcslen                                    


GLOBAL SYMBOLS: SORTED BY Symbol Address 

address   name                                      
-------   ----                                      
00000000  __TI_static_base__                        
00000000  interruptVectors                          
000000e5  __TI_printfi                              
00000200  __STACK_SIZE                              
00000b33  __aeabi_idiv0                             
00000b33  __aeabi_ldiv0                             
00000b35  ADC14_convert_enable                      
00000b41  ADC14_convert_disable                     
00000b4d  ADC14_convert_start                       
00000b59  ADC14_convert_end                         
00000b65  ADC14_start                               
00000c03  ADC14_read_data                           
00000d79  ADC14_CHA_sel                             
00000e8d  ADC14_CLK_sel                             
00000f8b  ADC14_PREC_sel                            
00000fe5  ADC14_init                                
00001039  ADC14_CHAEND_set                          
00001129  ADC14_MEM_set                             
00001235  ADC14_IRQFG_set                           
000012b5  ADC14_repeatmod_init                      
00001315  ADC14_repeatmod_rec                       
00001351  ADC14_IRQHandler                          
00001351  ADC14_IRQHandler                          
000013c9  OLED_PutPixel                             
00001439  OLED_pos_clr                              
0000146d  oled_update                               
0000154f  OLED_WR_Byte                              
000015df  OLED_Set_Pos                              
0000161b  OLED_Display_On                           
00001637  OLED_Display_Off                          
00001653  OLED_Clear                                
000016c1  OLED_ShowChar                             
0000174b  oled_pow                                  
00001785  OLED_ShowNum                              
00001859  OLED_Showfloat                            
00001889  OLED_ShowString                           
000018eb  OLED_ShowCHinese                          
000019a1  OLED_DrawBMP                              
00001a51  OLED_Init                                 
00001ba5  encoder_IncTypeDef_init                   
00001c01  encoder_dirpin_init                       
00001c59  encoder_interrupt_init                    
00001ca9  encoder_init                              
00001d51  GET_encoder_num                           
00001d8d  GET_encoder_dir                           
00001dc9  Encoder_clr                               
00001e0d  TA0_N_IRQHandler                          
00001e0d  TA0_N_IRQHandler                          
00001e69  OLED_show                                 
00001ef9  ENCODER_TEST                              
00001f95  SystemCoreClockUpdate                     
0000220d  SystemInit                                
000022c9  PORT1_IRQHandler                          
000022c9  PORT1_IRQHandler                          
00002307  PORT2_IRQHandler                          
00002307  PORT2_IRQHandler                          
0000236d  PORT3_IRQHandler                          
0000236d  PORT3_IRQHandler                          
000023bf  PORT4_IRQHandler                          
000023bf  PORT4_IRQHandler                          
00002439  PORT5_IRQHandler                          
00002439  PORT5_IRQHandler                          
0000249f  PORT6_IRQHandler                          
0000249f  PORT6_IRQHandler                          
0000250b  TA0_0_IRQHandler                          
0000250b  TA0_0_IRQHandler                          
00002521  TA1_0_IRQHandler                          
00002521  TA1_0_IRQHandler                          
0000252d  TA2_0_IRQHandler                          
0000252d  TA2_0_IRQHandler                          
00002539  TA3_0_IRQHandler                          
00002539  TA3_0_IRQHandler                          
000027f5  gpio_init                                 
00002859  gpio_get                                  
00002869  gpio_set                                  
00002889  gpio_toggle                               
00002899  gpio_edg_sel                              
000029ab  gpio_INT_EN                               
000029ff  gpio_interrupt_INIT                       
00002a5d  error                                     
00002a85  set_DCO_48MH                              
00002b25  set_clock_period                          
00002b2f  systic_init                               
00002b53  systic_start                              
00002b69  systic_end                                
00002b77  systic_read                               
00002bd7  systic_clr                                
00002be5  system_init                               
00002c05  SysTick_Handler                           
00002c05  SysTick_Handler                           
00002c0f  systic_delayus                            
00002c2d  systic_delayms                            
00002e6d  __aeabi_dsub                              
00002e77  __aeabi_dadd                              
00003025  ADS_RCV_Init                              
0000306d  EUSCIA3_IRQHandler                        
0000306d  EUSCIA3_IRQHandler                        
000030fd  ADS_Get                                   
0000313f  ADS_RCV_GetData32                         
000031d9  UART0_init                                
00003221  UART2_init                                
00003269  UART3_init                                
000032b1  UART_send_string                          
000032e1  UART_send_Num                             
000032f1  EUSCIA0_IRQHandler                        
000032f1  EUSCIA0_IRQHandler                        
0000331f  EUSCIA2_IRQHandler                        
0000331f  EUSCIA2_IRQHandler                        
0000335d  PIT_init                                  
000035e1  __aeabi_ddiv                              
0000383d  ldexp                                     
0000383d  ldexpl                                    
0000383d  scalbn                                    
0000383d  scalbnl                                   
0000394d  __aeabi_dmul                              
00003c89  __aeabi_memcpy                            
00003c89  __aeabi_memcpy4                           
00003c89  __aeabi_memcpy8                           
00003c89  memcpy                                    
00003d25  __aeabi_uldivmod                          
00003dbd  UART_initModule                           
00003e51  __aeabi_cdcmpeq                           
00003e51  __aeabi_cdcmple                           
00003ed7  __aeabi_cdrcmple                          
00003f5d  __aeabi_memclr                            
00003f5d  __aeabi_memclr4                           
00003f5d  __aeabi_memclr8                           
00003f5f  __aeabi_memset                            
00003f5f  __aeabi_memset4                           
00003f5f  __aeabi_memset8                           
00003f65  memset                                    
00004045  __TI_decompress_lzss                      
000040ad  Interrupt_enableInterrupt                 
00004111  frexp                                     
00004111  frexpl                                    
000041cb  __TI_ltoa                                 
00004271  atoi                                      
000042bd  GPIO_setAsPeripheralModuleFunctionInputPin
00004305  __aeabi_d2iz                              
0000434d  __TI_auto_init_nobinit_nopinit            
00004391  sprintf                                   
0000440f  __aeabi_f2d                               
00004449  _c_int00_noargs                           
0000447d  GPIO_getEnabledInterruptStatus            
000044ad  GPIO_setAsInputPinWithPullUpResistor      
000044dd  UART_getEnabledInterruptStatus            
0000450d  __aeabi_i2d                               
0000453d  GPIO_setAsInputPin                        
00004569  PCM_getCoreVoltageLevel                   
00004595  PCM_getPowerMode                          
000045c1  FlashCtl_setWaitState                     
000045e9  CS_setDCOCenteredFrequency                
0000460d  GPIO_setAsOutputPin                       
00004631  Interrupt_setPriority                     
00004655  UART_disableInterrupt                     
00004679  UART_receiveData                          
0000469d  UART_transmitData                         
000046c1  __aeabi_ui2d                              
000046e1  __TI_zero_init_nomemset                   
000046fd  memccpy                                   
00004719  copysign                                  
00004719  copysignl                                 
00004735  GPIO_clearInterruptFlag                   
0000474d  GPIO_getInputPinValue                     
00004765  GPIO_setOutputLowOnPin                    
0000477d  WDT_A_holdTimer                           
000047ad  UART_enableInterrupt                      
000047c3  strchr                                    
000047d9  GPIO_enableInterrupt                      
000047ed  GPIO_setOutputHighOnPin                   
00004801  GPIO_toggleOutputOnPin                    
00004815  SysCtl_enableSRAMBankRetention            
00004829  strlen                                    
0000483d  wcslen                                    
00004851  GPIO_getInterruptStatus                   
00004861  Interrupt_enableMaster                    
00004871  main                                      
00004881  UART_clearInterruptFlag                   
0000488f  __TI_decompress_none                      
0000489d  Reset_Handler                             
000048a9  AES256_IRQHandler                         
000048a9  BusFault_Handler                          
000048a9  COMP_E0_IRQHandler                        
000048a9  COMP_E1_IRQHandler                        
000048a9  CS_IRQHandler                             
000048a9  DMA_ERR_IRQHandler                        
000048a9  DMA_INT0_IRQHandler                       
000048a9  DMA_INT1_IRQHandler                       
000048a9  DMA_INT2_IRQHandler                       
000048a9  DMA_INT3_IRQHandler                       
000048a9  DebugMon_Handler                          
000048a9  Default_Handler                           
000048a9  EUSCIA1_IRQHandler                        
000048a9  EUSCIB0_IRQHandler                        
000048a9  EUSCIB1_IRQHandler                        
000048a9  EUSCIB2_IRQHandler                        
000048a9  EUSCIB3_IRQHandler                        
000048a9  FLCTL_IRQHandler                          
000048a9  FPU_IRQHandler                            
000048a9  HardFault_Handler                         
000048a9  MemManage_Handler                         
000048a9  NMI_Handler                               
000048a9  PCM_IRQHandler                            
000048a9  PSS_IRQHandler                            
000048a9  PendSV_Handler                            
000048a9  RTC_C_IRQHandler                          
000048a9  SVC_Handler                               
000048a9  T32_INT1_IRQHandler                       
000048a9  T32_INT2_IRQHandler                       
000048a9  T32_INTC_IRQHandler                       
000048a9  TA1_N_IRQHandler                          
000048a9  TA2_N_IRQHandler                          
000048a9  TA3_N_IRQHandler                          
000048a9  UsageFault_Handler                        
000048a9  WDT_A_IRQHandler                          
000048ab  CPU_cpsie                                 
000048b9  PCM_getPowerState                         
000048c5  UART_enableModule                         
000048db  PCM_setCoreVoltageLevel                   
000048e3  PCM_setPowerMode                          
000048ed  __aeabi_errno_addr                        
000048f5  UART_getInterruptStatus                   
000048fb  _system_pre_init                          
000048ff  C$$EXIT                                   
000048ff  abort                                     
00004904  F6x8                                      
00004b2c  Hzk                                       
00004cec  _ctypes_                                  
00004e80  UART0                                     
00004ea4  UART2                                     
00004ec8  UART3                                     
00004eec  UART3_SET                                 
00004f5c  __TI_Handler_Table_Base                   
00004f68  __TI_Handler_Table_Limit                  
00004f70  __TI_CINIT_Base                           
00004f80  __TI_CINIT_Limit                          
20000000  __start___llvm_prf_cnts                   
20000000  __stop___llvm_prf_cnts                    
20000000  screen_buf                                
20002000  bmp2                                      
20002400  bmp                                       
20002800  Oscill_data_buff                          
20002a30  timerAcaptureValues                       
20002a58  repeat_convert_CH                         
20002a78  dirf                                      
20002a7c  page_count                                
20002a80  start_flag                                
20002a84  count                                     
20002a88  testA                                     
20002a8c  testB                                     
20002a90  IRQ3_5flag                                
20002a91  IRQ4_6flag                                
20002a92  A_flag                                    
20002a93  B_flag                                    
20002a94  ADS_RCV_DATA                              
20002aa0  R_FLAG                                    
20002aa1  ADS_RCV_FLAG                              
20002aa2  ADS_RCV_STATE                             
20002aa8  CONVERT_SUCCESS_FLAG                      
20002aa9  REPEART_MOD                               
20002aac  convert_data                              
20002ab0  timerAcapturePointer                      
20002ab4  time_counter                              
20002ab8  sysc                                      
20002abc  systim                                    
20002ac8  errno                                     
20002acc  SystemCoreClock                           
20002ad0  UART3_RXDat                               
20002ad1  UART2_RXDat                               
20002ad2  UART0_RXDat                               
20002ad4  oscill1                                   
20002aec  encoder_A                                 
20002af4  encoder_B                                 
20002afc  encoder_C                                 
20002b04  encoder_D                                 
2000fe00  __stack                                   
20010000  __STACK_END                               
4000480c  WDTCTL_SYM                                
ffffffff  __TI_pprof_out_hndl                       
ffffffff  __TI_prof_data_size                       
ffffffff  __TI_prof_data_start                      
ffffffff  __binit__                                 
ffffffff  __c_args__                                
ffffffff  binit                                     
UNDEFED   __mpu_init                                
UNDEFED   _system_post_cinit                        

[286 symbols]
