******************************************************************************
                  TI ARM Linker PC v20.2.1                     
******************************************************************************
>> Linked Mon Jan 10 18:19:17 2022

OUTPUT FILE NAME:   <8.Exin_steer.out>
ENTRY POINT SYMBOL: "_c_int00_noargs"  address: 00005ca9


MEMORY CONFIGURATION

         name            origin    length      used     unused   attr    fill
----------------------  --------  ---------  --------  --------  ----  --------
  MAIN                  00000000   00040000  00006480  00039b80  R  X
  INFO                  00200000   00004000  00000000  00004000  R  X
  SRAM_CODE             01000000   00010000  00002d21  0000d2df  RW X
  SRAM_DATA             20000000   00010000  00002d21  0000d2df  RW  


SEGMENT ALLOCATION MAP

run origin  load origin   length   init length attrs members
----------  ----------- ---------- ----------- ----- -------
00000000    00000000    00006480   00006480    r-x
  00000000    00000000    000000e4   000000e4    r-- .intvecs
  000000e4    000000e4    00005d78   00005d78    r-x .text
  00005e5c    00005e5c    000005b4   000005b4    r-- .const
  00006410    00006410    00000070   00000070    r-- .cinit
20000000    20000000    00002b21   00000000    rw-
  20000000    20000000    00002ab4   00000000    rw- .data
  20002ab4    20002ab4    0000006d   00000000    rw- .bss
2000fe00    2000fe00    00000200   00000000    rw-
  2000fe00    2000fe00    00000200   00000000    rw- .stack


SECTION ALLOCATION MAP

 output                                  attributes/
section   page    origin      length       input sections
--------  ----  ----------  ----------   ----------------
.intvecs   0    00000000    000000e4     
                  00000000    000000e4     startup_msp432p401r_ccs.obj (.intvecs:retain)

.text      0    000000e4    00005d78     
                  000000e4    00000a9c     exingpio.obj (.text)
                  00000b80    00000a4e     rtsv7M4_T_le_v4SPD16_eabi.lib : _printfi.c.obj (.text:__TI_printfi)
                  000015ce    00000002                                   : div0.asm.obj (.text)
                  000015d0    000008f0     exinADC.obj (.text)
                  00001ec0    00000838     exinuart.obj (.text)
                  000026f8    000007dc     oled.obj (.text)
                  00002ed4    00000664     exinisr.obj (.text)
                  00003538    00000600     exinTimerA.obj (.text)
                  00003b38    000004fc     exinsystem.obj (.text)
                  00004034    00000340     exinpwm.obj (.text)
                  00004374    00000334     system_msp432p401r.obj (.text)
                  000046a8    00000270     rtsv7M4_T_le_v4SPD16_eabi.lib : _printfi.c.obj (.text:_pconv_a)
                  00004918    000001d0                                   : _printfi.c.obj (.text:_pconv_g)
                  00004ae8    000001c0     exinkey.obj (.text)
                  00004ca8    000001b6     rtsv7M4_T_le_v4SPD16_eabi.lib : fd_add_t2.asm.obj (.text)
                  00004e5e    00000002     --HOLE-- [fill = 0]
                  00004e60    0000013c                                   : _printfi.c.obj (.text:_pconv_e)
                  00004f9c    00000136                                   : fd_div_t2.asm.obj (.text)
                  000050d2    00000002     --HOLE-- [fill = 0]
                  000050d4    00000124                                   : _printfi.c.obj (.text:fcvt)
                  000051f8    00000110                                   : s_scalbn.c.obj (.text:scalbn)
                  00005308    000000fc                                   : fd_mul_t2.asm.obj (.text)
                  00005404    000000c8     exinsteer.obj (.text)
                  000054cc    000000b1     rtsv7M4_T_le_v4SPD16_eabi.lib : _printfi.c.obj (.text:_ltostr)
                  0000557d    00000003     --HOLE-- [fill = 0]
                  00005580    000000a8     main.obj (.text)
                  00005628    0000009c     rtsv7M4_T_le_v4SPD16_eabi.lib : memcpy_t2.asm.obj (.text)
                  000056c4    00000096                                   : ull_div_t2.asm.obj (.text)
                  0000575a    00000086                                   : fd_cmp_t2.asm.obj (.text:__aeabi_cdcmple)
                  000057e0    00000086                                   : fd_cmp_t2.asm.obj (.text:__aeabi_cdrcmple)
                  00005866    0000007a                                   : memset_t2.asm.obj (.text)
                  000058e0    0000006e                                   : _printfi.c.obj (.text:_mcpy)
                  0000594e    00000068                                   : copy_decompress_lzss.c.obj (.text:decompress:lzss:__TI_decompress_lzss)
                  000059b6    00000002     --HOLE-- [fill = 0]
                  000059b8    00000064                                   : s_frexp.c.obj (.text:frexp)
                  00005a1c    00000056                                   : _printfi.c.obj (.text:_pconv_f)
                  00005a72    00000054                                   : _ltoa.c.obj (.text:__TI_ltoa)
                  00005ac6    00000052                                   : _printfi.c.obj (.text:_ecpy)
                  00005b18    0000004c                                   : atoi.c.obj (.text:atoi)
                  00005b64    00000048                                   : fd_toi_t2.asm.obj (.text)
                  00005bac    00000044                                   : autoinit.c.obj (.text:__TI_auto_init_nobinit_nopinit:__TI_auto_init_nobinit_nopinit)
                  00005bf0    00000040                                   : sprintf.c.obj (.text:sprintf)
                  00005c30    0000003e                                   : _printfi.c.obj (.text:_fcpy)
                  00005c6e    00000038                                   : fs_tod_t2.asm.obj (.text)
                  00005ca6    00000002     --HOLE-- [fill = 0]
                  00005ca8    00000034                                   : boot_cortex_m.c.obj (.text:_c_int00_noargs:_c_int00_noargs)
                  00005cdc    0000002e                                   : i_tofd_t2.asm.obj (.text)
                  00005d0a    00000002     --HOLE-- [fill = 0]
                  00005d0c    00000024     msp432p4xx_driverlib.lib : gpio.o (.text:GPIO_setAsOutputPin)
                  00005d30    00000020     rtsv7M4_T_le_v4SPD16_eabi.lib : u_tofd_t2.asm.obj (.text)
                  00005d50    0000001c                                   : copy_zero_init.c.obj (.text:decompress:ZI:__TI_zero_init_nomemset:__TI_zero_init_nomemset)
                  00005d6c    0000001c                                   : memccpy.c.obj (.text:memccpy)
                  00005d88    0000001a                                   : s_copysign.c.obj (.text:copysign)
                  00005da2    00000002     --HOLE-- [fill = 0]
                  00005da4    00000018     msp432p4xx_driverlib.lib : gpio.o (.text:GPIO_setOutputLowOnPin)
                  00005dbc    00000018     rtsv7M4_T_le_v4SPD16_eabi.lib : sprintf.c.obj (.text:_outs)
                  00005dd4    00000016                                   : strchr.c.obj (.text:strchr)
                  00005dea    00000002     --HOLE-- [fill = 0]
                  00005dec    00000014     msp432p4xx_driverlib.lib : gpio.o (.text:GPIO_setOutputHighOnPin)
                  00005e00    00000014     rtsv7M4_T_le_v4SPD16_eabi.lib : strlen.c.obj (.text:strlen)
                  00005e14    00000012                                   : wcslen.c.obj (.text:wcslen)
                  00005e26    0000000e                                   : copy_decompress_none.c.obj (.text:decompress:none:__TI_decompress_none)
                  00005e34    0000000e     startup_msp432p401r_ccs.obj (.text)
                  00005e42    0000000a     rtsv7M4_T_le_v4SPD16_eabi.lib : sprintf.c.obj (.text:_outc)
                  00005e4c    00000008                                   : errno.c.obj (.text:__aeabi_errno_addr)
                  00005e54    00000004                                   : pre_init.c.obj (.text:_system_pre_init)
                  00005e58    00000004                                   : exit.c.obj (.text:abort:abort)

.const     0    00005e5c    000005b4     
                  00005e5c    00000228     oled.obj (.const:F6x8)
                  00006084    000001c0     oled.obj (.const:Hzk)
                  00006244    00000101     rtsv7M4_T_le_v4SPD16_eabi.lib : ctype.c.obj (.const:.string:_ctypes_)
                  00006345    00000003     --HOLE-- [fill = 0]
                  00006348    000000a0     exinuart.obj (.const:FP_N)
                  000063e8    00000028     exinuart.obj (.const:.string:BRS)

.cinit     0    00006410    00000070     
                  00006410    00000046     (.cinit..data.load) [load image, compression = lzss]
                  00006456    00000002     --HOLE-- [fill = 0]
                  00006458    0000000c     (__TI_handler_table)
                  00006464    00000004     --HOLE-- [fill = 0]
                  00006468    00000008     (.cinit..bss.load) [load image, compression = zero_init]
                  00006470    00000010     (__TI_cinit_table)

.init_array 
*          0    00000000    00000000     UNINITIALIZED

.binit     0    00000000    00000000     

.data      0    20000000    00002ab4     UNINITIALIZED
                  20000000    00002000     oled.obj (.data:screen_buf)
                  20002000    00000400     oled.obj (.data:bmp2)
                  20002400    00000400     oled.obj (.data:bmp)
                  20002800    00000200     Oscill_OLED.obj (.data:Oscill_data_buff)
                  20002a00    00000038     exinTimerAINT.obj (.data:CCRn_period_val)
                  20002a38    00000030     msp432p4xx_driverlib.lib : gpio.o (.data:GPIO_PORT_TO_BASE)
                  20002a68    0000001c     exinadjust.obj (.data)
                  20002a84    0000000c     main.obj (.data)
                  20002a90    00000008     exinsystem.obj (.data)
                  20002a98    00000008     exinuart.obj (.data)
                  20002aa0    00000008     oled.obj (.data:tmp$2)
                  20002aa8    00000004     exinpwm.obj (.data)
                  20002aac    00000004     rtsv7M4_T_le_v4SPD16_eabi.lib : errno.c.obj (.data)
                  20002ab0    00000004     system_msp432p401r.obj (.data)

.bss       0    20002ab4    0000006d     UNINITIALIZED
                  20002ab4    00000030     (.common:ADC14_STRUCT)
                  20002ae4    00000018     (.common:oscill1)
                  20002afc    00000008     (.common:encoder_A)
                  20002b04    00000008     (.common:encoder_B)
                  20002b0c    00000008     (.common:encoder_C)
                  20002b14    00000008     (.common:encoder_D)
                  20002b1c    00000004     exinsystem.obj (.bss)
                  20002b20    00000001     oled.obj (.bss)

.stack     0    2000fe00    00000200     UNINITIALIZED
                  2000fe00    00000004     rtsv7M4_T_le_v4SPD16_eabi.lib : boot_cortex_m.c.obj (.stack)
                  2000fe04    000001fc     --HOLE--

__llvm_prf_cnts 
*          0    20000000    00000000     UNINITIALIZED

MODULE SUMMARY

       Module                        code    ro data   rw data
       ------                        ----    -------   -------
    .\
       system_msp432p401r.obj        820     0         8      
       main.obj                      168     0         120    
       startup_msp432p401r_ccs.obj   14      228       0      
    +--+-----------------------------+-------+---------+---------+
       Total:                        1002    228       128    
                                                              
    .\exinlibs\
       oled.obj                      2012    1000      20498  
       exingpio.obj                  2716    0         0      
       exinuart.obj                  2104    200       16     
       exinADC.obj                   2288    0         0      
       exinisr.obj                   1636    0         0      
       exinTimerA.obj                1536    0         0      
       exinsystem.obj                1276    0         24     
       Oscill_OLED.obj               0       0         1072   
       exinpwm.obj                   832     0         8      
       exinkey.obj                   448     0         0      
       exinsteer.obj                 200     0         0      
       exinTimerAINT.obj             0       0         112    
       exinencoder.obj               0       0         64     
       exinadjust.obj                0       0         56     
    +--+-----------------------------+-------+---------+---------+
       Total:                        15048   1200      21850  
                                                              
    C:/ti/msp/MSP432Ware_3_40_00_25/driverlib/driverlib/MSP432P4xx/ccs/msp432p4xx_driverlib.lib
       gpio.o                        80      0         96     
    +--+-----------------------------+-------+---------+---------+
       Total:                        80      0         96     
                                                              
    D:\CCS\ccs\tools\compiler\ti-cgt-arm_20.2.1.LTS\lib\rtsv7M4_T_le_v4SPD16_eabi.lib
       _printfi.c.obj                4851    0         0      
       fd_add_t2.asm.obj             438     0         0      
       fd_div_t2.asm.obj             310     0         0      
       s_scalbn.c.obj                272     0         0      
       fd_cmp_t2.asm.obj             268     0         0      
       ctype.c.obj                   0       257       0      
       fd_mul_t2.asm.obj             252     0         0      
       memcpy_t2.asm.obj             156     0         0      
       ull_div_t2.asm.obj            150     0         0      
       memset_t2.asm.obj             122     0         0      
       copy_decompress_lzss.c.obj    104     0         0      
       s_frexp.c.obj                 100     0         0      
       sprintf.c.obj                 98      0         0      
       _ltoa.c.obj                   84      0         0      
       atoi.c.obj                    76      0         0      
       fd_toi_t2.asm.obj             72      0         0      
       autoinit.c.obj                68      0         0      
       fs_tod_t2.asm.obj             56      0         0      
       boot_cortex_m.c.obj           52      0         0      
       i_tofd_t2.asm.obj             46      0         0      
       u_tofd_t2.asm.obj             32      0         0      
       copy_zero_init.c.obj          28      0         0      
       memccpy.c.obj                 28      0         0      
       s_copysign.c.obj              26      0         0      
       strchr.c.obj                  22      0         0      
       strlen.c.obj                  20      0         0      
       wcslen.c.obj                  18      0         0      
       errno.c.obj                   8       0         8      
       copy_decompress_none.c.obj    14      0         0      
       exit.c.obj                    4       0         0      
       pre_init.c.obj                4       0         0      
       div0.asm.obj                  2       0         0      
    +--+-----------------------------+-------+---------+---------+
       Total:                        7781    257       8      
                                                              
       Stack:                        0       0         1024   
       Linker Generated:             0       106       0      
    +--+-----------------------------+-------+---------+---------+
       Grand Total:                  23911   1791      23106  


LINKER GENERATED COPY TABLES

__TI_cinit_table @ 00006470 records: 2, size/record: 8, table size: 16
	.data: load addr=00006410, load size=00000046 bytes, run addr=20000000, run size=00002ab4 bytes, compression=lzss
	.bss: load addr=00006468, load size=00000008 bytes, run addr=20002ab4, run size=0000006d bytes, compression=zero_init


LINKER GENERATED HANDLER TABLE

__TI_handler_table @ 00006458 records: 3, size/record: 4, table size: 12
	index: 0, handler: __TI_decompress_lzss
	index: 1, handler: __TI_decompress_none
	index: 2, handler: __TI_zero_init


GLOBAL SYMBOLS: SORTED ALPHABETICALLY BY Name 

address   name                          
-------   ----                          
00001ae1  ADC14_CHAEND_set              
00001815  ADC14_CHA_sel                 
00001929  ADC14_CLK_sel                 
00001cdd  ADC14_IRQFG_set               
00001e35  ADC14_IRQHandler              
00001e35  ADC14_IRQHandler              
00001bd9  ADC14_MEM_set                 
00001a27  ADC14_PREC_sel                
20002ab4  ADC14_STRUCT                  
000015dd  ADC14_convert_disable         
000015d1  ADC14_convert_enable          
000015f5  ADC14_convert_end             
000015e9  ADC14_convert_start           
00001a81  ADC14_init                    
0000169f  ADC14_read_data               
00001d69  ADC14_repeatmod_init          
00001de1  ADC14_repeatmod_rec           
00001601  ADC14_start                   
00005e41  AES256_IRQHandler             
20002a82  A_flag                        
20002a9c  BRCLK                         
000063e8  BRS                           
20002a83  B_flag                        
00005e41  BusFault_Handler              
00005e59  C$$EXIT                       
00003a49  CCRn_MOD_sel                  
20002a00  CCRn_period_val               
00005e41  COMP_E0_IRQHandler            
00005e41  COMP_E1_IRQHandler            
00005e41  CS_IRQHandler                 
00003b6b  CS_locked                     
00003b61  CS_unlocked                   
00003b73  DCO_set                       
00005e41  DMA_ERR_IRQHandler            
00005e41  DMA_INT0_IRQHandler           
00005e41  DMA_INT1_IRQHandler           
00005e41  DMA_INT2_IRQHandler           
00005e41  DMA_INT3_IRQHandler           
00005e41  DebugMon_Handler              
00005e41  Default_Handler               
0000268d  EUSCIA0_IRQHandler            
0000268d  EUSCIA0_IRQHandler            
00002697  EUSCIA1_IRQHandler            
00002697  EUSCIA1_IRQHandler            
000026a9  EUSCIA2_IRQHandler            
000026a9  EUSCIA2_IRQHandler            
000026b9  EUSCIA3_IRQHandler            
000026b9  EUSCIA3_IRQHandler            
00005e41  EUSCIB0_IRQHandler            
00005e41  EUSCIB1_IRQHandler            
00005e41  EUSCIB2_IRQHandler            
00005e41  EUSCIB3_IRQHandler            
00005e5c  F6x8                          
00005e41  FLCTL_IRQHandler              
00005e41  FPU_IRQHandler                
00006348  FP_N                          
00005d0d  GPIO_setAsOutputPin           
00005ded  GPIO_setOutputHighOnPin       
00005da5  GPIO_setOutputLowOnPin        
00005e41  HardFault_Handler             
00006084  Hzk                           
20002a80  IRQ3_5flag                    
20002a81  IRQ4_6flag                    
00003be9  MCLK_set                      
00005e41  MemManage_Handler             
00005e41  NMI_Handler                   
00002983  OLED_Clear                    
00002967  OLED_Display_Off              
0000294b  OLED_Display_On               
00002cd1  OLED_DrawBMP                  
00002d81  OLED_Init                     
000026f9  OLED_PutPixel                 
00005581  OLED_STEER_show               
0000290f  OLED_Set_Pos                  
00002c1b  OLED_ShowCHinese              
000029f1  OLED_ShowChar                 
00002ab5  OLED_ShowNum                  
00002bb9  OLED_ShowString               
00002b89  OLED_Showfloat                
0000287f  OLED_WR_Byte                  
00002769  OLED_pos_clr                  
20002800  Oscill_data_buff              
00005e41  PCM_IRQHandler                
00002ed5  PORT1_IRQHandler              
00002ed5  PORT1_IRQHandler              
00002f7b  PORT2_IRQHandler              
00002f7b  PORT2_IRQHandler              
00003047  PORT3_IRQHandler              
00003047  PORT3_IRQHandler              
000030ff  PORT4_IRQHandler              
000030ff  PORT4_IRQHandler              
000031dd  PORT5_IRQHandler              
000031dd  PORT5_IRQHandler              
000032b1  PORT6_IRQHandler              
000032b1  PORT6_IRQHandler              
00005e41  PSS_IRQHandler                
0000431b  PWM_TEST                      
00005e41  PendSV_Handler                
00005e41  RTC_C_IRQHandler              
00005e35  Reset_Handler                 
00003d09  SMCLK_set                     
00005e41  SVC_Handler                   
00003faf  SysTick_Handler               
00003faf  SysTick_Handler               
20002ab0  SystemCoreClock               
00004375  SystemCoreClockUpdate         
000045ed  SystemInit                    
00005e41  T32_INT1_IRQHandler           
00005e41  T32_INT2_IRQHandler           
00005e41  T32_INTC_IRQHandler           
0000338d  TA0_0_IRQHandler              
0000338d  TA0_0_IRQHandler              
000033c7  TA0_N_IRQHandler              
000033c7  TA0_N_IRQHandler              
000033a3  TA1_0_IRQHandler              
000033a3  TA1_0_IRQHandler              
000033cd  TA1_N_IRQHandler              
000033cd  TA1_N_IRQHandler              
000033af  TA2_0_IRQHandler              
000033af  TA2_0_IRQHandler              
000033cf  TA2_N_IRQHandler              
000033cf  TA2_N_IRQHandler              
000033bb  TA3_0_IRQHandler              
000033bb  TA3_0_IRQHandler              
000033e5  TA3_N_IRQHandler              
000033e5  TA3_N_IRQHandler              
000039c9  TimerA_CCRVAL_set             
000035df  TimerA_CLK_set                
00003539  TimerA_MOD_sel                
000037a1  TimerA_NVIC_IRQ_set           
00003919  TimerA_disable_CCRnIRQ        
00003869  TimerA_enable_CCRnIRQ         
20002a9a  UART0_RXDat                   
20002a99  UART2_RXDat                   
20002a98  UART3_RXDat                   
00002131  UART_BRS_val                  
00002251  UART_Baunds_set               
00002039  UART_CLK_sel                  
00001f3d  UART_IRQRX_set                
00001ec1  UART_IRQ_set                  
00001fe5  UART_PIN_sel                  
00001f91  UART_USIC_init                
00002485  UART_init                     
00002565  UART_recv_Byte                
000024f1  UART_send_Byte                
00002651  UART_send_int                 
000025f5  UART_send_short               
000025b9  UART_send_string              
00005e41  UsageFault_Handler            
4000480c  WDTCTL_SYM                    
00005e41  WDT_A_IRQHandler              
20010000  __STACK_END                   
00000200  __STACK_SIZE                  
00006470  __TI_CINIT_Base               
00006480  __TI_CINIT_Limit              
00006458  __TI_Handler_Table_Base       
00006464  __TI_Handler_Table_Limit      
00005bad  __TI_auto_init_nobinit_nopinit
0000594f  __TI_decompress_lzss          
00005e27  __TI_decompress_none          
00005a73  __TI_ltoa                     
ffffffff  __TI_pprof_out_hndl           
00000b81  __TI_printfi                  
ffffffff  __TI_prof_data_size           
ffffffff  __TI_prof_data_start          
00000000  __TI_static_base__            
00005d51  __TI_zero_init_nomemset       
0000575b  __aeabi_cdcmpeq               
0000575b  __aeabi_cdcmple               
000057e1  __aeabi_cdrcmple              
00005b65  __aeabi_d2iz                  
00004cb3  __aeabi_dadd                  
00004f9d  __aeabi_ddiv                  
00005309  __aeabi_dmul                  
00004ca9  __aeabi_dsub                  
00005e4d  __aeabi_errno_addr            
00005c6f  __aeabi_f2d                   
00005cdd  __aeabi_i2d                   
000015cf  __aeabi_idiv0                 
000015cf  __aeabi_ldiv0                 
00005867  __aeabi_memclr                
00005867  __aeabi_memclr4               
00005867  __aeabi_memclr8               
00005629  __aeabi_memcpy                
00005629  __aeabi_memcpy4               
00005629  __aeabi_memcpy8               
00005869  __aeabi_memset                
00005869  __aeabi_memset4               
00005869  __aeabi_memset8               
00005d31  __aeabi_ui2d                  
000056c5  __aeabi_uldivmod              
ffffffff  __binit__                     
ffffffff  __c_args__                    
UNDEFED   __mpu_init                    
2000fe00  __stack                       
20000000  __start___llvm_prf_cnts       
20000000  __stop___llvm_prf_cnts        
00005ca9  _c_int00_noargs               
00006244  _ctypes_                      
UNDEFED   _system_post_cinit            
00005e55  _system_pre_init              
00005e59  abort                         
00005b19  atoi                          
ffffffff  binit                         
20002400  bmp                           
20002000  bmp2                          
00005d89  copysign                      
00005d89  copysignl                     
20002a74  count                         
20002a68  dirf                          
20002aa8  duty                          
20002afc  encoder_A                     
20002b04  encoder_B                     
20002b0c  encoder_C                     
20002b14  encoder_D                     
20002aac  errno                         
00003b39  error                         
000059b9  frexp                         
000059b9  frexpl                        
000006bf  gpio_clr_GPIOIRQFLG           
0000064d  gpio_disable_IRQ              
000004cd  gpio_disable_Ren              
00000741  gpio_edg_sel                  
000005b5  gpio_enable_IRQ               
0000040d  gpio_enable_Ren               
00000951  gpio_get                      
000008c1  gpio_init                     
00000861  gpio_interrupt_INIT           
00000a41  gpio_set                      
000001a5  gpio_set_Asin                 
000000e5  gpio_set_Asout                
00000265  gpio_set_High                 
00000325  gpio_set_Low                  
00000a71  gpio_toggle                   
00000000  interruptVectors              
00004b47  key_get                       
00004ae9  key_init                      
00004b9f  key_test                      
000051f9  ldexp                         
000051f9  ldexpl                        
000055cf  main                          
00005d6d  memccpy                       
00005629  memcpy                        
0000586f  memset                        
00002a7b  oled_pow                      
0000279d  oled_update                   
20002ae4  oscill1                       
20002a6c  page_count                    
00004287  pwm_duty                      
00004171  pwm_init                      
000040e5  pwm_period_set                
00004035  pwm_pin_init                  
000051f9  scalbn                        
000051f9  scalbnl                       
20000000  screen_buf                    
00003e31  set_DCO_48MH                  
00003ec9  set_clock_period              
00005bf1  sprintf                       
20002a70  start_flag                    
20002a84  steer_dutyA                   
20002a88  steer_dutyB                   
20002a8c  steer_flag                    
00005439  steer_limit                   
0000549f  steer_pwm_duty                
00005405  steer_pwm_init                
00005dd5  strchr                        
00005e01  strlen                        
20002a90  sysc                          
00003f8f  system_init                   
00003f81  systic_clr                    
00003fd7  systic_delayms                
00003fb9  systic_delayus                
00003f0d  systic_end                    
00003ed3  systic_init                   
00003f21  systic_read                   
00003ef7  systic_start                  
20002a94  systim                        
20002a78  testA                         
20002a7c  testB                         
00005e15  wcslen                        


GLOBAL SYMBOLS: SORTED BY Symbol Address 

address   name                          
-------   ----                          
00000000  __TI_static_base__            
00000000  interruptVectors              
000000e5  gpio_set_Asout                
000001a5  gpio_set_Asin                 
00000200  __STACK_SIZE                  
00000265  gpio_set_High                 
00000325  gpio_set_Low                  
0000040d  gpio_enable_Ren               
000004cd  gpio_disable_Ren              
000005b5  gpio_enable_IRQ               
0000064d  gpio_disable_IRQ              
000006bf  gpio_clr_GPIOIRQFLG           
00000741  gpio_edg_sel                  
00000861  gpio_interrupt_INIT           
000008c1  gpio_init                     
00000951  gpio_get                      
00000a41  gpio_set                      
00000a71  gpio_toggle                   
00000b81  __TI_printfi                  
000015cf  __aeabi_idiv0                 
000015cf  __aeabi_ldiv0                 
000015d1  ADC14_convert_enable          
000015dd  ADC14_convert_disable         
000015e9  ADC14_convert_start           
000015f5  ADC14_convert_end             
00001601  ADC14_start                   
0000169f  ADC14_read_data               
00001815  ADC14_CHA_sel                 
00001929  ADC14_CLK_sel                 
00001a27  ADC14_PREC_sel                
00001a81  ADC14_init                    
00001ae1  ADC14_CHAEND_set              
00001bd9  ADC14_MEM_set                 
00001cdd  ADC14_IRQFG_set               
00001d69  ADC14_repeatmod_init          
00001de1  ADC14_repeatmod_rec           
00001e35  ADC14_IRQHandler              
00001e35  ADC14_IRQHandler              
00001ec1  UART_IRQ_set                  
00001f3d  UART_IRQRX_set                
00001f91  UART_USIC_init                
00001fe5  UART_PIN_sel                  
00002039  UART_CLK_sel                  
00002131  UART_BRS_val                  
00002251  UART_Baunds_set               
00002485  UART_init                     
000024f1  UART_send_Byte                
00002565  UART_recv_Byte                
000025b9  UART_send_string              
000025f5  UART_send_short               
00002651  UART_send_int                 
0000268d  EUSCIA0_IRQHandler            
0000268d  EUSCIA0_IRQHandler            
00002697  EUSCIA1_IRQHandler            
00002697  EUSCIA1_IRQHandler            
000026a9  EUSCIA2_IRQHandler            
000026a9  EUSCIA2_IRQHandler            
000026b9  EUSCIA3_IRQHandler            
000026b9  EUSCIA3_IRQHandler            
000026f9  OLED_PutPixel                 
00002769  OLED_pos_clr                  
0000279d  oled_update                   
0000287f  OLED_WR_Byte                  
0000290f  OLED_Set_Pos                  
0000294b  OLED_Display_On               
00002967  OLED_Display_Off              
00002983  OLED_Clear                    
000029f1  OLED_ShowChar                 
00002a7b  oled_pow                      
00002ab5  OLED_ShowNum                  
00002b89  OLED_Showfloat                
00002bb9  OLED_ShowString               
00002c1b  OLED_ShowCHinese              
00002cd1  OLED_DrawBMP                  
00002d81  OLED_Init                     
00002ed5  PORT1_IRQHandler              
00002ed5  PORT1_IRQHandler              
00002f7b  PORT2_IRQHandler              
00002f7b  PORT2_IRQHandler              
00003047  PORT3_IRQHandler              
00003047  PORT3_IRQHandler              
000030ff  PORT4_IRQHandler              
000030ff  PORT4_IRQHandler              
000031dd  PORT5_IRQHandler              
000031dd  PORT5_IRQHandler              
000032b1  PORT6_IRQHandler              
000032b1  PORT6_IRQHandler              
0000338d  TA0_0_IRQHandler              
0000338d  TA0_0_IRQHandler              
000033a3  TA1_0_IRQHandler              
000033a3  TA1_0_IRQHandler              
000033af  TA2_0_IRQHandler              
000033af  TA2_0_IRQHandler              
000033bb  TA3_0_IRQHandler              
000033bb  TA3_0_IRQHandler              
000033c7  TA0_N_IRQHandler              
000033c7  TA0_N_IRQHandler              
000033cd  TA1_N_IRQHandler              
000033cd  TA1_N_IRQHandler              
000033cf  TA2_N_IRQHandler              
000033cf  TA2_N_IRQHandler              
000033e5  TA3_N_IRQHandler              
000033e5  TA3_N_IRQHandler              
00003539  TimerA_MOD_sel                
000035df  TimerA_CLK_set                
000037a1  TimerA_NVIC_IRQ_set           
00003869  TimerA_enable_CCRnIRQ         
00003919  TimerA_disable_CCRnIRQ        
000039c9  TimerA_CCRVAL_set             
00003a49  CCRn_MOD_sel                  
00003b39  error                         
00003b61  CS_unlocked                   
00003b6b  CS_locked                     
00003b73  DCO_set                       
00003be9  MCLK_set                      
00003d09  SMCLK_set                     
00003e31  set_DCO_48MH                  
00003ec9  set_clock_period              
00003ed3  systic_init                   
00003ef7  systic_start                  
00003f0d  systic_end                    
00003f21  systic_read                   
00003f81  systic_clr                    
00003f8f  system_init                   
00003faf  SysTick_Handler               
00003faf  SysTick_Handler               
00003fb9  systic_delayus                
00003fd7  systic_delayms                
00004035  pwm_pin_init                  
000040e5  pwm_period_set                
00004171  pwm_init                      
00004287  pwm_duty                      
0000431b  PWM_TEST                      
00004375  SystemCoreClockUpdate         
000045ed  SystemInit                    
00004ae9  key_init                      
00004b47  key_get                       
00004b9f  key_test                      
00004ca9  __aeabi_dsub                  
00004cb3  __aeabi_dadd                  
00004f9d  __aeabi_ddiv                  
000051f9  ldexp                         
000051f9  ldexpl                        
000051f9  scalbn                        
000051f9  scalbnl                       
00005309  __aeabi_dmul                  
00005405  steer_pwm_init                
00005439  steer_limit                   
0000549f  steer_pwm_duty                
00005581  OLED_STEER_show               
000055cf  main                          
00005629  __aeabi_memcpy                
00005629  __aeabi_memcpy4               
00005629  __aeabi_memcpy8               
00005629  memcpy                        
000056c5  __aeabi_uldivmod              
0000575b  __aeabi_cdcmpeq               
0000575b  __aeabi_cdcmple               
000057e1  __aeabi_cdrcmple              
00005867  __aeabi_memclr                
00005867  __aeabi_memclr4               
00005867  __aeabi_memclr8               
00005869  __aeabi_memset                
00005869  __aeabi_memset4               
00005869  __aeabi_memset8               
0000586f  memset                        
0000594f  __TI_decompress_lzss          
000059b9  frexp                         
000059b9  frexpl                        
00005a73  __TI_ltoa                     
00005b19  atoi                          
00005b65  __aeabi_d2iz                  
00005bad  __TI_auto_init_nobinit_nopinit
00005bf1  sprintf                       
00005c6f  __aeabi_f2d                   
00005ca9  _c_int00_noargs               
00005cdd  __aeabi_i2d                   
00005d0d  GPIO_setAsOutputPin           
00005d31  __aeabi_ui2d                  
00005d51  __TI_zero_init_nomemset       
00005d6d  memccpy                       
00005d89  copysign                      
00005d89  copysignl                     
00005da5  GPIO_setOutputLowOnPin        
00005dd5  strchr                        
00005ded  GPIO_setOutputHighOnPin       
00005e01  strlen                        
00005e15  wcslen                        
00005e27  __TI_decompress_none          
00005e35  Reset_Handler                 
00005e41  AES256_IRQHandler             
00005e41  BusFault_Handler              
00005e41  COMP_E0_IRQHandler            
00005e41  COMP_E1_IRQHandler            
00005e41  CS_IRQHandler                 
00005e41  DMA_ERR_IRQHandler            
00005e41  DMA_INT0_IRQHandler           
00005e41  DMA_INT1_IRQHandler           
00005e41  DMA_INT2_IRQHandler           
00005e41  DMA_INT3_IRQHandler           
00005e41  DebugMon_Handler              
00005e41  Default_Handler               
00005e41  EUSCIB0_IRQHandler            
00005e41  EUSCIB1_IRQHandler            
00005e41  EUSCIB2_IRQHandler            
00005e41  EUSCIB3_IRQHandler            
00005e41  FLCTL_IRQHandler              
00005e41  FPU_IRQHandler                
00005e41  HardFault_Handler             
00005e41  MemManage_Handler             
00005e41  NMI_Handler                   
00005e41  PCM_IRQHandler                
00005e41  PSS_IRQHandler                
00005e41  PendSV_Handler                
00005e41  RTC_C_IRQHandler              
00005e41  SVC_Handler                   
00005e41  T32_INT1_IRQHandler           
00005e41  T32_INT2_IRQHandler           
00005e41  T32_INTC_IRQHandler           
00005e41  UsageFault_Handler            
00005e41  WDT_A_IRQHandler              
00005e4d  __aeabi_errno_addr            
00005e55  _system_pre_init              
00005e59  C$$EXIT                       
00005e59  abort                         
00005e5c  F6x8                          
00006084  Hzk                           
00006244  _ctypes_                      
00006348  FP_N                          
000063e8  BRS                           
00006458  __TI_Handler_Table_Base       
00006464  __TI_Handler_Table_Limit      
00006470  __TI_CINIT_Base               
00006480  __TI_CINIT_Limit              
20000000  __start___llvm_prf_cnts       
20000000  __stop___llvm_prf_cnts        
20000000  screen_buf                    
20002000  bmp2                          
20002400  bmp                           
20002800  Oscill_data_buff              
20002a00  CCRn_period_val               
20002a68  dirf                          
20002a6c  page_count                    
20002a70  start_flag                    
20002a74  count                         
20002a78  testA                         
20002a7c  testB                         
20002a80  IRQ3_5flag                    
20002a81  IRQ4_6flag                    
20002a82  A_flag                        
20002a83  B_flag                        
20002a84  steer_dutyA                   
20002a88  steer_dutyB                   
20002a8c  steer_flag                    
20002a90  sysc                          
20002a94  systim                        
20002a98  UART3_RXDat                   
20002a99  UART2_RXDat                   
20002a9a  UART0_RXDat                   
20002a9c  BRCLK                         
20002aa8  duty                          
20002aac  errno                         
20002ab0  SystemCoreClock               
20002ab4  ADC14_STRUCT                  
20002ae4  oscill1                       
20002afc  encoder_A                     
20002b04  encoder_B                     
20002b0c  encoder_C                     
20002b14  encoder_D                     
2000fe00  __stack                       
20010000  __STACK_END                   
4000480c  WDTCTL_SYM                    
ffffffff  __TI_pprof_out_hndl           
ffffffff  __TI_prof_data_size           
ffffffff  __TI_prof_data_start          
ffffffff  __binit__                     
ffffffff  __c_args__                    
ffffffff  binit                         
UNDEFED   __mpu_init                    
UNDEFED   _system_post_cinit            

[280 symbols]
