******************************************************************************
                  TI ARM Linker PC v20.2.1                     
******************************************************************************
>> Linked Mon Dec 27 17:16:07 2021

OUTPUT FILE NAME:   <19.Exin_Oscill_shanwai.out>
ENTRY POINT SYMBOL: "_c_int00_noargs"  address: 00005951


MEMORY CONFIGURATION

         name            origin    length      used     unused   attr    fill
----------------------  --------  ---------  --------  --------  ----  --------
  MAIN                  00000000   00040000  000060dc  00039f24  R  X
  INFO                  00200000   00004000  00000000  00004000  R  X
  SRAM_CODE             01000000   00010000  00002d25  0000d2db  RW X
  SRAM_DATA             20000000   00010000  00002d25  0000d2db  RW  


SEGMENT ALLOCATION MAP

run origin  load origin   length   init length attrs members
----------  ----------- ---------- ----------- ----- -------
00000000    00000000    000060e0   000060e0    r-x
  00000000    00000000    000000e4   000000e4    r-- .intvecs
  000000e4    000000e4    00005a44   00005a44    r-x .text
  00005b28    00005b28    0000053c   0000053c    r-- .const
  00006068    00006068    00000078   00000078    r-- .cinit
20000000    20000000    00002b25   00000000    rw-
  20000000    20000000    00002ab8   00000000    rw- .data
  20002ab8    20002ab8    0000006d   00000000    rw- .bss
2000fe00    2000fe00    00000200   00000000    rw-
  2000fe00    2000fe00    00000200   00000000    rw- .stack


SECTION ALLOCATION MAP

 output                                  attributes/
section   page    origin      length       input sections
--------  ----  ----------  ----------   ----------------
.intvecs   0    00000000    000000e4     
                  00000000    000000e4     startup_msp432p401r_ccs.obj (.intvecs:retain)

.text      0    000000e4    00005a44     
                  000000e4    00000a9c     exingpio.obj (.text)
                  00000b80    00000a4e     rtsv7M4_T_le_v4SPD16_eabi.lib : _printfi.c.obj (.text:__TI_printfi)
                  000015ce    00000002                                   : div0.asm.obj (.text)
                  000015d0    000008f0     exinADC.obj (.text)
                  00001ec0    000007dc     oled.obj (.text)
                  0000269c    000006a0     exinuart.obj (.text)
                  00002d3c    00000668     exinisr.obj (.text)
                  000033a4    00000530     exinTimerA.obj (.text)
                  000038d4    000004fc     exinsystem.obj (.text)
                  00003dd0    0000038c     exinencoder.obj (.text)
                  0000415c    00000334     system_msp432p401r.obj (.text)
                  00004490    00000270     rtsv7M4_T_le_v4SPD16_eabi.lib : _printfi.c.obj (.text:_pconv_a)
                  00004700    000001d0                                   : _printfi.c.obj (.text:_pconv_g)
                  000048d0    000001b6                                   : fd_add_t2.asm.obj (.text)
                  00004a86    00000002     --HOLE-- [fill = 0]
                  00004a88    00000170     exinTimerAINT.obj (.text)
                  00004bf8    0000013c     rtsv7M4_T_le_v4SPD16_eabi.lib : _printfi.c.obj (.text:_pconv_e)
                  00004d34    00000136                                   : fd_div_t2.asm.obj (.text)
                  00004e6a    00000002     --HOLE-- [fill = 0]
                  00004e6c    00000124                                   : _printfi.c.obj (.text:fcvt)
                  00004f90    00000110                                   : s_scalbn.c.obj (.text:scalbn)
                  000050a0    000000fc                                   : fd_mul_t2.asm.obj (.text)
                  0000519c    000000b1                                   : _printfi.c.obj (.text:_ltostr)
                  0000524d    00000001     --HOLE-- [fill = 0]
                  0000524e    0000009c                                   : memcpy_t2.asm.obj (.text)
                  000052ea    00000096                                   : ull_div_t2.asm.obj (.text)
                  00005380    00000086                                   : fd_cmp_t2.asm.obj (.text:__aeabi_cdcmple)
                  00005406    00000086                                   : fd_cmp_t2.asm.obj (.text:__aeabi_cdrcmple)
                  0000548c    00000084     main.obj (.text)
                  00005510    0000007a     rtsv7M4_T_le_v4SPD16_eabi.lib : memset_t2.asm.obj (.text)
                  0000558a    0000006e                                   : _printfi.c.obj (.text:_mcpy)
                  000055f8    00000068                                   : copy_decompress_lzss.c.obj (.text:decompress:lzss:__TI_decompress_lzss)
                  00005660    00000064                                   : s_frexp.c.obj (.text:frexp)
                  000056c4    00000056                                   : _printfi.c.obj (.text:_pconv_f)
                  0000571a    00000054                                   : _ltoa.c.obj (.text:__TI_ltoa)
                  0000576e    00000052                                   : _printfi.c.obj (.text:_ecpy)
                  000057c0    0000004c                                   : atoi.c.obj (.text:atoi)
                  0000580c    00000048                                   : fd_toi_t2.asm.obj (.text)
                  00005854    00000044                                   : autoinit.c.obj (.text:__TI_auto_init_nobinit_nopinit:__TI_auto_init_nobinit_nopinit)
                  00005898    00000040                                   : sprintf.c.obj (.text:sprintf)
                  000058d8    0000003e                                   : _printfi.c.obj (.text:_fcpy)
                  00005916    00000038                                   : fs_tod_t2.asm.obj (.text)
                  0000594e    00000002     --HOLE-- [fill = 0]
                  00005950    00000034                                   : boot_cortex_m.c.obj (.text:_c_int00_noargs:_c_int00_noargs)
                  00005984    0000002e                                   : i_tofd_t2.asm.obj (.text)
                  000059b2    00000002     --HOLE-- [fill = 0]
                  000059b4    00000024     msp432p4xx_driverlib.lib : gpio.o (.text:GPIO_setAsOutputPin)
                  000059d8    00000024                              : interrupt.o (.text:Interrupt_setPriority)
                  000059fc    00000020     rtsv7M4_T_le_v4SPD16_eabi.lib : u_tofd_t2.asm.obj (.text)
                  00005a1c    0000001c                                   : copy_zero_init.c.obj (.text:decompress:ZI:__TI_zero_init_nomemset:__TI_zero_init_nomemset)
                  00005a38    0000001c                                   : memccpy.c.obj (.text:memccpy)
                  00005a54    0000001a                                   : s_copysign.c.obj (.text:copysign)
                  00005a6e    00000002     --HOLE-- [fill = 0]
                  00005a70    00000018     msp432p4xx_driverlib.lib : gpio.o (.text:GPIO_setOutputLowOnPin)
                  00005a88    00000018     rtsv7M4_T_le_v4SPD16_eabi.lib : sprintf.c.obj (.text:_outs)
                  00005aa0    00000016                                   : strchr.c.obj (.text:strchr)
                  00005ab6    00000002     --HOLE-- [fill = 0]
                  00005ab8    00000014     msp432p4xx_driverlib.lib : gpio.o (.text:GPIO_setOutputHighOnPin)
                  00005acc    00000014     rtsv7M4_T_le_v4SPD16_eabi.lib : strlen.c.obj (.text:strlen)
                  00005ae0    00000012                                   : wcslen.c.obj (.text:wcslen)
                  00005af2    0000000e                                   : copy_decompress_none.c.obj (.text:decompress:none:__TI_decompress_none)
                  00005b00    0000000e     startup_msp432p401r_ccs.obj (.text)
                  00005b0e    0000000a     rtsv7M4_T_le_v4SPD16_eabi.lib : sprintf.c.obj (.text:_outc)
                  00005b18    00000008                                   : errno.c.obj (.text:__aeabi_errno_addr)
                  00005b20    00000004                                   : pre_init.c.obj (.text:_system_pre_init)
                  00005b24    00000004                                   : exit.c.obj (.text:abort:abort)

.const     0    00005b28    0000053c     
                  00005b28    00000228     oled.obj (.const:F6x8)
                  00005d50    000001c0     oled.obj (.const:Hzk)
                  00005f10    00000101     rtsv7M4_T_le_v4SPD16_eabi.lib : ctype.c.obj (.const:.string:_ctypes_)
                  00006011    00000003     --HOLE-- [fill = 0]
                  00006014    00000050     msp432p4xx_driverlib.lib : interrupt.o (.const:g_pulRegs)

.cinit     0    00006068    00000078     
                  00006068    00000051     (.cinit..data.load) [load image, compression = lzss]
                  000060b9    00000003     --HOLE-- [fill = 0]
                  000060bc    0000000c     (__TI_handler_table)
                  000060c8    00000008     (.cinit..bss.load) [load image, compression = zero_init]
                  000060d0    00000010     (__TI_cinit_table)

.init_array 
*          0    00000000    00000000     UNINITIALIZED

.binit     0    00000000    00000000     

.data      0    20000000    00002ab8     UNINITIALIZED
                  20000000    00002000     oled.obj (.data:screen_buf)
                  20002000    00000400     oled.obj (.data:bmp2)
                  20002400    00000400     oled.obj (.data:bmp)
                  20002800    00000200     Oscill_OLED.obj (.data:Oscill_data_buff)
                  20002a00    00000038     exinTimerAINT.obj (.data:CCRn_period_val)
                  20002a38    00000030     msp432p4xx_driverlib.lib : gpio.o (.data:GPIO_PORT_TO_BASE)
                  20002a68    0000001c     exinadjust.obj (.data)
                  20002a84    0000000a     main.obj (.data:sindata)
                  20002a8e    00000002     --HOLE--
                  20002a90    00000008     exinencoder.obj (.data)
                  20002a98    00000008     exinsystem.obj (.data)
                  20002aa0    00000008     oled.obj (.data:tmp$2)
                  20002aa8    00000005     main.obj (.data:buf)
                  20002aad    00000003     --HOLE--
                  20002ab0    00000004     rtsv7M4_T_le_v4SPD16_eabi.lib : errno.c.obj (.data)
                  20002ab4    00000004     system_msp432p401r.obj (.data)

.bss       0    20002ab8    0000006d     UNINITIALIZED
                  20002ab8    00000030     (.common:ADC14_STRUCT)
                  20002ae8    00000018     (.common:oscill1)
                  20002b00    00000008     (.common:encoder_A)
                  20002b08    00000008     (.common:encoder_B)
                  20002b10    00000008     (.common:encoder_C)
                  20002b18    00000008     (.common:encoder_D)
                  20002b20    00000004     exinsystem.obj (.bss)
                  20002b24    00000001     oled.obj (.bss)

.stack     0    2000fe00    00000200     UNINITIALIZED
                  2000fe00    00000004     rtsv7M4_T_le_v4SPD16_eabi.lib : boot_cortex_m.c.obj (.stack)
                  2000fe04    000001fc     --HOLE--

__llvm_prf_cnts 
*          0    20000000    00000000     UNINITIALIZED

MODULE SUMMARY

       Module                        code    ro data   rw data
       ------                        ----    -------   -------
    .\
       system_msp432p401r.obj        820     0         8      
       main.obj                      132     0         126    
       startup_msp432p401r_ccs.obj   14      228       0      
    +--+-----------------------------+-------+---------+---------+
       Total:                        966     228       134    
                                                              
    .\exinlibs\
       oled.obj                      2012    1000      20498  
       exingpio.obj                  2716    0         0      
       exinADC.obj                   2288    0         0      
       exinuart.obj                  1696    0         0      
       exinisr.obj                   1640    0         0      
       exinTimerA.obj                1328    0         0      
       exinsystem.obj                1276    0         24     
       Oscill_OLED.obj               0       0         1072   
       exinencoder.obj               908     0         80     
       exinTimerAINT.obj             368     0         112    
       exinadjust.obj                0       0         56     
    +--+-----------------------------+-------+---------+---------+
       Total:                        14232   1000      21842  
                                                              
    C:/ti/msp/MSP432Ware_3_40_00_25/driverlib/driverlib/MSP432P4xx/ccs/msp432p4xx_driverlib.lib
       gpio.o                        80      0         96     
       interrupt.o                   36      80        0      
    +--+-----------------------------+-------+---------+---------+
       Total:                        116     80        96     
                                                              
    D:\CCS\ccs\tools\compiler\ti-cgt-arm_20.2.1.LTS\lib\rtsv7M4_T_le_v4SPD16_eabi.lib
       _printfi.c.obj                4851    0         0      
       fd_add_t2.asm.obj             438     0         0      
       fd_div_t2.asm.obj             310     0         0      
       s_scalbn.c.obj                272     0         0      
       fd_cmp_t2.asm.obj             268     0         0      
       ctype.c.obj                   0       257       0      
       fd_mul_t2.asm.obj             252     0         0      
       memcpy_t2.asm.obj             156     0         0      
       ull_div_t2.asm.obj            150     0         0      
       memset_t2.asm.obj             122     0         0      
       copy_decompress_lzss.c.obj    104     0         0      
       s_frexp.c.obj                 100     0         0      
       sprintf.c.obj                 98      0         0      
       _ltoa.c.obj                   84      0         0      
       atoi.c.obj                    76      0         0      
       fd_toi_t2.asm.obj             72      0         0      
       autoinit.c.obj                68      0         0      
       fs_tod_t2.asm.obj             56      0         0      
       boot_cortex_m.c.obj           52      0         0      
       i_tofd_t2.asm.obj             46      0         0      
       u_tofd_t2.asm.obj             32      0         0      
       copy_zero_init.c.obj          28      0         0      
       memccpy.c.obj                 28      0         0      
       s_copysign.c.obj              26      0         0      
       strchr.c.obj                  22      0         0      
       strlen.c.obj                  20      0         0      
       wcslen.c.obj                  18      0         0      
       errno.c.obj                   8       0         8      
       copy_decompress_none.c.obj    14      0         0      
       exit.c.obj                    4       0         0      
       pre_init.c.obj                4       0         0      
       div0.asm.obj                  2       0         0      
    +--+-----------------------------+-------+---------+---------+
       Total:                        7781    257       8      
                                                              
       Stack:                        0       0         1024   
       Linker Generated:             0       117       0      
    +--+-----------------------------+-------+---------+---------+
       Grand Total:                  23095   1682      23104  


LINKER GENERATED COPY TABLES

__TI_cinit_table @ 000060d0 records: 2, size/record: 8, table size: 16
	.data: load addr=00006068, load size=00000051 bytes, run addr=20000000, run size=00002ab8 bytes, compression=lzss
	.bss: load addr=000060c8, load size=00000008 bytes, run addr=20002ab8, run size=0000006d bytes, compression=zero_init


LINKER GENERATED HANDLER TABLE

__TI_handler_table @ 000060bc records: 3, size/record: 4, table size: 12
	index: 0, handler: __TI_decompress_lzss
	index: 1, handler: __TI_decompress_none
	index: 2, handler: __TI_zero_init


GLOBAL SYMBOLS: SORTED ALPHABETICALLY BY Name 

address   name                          
-------   ----                          
00001ae1  ADC14_CHAEND_set              
00001815  ADC14_CHA_sel                 
00001929  ADC14_CLK_sel                 
00001cdd  ADC14_IRQFG_set               
00001e35  ADC14_IRQHandler              
00001e35  ADC14_IRQHandler              
00001bd9  ADC14_MEM_set                 
00001a27  ADC14_PREC_sel                
20002ab8  ADC14_STRUCT                  
000015dd  ADC14_convert_disable         
000015d1  ADC14_convert_enable          
000015f5  ADC14_convert_end             
000015e9  ADC14_convert_start           
00001a81  ADC14_init                    
0000169f  ADC14_read_data               
00001d69  ADC14_repeatmod_init          
00001de1  ADC14_repeatmod_rec           
00001601  ADC14_start                   
00005b0d  AES256_IRQHandler             
20002a82  A_flag                        
20002a83  B_flag                        
00005b0d  BusFault_Handler              
00005b25  C$$EXIT                       
20002a00  CCRn_period_val               
00005b0d  COMP_E0_IRQHandler            
00005b0d  COMP_E1_IRQHandler            
00005b0d  CS_IRQHandler                 
00003907  CS_locked                     
000038fd  CS_unlocked                   
0000390f  DCO_set                       
00005b0d  DMA_ERR_IRQHandler            
00005b0d  DMA_INT0_IRQHandler           
00005b0d  DMA_INT1_IRQHandler           
00005b0d  DMA_INT2_IRQHandler           
00005b0d  DMA_INT3_IRQHandler           
00005b0d  DebugMon_Handler              
00005b0d  Default_Handler               
000040e1  ENCODER_TEST                  
00002ca3  EUSCIA0_IRQHandler            
00002ca3  EUSCIA0_IRQHandler            
00002cad  EUSCIA1_IRQHandler            
00002cad  EUSCIA1_IRQHandler            
00002cc1  EUSCIA2_IRQHandler            
00002cc1  EUSCIA2_IRQHandler            
00002ccb  EUSCIA3_IRQHandler            
00002ccb  EUSCIA3_IRQHandler            
00005b0d  EUSCIB0_IRQHandler            
00005b0d  EUSCIB1_IRQHandler            
00005b0d  EUSCIB2_IRQHandler            
00005b0d  EUSCIB3_IRQHandler            
00003ff5  Encoder_clr                   
00005b28  F6x8                          
00005b0d  FLCTL_IRQHandler              
00005b0d  FPU_IRQHandler                
00003fb9  GET_encoder_dir               
00003f7d  GET_encoder_num               
000059b5  GPIO_setAsOutputPin           
00005ab9  GPIO_setOutputHighOnPin       
00005a71  GPIO_setOutputLowOnPin        
00005b0d  HardFault_Handler             
00005d50  Hzk                           
20002a80  IRQ3_5flag                    
20002a81  IRQ4_6flag                    
000059d9  Interrupt_setPriority         
00003985  MCLK_set                      
00005b0d  MemManage_Handler             
00005b0d  NMI_Handler                   
0000214b  OLED_Clear                    
0000212f  OLED_Display_Off              
00002113  OLED_Display_On               
00002499  OLED_DrawBMP                  
00002549  OLED_Init                     
00001ec1  OLED_PutPixel                 
000020d7  OLED_Set_Pos                  
000023e3  OLED_ShowCHinese              
000021b9  OLED_ShowChar                 
0000227d  OLED_ShowNum                  
00002381  OLED_ShowString               
00002351  OLED_Showfloat                
00002047  OLED_WR_Byte                  
00001f31  OLED_pos_clr                  
00004039  OLED_show                     
20002800  Oscill_data_buff              
0000548d  Oscill_send                   
00005b0d  PCM_IRQHandler                
00002d3d  PORT1_IRQHandler              
00002d3d  PORT1_IRQHandler              
00002de3  PORT2_IRQHandler              
00002de3  PORT2_IRQHandler              
00002eaf  PORT3_IRQHandler              
00002eaf  PORT3_IRQHandler              
00002f67  PORT4_IRQHandler              
00002f67  PORT4_IRQHandler              
00003045  PORT5_IRQHandler              
00003045  PORT5_IRQHandler              
00003119  PORT6_IRQHandler              
00003119  PORT6_IRQHandler              
00005b0d  PSS_IRQHandler                
00005b0d  PendSV_Handler                
00005b0d  RTC_C_IRQHandler              
00005b01  Reset_Handler                 
00003aa5  SMCLK_set                     
00005b0d  SVC_Handler                   
00003d4b  SysTick_Handler               
00003d4b  SysTick_Handler               
20002ab4  SystemCoreClock               
0000415d  SystemCoreClockUpdate         
000043d5  SystemInit                    
00005b0d  T32_INT1_IRQHandler           
00005b0d  T32_INT2_IRQHandler           
00005b0d  T32_INTC_IRQHandler           
000031f5  TA0_0_IRQHandler              
000031f5  TA0_0_IRQHandler              
00003237  TA0_N_IRQHandler              
00003237  TA0_N_IRQHandler              
00003201  TA1_0_IRQHandler              
00003201  TA1_0_IRQHandler              
00003239  TA1_N_IRQHandler              
00003239  TA1_N_IRQHandler              
0000320d  TA2_0_IRQHandler              
0000320d  TA2_0_IRQHandler              
0000323b  TA2_N_IRQHandler              
0000323b  TA2_N_IRQHandler              
0000321d  TA3_0_IRQHandler              
0000321d  TA3_0_IRQHandler              
00003251  TA3_N_IRQHandler              
00003251  TA3_N_IRQHandler              
00004b1f  TimerA_CCR0INT_init           
00003835  TimerA_CCRVAL_set             
00004b71  TimerA_CCRnINT_init           
0000344b  TimerA_CLK_set                
000033a5  TimerA_MOD_sel                
0000360d  TimerA_NVIC_IRQ_set           
00003785  TimerA_disable_CCRnIRQ        
000036d5  TimerA_enable_CCRnIRQ         
00002921  UART_Baunds_set               
00002815  UART_CLK_sel                  
00002719  UART_IRQRX_set                
0000269d  UART_IRQ_set                  
000027c1  UART_PIN_sel                  
0000276d  UART_USIC_init                
00002af5  UART_init                     
00002ba9  UART_recv_Byte                
00002b39  UART_send_Byte                
00002c6d  UART_send_int                 
00002c25  UART_send_short               
00002bf7  UART_send_string              
00005b0d  UsageFault_Handler            
4000480c  WDTCTL_SYM                    
00005b0d  WDT_A_IRQHandler              
20010000  __STACK_END                   
00000200  __STACK_SIZE                  
000060d0  __TI_CINIT_Base               
000060e0  __TI_CINIT_Limit              
000060bc  __TI_Handler_Table_Base       
000060c8  __TI_Handler_Table_Limit      
00005855  __TI_auto_init_nobinit_nopinit
000055f9  __TI_decompress_lzss          
00005af3  __TI_decompress_none          
0000571b  __TI_ltoa                     
ffffffff  __TI_pprof_out_hndl           
00000b81  __TI_printfi                  
ffffffff  __TI_prof_data_size           
ffffffff  __TI_prof_data_start          
00000000  __TI_static_base__            
00005a1d  __TI_zero_init_nomemset       
00005381  __aeabi_cdcmpeq               
00005381  __aeabi_cdcmple               
00005407  __aeabi_cdrcmple              
0000580d  __aeabi_d2iz                  
000048db  __aeabi_dadd                  
00004d35  __aeabi_ddiv                  
000050a1  __aeabi_dmul                  
000048d1  __aeabi_dsub                  
00005b19  __aeabi_errno_addr            
00005917  __aeabi_f2d                   
00005985  __aeabi_i2d                   
000015cf  __aeabi_idiv0                 
000015cf  __aeabi_ldiv0                 
00005511  __aeabi_memclr                
00005511  __aeabi_memclr4               
00005511  __aeabi_memclr8               
0000524f  __aeabi_memcpy                
0000524f  __aeabi_memcpy4               
0000524f  __aeabi_memcpy8               
00005513  __aeabi_memset                
00005513  __aeabi_memset4               
00005513  __aeabi_memset8               
000059fd  __aeabi_ui2d                  
000052eb  __aeabi_uldivmod              
ffffffff  __binit__                     
ffffffff  __c_args__                    
UNDEFED   __mpu_init                    
2000fe00  __stack                       
20000000  __start___llvm_prf_cnts       
20000000  __stop___llvm_prf_cnts        
00005951  _c_int00_noargs               
00005f10  _ctypes_                      
UNDEFED   _system_post_cinit            
00005b21  _system_pre_init              
00005b25  abort                         
000057c1  atoi                          
ffffffff  binit                         
20002400  bmp                           
20002000  bmp2                          
20002aa8  buf                           
00005a55  copysign                      
00005a55  copysignl                     
20002a74  count                         
20002a68  dirf                          
20002b00  encoder_A                     
20002b08  encoder_B                     
20002b10  encoder_C                     
20002b18  encoder_D                     
00003dd1  encoder_IncTypeDef_init       
00003e2d  encoder_dirpin_init           
00003ed5  encoder_init                  
00003e85  encoder_interrupt_init        
20002ab0  errno                         
000038d5  error                         
00005661  frexp                         
00005661  frexpl                        
000006bf  gpio_clr_GPIOIRQFLG           
0000064d  gpio_disable_IRQ              
000004cd  gpio_disable_Ren              
00000741  gpio_edg_sel                  
000005b5  gpio_enable_IRQ               
0000040d  gpio_enable_Ren               
00000951  gpio_get                      
000008c1  gpio_init                     
00000861  gpio_interrupt_INIT           
00000a41  gpio_set                      
000001a5  gpio_set_Asin                 
000000e5  gpio_set_Asout                
00000265  gpio_set_High                 
00000325  gpio_set_Low                  
00000a71  gpio_toggle                   
00000000  interruptVectors              
00004f91  ldexp                         
00004f91  ldexpl                        
000054bd  main                          
00005a39  memccpy                       
0000524f  memcpy                        
00005519  memset                        
00002243  oled_pow                      
00001f65  oled_update                   
20002ae8  oscill1                       
20002a6c  page_count                    
00004a89  period_cvert                  
00004f91  scalbn                        
00004f91  scalbnl                       
20000000  screen_buf                    
00003bcd  set_DCO_48MH                  
00003c65  set_clock_period              
20002a84  sindata                       
00005899  sprintf                       
20002a70  start_flag                    
00005aa1  strchr                        
00005acd  strlen                        
20002a98  sysc                          
00003d2b  system_init                   
00003d1d  systic_clr                    
00003d73  systic_delayms                
00003d55  systic_delayus                
00003ca9  systic_end                    
00003c6f  systic_init                   
00003cbd  systic_read                   
00003c93  systic_start                  
20002a9c  systim                        
20002a78  testA                         
20002a7c  testB                         
20002a94  time_counter                  
20002a90  timerAcapturePointer          
00005ae1  wcslen                        


GLOBAL SYMBOLS: SORTED BY Symbol Address 

address   name                          
-------   ----                          
00000000  __TI_static_base__            
00000000  interruptVectors              
000000e5  gpio_set_Asout                
000001a5  gpio_set_Asin                 
00000200  __STACK_SIZE                  
00000265  gpio_set_High                 
00000325  gpio_set_Low                  
0000040d  gpio_enable_Ren               
000004cd  gpio_disable_Ren              
000005b5  gpio_enable_IRQ               
0000064d  gpio_disable_IRQ              
000006bf  gpio_clr_GPIOIRQFLG           
00000741  gpio_edg_sel                  
00000861  gpio_interrupt_INIT           
000008c1  gpio_init                     
00000951  gpio_get                      
00000a41  gpio_set                      
00000a71  gpio_toggle                   
00000b81  __TI_printfi                  
000015cf  __aeabi_idiv0                 
000015cf  __aeabi_ldiv0                 
000015d1  ADC14_convert_enable          
000015dd  ADC14_convert_disable         
000015e9  ADC14_convert_start           
000015f5  ADC14_convert_end             
00001601  ADC14_start                   
0000169f  ADC14_read_data               
00001815  ADC14_CHA_sel                 
00001929  ADC14_CLK_sel                 
00001a27  ADC14_PREC_sel                
00001a81  ADC14_init                    
00001ae1  ADC14_CHAEND_set              
00001bd9  ADC14_MEM_set                 
00001cdd  ADC14_IRQFG_set               
00001d69  ADC14_repeatmod_init          
00001de1  ADC14_repeatmod_rec           
00001e35  ADC14_IRQHandler              
00001e35  ADC14_IRQHandler              
00001ec1  OLED_PutPixel                 
00001f31  OLED_pos_clr                  
00001f65  oled_update                   
00002047  OLED_WR_Byte                  
000020d7  OLED_Set_Pos                  
00002113  OLED_Display_On               
0000212f  OLED_Display_Off              
0000214b  OLED_Clear                    
000021b9  OLED_ShowChar                 
00002243  oled_pow                      
0000227d  OLED_ShowNum                  
00002351  OLED_Showfloat                
00002381  OLED_ShowString               
000023e3  OLED_ShowCHinese              
00002499  OLED_DrawBMP                  
00002549  OLED_Init                     
0000269d  UART_IRQ_set                  
00002719  UART_IRQRX_set                
0000276d  UART_USIC_init                
000027c1  UART_PIN_sel                  
00002815  UART_CLK_sel                  
00002921  UART_Baunds_set               
00002af5  UART_init                     
00002b39  UART_send_Byte                
00002ba9  UART_recv_Byte                
00002bf7  UART_send_string              
00002c25  UART_send_short               
00002c6d  UART_send_int                 
00002ca3  EUSCIA0_IRQHandler            
00002ca3  EUSCIA0_IRQHandler            
00002cad  EUSCIA1_IRQHandler            
00002cad  EUSCIA1_IRQHandler            
00002cc1  EUSCIA2_IRQHandler            
00002cc1  EUSCIA2_IRQHandler            
00002ccb  EUSCIA3_IRQHandler            
00002ccb  EUSCIA3_IRQHandler            
00002d3d  PORT1_IRQHandler              
00002d3d  PORT1_IRQHandler              
00002de3  PORT2_IRQHandler              
00002de3  PORT2_IRQHandler              
00002eaf  PORT3_IRQHandler              
00002eaf  PORT3_IRQHandler              
00002f67  PORT4_IRQHandler              
00002f67  PORT4_IRQHandler              
00003045  PORT5_IRQHandler              
00003045  PORT5_IRQHandler              
00003119  PORT6_IRQHandler              
00003119  PORT6_IRQHandler              
000031f5  TA0_0_IRQHandler              
000031f5  TA0_0_IRQHandler              
00003201  TA1_0_IRQHandler              
00003201  TA1_0_IRQHandler              
0000320d  TA2_0_IRQHandler              
0000320d  TA2_0_IRQHandler              
0000321d  TA3_0_IRQHandler              
0000321d  TA3_0_IRQHandler              
00003237  TA0_N_IRQHandler              
00003237  TA0_N_IRQHandler              
00003239  TA1_N_IRQHandler              
00003239  TA1_N_IRQHandler              
0000323b  TA2_N_IRQHandler              
0000323b  TA2_N_IRQHandler              
00003251  TA3_N_IRQHandler              
00003251  TA3_N_IRQHandler              
000033a5  TimerA_MOD_sel                
0000344b  TimerA_CLK_set                
0000360d  TimerA_NVIC_IRQ_set           
000036d5  TimerA_enable_CCRnIRQ         
00003785  TimerA_disable_CCRnIRQ        
00003835  TimerA_CCRVAL_set             
000038d5  error                         
000038fd  CS_unlocked                   
00003907  CS_locked                     
0000390f  DCO_set                       
00003985  MCLK_set                      
00003aa5  SMCLK_set                     
00003bcd  set_DCO_48MH                  
00003c65  set_clock_period              
00003c6f  systic_init                   
00003c93  systic_start                  
00003ca9  systic_end                    
00003cbd  systic_read                   
00003d1d  systic_clr                    
00003d2b  system_init                   
00003d4b  SysTick_Handler               
00003d4b  SysTick_Handler               
00003d55  systic_delayus                
00003d73  systic_delayms                
00003dd1  encoder_IncTypeDef_init       
00003e2d  encoder_dirpin_init           
00003e85  encoder_interrupt_init        
00003ed5  encoder_init                  
00003f7d  GET_encoder_num               
00003fb9  GET_encoder_dir               
00003ff5  Encoder_clr                   
00004039  OLED_show                     
000040e1  ENCODER_TEST                  
0000415d  SystemCoreClockUpdate         
000043d5  SystemInit                    
000048d1  __aeabi_dsub                  
000048db  __aeabi_dadd                  
00004a89  period_cvert                  
00004b1f  TimerA_CCR0INT_init           
00004b71  TimerA_CCRnINT_init           
00004d35  __aeabi_ddiv                  
00004f91  ldexp                         
00004f91  ldexpl                        
00004f91  scalbn                        
00004f91  scalbnl                       
000050a1  __aeabi_dmul                  
0000524f  __aeabi_memcpy                
0000524f  __aeabi_memcpy4               
0000524f  __aeabi_memcpy8               
0000524f  memcpy                        
000052eb  __aeabi_uldivmod              
00005381  __aeabi_cdcmpeq               
00005381  __aeabi_cdcmple               
00005407  __aeabi_cdrcmple              
0000548d  Oscill_send                   
000054bd  main                          
00005511  __aeabi_memclr                
00005511  __aeabi_memclr4               
00005511  __aeabi_memclr8               
00005513  __aeabi_memset                
00005513  __aeabi_memset4               
00005513  __aeabi_memset8               
00005519  memset                        
000055f9  __TI_decompress_lzss          
00005661  frexp                         
00005661  frexpl                        
0000571b  __TI_ltoa                     
000057c1  atoi                          
0000580d  __aeabi_d2iz                  
00005855  __TI_auto_init_nobinit_nopinit
00005899  sprintf                       
00005917  __aeabi_f2d                   
00005951  _c_int00_noargs               
00005985  __aeabi_i2d                   
000059b5  GPIO_setAsOutputPin           
000059d9  Interrupt_setPriority         
000059fd  __aeabi_ui2d                  
00005a1d  __TI_zero_init_nomemset       
00005a39  memccpy                       
00005a55  copysign                      
00005a55  copysignl                     
00005a71  GPIO_setOutputLowOnPin        
00005aa1  strchr                        
00005ab9  GPIO_setOutputHighOnPin       
00005acd  strlen                        
00005ae1  wcslen                        
00005af3  __TI_decompress_none          
00005b01  Reset_Handler                 
00005b0d  AES256_IRQHandler             
00005b0d  BusFault_Handler              
00005b0d  COMP_E0_IRQHandler            
00005b0d  COMP_E1_IRQHandler            
00005b0d  CS_IRQHandler                 
00005b0d  DMA_ERR_IRQHandler            
00005b0d  DMA_INT0_IRQHandler           
00005b0d  DMA_INT1_IRQHandler           
00005b0d  DMA_INT2_IRQHandler           
00005b0d  DMA_INT3_IRQHandler           
00005b0d  DebugMon_Handler              
00005b0d  Default_Handler               
00005b0d  EUSCIB0_IRQHandler            
00005b0d  EUSCIB1_IRQHandler            
00005b0d  EUSCIB2_IRQHandler            
00005b0d  EUSCIB3_IRQHandler            
00005b0d  FLCTL_IRQHandler              
00005b0d  FPU_IRQHandler                
00005b0d  HardFault_Handler             
00005b0d  MemManage_Handler             
00005b0d  NMI_Handler                   
00005b0d  PCM_IRQHandler                
00005b0d  PSS_IRQHandler                
00005b0d  PendSV_Handler                
00005b0d  RTC_C_IRQHandler              
00005b0d  SVC_Handler                   
00005b0d  T32_INT1_IRQHandler           
00005b0d  T32_INT2_IRQHandler           
00005b0d  T32_INTC_IRQHandler           
00005b0d  UsageFault_Handler            
00005b0d  WDT_A_IRQHandler              
00005b19  __aeabi_errno_addr            
00005b21  _system_pre_init              
00005b25  C$$EXIT                       
00005b25  abort                         
00005b28  F6x8                          
00005d50  Hzk                           
00005f10  _ctypes_                      
000060bc  __TI_Handler_Table_Base       
000060c8  __TI_Handler_Table_Limit      
000060d0  __TI_CINIT_Base               
000060e0  __TI_CINIT_Limit              
20000000  __start___llvm_prf_cnts       
20000000  __stop___llvm_prf_cnts        
20000000  screen_buf                    
20002000  bmp2                          
20002400  bmp                           
20002800  Oscill_data_buff              
20002a00  CCRn_period_val               
20002a68  dirf                          
20002a6c  page_count                    
20002a70  start_flag                    
20002a74  count                         
20002a78  testA                         
20002a7c  testB                         
20002a80  IRQ3_5flag                    
20002a81  IRQ4_6flag                    
20002a82  A_flag                        
20002a83  B_flag                        
20002a84  sindata                       
20002a90  timerAcapturePointer          
20002a94  time_counter                  
20002a98  sysc                          
20002a9c  systim                        
20002aa8  buf                           
20002ab0  errno                         
20002ab4  SystemCoreClock               
20002ab8  ADC14_STRUCT                  
20002ae8  oscill1                       
20002b00  encoder_A                     
20002b08  encoder_B                     
20002b10  encoder_C                     
20002b18  encoder_D                     
2000fe00  __stack                       
20010000  __STACK_END                   
4000480c  WDTCTL_SYM                    
ffffffff  __TI_pprof_out_hndl           
ffffffff  __TI_prof_data_size           
ffffffff  __TI_prof_data_start          
ffffffff  __binit__                     
ffffffff  __c_args__                    
ffffffff  binit                         
UNDEFED   __mpu_init                    
UNDEFED   _system_post_cinit            

[274 symbols]
