******************************************************************************
                  TI ARM Linker PC v20.2.1                     
******************************************************************************
>> Linked Mon Jan 10 15:42:44 2022

OUTPUT FILE NAME:   <19.Exin_Oscill_shanwai.out>
ENTRY POINT SYMBOL: "_c_int00_noargs"  address: 00005bb9


MEMORY CONFIGURATION

         name            origin    length      used     unused   attr    fill
----------------------  --------  ---------  --------  --------  ----  --------
  MAIN                  00000000   00040000  00006414  00039bec  R  X
  INFO                  00200000   00004000  00000000  00004000  R  X
  SRAM_CODE             01000000   00010000  00002d2d  0000d2d3  RW X
  SRAM_DATA             20000000   00010000  00002d2d  0000d2d3  RW  


SEGMENT ALLOCATION MAP

run origin  load origin   length   init length attrs members
----------  ----------- ---------- ----------- ----- -------
00000000    00000000    00006418   00006418    r-x
  00000000    00000000    000000e4   000000e4    r-- .intvecs
  000000e4    000000e4    00005cac   00005cac    r-x .text
  00005d90    00005d90    00000604   00000604    r-- .const
  00006398    00006398    00000080   00000080    r-- .cinit
20000000    20000000    00002b2d   00000000    rw-
  20000000    20000000    00002ac0   00000000    rw- .data
  20002ac0    20002ac0    0000006d   00000000    rw- .bss
2000fe00    2000fe00    00000200   00000000    rw-
  2000fe00    2000fe00    00000200   00000000    rw- .stack


SECTION ALLOCATION MAP

 output                                  attributes/
section   page    origin      length       input sections
--------  ----  ----------  ----------   ----------------
.intvecs   0    00000000    000000e4     
                  00000000    000000e4     startup_msp432p401r_ccs.obj (.intvecs:retain)

.text      0    000000e4    00005cac     
                  000000e4    00000a9c     exingpio.obj (.text)
                  00000b80    00000a4e     rtsv7M4_T_le_v4SPD16_eabi.lib : _printfi.c.obj (.text:__TI_printfi)
                  000015ce    00000002                                   : div0.asm.obj (.text)
                  000015d0    000008f0     exinADC.obj (.text)
                  00001ec0    00000838     exinuart.obj (.text)
                  000026f8    000007dc     oled.obj (.text)
                  00002ed4    00000668     exinisr.obj (.text)
                  0000353c    00000600     exinTimerA.obj (.text)
                  00003b3c    000004fc     exinsystem.obj (.text)
                  00004038    0000038c     exinencoder.obj (.text)
                  000043c4    00000334     system_msp432p401r.obj (.text)
                  000046f8    00000270     rtsv7M4_T_le_v4SPD16_eabi.lib : _printfi.c.obj (.text:_pconv_a)
                  00004968    000001d0                                   : _printfi.c.obj (.text:_pconv_g)
                  00004b38    000001b6                                   : fd_add_t2.asm.obj (.text)
                  00004cee    00000002     --HOLE-- [fill = 0]
                  00004cf0    00000170     exinTimerAINT.obj (.text)
                  00004e60    0000013c     rtsv7M4_T_le_v4SPD16_eabi.lib : _printfi.c.obj (.text:_pconv_e)
                  00004f9c    00000136                                   : fd_div_t2.asm.obj (.text)
                  000050d2    00000002     --HOLE-- [fill = 0]
                  000050d4    00000124                                   : _printfi.c.obj (.text:fcvt)
                  000051f8    00000110                                   : s_scalbn.c.obj (.text:scalbn)
                  00005308    000000fc                                   : fd_mul_t2.asm.obj (.text)
                  00005404    000000b1                                   : _printfi.c.obj (.text:_ltostr)
                  000054b5    00000001     --HOLE-- [fill = 0]
                  000054b6    0000009c                                   : memcpy_t2.asm.obj (.text)
                  00005552    00000096                                   : ull_div_t2.asm.obj (.text)
                  000055e8    00000086                                   : fd_cmp_t2.asm.obj (.text:__aeabi_cdcmple)
                  0000566e    00000086                                   : fd_cmp_t2.asm.obj (.text:__aeabi_cdrcmple)
                  000056f4    00000084     main.obj (.text)
                  00005778    0000007a     rtsv7M4_T_le_v4SPD16_eabi.lib : memset_t2.asm.obj (.text)
                  000057f2    0000006e                                   : _printfi.c.obj (.text:_mcpy)
                  00005860    00000068                                   : copy_decompress_lzss.c.obj (.text:decompress:lzss:__TI_decompress_lzss)
                  000058c8    00000064                                   : s_frexp.c.obj (.text:frexp)
                  0000592c    00000056                                   : _printfi.c.obj (.text:_pconv_f)
                  00005982    00000054                                   : _ltoa.c.obj (.text:__TI_ltoa)
                  000059d6    00000052                                   : _printfi.c.obj (.text:_ecpy)
                  00005a28    0000004c                                   : atoi.c.obj (.text:atoi)
                  00005a74    00000048                                   : fd_toi_t2.asm.obj (.text)
                  00005abc    00000044                                   : autoinit.c.obj (.text:__TI_auto_init_nobinit_nopinit:__TI_auto_init_nobinit_nopinit)
                  00005b00    00000040                                   : sprintf.c.obj (.text:sprintf)
                  00005b40    0000003e                                   : _printfi.c.obj (.text:_fcpy)
                  00005b7e    00000038                                   : fs_tod_t2.asm.obj (.text)
                  00005bb6    00000002     --HOLE-- [fill = 0]
                  00005bb8    00000034                                   : boot_cortex_m.c.obj (.text:_c_int00_noargs:_c_int00_noargs)
                  00005bec    0000002e                                   : i_tofd_t2.asm.obj (.text)
                  00005c1a    00000002     --HOLE-- [fill = 0]
                  00005c1c    00000024     msp432p4xx_driverlib.lib : gpio.o (.text:GPIO_setAsOutputPin)
                  00005c40    00000024                              : interrupt.o (.text:Interrupt_setPriority)
                  00005c64    00000020     rtsv7M4_T_le_v4SPD16_eabi.lib : u_tofd_t2.asm.obj (.text)
                  00005c84    0000001c                                   : copy_zero_init.c.obj (.text:decompress:ZI:__TI_zero_init_nomemset:__TI_zero_init_nomemset)
                  00005ca0    0000001c                                   : memccpy.c.obj (.text:memccpy)
                  00005cbc    0000001a                                   : s_copysign.c.obj (.text:copysign)
                  00005cd6    00000002     --HOLE-- [fill = 0]
                  00005cd8    00000018     msp432p4xx_driverlib.lib : gpio.o (.text:GPIO_setOutputLowOnPin)
                  00005cf0    00000018     rtsv7M4_T_le_v4SPD16_eabi.lib : sprintf.c.obj (.text:_outs)
                  00005d08    00000016                                   : strchr.c.obj (.text:strchr)
                  00005d1e    00000002     --HOLE-- [fill = 0]
                  00005d20    00000014     msp432p4xx_driverlib.lib : gpio.o (.text:GPIO_setOutputHighOnPin)
                  00005d34    00000014     rtsv7M4_T_le_v4SPD16_eabi.lib : strlen.c.obj (.text:strlen)
                  00005d48    00000012                                   : wcslen.c.obj (.text:wcslen)
                  00005d5a    0000000e                                   : copy_decompress_none.c.obj (.text:decompress:none:__TI_decompress_none)
                  00005d68    0000000e     startup_msp432p401r_ccs.obj (.text)
                  00005d76    0000000a     rtsv7M4_T_le_v4SPD16_eabi.lib : sprintf.c.obj (.text:_outc)
                  00005d80    00000008                                   : errno.c.obj (.text:__aeabi_errno_addr)
                  00005d88    00000004                                   : pre_init.c.obj (.text:_system_pre_init)
                  00005d8c    00000004                                   : exit.c.obj (.text:abort:abort)

.const     0    00005d90    00000604     
                  00005d90    00000228     oled.obj (.const:F6x8)
                  00005fb8    000001c0     oled.obj (.const:Hzk)
                  00006178    00000101     rtsv7M4_T_le_v4SPD16_eabi.lib : ctype.c.obj (.const:.string:_ctypes_)
                  00006279    00000003     --HOLE-- [fill = 0]
                  0000627c    000000a0     exinuart.obj (.const:FP_N)
                  0000631c    00000050     msp432p4xx_driverlib.lib : interrupt.o (.const:g_pulRegs)
                  0000636c    00000028     exinuart.obj (.const:.string:BRS)

.cinit     0    00006398    00000080     
                  00006398    00000055     (.cinit..data.load) [load image, compression = lzss]
                  000063ed    00000003     --HOLE-- [fill = 0]
                  000063f0    0000000c     (__TI_handler_table)
                  000063fc    00000004     --HOLE-- [fill = 0]
                  00006400    00000008     (.cinit..bss.load) [load image, compression = zero_init]
                  00006408    00000010     (__TI_cinit_table)

.init_array 
*          0    00000000    00000000     UNINITIALIZED

.binit     0    00000000    00000000     

.data      0    20000000    00002ac0     UNINITIALIZED
                  20000000    00002000     oled.obj (.data:screen_buf)
                  20002000    00000400     oled.obj (.data:bmp2)
                  20002400    00000400     oled.obj (.data:bmp)
                  20002800    00000200     Oscill_OLED.obj (.data:Oscill_data_buff)
                  20002a00    00000038     exinTimerAINT.obj (.data:CCRn_period_val)
                  20002a38    00000030     msp432p4xx_driverlib.lib : gpio.o (.data:GPIO_PORT_TO_BASE)
                  20002a68    0000001c     exinadjust.obj (.data)
                  20002a84    0000000a     main.obj (.data:sindata)
                  20002a8e    00000002     --HOLE--
                  20002a90    00000008     exinencoder.obj (.data)
                  20002a98    00000008     exinsystem.obj (.data)
                  20002aa0    00000008     exinuart.obj (.data)
                  20002aa8    00000008     oled.obj (.data:tmp$2)
                  20002ab0    00000005     main.obj (.data:buf)
                  20002ab5    00000003     --HOLE--
                  20002ab8    00000004     rtsv7M4_T_le_v4SPD16_eabi.lib : errno.c.obj (.data)
                  20002abc    00000004     system_msp432p401r.obj (.data)

.bss       0    20002ac0    0000006d     UNINITIALIZED
                  20002ac0    00000030     (.common:ADC14_STRUCT)
                  20002af0    00000018     (.common:oscill1)
                  20002b08    00000008     (.common:encoder_A)
                  20002b10    00000008     (.common:encoder_B)
                  20002b18    00000008     (.common:encoder_C)
                  20002b20    00000008     (.common:encoder_D)
                  20002b28    00000004     exinsystem.obj (.bss)
                  20002b2c    00000001     oled.obj (.bss)

.stack     0    2000fe00    00000200     UNINITIALIZED
                  2000fe00    00000004     rtsv7M4_T_le_v4SPD16_eabi.lib : boot_cortex_m.c.obj (.stack)
                  2000fe04    000001fc     --HOLE--

__llvm_prf_cnts 
*          0    20000000    00000000     UNINITIALIZED

MODULE SUMMARY

       Module                        code    ro data   rw data
       ------                        ----    -------   -------
    .\
       system_msp432p401r.obj        820     0         8      
       main.obj                      132     0         126    
       startup_msp432p401r_ccs.obj   14      228       0      
    +--+-----------------------------+-------+---------+---------+
       Total:                        966     228       134    
                                                              
    .\exinlibs\
       oled.obj                      2012    1000      20498  
       exingpio.obj                  2716    0         0      
       exinuart.obj                  2104    200       16     
       exinADC.obj                   2288    0         0      
       exinisr.obj                   1640    0         0      
       exinTimerA.obj                1536    0         0      
       exinsystem.obj                1276    0         24     
       Oscill_OLED.obj               0       0         1072   
       exinencoder.obj               908     0         80     
       exinTimerAINT.obj             368     0         112    
       exinadjust.obj                0       0         56     
    +--+-----------------------------+-------+---------+---------+
       Total:                        14848   1200      21858  
                                                              
    C:/ti/msp/MSP432Ware_3_40_00_25/driverlib/driverlib/MSP432P4xx/ccs/msp432p4xx_driverlib.lib
       gpio.o                        80      0         96     
       interrupt.o                   36      80        0      
    +--+-----------------------------+-------+---------+---------+
       Total:                        116     80        96     
                                                              
    D:\CCS\ccs\tools\compiler\ti-cgt-arm_20.2.1.LTS\lib\rtsv7M4_T_le_v4SPD16_eabi.lib
       _printfi.c.obj                4851    0         0      
       fd_add_t2.asm.obj             438     0         0      
       fd_div_t2.asm.obj             310     0         0      
       s_scalbn.c.obj                272     0         0      
       fd_cmp_t2.asm.obj             268     0         0      
       ctype.c.obj                   0       257       0      
       fd_mul_t2.asm.obj             252     0         0      
       memcpy_t2.asm.obj             156     0         0      
       ull_div_t2.asm.obj            150     0         0      
       memset_t2.asm.obj             122     0         0      
       copy_decompress_lzss.c.obj    104     0         0      
       s_frexp.c.obj                 100     0         0      
       sprintf.c.obj                 98      0         0      
       _ltoa.c.obj                   84      0         0      
       atoi.c.obj                    76      0         0      
       fd_toi_t2.asm.obj             72      0         0      
       autoinit.c.obj                68      0         0      
       fs_tod_t2.asm.obj             56      0         0      
       boot_cortex_m.c.obj           52      0         0      
       i_tofd_t2.asm.obj             46      0         0      
       u_tofd_t2.asm.obj             32      0         0      
       copy_zero_init.c.obj          28      0         0      
       memccpy.c.obj                 28      0         0      
       s_copysign.c.obj              26      0         0      
       strchr.c.obj                  22      0         0      
       strlen.c.obj                  20      0         0      
       wcslen.c.obj                  18      0         0      
       errno.c.obj                   8       0         8      
       copy_decompress_none.c.obj    14      0         0      
       exit.c.obj                    4       0         0      
       pre_init.c.obj                4       0         0      
       div0.asm.obj                  2       0         0      
    +--+-----------------------------+-------+---------+---------+
       Total:                        7781    257       8      
                                                              
       Stack:                        0       0         1024   
       Linker Generated:             0       121       0      
    +--+-----------------------------+-------+---------+---------+
       Grand Total:                  23711   1886      23120  


LINKER GENERATED COPY TABLES

__TI_cinit_table @ 00006408 records: 2, size/record: 8, table size: 16
	.data: load addr=00006398, load size=00000055 bytes, run addr=20000000, run size=00002ac0 bytes, compression=lzss
	.bss: load addr=00006400, load size=00000008 bytes, run addr=20002ac0, run size=0000006d bytes, compression=zero_init


LINKER GENERATED HANDLER TABLE

__TI_handler_table @ 000063f0 records: 3, size/record: 4, table size: 12
	index: 0, handler: __TI_decompress_lzss
	index: 1, handler: __TI_decompress_none
	index: 2, handler: __TI_zero_init


GLOBAL SYMBOLS: SORTED ALPHABETICALLY BY Name 

address   name                          
-------   ----                          
00001ae1  ADC14_CHAEND_set              
00001815  ADC14_CHA_sel                 
00001929  ADC14_CLK_sel                 
00001cdd  ADC14_IRQFG_set               
00001e35  ADC14_IRQHandler              
00001e35  ADC14_IRQHandler              
00001bd9  ADC14_MEM_set                 
00001a27  ADC14_PREC_sel                
20002ac0  ADC14_STRUCT                  
000015dd  ADC14_convert_disable         
000015d1  ADC14_convert_enable          
000015f5  ADC14_convert_end             
000015e9  ADC14_convert_start           
00001a81  ADC14_init                    
0000169f  ADC14_read_data               
00001d69  ADC14_repeatmod_init          
00001de1  ADC14_repeatmod_rec           
00001601  ADC14_start                   
00005d75  AES256_IRQHandler             
20002a82  A_flag                        
20002aa4  BRCLK                         
0000636c  BRS                           
20002a83  B_flag                        
00005d75  BusFault_Handler              
00005d8d  C$$EXIT                       
00003a4d  CCRn_MOD_sel                  
20002a00  CCRn_period_val               
00005d75  COMP_E0_IRQHandler            
00005d75  COMP_E1_IRQHandler            
00005d75  CS_IRQHandler                 
00003b6f  CS_locked                     
00003b65  CS_unlocked                   
00003b77  DCO_set                       
00005d75  DMA_ERR_IRQHandler            
00005d75  DMA_INT0_IRQHandler           
00005d75  DMA_INT1_IRQHandler           
00005d75  DMA_INT2_IRQHandler           
00005d75  DMA_INT3_IRQHandler           
00005d75  DebugMon_Handler              
00005d75  Default_Handler               
00004349  ENCODER_TEST                  
0000268d  EUSCIA0_IRQHandler            
0000268d  EUSCIA0_IRQHandler            
00002697  EUSCIA1_IRQHandler            
00002697  EUSCIA1_IRQHandler            
000026a9  EUSCIA2_IRQHandler            
000026a9  EUSCIA2_IRQHandler            
000026b9  EUSCIA3_IRQHandler            
000026b9  EUSCIA3_IRQHandler            
00005d75  EUSCIB0_IRQHandler            
00005d75  EUSCIB1_IRQHandler            
00005d75  EUSCIB2_IRQHandler            
00005d75  EUSCIB3_IRQHandler            
0000425d  Encoder_clr                   
00005d90  F6x8                          
00005d75  FLCTL_IRQHandler              
00005d75  FPU_IRQHandler                
0000627c  FP_N                          
00004221  GET_encoder_dir               
000041e5  GET_encoder_num               
00005c1d  GPIO_setAsOutputPin           
00005d21  GPIO_setOutputHighOnPin       
00005cd9  GPIO_setOutputLowOnPin        
00005d75  HardFault_Handler             
00005fb8  Hzk                           
20002a80  IRQ3_5flag                    
20002a81  IRQ4_6flag                    
00005c41  Interrupt_setPriority         
00003bed  MCLK_set                      
00005d75  MemManage_Handler             
00005d75  NMI_Handler                   
00002983  OLED_Clear                    
00002967  OLED_Display_Off              
0000294b  OLED_Display_On               
00002cd1  OLED_DrawBMP                  
00002d81  OLED_Init                     
000026f9  OLED_PutPixel                 
0000290f  OLED_Set_Pos                  
00002c1b  OLED_ShowCHinese              
000029f1  OLED_ShowChar                 
00002ab5  OLED_ShowNum                  
00002bb9  OLED_ShowString               
00002b89  OLED_Showfloat                
0000287f  OLED_WR_Byte                  
00002769  OLED_pos_clr                  
000042a1  OLED_show                     
20002800  Oscill_data_buff              
000056f5  Oscill_send                   
00005d75  PCM_IRQHandler                
00002ed5  PORT1_IRQHandler              
00002ed5  PORT1_IRQHandler              
00002f7b  PORT2_IRQHandler              
00002f7b  PORT2_IRQHandler              
00003047  PORT3_IRQHandler              
00003047  PORT3_IRQHandler              
000030ff  PORT4_IRQHandler              
000030ff  PORT4_IRQHandler              
000031dd  PORT5_IRQHandler              
000031dd  PORT5_IRQHandler              
000032b1  PORT6_IRQHandler              
000032b1  PORT6_IRQHandler              
00005d75  PSS_IRQHandler                
00005d75  PendSV_Handler                
00005d75  RTC_C_IRQHandler              
00005d69  Reset_Handler                 
00003d0d  SMCLK_set                     
00005d75  SVC_Handler                   
00003fb3  SysTick_Handler               
00003fb3  SysTick_Handler               
20002abc  SystemCoreClock               
000043c5  SystemCoreClockUpdate         
0000463d  SystemInit                    
00005d75  T32_INT1_IRQHandler           
00005d75  T32_INT2_IRQHandler           
00005d75  T32_INTC_IRQHandler           
0000338d  TA0_0_IRQHandler              
0000338d  TA0_0_IRQHandler              
000033cf  TA0_N_IRQHandler              
000033cf  TA0_N_IRQHandler              
00003399  TA1_0_IRQHandler              
00003399  TA1_0_IRQHandler              
000033d1  TA1_N_IRQHandler              
000033d1  TA1_N_IRQHandler              
000033a5  TA2_0_IRQHandler              
000033a5  TA2_0_IRQHandler              
000033d3  TA2_N_IRQHandler              
000033d3  TA2_N_IRQHandler              
000033b5  TA3_0_IRQHandler              
000033b5  TA3_0_IRQHandler              
000033e9  TA3_N_IRQHandler              
000033e9  TA3_N_IRQHandler              
00004d87  TimerA_CCR0INT_init           
000039cd  TimerA_CCRVAL_set             
00004dd9  TimerA_CCRnINT_init           
000035e3  TimerA_CLK_set                
0000353d  TimerA_MOD_sel                
000037a5  TimerA_NVIC_IRQ_set           
0000391d  TimerA_disable_CCRnIRQ        
0000386d  TimerA_enable_CCRnIRQ         
20002aa2  UART0_RXDat                   
20002aa1  UART2_RXDat                   
20002aa0  UART3_RXDat                   
00002131  UART_BRS_val                  
00002251  UART_Baunds_set               
00002039  UART_CLK_sel                  
00001f3d  UART_IRQRX_set                
00001ec1  UART_IRQ_set                  
00001fe5  UART_PIN_sel                  
00001f91  UART_USIC_init                
00002485  UART_init                     
00002565  UART_recv_Byte                
000024f1  UART_send_Byte                
00002651  UART_send_int                 
000025f5  UART_send_short               
000025b9  UART_send_string              
00005d75  UsageFault_Handler            
4000480c  WDTCTL_SYM                    
00005d75  WDT_A_IRQHandler              
20010000  __STACK_END                   
00000200  __STACK_SIZE                  
00006408  __TI_CINIT_Base               
00006418  __TI_CINIT_Limit              
000063f0  __TI_Handler_Table_Base       
000063fc  __TI_Handler_Table_Limit      
00005abd  __TI_auto_init_nobinit_nopinit
00005861  __TI_decompress_lzss          
00005d5b  __TI_decompress_none          
00005983  __TI_ltoa                     
ffffffff  __TI_pprof_out_hndl           
00000b81  __TI_printfi                  
ffffffff  __TI_prof_data_size           
ffffffff  __TI_prof_data_start          
00000000  __TI_static_base__            
00005c85  __TI_zero_init_nomemset       
000055e9  __aeabi_cdcmpeq               
000055e9  __aeabi_cdcmple               
0000566f  __aeabi_cdrcmple              
00005a75  __aeabi_d2iz                  
00004b43  __aeabi_dadd                  
00004f9d  __aeabi_ddiv                  
00005309  __aeabi_dmul                  
00004b39  __aeabi_dsub                  
00005d81  __aeabi_errno_addr            
00005b7f  __aeabi_f2d                   
00005bed  __aeabi_i2d                   
000015cf  __aeabi_idiv0                 
000015cf  __aeabi_ldiv0                 
00005779  __aeabi_memclr                
00005779  __aeabi_memclr4               
00005779  __aeabi_memclr8               
000054b7  __aeabi_memcpy                
000054b7  __aeabi_memcpy4               
000054b7  __aeabi_memcpy8               
0000577b  __aeabi_memset                
0000577b  __aeabi_memset4               
0000577b  __aeabi_memset8               
00005c65  __aeabi_ui2d                  
00005553  __aeabi_uldivmod              
ffffffff  __binit__                     
ffffffff  __c_args__                    
UNDEFED   __mpu_init                    
2000fe00  __stack                       
20000000  __start___llvm_prf_cnts       
20000000  __stop___llvm_prf_cnts        
00005bb9  _c_int00_noargs               
00006178  _ctypes_                      
UNDEFED   _system_post_cinit            
00005d89  _system_pre_init              
00005d8d  abort                         
00005a29  atoi                          
ffffffff  binit                         
20002400  bmp                           
20002000  bmp2                          
20002ab0  buf                           
00005cbd  copysign                      
00005cbd  copysignl                     
20002a74  count                         
20002a68  dirf                          
20002b08  encoder_A                     
20002b10  encoder_B                     
20002b18  encoder_C                     
20002b20  encoder_D                     
00004039  encoder_IncTypeDef_init       
00004095  encoder_dirpin_init           
0000413d  encoder_init                  
000040ed  encoder_interrupt_init        
20002ab8  errno                         
00003b3d  error                         
000058c9  frexp                         
000058c9  frexpl                        
000006bf  gpio_clr_GPIOIRQFLG           
0000064d  gpio_disable_IRQ              
000004cd  gpio_disable_Ren              
00000741  gpio_edg_sel                  
000005b5  gpio_enable_IRQ               
0000040d  gpio_enable_Ren               
00000951  gpio_get                      
000008c1  gpio_init                     
00000861  gpio_interrupt_INIT           
00000a41  gpio_set                      
000001a5  gpio_set_Asin                 
000000e5  gpio_set_Asout                
00000265  gpio_set_High                 
00000325  gpio_set_Low                  
00000a71  gpio_toggle                   
00000000  interruptVectors              
000051f9  ldexp                         
000051f9  ldexpl                        
00005725  main                          
00005ca1  memccpy                       
000054b7  memcpy                        
00005781  memset                        
00002a7b  oled_pow                      
0000279d  oled_update                   
20002af0  oscill1                       
20002a6c  page_count                    
00004cf1  period_cvert                  
000051f9  scalbn                        
000051f9  scalbnl                       
20000000  screen_buf                    
00003e35  set_DCO_48MH                  
00003ecd  set_clock_period              
20002a84  sindata                       
00005b01  sprintf                       
20002a70  start_flag                    
00005d09  strchr                        
00005d35  strlen                        
20002a98  sysc                          
00003f93  system_init                   
00003f85  systic_clr                    
00003fdb  systic_delayms                
00003fbd  systic_delayus                
00003f11  systic_end                    
00003ed7  systic_init                   
00003f25  systic_read                   
00003efb  systic_start                  
20002a9c  systim                        
20002a78  testA                         
20002a7c  testB                         
20002a94  time_counter                  
20002a90  timerAcapturePointer          
00005d49  wcslen                        


GLOBAL SYMBOLS: SORTED BY Symbol Address 

address   name                          
-------   ----                          
00000000  __TI_static_base__            
00000000  interruptVectors              
000000e5  gpio_set_Asout                
000001a5  gpio_set_Asin                 
00000200  __STACK_SIZE                  
00000265  gpio_set_High                 
00000325  gpio_set_Low                  
0000040d  gpio_enable_Ren               
000004cd  gpio_disable_Ren              
000005b5  gpio_enable_IRQ               
0000064d  gpio_disable_IRQ              
000006bf  gpio_clr_GPIOIRQFLG           
00000741  gpio_edg_sel                  
00000861  gpio_interrupt_INIT           
000008c1  gpio_init                     
00000951  gpio_get                      
00000a41  gpio_set                      
00000a71  gpio_toggle                   
00000b81  __TI_printfi                  
000015cf  __aeabi_idiv0                 
000015cf  __aeabi_ldiv0                 
000015d1  ADC14_convert_enable          
000015dd  ADC14_convert_disable         
000015e9  ADC14_convert_start           
000015f5  ADC14_convert_end             
00001601  ADC14_start                   
0000169f  ADC14_read_data               
00001815  ADC14_CHA_sel                 
00001929  ADC14_CLK_sel                 
00001a27  ADC14_PREC_sel                
00001a81  ADC14_init                    
00001ae1  ADC14_CHAEND_set              
00001bd9  ADC14_MEM_set                 
00001cdd  ADC14_IRQFG_set               
00001d69  ADC14_repeatmod_init          
00001de1  ADC14_repeatmod_rec           
00001e35  ADC14_IRQHandler              
00001e35  ADC14_IRQHandler              
00001ec1  UART_IRQ_set                  
00001f3d  UART_IRQRX_set                
00001f91  UART_USIC_init                
00001fe5  UART_PIN_sel                  
00002039  UART_CLK_sel                  
00002131  UART_BRS_val                  
00002251  UART_Baunds_set               
00002485  UART_init                     
000024f1  UART_send_Byte                
00002565  UART_recv_Byte                
000025b9  UART_send_string              
000025f5  UART_send_short               
00002651  UART_send_int                 
0000268d  EUSCIA0_IRQHandler            
0000268d  EUSCIA0_IRQHandler            
00002697  EUSCIA1_IRQHandler            
00002697  EUSCIA1_IRQHandler            
000026a9  EUSCIA2_IRQHandler            
000026a9  EUSCIA2_IRQHandler            
000026b9  EUSCIA3_IRQHandler            
000026b9  EUSCIA3_IRQHandler            
000026f9  OLED_PutPixel                 
00002769  OLED_pos_clr                  
0000279d  oled_update                   
0000287f  OLED_WR_Byte                  
0000290f  OLED_Set_Pos                  
0000294b  OLED_Display_On               
00002967  OLED_Display_Off              
00002983  OLED_Clear                    
000029f1  OLED_ShowChar                 
00002a7b  oled_pow                      
00002ab5  OLED_ShowNum                  
00002b89  OLED_Showfloat                
00002bb9  OLED_ShowString               
00002c1b  OLED_ShowCHinese              
00002cd1  OLED_DrawBMP                  
00002d81  OLED_Init                     
00002ed5  PORT1_IRQHandler              
00002ed5  PORT1_IRQHandler              
00002f7b  PORT2_IRQHandler              
00002f7b  PORT2_IRQHandler              
00003047  PORT3_IRQHandler              
00003047  PORT3_IRQHandler              
000030ff  PORT4_IRQHandler              
000030ff  PORT4_IRQHandler              
000031dd  PORT5_IRQHandler              
000031dd  PORT5_IRQHandler              
000032b1  PORT6_IRQHandler              
000032b1  PORT6_IRQHandler              
0000338d  TA0_0_IRQHandler              
0000338d  TA0_0_IRQHandler              
00003399  TA1_0_IRQHandler              
00003399  TA1_0_IRQHandler              
000033a5  TA2_0_IRQHandler              
000033a5  TA2_0_IRQHandler              
000033b5  TA3_0_IRQHandler              
000033b5  TA3_0_IRQHandler              
000033cf  TA0_N_IRQHandler              
000033cf  TA0_N_IRQHandler              
000033d1  TA1_N_IRQHandler              
000033d1  TA1_N_IRQHandler              
000033d3  TA2_N_IRQHandler              
000033d3  TA2_N_IRQHandler              
000033e9  TA3_N_IRQHandler              
000033e9  TA3_N_IRQHandler              
0000353d  TimerA_MOD_sel                
000035e3  TimerA_CLK_set                
000037a5  TimerA_NVIC_IRQ_set           
0000386d  TimerA_enable_CCRnIRQ         
0000391d  TimerA_disable_CCRnIRQ        
000039cd  TimerA_CCRVAL_set             
00003a4d  CCRn_MOD_sel                  
00003b3d  error                         
00003b65  CS_unlocked                   
00003b6f  CS_locked                     
00003b77  DCO_set                       
00003bed  MCLK_set                      
00003d0d  SMCLK_set                     
00003e35  set_DCO_48MH                  
00003ecd  set_clock_period              
00003ed7  systic_init                   
00003efb  systic_start                  
00003f11  systic_end                    
00003f25  systic_read                   
00003f85  systic_clr                    
00003f93  system_init                   
00003fb3  SysTick_Handler               
00003fb3  SysTick_Handler               
00003fbd  systic_delayus                
00003fdb  systic_delayms                
00004039  encoder_IncTypeDef_init       
00004095  encoder_dirpin_init           
000040ed  encoder_interrupt_init        
0000413d  encoder_init                  
000041e5  GET_encoder_num               
00004221  GET_encoder_dir               
0000425d  Encoder_clr                   
000042a1  OLED_show                     
00004349  ENCODER_TEST                  
000043c5  SystemCoreClockUpdate         
0000463d  SystemInit                    
00004b39  __aeabi_dsub                  
00004b43  __aeabi_dadd                  
00004cf1  period_cvert                  
00004d87  TimerA_CCR0INT_init           
00004dd9  TimerA_CCRnINT_init           
00004f9d  __aeabi_ddiv                  
000051f9  ldexp                         
000051f9  ldexpl                        
000051f9  scalbn                        
000051f9  scalbnl                       
00005309  __aeabi_dmul                  
000054b7  __aeabi_memcpy                
000054b7  __aeabi_memcpy4               
000054b7  __aeabi_memcpy8               
000054b7  memcpy                        
00005553  __aeabi_uldivmod              
000055e9  __aeabi_cdcmpeq               
000055e9  __aeabi_cdcmple               
0000566f  __aeabi_cdrcmple              
000056f5  Oscill_send                   
00005725  main                          
00005779  __aeabi_memclr                
00005779  __aeabi_memclr4               
00005779  __aeabi_memclr8               
0000577b  __aeabi_memset                
0000577b  __aeabi_memset4               
0000577b  __aeabi_memset8               
00005781  memset                        
00005861  __TI_decompress_lzss          
000058c9  frexp                         
000058c9  frexpl                        
00005983  __TI_ltoa                     
00005a29  atoi                          
00005a75  __aeabi_d2iz                  
00005abd  __TI_auto_init_nobinit_nopinit
00005b01  sprintf                       
00005b7f  __aeabi_f2d                   
00005bb9  _c_int00_noargs               
00005bed  __aeabi_i2d                   
00005c1d  GPIO_setAsOutputPin           
00005c41  Interrupt_setPriority         
00005c65  __aeabi_ui2d                  
00005c85  __TI_zero_init_nomemset       
00005ca1  memccpy                       
00005cbd  copysign                      
00005cbd  copysignl                     
00005cd9  GPIO_setOutputLowOnPin        
00005d09  strchr                        
00005d21  GPIO_setOutputHighOnPin       
00005d35  strlen                        
00005d49  wcslen                        
00005d5b  __TI_decompress_none          
00005d69  Reset_Handler                 
00005d75  AES256_IRQHandler             
00005d75  BusFault_Handler              
00005d75  COMP_E0_IRQHandler            
00005d75  COMP_E1_IRQHandler            
00005d75  CS_IRQHandler                 
00005d75  DMA_ERR_IRQHandler            
00005d75  DMA_INT0_IRQHandler           
00005d75  DMA_INT1_IRQHandler           
00005d75  DMA_INT2_IRQHandler           
00005d75  DMA_INT3_IRQHandler           
00005d75  DebugMon_Handler              
00005d75  Default_Handler               
00005d75  EUSCIB0_IRQHandler            
00005d75  EUSCIB1_IRQHandler            
00005d75  EUSCIB2_IRQHandler            
00005d75  EUSCIB3_IRQHandler            
00005d75  FLCTL_IRQHandler              
00005d75  FPU_IRQHandler                
00005d75  HardFault_Handler             
00005d75  MemManage_Handler             
00005d75  NMI_Handler                   
00005d75  PCM_IRQHandler                
00005d75  PSS_IRQHandler                
00005d75  PendSV_Handler                
00005d75  RTC_C_IRQHandler              
00005d75  SVC_Handler                   
00005d75  T32_INT1_IRQHandler           
00005d75  T32_INT2_IRQHandler           
00005d75  T32_INTC_IRQHandler           
00005d75  UsageFault_Handler            
00005d75  WDT_A_IRQHandler              
00005d81  __aeabi_errno_addr            
00005d89  _system_pre_init              
00005d8d  C$$EXIT                       
00005d8d  abort                         
00005d90  F6x8                          
00005fb8  Hzk                           
00006178  _ctypes_                      
0000627c  FP_N                          
0000636c  BRS                           
000063f0  __TI_Handler_Table_Base       
000063fc  __TI_Handler_Table_Limit      
00006408  __TI_CINIT_Base               
00006418  __TI_CINIT_Limit              
20000000  __start___llvm_prf_cnts       
20000000  __stop___llvm_prf_cnts        
20000000  screen_buf                    
20002000  bmp2                          
20002400  bmp                           
20002800  Oscill_data_buff              
20002a00  CCRn_period_val               
20002a68  dirf                          
20002a6c  page_count                    
20002a70  start_flag                    
20002a74  count                         
20002a78  testA                         
20002a7c  testB                         
20002a80  IRQ3_5flag                    
20002a81  IRQ4_6flag                    
20002a82  A_flag                        
20002a83  B_flag                        
20002a84  sindata                       
20002a90  timerAcapturePointer          
20002a94  time_counter                  
20002a98  sysc                          
20002a9c  systim                        
20002aa0  UART3_RXDat                   
20002aa1  UART2_RXDat                   
20002aa2  UART0_RXDat                   
20002aa4  BRCLK                         
20002ab0  buf                           
20002ab8  errno                         
20002abc  SystemCoreClock               
20002ac0  ADC14_STRUCT                  
20002af0  oscill1                       
20002b08  encoder_A                     
20002b10  encoder_B                     
20002b18  encoder_C                     
20002b20  encoder_D                     
2000fe00  __stack                       
20010000  __STACK_END                   
4000480c  WDTCTL_SYM                    
ffffffff  __TI_pprof_out_hndl           
ffffffff  __TI_prof_data_size           
ffffffff  __TI_prof_data_start          
ffffffff  __binit__                     
ffffffff  __c_args__                    
ffffffff  binit                         
UNDEFED   __mpu_init                    
UNDEFED   _system_post_cinit            

[282 symbols]
