******************************************************************************
                  TI ARM Linker PC v20.2.1                     
******************************************************************************
>> Linked Wed Mar 30 20:53:29 2022

OUTPUT FILE NAME:   <19.Exin_Oscill_shanwai.out>
ENTRY POINT SYMBOL: "_c_int00_noargs"  address: 00007025


MEMORY CONFIGURATION

         name            origin    length      used     unused   attr    fill
----------------------  --------  ---------  --------  --------  ----  --------
  MAIN                  00000000   00040000  000080e4  00037f1c  R  X
  INFO                  00200000   00004000  00000000  00004000  R  X
  SRAM_CODE             01000000   00010000  000026d4  0000d92c  RW X
  SRAM_DATA             20000000   00010000  000026d4  0000d92c  RW  


SEGMENT ALLOCATION MAP

run origin  load origin   length   init length attrs members
----------  ----------- ---------- ----------- ----- -------
00000000    00000000    000080e8   000080e8    r-x
  00000000    00000000    000000e4   000000e4    r-- .intvecs
  000000e4    000000e4    000070c4   000070c4    r-x .text
  000071a8    000071a8    00000bb4   00000bb4    r-- .const
  00007d60    00007d60    00000388   00000388    r-- .cinit
20000000    20000000    000024d4   00000000    rw-
  20000000    20000000    00002480   00000000    rw- .data
  20002480    20002480    00000054   00000000    rw- .bss
2000fe00    2000fe00    00000200   00000000    rw-
  2000fe00    2000fe00    00000200   00000000    rw- .stack


SECTION ALLOCATION MAP

 output                                  attributes/
section   page    origin      length       input sections
--------  ----  ----------  ----------   ----------------
.intvecs   0    00000000    000000e4     
                  00000000    000000e4     startup_msp432p401r_ccs.obj (.intvecs:retain)

.text      0    000000e4    000070c4     
                  000000e4    00001c20     exinoled.obj (.text)
                  00001d04    00000a9c     exingpio.obj (.text)
                  000027a0    00000a4e     rtsv7M4_T_le_v4SPD16_eabi.lib : _printfi.c.obj (.text:__TI_printfi)
                  000031ee    00000002                                   : div0.asm.obj (.text)
                  000031f0    000008f0     exinADC.obj (.text)
                  00003ae0    00000838     exinuart.obj (.text)
                  00004318    00000668     exinisr.obj (.text)
                  00004980    00000600     exinTimerA.obj (.text)
                  00004f80    000004fc     exinsystem.obj (.text)
                  0000547c    000003b4     exinencoder.obj (.text)
                  00005830    00000334     system_msp432p401r.obj (.text)
                  00005b64    00000270     rtsv7M4_T_le_v4SPD16_eabi.lib : _printfi.c.obj (.text:_pconv_a)
                  00005dd4    000001d0                                   : _printfi.c.obj (.text:_pconv_g)
                  00005fa4    000001b6                                   : fd_add_t2.asm.obj (.text)
                  0000615a    00000002     --HOLE-- [fill = 0]
                  0000615c    00000170     exinTimerAINT.obj (.text)
                  000062cc    0000013c     rtsv7M4_T_le_v4SPD16_eabi.lib : _printfi.c.obj (.text:_pconv_e)
                  00006408    00000136                                   : fd_div_t2.asm.obj (.text)
                  0000653e    00000002     --HOLE-- [fill = 0]
                  00006540    00000124                                   : _printfi.c.obj (.text:fcvt)
                  00006664    00000110                                   : s_scalbn.c.obj (.text:scalbn)
                  00006774    000000fc                                   : fd_mul_t2.asm.obj (.text)
                  00006870    000000b1                                   : _printfi.c.obj (.text:_ltostr)
                  00006921    00000001     --HOLE-- [fill = 0]
                  00006922    0000009c                                   : memcpy_t2.asm.obj (.text)
                  000069be    00000096                                   : ull_div_t2.asm.obj (.text)
                  00006a54    00000086                                   : fd_cmp_t2.asm.obj (.text:__aeabi_cdcmple)
                  00006ada    00000086                                   : fd_cmp_t2.asm.obj (.text:__aeabi_cdrcmple)
                  00006b60    00000084     main.obj (.text)
                  00006be4    0000007a     rtsv7M4_T_le_v4SPD16_eabi.lib : memset_t2.asm.obj (.text)
                  00006c5e    0000006e                                   : _printfi.c.obj (.text:_mcpy)
                  00006ccc    00000068                                   : copy_decompress_lzss.c.obj (.text:decompress:lzss:__TI_decompress_lzss)
                  00006d34    00000064                                   : s_frexp.c.obj (.text:frexp)
                  00006d98    00000056                                   : _printfi.c.obj (.text:_pconv_f)
                  00006dee    00000054                                   : _ltoa.c.obj (.text:__TI_ltoa)
                  00006e42    00000052                                   : _printfi.c.obj (.text:_ecpy)
                  00006e94    0000004c                                   : atoi.c.obj (.text:atoi)
                  00006ee0    00000048                                   : fd_toi_t2.asm.obj (.text)
                  00006f28    00000044                                   : autoinit.c.obj (.text:__TI_auto_init_nobinit_nopinit:__TI_auto_init_nobinit_nopinit)
                  00006f6c    00000040                                   : sprintf.c.obj (.text:sprintf)
                  00006fac    0000003e                                   : _printfi.c.obj (.text:_fcpy)
                  00006fea    00000038                                   : fs_tod_t2.asm.obj (.text)
                  00007022    00000002     --HOLE-- [fill = 0]
                  00007024    00000034                                   : boot_cortex_m.c.obj (.text:_c_int00_noargs:_c_int00_noargs)
                  00007058    0000002e                                   : i_tofd_t2.asm.obj (.text)
                  00007086    00000002     --HOLE-- [fill = 0]
                  00007088    00000024     msp432p4xx_driverlib.lib : interrupt.o (.text:Interrupt_setPriority)
                  000070ac    00000020     rtsv7M4_T_le_v4SPD16_eabi.lib : u_tofd_t2.asm.obj (.text)
                  000070cc    0000001c                                   : copy_zero_init.c.obj (.text:decompress:ZI:__TI_zero_init_nomemset:__TI_zero_init_nomemset)
                  000070e8    0000001c                                   : memccpy.c.obj (.text:memccpy)
                  00007104    0000001a                                   : s_copysign.c.obj (.text:copysign)
                  0000711e    00000018                                   : sprintf.c.obj (.text:_outs)
                  00007136    00000016                                   : strchr.c.obj (.text:strchr)
                  0000714c    00000014                                   : strlen.c.obj (.text:strlen)
                  00007160    00000012                                   : wcslen.c.obj (.text:wcslen)
                  00007172    0000000e                                   : copy_decompress_none.c.obj (.text:decompress:none:__TI_decompress_none)
                  00007180    0000000e     startup_msp432p401r_ccs.obj (.text)
                  0000718e    0000000a     rtsv7M4_T_le_v4SPD16_eabi.lib : sprintf.c.obj (.text:_outc)
                  00007198    00000008                                   : errno.c.obj (.text:__aeabi_errno_addr)
                  000071a0    00000004                                   : pre_init.c.obj (.text:_system_pre_init)
                  000071a4    00000004                                   : exit.c.obj (.text:abort:abort)

.const     0    000071a8    00000bb4     
                  000071a8    000005f0     exinoled.obj (.const:.string:F8x16)
                  00007798    00000228     exinoled.obj (.const:F6x8)
                  000079c0    00000180     exinoled.obj (.const:Chiness)
                  00007b40    00000101     rtsv7M4_T_le_v4SPD16_eabi.lib : ctype.c.obj (.const:.string:_ctypes_)
                  00007c41    00000003     --HOLE-- [fill = 0]
                  00007c44    000000a0     exinuart.obj (.const:FP_N)
                  00007ce4    00000050     msp432p4xx_driverlib.lib : interrupt.o (.const:g_pulRegs)
                  00007d34    00000028     exinuart.obj (.const:.string:BRS)

.cinit     0    00007d60    00000388     
                  00007d60    00000362     (.cinit..data.load) [load image, compression = lzss]
                  000080c2    00000002     --HOLE-- [fill = 0]
                  000080c4    0000000c     (__TI_handler_table)
                  000080d0    00000008     (.cinit..bss.load) [load image, compression = zero_init]
                  000080d8    00000010     (__TI_cinit_table)

.init_array 
*          0    00000000    00000000     UNINITIALIZED

.binit     0    00000000    00000000     

.data      0    20000000    00002480     UNINITIALIZED
                  20000000    00002000     exinoled.obj (.data:bmp_pixel1)
                  20002000    00000400     exinoled.obj (.data:GDDRAM)
                  20002400    00000038     exinTimerAINT.obj (.data:CCRn_period_val)
                  20002438    0000001c     exinadjust.obj (.data)
                  20002454    0000000a     main.obj (.data:sindata)
                  2000245e    00000002     --HOLE--
                  20002460    00000008     exinsystem.obj (.data)
                  20002468    00000008     exinuart.obj (.data)
                  20002470    00000005     main.obj (.data:buf)
                  20002475    00000003     --HOLE--
                  20002478    00000004     rtsv7M4_T_le_v4SPD16_eabi.lib : errno.c.obj (.data)
                  2000247c    00000004     system_msp432p401r.obj (.data)

.bss       0    20002480    00000054     UNINITIALIZED
                  20002480    00000030     (.common:ADC14_STRUCT)
                  200024b0    00000008     (.common:encoder_A)
                  200024b8    00000008     (.common:encoder_B)
                  200024c0    00000008     (.common:encoder_C)
                  200024c8    00000008     (.common:encoder_D)
                  200024d0    00000004     exinsystem.obj (.bss)

.stack     0    2000fe00    00000200     UNINITIALIZED
                  2000fe00    00000004     rtsv7M4_T_le_v4SPD16_eabi.lib : boot_cortex_m.c.obj (.stack)
                  2000fe04    000001fc     --HOLE--

__llvm_prf_cnts 
*          0    20000000    00000000     UNINITIALIZED

MODULE SUMMARY

       Module                        code    ro data   rw data
       ------                        ----    -------   -------
    .\
       system_msp432p401r.obj        820     0         8      
       main.obj                      132     0         126    
       startup_msp432p401r_ccs.obj   14      228       0      
    +--+-----------------------------+-------+---------+---------+
       Total:                        966     228       134    
                                                              
    .\exinlibs\
       exinoled.obj                  7200    2456      18432  
       exingpio.obj                  2716    0         0      
       exinuart.obj                  2104    200       16     
       exinADC.obj                   2288    0         0      
       exinisr.obj                   1640    0         0      
       exinTimerA.obj                1536    0         0      
       exinsystem.obj                1276    0         24     
       exinencoder.obj               948     0         64     
       exinTimerAINT.obj             368     0         112    
       exinadjust.obj                0       0         56     
    +--+-----------------------------+-------+---------+---------+
       Total:                        20076   2656      18704  
                                                              
    C:/ti/msp/MSP432Ware_3_40_00_25/driverlib/driverlib/MSP432P4xx/ccs/msp432p4xx_driverlib.lib
       interrupt.o                   36      80        0      
    +--+-----------------------------+-------+---------+---------+
       Total:                        36      80        0      
                                                              
    D:\CCS\ccs\tools\compiler\ti-cgt-arm_20.2.1.LTS\lib\rtsv7M4_T_le_v4SPD16_eabi.lib
       _printfi.c.obj                4851    0         0      
       fd_add_t2.asm.obj             438     0         0      
       fd_div_t2.asm.obj             310     0         0      
       s_scalbn.c.obj                272     0         0      
       fd_cmp_t2.asm.obj             268     0         0      
       ctype.c.obj                   0       257       0      
       fd_mul_t2.asm.obj             252     0         0      
       memcpy_t2.asm.obj             156     0         0      
       ull_div_t2.asm.obj            150     0         0      
       memset_t2.asm.obj             122     0         0      
       copy_decompress_lzss.c.obj    104     0         0      
       s_frexp.c.obj                 100     0         0      
       sprintf.c.obj                 98      0         0      
       _ltoa.c.obj                   84      0         0      
       atoi.c.obj                    76      0         0      
       fd_toi_t2.asm.obj             72      0         0      
       autoinit.c.obj                68      0         0      
       fs_tod_t2.asm.obj             56      0         0      
       boot_cortex_m.c.obj           52      0         0      
       i_tofd_t2.asm.obj             46      0         0      
       u_tofd_t2.asm.obj             32      0         0      
       copy_zero_init.c.obj          28      0         0      
       memccpy.c.obj                 28      0         0      
       s_copysign.c.obj              26      0         0      
       strchr.c.obj                  22      0         0      
       strlen.c.obj                  20      0         0      
       wcslen.c.obj                  18      0         0      
       errno.c.obj                   8       0         8      
       copy_decompress_none.c.obj    14      0         0      
       exit.c.obj                    4       0         0      
       pre_init.c.obj                4       0         0      
       div0.asm.obj                  2       0         0      
    +--+-----------------------------+-------+---------+---------+
       Total:                        7781    257       8      
                                                              
       Stack:                        0       0         1024   
       Linker Generated:             0       902       0      
    +--+-----------------------------+-------+---------+---------+
       Grand Total:                  28859   4123      19870  


LINKER GENERATED COPY TABLES

__TI_cinit_table @ 000080d8 records: 2, size/record: 8, table size: 16
	.data: load addr=00007d60, load size=00000362 bytes, run addr=20000000, run size=00002480 bytes, compression=lzss
	.bss: load addr=000080d0, load size=00000008 bytes, run addr=20002480, run size=00000054 bytes, compression=zero_init


LINKER GENERATED HANDLER TABLE

__TI_handler_table @ 000080c4 records: 3, size/record: 4, table size: 12
	index: 0, handler: __TI_decompress_lzss
	index: 1, handler: __TI_decompress_none
	index: 2, handler: __TI_zero_init


GLOBAL SYMBOLS: SORTED ALPHABETICALLY BY Name 

address   name                          
-------   ----                          
00003701  ADC14_CHAEND_set              
00003435  ADC14_CHA_sel                 
00003549  ADC14_CLK_sel                 
000038fd  ADC14_IRQFG_set               
00003a55  ADC14_IRQHandler              
00003a55  ADC14_IRQHandler              
000037f9  ADC14_MEM_set                 
00003647  ADC14_PREC_sel                
20002480  ADC14_STRUCT                  
000031fd  ADC14_convert_disable         
000031f1  ADC14_convert_enable          
00003215  ADC14_convert_end             
00003209  ADC14_convert_start           
000036a1  ADC14_init                    
000032bf  ADC14_read_data               
00003989  ADC14_repeatmod_init          
00003a01  ADC14_repeatmod_rec           
00003221  ADC14_start                   
0000718d  AES256_IRQHandler             
20002452  A_flag                        
2000246c  BRCLK                         
00007d34  BRS                           
20002453  B_flag                        
0000718d  BusFault_Handler              
000071a5  C$$EXIT                       
00004e91  CCRn_MOD_sel                  
20002400  CCRn_period_val               
0000718d  COMP_E0_IRQHandler            
0000718d  COMP_E1_IRQHandler            
0000718d  CS_IRQHandler                 
00004fb3  CS_locked                     
00004fa9  CS_unlocked                   
000079c0  Chiness                       
00004fbb  DCO_set                       
0000718d  DMA_ERR_IRQHandler            
0000718d  DMA_INT0_IRQHandler           
0000718d  DMA_INT1_IRQHandler           
0000718d  DMA_INT2_IRQHandler           
0000718d  DMA_INT3_IRQHandler           
0000718d  DebugMon_Handler              
0000718d  Default_Handler               
000057b9  ENCODER_TEST                  
000042ad  EUSCIA0_IRQHandler            
000042ad  EUSCIA0_IRQHandler            
000042b7  EUSCIA1_IRQHandler            
000042b7  EUSCIA1_IRQHandler            
000042c9  EUSCIA2_IRQHandler            
000042c9  EUSCIA2_IRQHandler            
000042d9  EUSCIA3_IRQHandler            
000042d9  EUSCIA3_IRQHandler            
0000718d  EUSCIB0_IRQHandler            
0000718d  EUSCIB1_IRQHandler            
0000718d  EUSCIB2_IRQHandler            
0000718d  EUSCIB3_IRQHandler            
000056a1  Encoder_clr                   
00007798  F6x8                          
000071a8  F8x16                         
0000718d  FLCTL_IRQHandler              
0000718d  FPU_IRQHandler                
00007c44  FP_N                          
20002000  GDDRAM                        
00001535  GDDRAM_Map_clr                
0000158f  GDDRAM_Map_set                
00005665  GET_encoder_dir               
00005629  GET_encoder_num               
0000718d  HardFault_Handler             
20002450  IRQ3_5flag                    
20002451  IRQ4_6flag                    
00007089  Interrupt_setPriority         
00005031  MCLK_set                      
0000718d  MemManage_Handler             
0000718d  NMI_Handler                   
0000126f  OLED_Draw_Bmp                 
0000132d  OLED_Draw_BmpPixel            
00000b73  OLED_Draw_Circle              
00000361  OLED_Draw_Pixel               
00000acd  OLED_Draw_Rectangle           
00000479  OLED_Draw_line                
0000151b  OLED_OFF                      
00001505  OLED_ON                       
0000018d  OLED_SPI_configuration        
00000237  OLED_SPI_write_cmd            
0000026f  OLED_SPI_write_data           
000002a7  OLED_SetPos                   
00000c83  OLED_Show_Char                
00001161  OLED_Show_Hanzi               
00000eb1  OLED_Show_Num                 
00000e55  OLED_Show_String              
00000fd9  OLED_Show_float               
00000357  OLED_clr                      
000002df  OLED_fill                     
00001429  OLED_init                     
000056f5  OLED_show                     
000015cd  OLED_test                     
00006b61  Oscill_send                   
0000718d  PCM_IRQHandler                
00004319  PORT1_IRQHandler              
00004319  PORT1_IRQHandler              
000043bf  PORT2_IRQHandler              
000043bf  PORT2_IRQHandler              
0000448b  PORT3_IRQHandler              
0000448b  PORT3_IRQHandler              
00004543  PORT4_IRQHandler              
00004543  PORT4_IRQHandler              
00004621  PORT5_IRQHandler              
00004621  PORT5_IRQHandler              
000046f5  PORT6_IRQHandler              
000046f5  PORT6_IRQHandler              
0000718d  PSS_IRQHandler                
0000718d  PendSV_Handler                
0000718d  RTC_C_IRQHandler              
00007181  Reset_Handler                 
00005151  SMCLK_set                     
000001cd  SPI_write_byte                
0000718d  SVC_Handler                   
000053f7  SysTick_Handler               
000053f7  SysTick_Handler               
2000247c  SystemCoreClock               
00005831  SystemCoreClockUpdate         
00005aa9  SystemInit                    
0000718d  T32_INT1_IRQHandler           
0000718d  T32_INT2_IRQHandler           
0000718d  T32_INTC_IRQHandler           
000047d1  TA0_0_IRQHandler              
000047d1  TA0_0_IRQHandler              
00004813  TA0_N_IRQHandler              
00004813  TA0_N_IRQHandler              
000047dd  TA1_0_IRQHandler              
000047dd  TA1_0_IRQHandler              
00004815  TA1_N_IRQHandler              
00004815  TA1_N_IRQHandler              
000047e9  TA2_0_IRQHandler              
000047e9  TA2_0_IRQHandler              
00004817  TA2_N_IRQHandler              
00004817  TA2_N_IRQHandler              
000047f9  TA3_0_IRQHandler              
000047f9  TA3_0_IRQHandler              
0000482d  TA3_N_IRQHandler              
0000482d  TA3_N_IRQHandler              
000061f3  TimerA_CCR0INT_init           
00004e11  TimerA_CCRVAL_set             
00006245  TimerA_CCRnINT_init           
00004a27  TimerA_CLK_set                
00004981  TimerA_MOD_sel                
00004be9  TimerA_NVIC_IRQ_set           
00004d61  TimerA_disable_CCRnIRQ        
00004cb1  TimerA_enable_CCRnIRQ         
2000246a  UART0_RXDat                   
20002469  UART2_RXDat                   
20002468  UART3_RXDat                   
00003d51  UART_BRS_val                  
00003e71  UART_Baunds_set               
00003c59  UART_CLK_sel                  
00003b5d  UART_IRQRX_set                
00003ae1  UART_IRQ_set                  
00003c05  UART_PIN_sel                  
00003bb1  UART_USIC_init                
000040a5  UART_init                     
00004185  UART_recv_Byte                
00004111  UART_send_Byte                
00004271  UART_send_int                 
00004215  UART_send_short               
000041d9  UART_send_string              
0000718d  UsageFault_Handler            
4000480c  WDTCTL_SYM                    
0000718d  WDT_A_IRQHandler              
20010000  __STACK_END                   
00000200  __STACK_SIZE                  
000080d8  __TI_CINIT_Base               
000080e8  __TI_CINIT_Limit              
000080c4  __TI_Handler_Table_Base       
000080d0  __TI_Handler_Table_Limit      
00006f29  __TI_auto_init_nobinit_nopinit
00006ccd  __TI_decompress_lzss          
00007173  __TI_decompress_none          
00006def  __TI_ltoa                     
ffffffff  __TI_pprof_out_hndl           
000027a1  __TI_printfi                  
ffffffff  __TI_prof_data_size           
ffffffff  __TI_prof_data_start          
00000000  __TI_static_base__            
000070cd  __TI_zero_init_nomemset       
00006a55  __aeabi_cdcmpeq               
00006a55  __aeabi_cdcmple               
00006adb  __aeabi_cdrcmple              
00006ee1  __aeabi_d2iz                  
00005faf  __aeabi_dadd                  
00006409  __aeabi_ddiv                  
00006775  __aeabi_dmul                  
00005fa5  __aeabi_dsub                  
00007199  __aeabi_errno_addr            
00006feb  __aeabi_f2d                   
00007059  __aeabi_i2d                   
000031ef  __aeabi_idiv0                 
000031ef  __aeabi_ldiv0                 
00006be5  __aeabi_memclr                
00006be5  __aeabi_memclr4               
00006be5  __aeabi_memclr8               
00006923  __aeabi_memcpy                
00006923  __aeabi_memcpy4               
00006923  __aeabi_memcpy8               
00006be7  __aeabi_memset                
00006be7  __aeabi_memset4               
00006be7  __aeabi_memset8               
000070ad  __aeabi_ui2d                  
000069bf  __aeabi_uldivmod              
ffffffff  __binit__                     
ffffffff  __c_args__                    
UNDEFED   __mpu_init                    
2000fe00  __stack                       
20000000  __start___llvm_prf_cnts       
20000000  __stop___llvm_prf_cnts        
00007025  _c_int00_noargs               
00007b40  _ctypes_                      
UNDEFED   _system_post_cinit            
000071a1  _system_pre_init              
000071a5  abort                         
00006e95  atoi                          
ffffffff  binit                         
20000000  bmp_pixel1                    
20002470  buf                           
00007105  copysign                      
00007105  copysignl                     
20002444  count                         
20002438  dirf                          
200024b0  encoder_A                     
200024b8  encoder_B                     
200024c0  encoder_C                     
200024c8  encoder_D                     
0000547d  encoder_IncTypeDef_init       
000054d9  encoder_dirpin_init           
00005581  encoder_init                  
00005531  encoder_interrupt_init        
20002478  errno                         
00004f81  error                         
00006d35  frexp                         
00006d35  frexpl                        
000022df  gpio_clr_GPIOIRQFLG           
0000226d  gpio_disable_IRQ              
000020ed  gpio_disable_Ren              
00002361  gpio_edg_sel                  
000021d5  gpio_enable_IRQ               
0000202d  gpio_enable_Ren               
00002571  gpio_get                      
000024e1  gpio_init                     
00002481  gpio_interrupt_INIT           
00002661  gpio_set                      
00001dc5  gpio_set_Asin                 
00001d05  gpio_set_Asout                
00001e85  gpio_set_High                 
00001f45  gpio_set_Low                  
00002691  gpio_toggle                   
00000000  interruptVectors              
00006665  ldexp                         
00006665  ldexpl                        
00006b91  main                          
000070e9  memccpy                       
00006923  memcpy                        
00006bed  memset                        
000000e5  num_pow                       
2000243c  page_count                    
0000615d  period_cvert                  
00006665  scalbn                        
00006665  scalbnl                       
00005279  set_DCO_48MH                  
00005311  set_clock_period              
20002454  sindata                       
00006f6d  sprintf                       
00000115  sqr                           
20002440  start_flag                    
00007137  strchr                        
0000714d  strlen                        
20002460  sysc                          
000053d7  system_init                   
000053c9  systic_clr                    
0000541f  systic_delayms                
00005401  systic_delayus                
00005355  systic_end                    
0000531b  systic_init                   
00005369  systic_read                   
0000533f  systic_start                  
20002464  systim                        
20002448  testA                         
2000244c  testB                         
00007161  wcslen                        


GLOBAL SYMBOLS: SORTED BY Symbol Address 

address   name                          
-------   ----                          
00000000  __TI_static_base__            
00000000  interruptVectors              
000000e5  num_pow                       
00000115  sqr                           
0000018d  OLED_SPI_configuration        
000001cd  SPI_write_byte                
00000200  __STACK_SIZE                  
00000237  OLED_SPI_write_cmd            
0000026f  OLED_SPI_write_data           
000002a7  OLED_SetPos                   
000002df  OLED_fill                     
00000357  OLED_clr                      
00000361  OLED_Draw_Pixel               
00000479  OLED_Draw_line                
00000acd  OLED_Draw_Rectangle           
00000b73  OLED_Draw_Circle              
00000c83  OLED_Show_Char                
00000e55  OLED_Show_String              
00000eb1  OLED_Show_Num                 
00000fd9  OLED_Show_float               
00001161  OLED_Show_Hanzi               
0000126f  OLED_Draw_Bmp                 
0000132d  OLED_Draw_BmpPixel            
00001429  OLED_init                     
00001505  OLED_ON                       
0000151b  OLED_OFF                      
00001535  GDDRAM_Map_clr                
0000158f  GDDRAM_Map_set                
000015cd  OLED_test                     
00001d05  gpio_set_Asout                
00001dc5  gpio_set_Asin                 
00001e85  gpio_set_High                 
00001f45  gpio_set_Low                  
0000202d  gpio_enable_Ren               
000020ed  gpio_disable_Ren              
000021d5  gpio_enable_IRQ               
0000226d  gpio_disable_IRQ              
000022df  gpio_clr_GPIOIRQFLG           
00002361  gpio_edg_sel                  
00002481  gpio_interrupt_INIT           
000024e1  gpio_init                     
00002571  gpio_get                      
00002661  gpio_set                      
00002691  gpio_toggle                   
000027a1  __TI_printfi                  
000031ef  __aeabi_idiv0                 
000031ef  __aeabi_ldiv0                 
000031f1  ADC14_convert_enable          
000031fd  ADC14_convert_disable         
00003209  ADC14_convert_start           
00003215  ADC14_convert_end             
00003221  ADC14_start                   
000032bf  ADC14_read_data               
00003435  ADC14_CHA_sel                 
00003549  ADC14_CLK_sel                 
00003647  ADC14_PREC_sel                
000036a1  ADC14_init                    
00003701  ADC14_CHAEND_set              
000037f9  ADC14_MEM_set                 
000038fd  ADC14_IRQFG_set               
00003989  ADC14_repeatmod_init          
00003a01  ADC14_repeatmod_rec           
00003a55  ADC14_IRQHandler              
00003a55  ADC14_IRQHandler              
00003ae1  UART_IRQ_set                  
00003b5d  UART_IRQRX_set                
00003bb1  UART_USIC_init                
00003c05  UART_PIN_sel                  
00003c59  UART_CLK_sel                  
00003d51  UART_BRS_val                  
00003e71  UART_Baunds_set               
000040a5  UART_init                     
00004111  UART_send_Byte                
00004185  UART_recv_Byte                
000041d9  UART_send_string              
00004215  UART_send_short               
00004271  UART_send_int                 
000042ad  EUSCIA0_IRQHandler            
000042ad  EUSCIA0_IRQHandler            
000042b7  EUSCIA1_IRQHandler            
000042b7  EUSCIA1_IRQHandler            
000042c9  EUSCIA2_IRQHandler            
000042c9  EUSCIA2_IRQHandler            
000042d9  EUSCIA3_IRQHandler            
000042d9  EUSCIA3_IRQHandler            
00004319  PORT1_IRQHandler              
00004319  PORT1_IRQHandler              
000043bf  PORT2_IRQHandler              
000043bf  PORT2_IRQHandler              
0000448b  PORT3_IRQHandler              
0000448b  PORT3_IRQHandler              
00004543  PORT4_IRQHandler              
00004543  PORT4_IRQHandler              
00004621  PORT5_IRQHandler              
00004621  PORT5_IRQHandler              
000046f5  PORT6_IRQHandler              
000046f5  PORT6_IRQHandler              
000047d1  TA0_0_IRQHandler              
000047d1  TA0_0_IRQHandler              
000047dd  TA1_0_IRQHandler              
000047dd  TA1_0_IRQHandler              
000047e9  TA2_0_IRQHandler              
000047e9  TA2_0_IRQHandler              
000047f9  TA3_0_IRQHandler              
000047f9  TA3_0_IRQHandler              
00004813  TA0_N_IRQHandler              
00004813  TA0_N_IRQHandler              
00004815  TA1_N_IRQHandler              
00004815  TA1_N_IRQHandler              
00004817  TA2_N_IRQHandler              
00004817  TA2_N_IRQHandler              
0000482d  TA3_N_IRQHandler              
0000482d  TA3_N_IRQHandler              
00004981  TimerA_MOD_sel                
00004a27  TimerA_CLK_set                
00004be9  TimerA_NVIC_IRQ_set           
00004cb1  TimerA_enable_CCRnIRQ         
00004d61  TimerA_disable_CCRnIRQ        
00004e11  TimerA_CCRVAL_set             
00004e91  CCRn_MOD_sel                  
00004f81  error                         
00004fa9  CS_unlocked                   
00004fb3  CS_locked                     
00004fbb  DCO_set                       
00005031  MCLK_set                      
00005151  SMCLK_set                     
00005279  set_DCO_48MH                  
00005311  set_clock_period              
0000531b  systic_init                   
0000533f  systic_start                  
00005355  systic_end                    
00005369  systic_read                   
000053c9  systic_clr                    
000053d7  system_init                   
000053f7  SysTick_Handler               
000053f7  SysTick_Handler               
00005401  systic_delayus                
0000541f  systic_delayms                
0000547d  encoder_IncTypeDef_init       
000054d9  encoder_dirpin_init           
00005531  encoder_interrupt_init        
00005581  encoder_init                  
00005629  GET_encoder_num               
00005665  GET_encoder_dir               
000056a1  Encoder_clr                   
000056f5  OLED_show                     
000057b9  ENCODER_TEST                  
00005831  SystemCoreClockUpdate         
00005aa9  SystemInit                    
00005fa5  __aeabi_dsub                  
00005faf  __aeabi_dadd                  
0000615d  period_cvert                  
000061f3  TimerA_CCR0INT_init           
00006245  TimerA_CCRnINT_init           
00006409  __aeabi_ddiv                  
00006665  ldexp                         
00006665  ldexpl                        
00006665  scalbn                        
00006665  scalbnl                       
00006775  __aeabi_dmul                  
00006923  __aeabi_memcpy                
00006923  __aeabi_memcpy4               
00006923  __aeabi_memcpy8               
00006923  memcpy                        
000069bf  __aeabi_uldivmod              
00006a55  __aeabi_cdcmpeq               
00006a55  __aeabi_cdcmple               
00006adb  __aeabi_cdrcmple              
00006b61  Oscill_send                   
00006b91  main                          
00006be5  __aeabi_memclr                
00006be5  __aeabi_memclr4               
00006be5  __aeabi_memclr8               
00006be7  __aeabi_memset                
00006be7  __aeabi_memset4               
00006be7  __aeabi_memset8               
00006bed  memset                        
00006ccd  __TI_decompress_lzss          
00006d35  frexp                         
00006d35  frexpl                        
00006def  __TI_ltoa                     
00006e95  atoi                          
00006ee1  __aeabi_d2iz                  
00006f29  __TI_auto_init_nobinit_nopinit
00006f6d  sprintf                       
00006feb  __aeabi_f2d                   
00007025  _c_int00_noargs               
00007059  __aeabi_i2d                   
00007089  Interrupt_setPriority         
000070ad  __aeabi_ui2d                  
000070cd  __TI_zero_init_nomemset       
000070e9  memccpy                       
00007105  copysign                      
00007105  copysignl                     
00007137  strchr                        
0000714d  strlen                        
00007161  wcslen                        
00007173  __TI_decompress_none          
00007181  Reset_Handler                 
0000718d  AES256_IRQHandler             
0000718d  BusFault_Handler              
0000718d  COMP_E0_IRQHandler            
0000718d  COMP_E1_IRQHandler            
0000718d  CS_IRQHandler                 
0000718d  DMA_ERR_IRQHandler            
0000718d  DMA_INT0_IRQHandler           
0000718d  DMA_INT1_IRQHandler           
0000718d  DMA_INT2_IRQHandler           
0000718d  DMA_INT3_IRQHandler           
0000718d  DebugMon_Handler              
0000718d  Default_Handler               
0000718d  EUSCIB0_IRQHandler            
0000718d  EUSCIB1_IRQHandler            
0000718d  EUSCIB2_IRQHandler            
0000718d  EUSCIB3_IRQHandler            
0000718d  FLCTL_IRQHandler              
0000718d  FPU_IRQHandler                
0000718d  HardFault_Handler             
0000718d  MemManage_Handler             
0000718d  NMI_Handler                   
0000718d  PCM_IRQHandler                
0000718d  PSS_IRQHandler                
0000718d  PendSV_Handler                
0000718d  RTC_C_IRQHandler              
0000718d  SVC_Handler                   
0000718d  T32_INT1_IRQHandler           
0000718d  T32_INT2_IRQHandler           
0000718d  T32_INTC_IRQHandler           
0000718d  UsageFault_Handler            
0000718d  WDT_A_IRQHandler              
00007199  __aeabi_errno_addr            
000071a1  _system_pre_init              
000071a5  C$$EXIT                       
000071a5  abort                         
000071a8  F8x16                         
00007798  F6x8                          
000079c0  Chiness                       
00007b40  _ctypes_                      
00007c44  FP_N                          
00007d34  BRS                           
000080c4  __TI_Handler_Table_Base       
000080d0  __TI_Handler_Table_Limit      
000080d8  __TI_CINIT_Base               
000080e8  __TI_CINIT_Limit              
20000000  __start___llvm_prf_cnts       
20000000  __stop___llvm_prf_cnts        
20000000  bmp_pixel1                    
20002000  GDDRAM                        
20002400  CCRn_period_val               
20002438  dirf                          
2000243c  page_count                    
20002440  start_flag                    
20002444  count                         
20002448  testA                         
2000244c  testB                         
20002450  IRQ3_5flag                    
20002451  IRQ4_6flag                    
20002452  A_flag                        
20002453  B_flag                        
20002454  sindata                       
20002460  sysc                          
20002464  systim                        
20002468  UART3_RXDat                   
20002469  UART2_RXDat                   
2000246a  UART0_RXDat                   
2000246c  BRCLK                         
20002470  buf                           
20002478  errno                         
2000247c  SystemCoreClock               
20002480  ADC14_STRUCT                  
200024b0  encoder_A                     
200024b8  encoder_B                     
200024c0  encoder_C                     
200024c8  encoder_D                     
2000fe00  __stack                       
20010000  __STACK_END                   
4000480c  WDTCTL_SYM                    
ffffffff  __TI_pprof_out_hndl           
ffffffff  __TI_prof_data_size           
ffffffff  __TI_prof_data_start          
ffffffff  __binit__                     
ffffffff  __c_args__                    
ffffffff  binit                         
UNDEFED   __mpu_init                    
UNDEFED   _system_post_cinit            

[285 symbols]
