******************************************************************************
                  TI ARM Linker PC v20.2.1                     
******************************************************************************
>> Linked Tue Oct  5 21:09:00 2021

OUTPUT FILE NAME:   <19.Exin_Oscill_shanwai.out>
ENTRY POINT SYMBOL: "_c_int00_noargs"  address: 00004011


MEMORY CONFIGURATION

         name            origin    length      used     unused   attr    fill
----------------------  --------  ---------  --------  --------  ----  --------
  MAIN                  00000000   00040000  00004b46  0003b4ba  R  X
  INFO                  00200000   00004000  00000000  00004000  R  X
  SRAM_CODE             01000000   00010000  00002d5a  0000d2a6  RW X
  SRAM_DATA             20000000   00010000  00002d5a  0000d2a6  RW  


SEGMENT ALLOCATION MAP

run origin  load origin   length   init length attrs members
----------  ----------- ---------- ----------- ----- -------
00000000    00000000    00004b48   00004b48    r-x
  00000000    00000000    000000e4   000000e4    r-- .intvecs
  000000e4    000000e4    000043d6   000043d6    r-x .text
  000044bc    000044bc    0000060c   0000060c    r-- .const
  00004ac8    00004ac8    00000080   00000080    r-- .cinit
20000000    20000000    00002b5a   00000000    rw-
  20000000    20000000    00002ad8   00000000    rw- .data
  20002ad8    20002ad8    00000082   00000000    rw- .bss
2000fe00    2000fe00    00000200   00000000    rw-
  2000fe00    2000fe00    00000200   00000000    rw- .stack


SECTION ALLOCATION MAP

 output                                  attributes/
section   page    origin      length       input sections
--------  ----  ----------  ----------   ----------------
.intvecs   0    00000000    000000e4     
                  00000000    000000e4     startup_msp432p401r_ccs.obj (.intvecs:retain)

.text      0    000000e4    000043d6     
                  000000e4    00000a4e     rtsv7M4_T_le_v4SPD16_eabi.lib : _printfi.c.obj (.text:__TI_printfi)
                  00000b32    00000002                                   : div0.asm.obj (.text)
                  00000b34    000007dc     oled.obj (.text)
                  00001310    000003f0     exinencoder.obj (.text)
                  00001700    000003cc     exinADC.obj (.text)
                  00001acc    00000334     system_msp432p401r.obj (.text)
                  00001e00    000002cc     exinisr.obj (.text)
                  000020cc    00000270     rtsv7M4_T_le_v4SPD16_eabi.lib : _printfi.c.obj (.text:_pconv_a)
                  0000233c    00000268     exingpio.obj (.text)
                  000025a4    00000240     exinsystem.obj (.text)
                  000027e4    000001d0     rtsv7M4_T_le_v4SPD16_eabi.lib : _printfi.c.obj (.text:_pconv_g)
                  000029b4    000001b6                                   : fd_add_t2.asm.obj (.text)
                  00002b6a    00000002     --HOLE-- [fill = 0]
                  00002b6c    000001b4     ADS_RCV.obj (.text)
                  00002d20    00000184     exinuart.obj (.text)
                  00002ea4    00000148     exin_pit.obj (.text)
                  00002fec    0000013c     rtsv7M4_T_le_v4SPD16_eabi.lib : _printfi.c.obj (.text:_pconv_e)
                  00003128    00000136                                   : fd_div_t2.asm.obj (.text)
                  0000325e    00000002     --HOLE-- [fill = 0]
                  00003260    00000124                                   : _printfi.c.obj (.text:fcvt)
                  00003384    00000110                                   : s_scalbn.c.obj (.text:scalbn)
                  00003494    000000fc                                   : fd_mul_t2.asm.obj (.text)
                  00003590    000000dc     msp432p4xx_driverlib.lib : pcm.o (.text:__PCM_setPowerModeAdvanced)
                  0000366c    000000b1     rtsv7M4_T_le_v4SPD16_eabi.lib : _printfi.c.obj (.text:_ltostr)
                  0000371d    00000003     --HOLE-- [fill = 0]
                  00003720    000000b0     msp432p4xx_driverlib.lib : pcm.o (.text:__PCM_setCoreVoltageLevelAdvanced)
                  000037d0    0000009c     rtsv7M4_T_le_v4SPD16_eabi.lib : memcpy_t2.asm.obj (.text)
                  0000386c    00000096                                   : ull_div_t2.asm.obj (.text)
                  00003902    00000002     --HOLE-- [fill = 0]
                  00003904    00000094     msp432p4xx_driverlib.lib : uart.o (.text:UART_initModule)
                  00003998    00000086     rtsv7M4_T_le_v4SPD16_eabi.lib : fd_cmp_t2.asm.obj (.text:__aeabi_cdcmple)
                  00003a1e    00000086                                   : fd_cmp_t2.asm.obj (.text:__aeabi_cdrcmple)
                  00003aa4    00000080     main.obj (.text)
                  00003b24    0000007a     rtsv7M4_T_le_v4SPD16_eabi.lib : memset_t2.asm.obj (.text)
                  00003b9e    0000006e                                   : _printfi.c.obj (.text:_mcpy)
                  00003c0c    00000068                                   : copy_decompress_lzss.c.obj (.text:decompress:lzss:__TI_decompress_lzss)
                  00003c74    00000064     msp432p4xx_driverlib.lib : interrupt.o (.text:Interrupt_enableInterrupt)
                  00003cd8    00000064     rtsv7M4_T_le_v4SPD16_eabi.lib : s_frexp.c.obj (.text:frexp)
                  00003d3c    00000056                                   : _printfi.c.obj (.text:_pconv_f)
                  00003d92    00000054                                   : _ltoa.c.obj (.text:__TI_ltoa)
                  00003de6    00000052                                   : _printfi.c.obj (.text:_ecpy)
                  00003e38    0000004c                                   : atoi.c.obj (.text:atoi)
                  00003e84    00000048     msp432p4xx_driverlib.lib : gpio.o (.text:GPIO_setAsPeripheralModuleFunctionInputPin)
                  00003ecc    00000048     rtsv7M4_T_le_v4SPD16_eabi.lib : fd_toi_t2.asm.obj (.text)
                  00003f14    00000044                                   : autoinit.c.obj (.text:__TI_auto_init_nobinit_nopinit:__TI_auto_init_nobinit_nopinit)
                  00003f58    00000040                                   : sprintf.c.obj (.text:sprintf)
                  00003f98    0000003e                                   : _printfi.c.obj (.text:_fcpy)
                  00003fd6    00000038                                   : fs_tod_t2.asm.obj (.text)
                  0000400e    00000002     --HOLE-- [fill = 0]
                  00004010    00000034                                   : boot_cortex_m.c.obj (.text:_c_int00_noargs:_c_int00_noargs)
                  00004044    00000030     msp432p4xx_driverlib.lib : gpio.o (.text:GPIO_getEnabledInterruptStatus)
                  00004074    00000030                              : gpio.o (.text:GPIO_setAsInputPinWithPullUpResistor)
                  000040a4    00000030                              : uart.o (.text:UART_getEnabledInterruptStatus)
                  000040d4    0000002e     rtsv7M4_T_le_v4SPD16_eabi.lib : i_tofd_t2.asm.obj (.text)
                  00004102    00000002     --HOLE-- [fill = 0]
                  00004104    0000002c     msp432p4xx_driverlib.lib : gpio.o (.text:GPIO_setAsInputPin)
                  00004130    0000002c                              : pcm.o (.text:PCM_getCoreVoltageLevel)
                  0000415c    0000002a                              : pcm.o (.text:PCM_getPowerMode)
                  00004186    00000002     --HOLE-- [fill = 0]
                  00004188    00000028                              : flash.o (.text:FlashCtl_setWaitState)
                  000041b0    00000024                              : cs.o (.text:CS_setDCOCenteredFrequency)
                  000041d4    00000024                              : gpio.o (.text:GPIO_setAsOutputPin)
                  000041f8    00000024                              : interrupt.o (.text:Interrupt_setPriority)
                  0000421c    00000024                              : uart.o (.text:UART_disableInterrupt)
                  00004240    00000024                              : uart.o (.text:UART_receiveData)
                  00004264    00000024                              : uart.o (.text:UART_transmitData)
                  00004288    00000020     rtsv7M4_T_le_v4SPD16_eabi.lib : u_tofd_t2.asm.obj (.text)
                  000042a8    0000001c                                   : copy_zero_init.c.obj (.text:decompress:ZI:__TI_zero_init_nomemset:__TI_zero_init_nomemset)
                  000042c4    0000001c                                   : memccpy.c.obj (.text:memccpy)
                  000042e0    0000001a                                   : s_copysign.c.obj (.text:copysign)
                  000042fa    00000002     --HOLE-- [fill = 0]
                  000042fc    00000018     msp432p4xx_driverlib.lib : gpio.o (.text:GPIO_clearInterruptFlag)
                  00004314    00000018                              : gpio.o (.text:GPIO_getInputPinValue)
                  0000432c    00000018                              : gpio.o (.text:GPIO_setOutputLowOnPin)
                  00004344    00000018                              : wdt_a.o (.text:WDT_A_holdTimer)
                  0000435c    00000018     rtsv7M4_T_le_v4SPD16_eabi.lib : sprintf.c.obj (.text:_outs)
                  00004374    00000016     msp432p4xx_driverlib.lib : uart.o (.text:UART_enableInterrupt)
                  0000438a    00000016     rtsv7M4_T_le_v4SPD16_eabi.lib : strchr.c.obj (.text:strchr)
                  000043a0    00000014     msp432p4xx_driverlib.lib : gpio.o (.text:GPIO_enableInterrupt)
                  000043b4    00000014                              : gpio.o (.text:GPIO_setOutputHighOnPin)
                  000043c8    00000014                              : gpio.o (.text:GPIO_toggleOutputOnPin)
                  000043dc    00000014                              : sysctl.o (.text:SysCtl_enableSRAMBankRetention)
                  000043f0    00000014     rtsv7M4_T_le_v4SPD16_eabi.lib : strlen.c.obj (.text:strlen)
                  00004404    00000012                                   : wcslen.c.obj (.text:wcslen)
                  00004416    00000002     --HOLE-- [fill = 0]
                  00004418    00000010     msp432p4xx_driverlib.lib : gpio.o (.text:GPIO_getInterruptStatus)
                  00004428    00000010                              : interrupt.o (.text:Interrupt_enableMaster)
                  00004438    0000000e                              : uart.o (.text:UART_clearInterruptFlag)
                  00004446    0000000e     rtsv7M4_T_le_v4SPD16_eabi.lib : copy_decompress_none.c.obj (.text:decompress:none:__TI_decompress_none)
                  00004454    0000000e     startup_msp432p401r_ccs.obj (.text)
                  00004462    0000000c     msp432p4xx_driverlib.lib : cpu.o (.text:CPU_cpsie)
                  0000446e    00000002     --HOLE-- [fill = 0]
                  00004470    0000000c                              : pcm.o (.text:PCM_getPowerState)
                  0000447c    0000000c                              : uart.o (.text:UART_enableModule)
                  00004488    0000000a     rtsv7M4_T_le_v4SPD16_eabi.lib : sprintf.c.obj (.text:_outc)
                  00004492    00000008     msp432p4xx_driverlib.lib : pcm.o (.text:PCM_setCoreVoltageLevel)
                  0000449a    00000008                              : pcm.o (.text:PCM_setPowerMode)
                  000044a2    00000002     --HOLE-- [fill = 0]
                  000044a4    00000008     rtsv7M4_T_le_v4SPD16_eabi.lib : errno.c.obj (.text:__aeabi_errno_addr)
                  000044ac    00000006     msp432p4xx_driverlib.lib : uart.o (.text:UART_getInterruptStatus)
                  000044b2    00000004     rtsv7M4_T_le_v4SPD16_eabi.lib : pre_init.c.obj (.text:_system_pre_init)
                  000044b6    00000004                                   : exit.c.obj (.text:abort:abort)

.const     0    000044bc    0000060c     
                  000044bc    00000228     oled.obj (.const:F6x8)
                  000046e4    000001c0     oled.obj (.const:Hzk)
                  000048a4    00000101     rtsv7M4_T_le_v4SPD16_eabi.lib : ctype.c.obj (.const:.string:_ctypes_)
                  000049a5    00000003     --HOLE-- [fill = 0]
                  000049a8    00000050     msp432p4xx_driverlib.lib : interrupt.o (.const:g_pulRegs)
                  000049f8    00000040                              : interrupt.o (.const)
                  00004a38    00000024     exinuart.obj (.const:UART0)
                  00004a5c    00000024     exinuart.obj (.const:UART2)
                  00004a80    00000024     exinuart.obj (.const:UART3)
                  00004aa4    00000024     ADS_RCV.obj (.const:UART3_SET)

.cinit     0    00004ac8    00000080     
                  00004ac8    00000056     (.cinit..data.load) [load image, compression = lzss]
                  00004b1e    00000002     --HOLE-- [fill = 0]
                  00004b20    0000000c     (__TI_handler_table)
                  00004b2c    00000004     --HOLE-- [fill = 0]
                  00004b30    00000008     (.cinit..bss.load) [load image, compression = zero_init]
                  00004b38    00000010     (__TI_cinit_table)

.init_array 
*          0    00000000    00000000     UNINITIALIZED

.binit     0    00000000    00000000     

.data      0    20000000    00002ad8     UNINITIALIZED
                  20000000    00002000     oled.obj (.data:screen_buf)
                  20002000    00000400     oled.obj (.data:bmp2)
                  20002400    00000400     oled.obj (.data:bmp)
                  20002800    00000200     Oscill_OLED.obj (.data:Oscill_data_buff)
                  20002a00    00000030     msp432p4xx_driverlib.lib : gpio.o (.data:GPIO_PORT_TO_BASE)
                  20002a30    00000028     exinencoder.obj (.data:timerAcaptureValues)
                  20002a58    00000020     exinadjust.obj (.data)
                  20002a78    0000001c     exinADC.obj (.data)
                  20002a94    0000000a     ADS_RCV.obj (.data:ADS_RCV_DATA)
                  20002a9e    0000000a     main.obj (.data:sindata)
                  20002aa8    00000008     ADS_RCV.obj (.data)
                  20002ab0    00000008     exinencoder.obj (.data)
                  20002ab8    00000008     exinsystem.obj (.data)
                  20002ac0    00000008     oled.obj (.data:tmp$2)
                  20002ac8    00000005     main.obj (.data:buf)
                  20002acd    00000003     exinuart.obj (.data)
                  20002ad0    00000004     rtsv7M4_T_le_v4SPD16_eabi.lib : errno.c.obj (.data)
                  20002ad4    00000004     system_msp432p401r.obj (.data)

.bss       0    20002ad8    00000082     UNINITIALIZED
                  20002ad8    00000018     (.common:oscill1)
                  20002af0    00000010     (.common:A0results)
                  20002b00    00000010     (.common:A1results)
                  20002b10    00000010     (.common:A2results)
                  20002b20    00000010     (.common:A3results)
                  20002b30    00000008     (.common:encoder_A)
                  20002b38    00000008     (.common:encoder_B)
                  20002b40    00000008     (.common:encoder_C)
                  20002b48    00000008     (.common:encoder_D)
                  20002b50    00000004     exinsystem.obj (.bss)
                  20002b54    00000004     (.common:ad_get)
                  20002b58    00000001     exinADC.obj (.bss)
                  20002b59    00000001     oled.obj (.bss)

.stack     0    2000fe00    00000200     UNINITIALIZED
                  2000fe00    00000004     rtsv7M4_T_le_v4SPD16_eabi.lib : boot_cortex_m.c.obj (.stack)
                  2000fe04    000001fc     --HOLE--

__llvm_prf_cnts 
*          0    20000000    00000000     UNINITIALIZED

MODULE SUMMARY

       Module                        code    ro data   rw data
       ------                        ----    -------   -------
    .\
       system_msp432p401r.obj        820     0         8      
       startup_msp432p401r_ccs.obj   14      228       0      
       main.obj                      128     0         30     
    +--+-----------------------------+-------+---------+---------+
       Total:                        962     228       38     
                                                              
    .\exinlibs\
       oled.obj                      2012    1000      20498  
       exinencoder.obj               1008    0         160    
       exinADC.obj                   972     0         194    
       Oscill_OLED.obj               0       0         1072   
       exinisr.obj                   716     0         0      
       exingpio.obj                  616     0         0      
       exinsystem.obj                576     0         24     
       ADS_RCV.obj                   436     36        36     
       exinuart.obj                  388     108       6      
       exin_pit.obj                  328     0         0      
       exinadjust.obj                0       0         64     
    +--+-----------------------------+-------+---------+---------+
       Total:                        7052    1144      22054  
                                                              
    C:/ti/msp/MSP432Ware_3_40_00_25/driverlib/driverlib/MSP432P4xx/ccs/msp432p4xx_driverlib.lib
       pcm.o                         510     0         0      
       gpio.o                        396     0         96     
       uart.o                        358     0         0      
       interrupt.o                   152     144       0      
       flash.o                       40      0         0      
       cs.o                          36      0         0      
       wdt_a.o                       24      0         0      
       sysctl.o                      20      0         0      
       cpu.o                         12      0         0      
    +--+-----------------------------+-------+---------+---------+
       Total:                        1548    144       96     
                                                              
    D:\CCS\ccs\tools\compiler\ti-cgt-arm_20.2.1.LTS\lib\rtsv7M4_T_le_v4SPD16_eabi.lib
       _printfi.c.obj                4851    0         0      
       fd_add_t2.asm.obj             438     0         0      
       fd_div_t2.asm.obj             310     0         0      
       s_scalbn.c.obj                272     0         0      
       fd_cmp_t2.asm.obj             268     0         0      
       ctype.c.obj                   0       257       0      
       fd_mul_t2.asm.obj             252     0         0      
       memcpy_t2.asm.obj             156     0         0      
       ull_div_t2.asm.obj            150     0         0      
       memset_t2.asm.obj             122     0         0      
       copy_decompress_lzss.c.obj    104     0         0      
       s_frexp.c.obj                 100     0         0      
       sprintf.c.obj                 98      0         0      
       _ltoa.c.obj                   84      0         0      
       atoi.c.obj                    76      0         0      
       fd_toi_t2.asm.obj             72      0         0      
       autoinit.c.obj                68      0         0      
       fs_tod_t2.asm.obj             56      0         0      
       boot_cortex_m.c.obj           52      0         0      
       i_tofd_t2.asm.obj             46      0         0      
       u_tofd_t2.asm.obj             32      0         0      
       copy_zero_init.c.obj          28      0         0      
       memccpy.c.obj                 28      0         0      
       s_copysign.c.obj              26      0         0      
       strchr.c.obj                  22      0         0      
       strlen.c.obj                  20      0         0      
       wcslen.c.obj                  18      0         0      
       errno.c.obj                   8       0         8      
       copy_decompress_none.c.obj    14      0         0      
       exit.c.obj                    4       0         0      
       pre_init.c.obj                4       0         0      
       div0.asm.obj                  2       0         0      
    +--+-----------------------------+-------+---------+---------+
       Total:                        7781    257       8      
                                                              
       Stack:                        0       0         1024   
       Linker Generated:             0       122       0      
    +--+-----------------------------+-------+---------+---------+
       Grand Total:                  17343   1895      23220  


LINKER GENERATED COPY TABLES

__TI_cinit_table @ 00004b38 records: 2, size/record: 8, table size: 16
	.data: load addr=00004ac8, load size=00000056 bytes, run addr=20000000, run size=00002ad8 bytes, compression=lzss
	.bss: load addr=00004b30, load size=00000008 bytes, run addr=20002ad8, run size=00000082 bytes, compression=zero_init


LINKER GENERATED HANDLER TABLE

__TI_handler_table @ 00004b20 records: 3, size/record: 4, table size: 12
	index: 0, handler: __TI_decompress_lzss
	index: 1, handler: __TI_decompress_none
	index: 2, handler: __TI_zero_init


GLOBAL SYMBOLS: SORTED ALPHABETICALLY BY Name 

address   name                                      
-------   ----                                      
20002af0  A0results                                 
20002b00  A1results                                 
20002b10  A2results                                 
20002b20  A3results                                 
000017f1  ADC14_IRQHandler                          
000017f1  ADC14_IRQHandler                          
20002a7c  ADC_CA                                    
20002a80  ADC_CB                                    
20002a84  ADC_CC                                    
20002a88  ADC_CD                                    
00001701  ADC_INIT                                  
000019b3  ADC_TEST                                  
0000179d  ADC_mean_filter                           
20002a90  ADC_receive_count                         
00002c45  ADS_Get                                   
20002a94  ADS_RCV_DATA                              
20002aa9  ADS_RCV_FLAG                              
00002c87  ADS_RCV_GetData32                         
00002b6d  ADS_RCV_Init                              
20002aaa  ADS_RCV_STATE                             
00004461  AES256_IRQHandler                         
20002a76  A_flag                                    
20002a77  B_flag                                    
00004461  BusFault_Handler                          
000044b7  C$$EXIT                                   
00004461  COMP_E0_IRQHandler                        
00004461  COMP_E1_IRQHandler                        
00004463  CPU_cpsie                                 
00004461  CS_IRQHandler                             
000041b1  CS_setDCOCenteredFrequency                
00004461  DMA_ERR_IRQHandler                        
00004461  DMA_INT0_IRQHandler                       
00004461  DMA_INT1_IRQHandler                       
00004461  DMA_INT2_IRQHandler                       
00004461  DMA_INT3_IRQHandler                       
00004461  DebugMon_Handler                          
00004461  Default_Handler                           
00001665  ENCODER_TEST                              
00002e39  EUSCIA0_IRQHandler                        
00002e39  EUSCIA0_IRQHandler                        
00004461  EUSCIA1_IRQHandler                        
00002e67  EUSCIA2_IRQHandler                        
00002e67  EUSCIA2_IRQHandler                        
00002bb5  EUSCIA3_IRQHandler                        
00002bb5  EUSCIA3_IRQHandler                        
00004461  EUSCIB0_IRQHandler                        
00004461  EUSCIB1_IRQHandler                        
00004461  EUSCIB2_IRQHandler                        
00004461  EUSCIB3_IRQHandler                        
00001535  Encoder_clr                               
000044bc  F6x8                                      
00004461  FLCTL_IRQHandler                          
00004461  FPU_IRQHandler                            
00004189  FlashCtl_setWaitState                     
00001761  GET_ADC_VALUE                             
000014f9  GET_encoder_dir                           
000014bd  GET_encoder_num                           
000042fd  GPIO_clearInterruptFlag                   
000043a1  GPIO_enableInterrupt                      
00004045  GPIO_getEnabledInterruptStatus            
00004315  GPIO_getInputPinValue                     
00004419  GPIO_getInterruptStatus                   
00004105  GPIO_setAsInputPin                        
00004075  GPIO_setAsInputPinWithPullUpResistor      
000041d5  GPIO_setAsOutputPin                       
00003e85  GPIO_setAsPeripheralModuleFunctionInputPin
000043b5  GPIO_setOutputHighOnPin                   
0000432d  GPIO_setOutputLowOnPin                    
000043c9  GPIO_toggleOutputOnPin                    
00004461  HardFault_Handler                         
000046e4  Hzk                                       
20002a74  IRQ3_5flag                                
20002a75  IRQ4_6flag                                
00003c75  Interrupt_enableInterrupt                 
00004429  Interrupt_enableMaster                    
000041f9  Interrupt_setPriority                     
00004461  MemManage_Handler                         
00004461  NMI_Handler                               
00000dbf  OLED_Clear                                
00000da3  OLED_Display_Off                          
00000d87  OLED_Display_On                           
0000110d  OLED_DrawBMP                              
000011bd  OLED_Init                                 
00000b35  OLED_PutPixel                             
00000d4b  OLED_Set_Pos                              
00001057  OLED_ShowCHinese                          
00000e2d  OLED_ShowChar                             
00000ef1  OLED_ShowNum                              
00000ff5  OLED_ShowString                           
00000fc5  OLED_Showfloat                            
00000cbb  OLED_WR_Byte                              
00000ba5  OLED_pos_clr                              
000015d5  OLED_show                                 
0000195d  OLED_showADC                              
20002800  Oscill_data_buff                          
00003aa5  Oscill_send                               
00004461  PCM_IRQHandler                            
00004131  PCM_getCoreVoltageLevel                   
0000415d  PCM_getPowerMode                          
00004471  PCM_getPowerState                         
00004493  PCM_setCoreVoltageLevel                   
0000449b  PCM_setPowerMode                          
00002ea5  PIT_init                                  
00001e01  PORT1_IRQHandler                          
00001e01  PORT1_IRQHandler                          
00001e3f  PORT2_IRQHandler                          
00001e3f  PORT2_IRQHandler                          
00001ea5  PORT3_IRQHandler                          
00001ea5  PORT3_IRQHandler                          
00001efd  PORT4_IRQHandler                          
00001efd  PORT4_IRQHandler                          
00001f7d  PORT5_IRQHandler                          
00001f7d  PORT5_IRQHandler                          
00001fe3  PORT6_IRQHandler                          
00001fe3  PORT6_IRQHandler                          
00004461  PSS_IRQHandler                            
00004461  PendSV_Handler                            
00004461  RTC_C_IRQHandler                          
20002aa8  R_FLAG                                    
00004455  Reset_Handler                             
00004461  SVC_Handler                               
000043dd  SysCtl_enableSRAMBankRetention            
0000274d  SysTick_Handler                           
0000274d  SysTick_Handler                           
20002ad4  SystemCoreClock                           
00001acd  SystemCoreClockUpdate                     
00001d45  SystemInit                                
00004461  T32_INT1_IRQHandler                       
00004461  T32_INT2_IRQHandler                       
00004461  T32_INTC_IRQHandler                       
0000204f  TA0_0_IRQHandler                          
0000204f  TA0_0_IRQHandler                          
00001579  TA0_N_IRQHandler                          
00001579  TA0_N_IRQHandler                          
0000205b  TA1_0_IRQHandler                          
0000205b  TA1_0_IRQHandler                          
00004461  TA1_N_IRQHandler                          
00002067  TA2_0_IRQHandler                          
00002067  TA2_0_IRQHandler                          
00004461  TA2_N_IRQHandler                          
00002073  TA3_0_IRQHandler                          
00002073  TA3_0_IRQHandler                          
00004461  TA3_N_IRQHandler                          
00004a38  UART0                                     
20002acf  UART0_RXDat                               
00002d21  UART0_init                                
00004a5c  UART2                                     
20002ace  UART2_RXDat                               
00002d69  UART2_init                                
00004a80  UART3                                     
20002acd  UART3_RXDat                               
00004aa4  UART3_SET                                 
00002db1  UART3_init                                
00004439  UART_clearInterruptFlag                   
0000421d  UART_disableInterrupt                     
00004375  UART_enableInterrupt                      
0000447d  UART_enableModule                         
000040a5  UART_getEnabledInterruptStatus            
000044ad  UART_getInterruptStatus                   
00003905  UART_initModule                           
00004241  UART_receiveData                          
00002e29  UART_send_Num                             
00002df9  UART_send_string                          
00004265  UART_transmitData                         
00004461  UsageFault_Handler                        
4000480c  WDTCTL_SYM                                
00004461  WDT_A_IRQHandler                          
00004345  WDT_A_holdTimer                           
20010000  __STACK_END                               
00000200  __STACK_SIZE                              
00004b38  __TI_CINIT_Base                           
00004b48  __TI_CINIT_Limit                          
00004b20  __TI_Handler_Table_Base                   
00004b2c  __TI_Handler_Table_Limit                  
00003f15  __TI_auto_init_nobinit_nopinit            
00003c0d  __TI_decompress_lzss                      
00004447  __TI_decompress_none                      
00003d93  __TI_ltoa                                 
ffffffff  __TI_pprof_out_hndl                       
000000e5  __TI_printfi                              
ffffffff  __TI_prof_data_size                       
ffffffff  __TI_prof_data_start                      
00000000  __TI_static_base__                        
000042a9  __TI_zero_init_nomemset                   
00003999  __aeabi_cdcmpeq                           
00003999  __aeabi_cdcmple                           
00003a1f  __aeabi_cdrcmple                          
00003ecd  __aeabi_d2iz                              
000029bf  __aeabi_dadd                              
00003129  __aeabi_ddiv                              
00003495  __aeabi_dmul                              
000029b5  __aeabi_dsub                              
000044a5  __aeabi_errno_addr                        
00003fd7  __aeabi_f2d                               
000040d5  __aeabi_i2d                               
00000b33  __aeabi_idiv0                             
00000b33  __aeabi_ldiv0                             
00003b25  __aeabi_memclr                            
00003b25  __aeabi_memclr4                           
00003b25  __aeabi_memclr8                           
000037d1  __aeabi_memcpy                            
000037d1  __aeabi_memcpy4                           
000037d1  __aeabi_memcpy8                           
00003b27  __aeabi_memset                            
00003b27  __aeabi_memset4                           
00003b27  __aeabi_memset8                           
00004289  __aeabi_ui2d                              
0000386d  __aeabi_uldivmod                          
ffffffff  __binit__                                 
ffffffff  __c_args__                                
UNDEFED   __mpu_init                                
2000fe00  __stack                                   
20000000  __start___llvm_prf_cnts                   
20000000  __stop___llvm_prf_cnts                    
00004011  _c_int00_noargs                           
000048a4  _ctypes_                                  
UNDEFED   _system_post_cinit                        
000044b3  _system_pre_init                          
000044b7  abort                                     
20002b54  ad_get                                    
00003e39  atoi                                      
ffffffff  binit                                     
20002400  bmp                                       
20002000  bmp2                                      
20002ac8  buf                                       
000042e1  copysign                                  
000042e1  copysignl                                 
20002a68  count                                     
20002a5c  count_max                                 
20002a58  dirf                                      
20002b30  encoder_A                                 
20002b38  encoder_B                                 
20002b40  encoder_C                                 
20002b48  encoder_D                                 
00001311  encoder_IncTypeDef_init                   
0000136d  encoder_dirpin_init                       
00001415  encoder_init                              
000013c5  encoder_interrupt_init                    
20002ad0  errno                                     
000025a5  error                                     
00003cd9  frexp                                     
00003cd9  frexpl                                    
000024f3  gpio_INT_EN                               
000023e1  gpio_edg_sel                              
000023a1  gpio_get                                  
0000233d  gpio_init                                 
00002547  gpio_interrupt_INIT                       
000023b1  gpio_set                                  
000023d1  gpio_toggle                               
20002a8c  ii                                        
00000000  interruptVectors                          
00003385  ldexp                                     
00003385  ldexpl                                    
00003ad5  main                                      
000042c5  memccpy                                   
000037d1  memcpy                                    
00003b2d  memset                                    
00000eb7  oled_pow                                  
00000bd9  oled_update                               
20002ad8  oscill1                                   
20002a60  page_count                                
20002a78  receive_success                           
00003385  scalbn                                    
00003385  scalbnl                                   
20000000  screen_buf                                
000025cd  set_DCO_48MH                              
0000266d  set_clock_period                          
20002a9e  sindata                                   
00003f59  sprintf                                   
20002a64  start_flag                                
0000438b  strchr                                    
000043f1  strlen                                    
20002ab8  sysc                                      
0000272d  system_init                               
0000271f  systic_clr                                
00002775  systic_delayms                            
00002757  systic_delayus                            
000026b1  systic_end                                
00002677  systic_init                               
000026bf  systic_read                               
0000269b  systic_start                              
20002abc  systim                                    
20002a6c  testA                                     
20002a70  testB                                     
20002ab4  time_counter                              
20002ab0  timerAcapturePointer                      
20002a30  timerAcaptureValues                       
00004405  wcslen                                    


GLOBAL SYMBOLS: SORTED BY Symbol Address 

address   name                                      
-------   ----                                      
00000000  __TI_static_base__                        
00000000  interruptVectors                          
000000e5  __TI_printfi                              
00000200  __STACK_SIZE                              
00000b33  __aeabi_idiv0                             
00000b33  __aeabi_ldiv0                             
00000b35  OLED_PutPixel                             
00000ba5  OLED_pos_clr                              
00000bd9  oled_update                               
00000cbb  OLED_WR_Byte                              
00000d4b  OLED_Set_Pos                              
00000d87  OLED_Display_On                           
00000da3  OLED_Display_Off                          
00000dbf  OLED_Clear                                
00000e2d  OLED_ShowChar                             
00000eb7  oled_pow                                  
00000ef1  OLED_ShowNum                              
00000fc5  OLED_Showfloat                            
00000ff5  OLED_ShowString                           
00001057  OLED_ShowCHinese                          
0000110d  OLED_DrawBMP                              
000011bd  OLED_Init                                 
00001311  encoder_IncTypeDef_init                   
0000136d  encoder_dirpin_init                       
000013c5  encoder_interrupt_init                    
00001415  encoder_init                              
000014bd  GET_encoder_num                           
000014f9  GET_encoder_dir                           
00001535  Encoder_clr                               
00001579  TA0_N_IRQHandler                          
00001579  TA0_N_IRQHandler                          
000015d5  OLED_show                                 
00001665  ENCODER_TEST                              
00001701  ADC_INIT                                  
00001761  GET_ADC_VALUE                             
0000179d  ADC_mean_filter                           
000017f1  ADC14_IRQHandler                          
000017f1  ADC14_IRQHandler                          
0000195d  OLED_showADC                              
000019b3  ADC_TEST                                  
00001acd  SystemCoreClockUpdate                     
00001d45  SystemInit                                
00001e01  PORT1_IRQHandler                          
00001e01  PORT1_IRQHandler                          
00001e3f  PORT2_IRQHandler                          
00001e3f  PORT2_IRQHandler                          
00001ea5  PORT3_IRQHandler                          
00001ea5  PORT3_IRQHandler                          
00001efd  PORT4_IRQHandler                          
00001efd  PORT4_IRQHandler                          
00001f7d  PORT5_IRQHandler                          
00001f7d  PORT5_IRQHandler                          
00001fe3  PORT6_IRQHandler                          
00001fe3  PORT6_IRQHandler                          
0000204f  TA0_0_IRQHandler                          
0000204f  TA0_0_IRQHandler                          
0000205b  TA1_0_IRQHandler                          
0000205b  TA1_0_IRQHandler                          
00002067  TA2_0_IRQHandler                          
00002067  TA2_0_IRQHandler                          
00002073  TA3_0_IRQHandler                          
00002073  TA3_0_IRQHandler                          
0000233d  gpio_init                                 
000023a1  gpio_get                                  
000023b1  gpio_set                                  
000023d1  gpio_toggle                               
000023e1  gpio_edg_sel                              
000024f3  gpio_INT_EN                               
00002547  gpio_interrupt_INIT                       
000025a5  error                                     
000025cd  set_DCO_48MH                              
0000266d  set_clock_period                          
00002677  systic_init                               
0000269b  systic_start                              
000026b1  systic_end                                
000026bf  systic_read                               
0000271f  systic_clr                                
0000272d  system_init                               
0000274d  SysTick_Handler                           
0000274d  SysTick_Handler                           
00002757  systic_delayus                            
00002775  systic_delayms                            
000029b5  __aeabi_dsub                              
000029bf  __aeabi_dadd                              
00002b6d  ADS_RCV_Init                              
00002bb5  EUSCIA3_IRQHandler                        
00002bb5  EUSCIA3_IRQHandler                        
00002c45  ADS_Get                                   
00002c87  ADS_RCV_GetData32                         
00002d21  UART0_init                                
00002d69  UART2_init                                
00002db1  UART3_init                                
00002df9  UART_send_string                          
00002e29  UART_send_Num                             
00002e39  EUSCIA0_IRQHandler                        
00002e39  EUSCIA0_IRQHandler                        
00002e67  EUSCIA2_IRQHandler                        
00002e67  EUSCIA2_IRQHandler                        
00002ea5  PIT_init                                  
00003129  __aeabi_ddiv                              
00003385  ldexp                                     
00003385  ldexpl                                    
00003385  scalbn                                    
00003385  scalbnl                                   
00003495  __aeabi_dmul                              
000037d1  __aeabi_memcpy                            
000037d1  __aeabi_memcpy4                           
000037d1  __aeabi_memcpy8                           
000037d1  memcpy                                    
0000386d  __aeabi_uldivmod                          
00003905  UART_initModule                           
00003999  __aeabi_cdcmpeq                           
00003999  __aeabi_cdcmple                           
00003a1f  __aeabi_cdrcmple                          
00003aa5  Oscill_send                               
00003ad5  main                                      
00003b25  __aeabi_memclr                            
00003b25  __aeabi_memclr4                           
00003b25  __aeabi_memclr8                           
00003b27  __aeabi_memset                            
00003b27  __aeabi_memset4                           
00003b27  __aeabi_memset8                           
00003b2d  memset                                    
00003c0d  __TI_decompress_lzss                      
00003c75  Interrupt_enableInterrupt                 
00003cd9  frexp                                     
00003cd9  frexpl                                    
00003d93  __TI_ltoa                                 
00003e39  atoi                                      
00003e85  GPIO_setAsPeripheralModuleFunctionInputPin
00003ecd  __aeabi_d2iz                              
00003f15  __TI_auto_init_nobinit_nopinit            
00003f59  sprintf                                   
00003fd7  __aeabi_f2d                               
00004011  _c_int00_noargs                           
00004045  GPIO_getEnabledInterruptStatus            
00004075  GPIO_setAsInputPinWithPullUpResistor      
000040a5  UART_getEnabledInterruptStatus            
000040d5  __aeabi_i2d                               
00004105  GPIO_setAsInputPin                        
00004131  PCM_getCoreVoltageLevel                   
0000415d  PCM_getPowerMode                          
00004189  FlashCtl_setWaitState                     
000041b1  CS_setDCOCenteredFrequency                
000041d5  GPIO_setAsOutputPin                       
000041f9  Interrupt_setPriority                     
0000421d  UART_disableInterrupt                     
00004241  UART_receiveData                          
00004265  UART_transmitData                         
00004289  __aeabi_ui2d                              
000042a9  __TI_zero_init_nomemset                   
000042c5  memccpy                                   
000042e1  copysign                                  
000042e1  copysignl                                 
000042fd  GPIO_clearInterruptFlag                   
00004315  GPIO_getInputPinValue                     
0000432d  GPIO_setOutputLowOnPin                    
00004345  WDT_A_holdTimer                           
00004375  UART_enableInterrupt                      
0000438b  strchr                                    
000043a1  GPIO_enableInterrupt                      
000043b5  GPIO_setOutputHighOnPin                   
000043c9  GPIO_toggleOutputOnPin                    
000043dd  SysCtl_enableSRAMBankRetention            
000043f1  strlen                                    
00004405  wcslen                                    
00004419  GPIO_getInterruptStatus                   
00004429  Interrupt_enableMaster                    
00004439  UART_clearInterruptFlag                   
00004447  __TI_decompress_none                      
00004455  Reset_Handler                             
00004461  AES256_IRQHandler                         
00004461  BusFault_Handler                          
00004461  COMP_E0_IRQHandler                        
00004461  COMP_E1_IRQHandler                        
00004461  CS_IRQHandler                             
00004461  DMA_ERR_IRQHandler                        
00004461  DMA_INT0_IRQHandler                       
00004461  DMA_INT1_IRQHandler                       
00004461  DMA_INT2_IRQHandler                       
00004461  DMA_INT3_IRQHandler                       
00004461  DebugMon_Handler                          
00004461  Default_Handler                           
00004461  EUSCIA1_IRQHandler                        
00004461  EUSCIB0_IRQHandler                        
00004461  EUSCIB1_IRQHandler                        
00004461  EUSCIB2_IRQHandler                        
00004461  EUSCIB3_IRQHandler                        
00004461  FLCTL_IRQHandler                          
00004461  FPU_IRQHandler                            
00004461  HardFault_Handler                         
00004461  MemManage_Handler                         
00004461  NMI_Handler                               
00004461  PCM_IRQHandler                            
00004461  PSS_IRQHandler                            
00004461  PendSV_Handler                            
00004461  RTC_C_IRQHandler                          
00004461  SVC_Handler                               
00004461  T32_INT1_IRQHandler                       
00004461  T32_INT2_IRQHandler                       
00004461  T32_INTC_IRQHandler                       
00004461  TA1_N_IRQHandler                          
00004461  TA2_N_IRQHandler                          
00004461  TA3_N_IRQHandler                          
00004461  UsageFault_Handler                        
00004461  WDT_A_IRQHandler                          
00004463  CPU_cpsie                                 
00004471  PCM_getPowerState                         
0000447d  UART_enableModule                         
00004493  PCM_setCoreVoltageLevel                   
0000449b  PCM_setPowerMode                          
000044a5  __aeabi_errno_addr                        
000044ad  UART_getInterruptStatus                   
000044b3  _system_pre_init                          
000044b7  C$$EXIT                                   
000044b7  abort                                     
000044bc  F6x8                                      
000046e4  Hzk                                       
000048a4  _ctypes_                                  
00004a38  UART0                                     
00004a5c  UART2                                     
00004a80  UART3                                     
00004aa4  UART3_SET                                 
00004b20  __TI_Handler_Table_Base                   
00004b2c  __TI_Handler_Table_Limit                  
00004b38  __TI_CINIT_Base                           
00004b48  __TI_CINIT_Limit                          
20000000  __start___llvm_prf_cnts                   
20000000  __stop___llvm_prf_cnts                    
20000000  screen_buf                                
20002000  bmp2                                      
20002400  bmp                                       
20002800  Oscill_data_buff                          
20002a30  timerAcaptureValues                       
20002a58  dirf                                      
20002a5c  count_max                                 
20002a60  page_count                                
20002a64  start_flag                                
20002a68  count                                     
20002a6c  testA                                     
20002a70  testB                                     
20002a74  IRQ3_5flag                                
20002a75  IRQ4_6flag                                
20002a76  A_flag                                    
20002a77  B_flag                                    
20002a78  receive_success                           
20002a7c  ADC_CA                                    
20002a80  ADC_CB                                    
20002a84  ADC_CC                                    
20002a88  ADC_CD                                    
20002a8c  ii                                        
20002a90  ADC_receive_count                         
20002a94  ADS_RCV_DATA                              
20002a9e  sindata                                   
20002aa8  R_FLAG                                    
20002aa9  ADS_RCV_FLAG                              
20002aaa  ADS_RCV_STATE                             
20002ab0  timerAcapturePointer                      
20002ab4  time_counter                              
20002ab8  sysc                                      
20002abc  systim                                    
20002ac8  buf                                       
20002acd  UART3_RXDat                               
20002ace  UART2_RXDat                               
20002acf  UART0_RXDat                               
20002ad0  errno                                     
20002ad4  SystemCoreClock                           
20002ad8  oscill1                                   
20002af0  A0results                                 
20002b00  A1results                                 
20002b10  A2results                                 
20002b20  A3results                                 
20002b30  encoder_A                                 
20002b38  encoder_B                                 
20002b40  encoder_C                                 
20002b48  encoder_D                                 
20002b54  ad_get                                    
2000fe00  __stack                                   
20010000  __STACK_END                               
4000480c  WDTCTL_SYM                                
ffffffff  __TI_pprof_out_hndl                       
ffffffff  __TI_prof_data_size                       
ffffffff  __TI_prof_data_start                      
ffffffff  __binit__                                 
ffffffff  __c_args__                                
ffffffff  binit                                     
UNDEFED   __mpu_init                                
UNDEFED   _system_post_cinit                        

[288 symbols]
