******************************************************************************
                  TI ARM Linker PC v20.2.1                     
******************************************************************************
>> Linked Sun Dec 19 10:50:09 2021

OUTPUT FILE NAME:   <19.Exin_Oscill_shanwai.out>
ENTRY POINT SYMBOL: "_c_int00_noargs"  address: 00004621


MEMORY CONFIGURATION

         name            origin    length      used     unused   attr    fill
----------------------  --------  ---------  --------  --------  ----  --------
  MAIN                  00000000   00040000  00004f2c  0003b0d4  R  X
  INFO                  00200000   00004000  00000000  00004000  R  X
  SRAM_CODE             01000000   00010000  00002d15  0000d2eb  RW X
  SRAM_DATA             20000000   00010000  00002d15  0000d2eb  RW  


SEGMENT ALLOCATION MAP

run origin  load origin   length   init length attrs members
----------  ----------- ---------- ----------- ----- -------
00000000    00000000    00004f30   00004f30    r-x
  00000000    00000000    000000e4   000000e4    r-- .intvecs
  000000e4    000000e4    00004854   00004854    r-x .text
  00004938    00004938    0000057c   0000057c    r-- .const
  00004eb8    00004eb8    00000078   00000078    r-- .cinit
20000000    20000000    00002b15   00000000    rw-
  20000000    20000000    00002aa8   00000000    rw- .data
  20002aa8    20002aa8    0000006d   00000000    rw- .bss
2000fe00    2000fe00    00000200   00000000    rw-
  2000fe00    2000fe00    00000200   00000000    rw- .stack


SECTION ALLOCATION MAP

 output                                  attributes/
section   page    origin      length       input sections
--------  ----  ----------  ----------   ----------------
.intvecs   0    00000000    000000e4     
                  00000000    000000e4     startup_msp432p401r_ccs.obj (.intvecs:retain)

.text      0    000000e4    00004854     
                  000000e4    00000a4e     rtsv7M4_T_le_v4SPD16_eabi.lib : _printfi.c.obj (.text:__TI_printfi)
                  00000b32    00000002                                   : div0.asm.obj (.text)
                  00000b34    000008f0     exinADC.obj (.text)
                  00001424    000007dc     oled.obj (.text)
                  00001c00    00000698     exinuart.obj (.text)
                  00002298    000003f0     exinencoder.obj (.text)
                  00002688    00000334     system_msp432p401r.obj (.text)
                  000029bc    000002c0     exinisr.obj (.text)
                  00002c7c    00000270     rtsv7M4_T_le_v4SPD16_eabi.lib : _printfi.c.obj (.text:_pconv_a)
                  00002eec    00000268     exingpio.obj (.text)
                  00003154    00000240     exinsystem.obj (.text)
                  00003394    000001d0     rtsv7M4_T_le_v4SPD16_eabi.lib : _printfi.c.obj (.text:_pconv_g)
                  00003564    000001b6                                   : fd_add_t2.asm.obj (.text)
                  0000371a    00000002     --HOLE-- [fill = 0]
                  0000371c    00000148     exin_pit.obj (.text)
                  00003864    0000013c     rtsv7M4_T_le_v4SPD16_eabi.lib : _printfi.c.obj (.text:_pconv_e)
                  000039a0    00000136                                   : fd_div_t2.asm.obj (.text)
                  00003ad6    00000002     --HOLE-- [fill = 0]
                  00003ad8    00000124                                   : _printfi.c.obj (.text:fcvt)
                  00003bfc    00000110                                   : s_scalbn.c.obj (.text:scalbn)
                  00003d0c    000000fc                                   : fd_mul_t2.asm.obj (.text)
                  00003e08    000000b1                                   : _printfi.c.obj (.text:_ltostr)
                  00003eb9    00000001     --HOLE-- [fill = 0]
                  00003eba    0000009c                                   : memcpy_t2.asm.obj (.text)
                  00003f56    00000096                                   : ull_div_t2.asm.obj (.text)
                  00003fec    00000086                                   : fd_cmp_t2.asm.obj (.text:__aeabi_cdcmple)
                  00004072    00000086                                   : fd_cmp_t2.asm.obj (.text:__aeabi_cdrcmple)
                  000040f8    00000084     main.obj (.text)
                  0000417c    0000007a     rtsv7M4_T_le_v4SPD16_eabi.lib : memset_t2.asm.obj (.text)
                  000041f6    0000006e                                   : _printfi.c.obj (.text:_mcpy)
                  00004264    00000068                                   : copy_decompress_lzss.c.obj (.text:decompress:lzss:__TI_decompress_lzss)
                  000042cc    00000064     msp432p4xx_driverlib.lib : interrupt.o (.text:Interrupt_enableInterrupt)
                  00004330    00000064     rtsv7M4_T_le_v4SPD16_eabi.lib : s_frexp.c.obj (.text:frexp)
                  00004394    00000056                                   : _printfi.c.obj (.text:_pconv_f)
                  000043ea    00000054                                   : _ltoa.c.obj (.text:__TI_ltoa)
                  0000443e    00000052                                   : _printfi.c.obj (.text:_ecpy)
                  00004490    0000004c                                   : atoi.c.obj (.text:atoi)
                  000044dc    00000048                                   : fd_toi_t2.asm.obj (.text)
                  00004524    00000044                                   : autoinit.c.obj (.text:__TI_auto_init_nobinit_nopinit:__TI_auto_init_nobinit_nopinit)
                  00004568    00000040                                   : sprintf.c.obj (.text:sprintf)
                  000045a8    0000003e                                   : _printfi.c.obj (.text:_fcpy)
                  000045e6    00000038                                   : fs_tod_t2.asm.obj (.text)
                  0000461e    00000002     --HOLE-- [fill = 0]
                  00004620    00000034                                   : boot_cortex_m.c.obj (.text:_c_int00_noargs:_c_int00_noargs)
                  00004654    00000030     msp432p4xx_driverlib.lib : gpio.o (.text:GPIO_getEnabledInterruptStatus)
                  00004684    00000030                              : gpio.o (.text:GPIO_setAsInputPinWithPullUpResistor)
                  000046b4    0000002e     rtsv7M4_T_le_v4SPD16_eabi.lib : i_tofd_t2.asm.obj (.text)
                  000046e2    00000002     --HOLE-- [fill = 0]
                  000046e4    0000002c     msp432p4xx_driverlib.lib : gpio.o (.text:GPIO_setAsInputPin)
                  00004710    00000024                              : gpio.o (.text:GPIO_setAsOutputPin)
                  00004734    00000024                              : interrupt.o (.text:Interrupt_setPriority)
                  00004758    00000020     rtsv7M4_T_le_v4SPD16_eabi.lib : u_tofd_t2.asm.obj (.text)
                  00004778    0000001c                                   : copy_zero_init.c.obj (.text:decompress:ZI:__TI_zero_init_nomemset:__TI_zero_init_nomemset)
                  00004794    0000001c                                   : memccpy.c.obj (.text:memccpy)
                  000047b0    0000001a                                   : s_copysign.c.obj (.text:copysign)
                  000047ca    00000002     --HOLE-- [fill = 0]
                  000047cc    00000018     msp432p4xx_driverlib.lib : gpio.o (.text:GPIO_clearInterruptFlag)
                  000047e4    00000018                              : gpio.o (.text:GPIO_getInputPinValue)
                  000047fc    00000018                              : gpio.o (.text:GPIO_setOutputLowOnPin)
                  00004814    00000018                              : wdt_a.o (.text:WDT_A_holdTimer)
                  0000482c    00000018     rtsv7M4_T_le_v4SPD16_eabi.lib : sprintf.c.obj (.text:_outs)
                  00004844    00000016                                   : strchr.c.obj (.text:strchr)
                  0000485a    00000002     --HOLE-- [fill = 0]
                  0000485c    00000014     msp432p4xx_driverlib.lib : gpio.o (.text:GPIO_enableInterrupt)
                  00004870    00000014                              : gpio.o (.text:GPIO_setOutputHighOnPin)
                  00004884    00000014                              : gpio.o (.text:GPIO_toggleOutputOnPin)
                  00004898    00000014                              : sysctl.o (.text:SysCtl_enableSRAMBankRetention)
                  000048ac    00000014     rtsv7M4_T_le_v4SPD16_eabi.lib : strlen.c.obj (.text:strlen)
                  000048c0    00000012                                   : wcslen.c.obj (.text:wcslen)
                  000048d2    00000002     --HOLE-- [fill = 0]
                  000048d4    00000010     msp432p4xx_driverlib.lib : gpio.o (.text:GPIO_getInterruptStatus)
                  000048e4    00000010                              : interrupt.o (.text:Interrupt_enableMaster)
                  000048f4    0000000e     rtsv7M4_T_le_v4SPD16_eabi.lib : copy_decompress_none.c.obj (.text:decompress:none:__TI_decompress_none)
                  00004902    0000000e     startup_msp432p401r_ccs.obj (.text)
                  00004910    0000000c     msp432p4xx_driverlib.lib : cpu.o (.text:CPU_cpsie)
                  0000491c    0000000a     rtsv7M4_T_le_v4SPD16_eabi.lib : sprintf.c.obj (.text:_outc)
                  00004926    00000002     --HOLE-- [fill = 0]
                  00004928    00000008                                   : errno.c.obj (.text:__aeabi_errno_addr)
                  00004930    00000004                                   : pre_init.c.obj (.text:_system_pre_init)
                  00004934    00000004                                   : exit.c.obj (.text:abort:abort)

.const     0    00004938    0000057c     
                  00004938    00000228     oled.obj (.const:F6x8)
                  00004b60    000001c0     oled.obj (.const:Hzk)
                  00004d20    00000101     rtsv7M4_T_le_v4SPD16_eabi.lib : ctype.c.obj (.const:.string:_ctypes_)
                  00004e21    00000003     --HOLE-- [fill = 0]
                  00004e24    00000050     msp432p4xx_driverlib.lib : interrupt.o (.const:g_pulRegs)
                  00004e74    00000040                              : interrupt.o (.const)

.cinit     0    00004eb8    00000078     
                  00004eb8    00000050     (.cinit..data.load) [load image, compression = lzss]
                  00004f08    0000000c     (__TI_handler_table)
                  00004f14    00000004     --HOLE-- [fill = 0]
                  00004f18    00000008     (.cinit..bss.load) [load image, compression = zero_init]
                  00004f20    00000010     (__TI_cinit_table)

.init_array 
*          0    00000000    00000000     UNINITIALIZED

.binit     0    00000000    00000000     

.data      0    20000000    00002aa8     UNINITIALIZED
                  20000000    00002000     oled.obj (.data:screen_buf)
                  20002000    00000400     oled.obj (.data:bmp2)
                  20002400    00000400     oled.obj (.data:bmp)
                  20002800    00000200     Oscill_OLED.obj (.data:Oscill_data_buff)
                  20002a00    00000030     msp432p4xx_driverlib.lib : gpio.o (.data:GPIO_PORT_TO_BASE)
                  20002a30    00000028     exinencoder.obj (.data:timerAcaptureValues)
                  20002a58    0000001c     exinadjust.obj (.data)
                  20002a74    0000000a     main.obj (.data:sindata)
                  20002a7e    00000002     --HOLE--
                  20002a80    00000008     exinencoder.obj (.data)
                  20002a88    00000008     exinsystem.obj (.data)
                  20002a90    00000008     oled.obj (.data:tmp$2)
                  20002a98    00000005     main.obj (.data:buf)
                  20002a9d    00000003     --HOLE--
                  20002aa0    00000004     rtsv7M4_T_le_v4SPD16_eabi.lib : errno.c.obj (.data)
                  20002aa4    00000004     system_msp432p401r.obj (.data)

.bss       0    20002aa8    0000006d     UNINITIALIZED
                  20002aa8    00000030     (.common:ADC14_STRUCT)
                  20002ad8    00000018     (.common:oscill1)
                  20002af0    00000008     (.common:encoder_A)
                  20002af8    00000008     (.common:encoder_B)
                  20002b00    00000008     (.common:encoder_C)
                  20002b08    00000008     (.common:encoder_D)
                  20002b10    00000004     exinsystem.obj (.bss)
                  20002b14    00000001     oled.obj (.bss)

.stack     0    2000fe00    00000200     UNINITIALIZED
                  2000fe00    00000004     rtsv7M4_T_le_v4SPD16_eabi.lib : boot_cortex_m.c.obj (.stack)
                  2000fe04    000001fc     --HOLE--

__llvm_prf_cnts 
*          0    20000000    00000000     UNINITIALIZED

MODULE SUMMARY

       Module                        code    ro data   rw data
       ------                        ----    -------   -------
    .\
       system_msp432p401r.obj        820     0         8      
       main.obj                      132     0         126    
       startup_msp432p401r_ccs.obj   14      228       0      
    +--+-----------------------------+-------+---------+---------+
       Total:                        966     228       134    
                                                              
    .\exinlibs\
       oled.obj                      2012    1000      20498  
       exinADC.obj                   2288    0         0      
       exinuart.obj                  1688    0         0      
       exinencoder.obj               1008    0         160    
       Oscill_OLED.obj               0       0         1072   
       exinisr.obj                   704     0         0      
       exingpio.obj                  616     0         0      
       exinsystem.obj                576     0         24     
       exin_pit.obj                  328     0         0      
       exinadjust.obj                0       0         56     
    +--+-----------------------------+-------+---------+---------+
       Total:                        9220    1000      21810  
                                                              
    C:/ti/msp/MSP432Ware_3_40_00_25/driverlib/driverlib/MSP432P4xx/ccs/msp432p4xx_driverlib.lib
       gpio.o                        324     0         96     
       interrupt.o                   152     144       0      
       wdt_a.o                       24      0         0      
       sysctl.o                      20      0         0      
       cpu.o                         12      0         0      
    +--+-----------------------------+-------+---------+---------+
       Total:                        532     144       96     
                                                              
    D:\CCS\ccs\tools\compiler\ti-cgt-arm_20.2.1.LTS\lib\rtsv7M4_T_le_v4SPD16_eabi.lib
       _printfi.c.obj                4851    0         0      
       fd_add_t2.asm.obj             438     0         0      
       fd_div_t2.asm.obj             310     0         0      
       s_scalbn.c.obj                272     0         0      
       fd_cmp_t2.asm.obj             268     0         0      
       ctype.c.obj                   0       257       0      
       fd_mul_t2.asm.obj             252     0         0      
       memcpy_t2.asm.obj             156     0         0      
       ull_div_t2.asm.obj            150     0         0      
       memset_t2.asm.obj             122     0         0      
       copy_decompress_lzss.c.obj    104     0         0      
       s_frexp.c.obj                 100     0         0      
       sprintf.c.obj                 98      0         0      
       _ltoa.c.obj                   84      0         0      
       atoi.c.obj                    76      0         0      
       fd_toi_t2.asm.obj             72      0         0      
       autoinit.c.obj                68      0         0      
       fs_tod_t2.asm.obj             56      0         0      
       boot_cortex_m.c.obj           52      0         0      
       i_tofd_t2.asm.obj             46      0         0      
       u_tofd_t2.asm.obj             32      0         0      
       copy_zero_init.c.obj          28      0         0      
       memccpy.c.obj                 28      0         0      
       s_copysign.c.obj              26      0         0      
       strchr.c.obj                  22      0         0      
       strlen.c.obj                  20      0         0      
       wcslen.c.obj                  18      0         0      
       errno.c.obj                   8       0         8      
       copy_decompress_none.c.obj    14      0         0      
       exit.c.obj                    4       0         0      
       pre_init.c.obj                4       0         0      
       div0.asm.obj                  2       0         0      
    +--+-----------------------------+-------+---------+---------+
       Total:                        7781    257       8      
                                                              
       Stack:                        0       0         1024   
       Linker Generated:             0       116       0      
    +--+-----------------------------+-------+---------+---------+
       Grand Total:                  18499   1745      23072  


LINKER GENERATED COPY TABLES

__TI_cinit_table @ 00004f20 records: 2, size/record: 8, table size: 16
	.data: load addr=00004eb8, load size=00000050 bytes, run addr=20000000, run size=00002aa8 bytes, compression=lzss
	.bss: load addr=00004f18, load size=00000008 bytes, run addr=20002aa8, run size=0000006d bytes, compression=zero_init


LINKER GENERATED HANDLER TABLE

__TI_handler_table @ 00004f08 records: 3, size/record: 4, table size: 12
	index: 0, handler: __TI_decompress_lzss
	index: 1, handler: __TI_decompress_none
	index: 2, handler: __TI_zero_init


GLOBAL SYMBOLS: SORTED ALPHABETICALLY BY Name 

address   name                                
-------   ----                                
00001045  ADC14_CHAEND_set                    
00000d79  ADC14_CHA_sel                       
00000e8d  ADC14_CLK_sel                       
00001241  ADC14_IRQFG_set                     
00001399  ADC14_IRQHandler                    
00001399  ADC14_IRQHandler                    
0000113d  ADC14_MEM_set                       
00000f8b  ADC14_PREC_sel                      
20002aa8  ADC14_STRUCT                        
00000b41  ADC14_convert_disable               
00000b35  ADC14_convert_enable                
00000b59  ADC14_convert_end                   
00000b4d  ADC14_convert_start                 
00000fe5  ADC14_init                          
00000c03  ADC14_read_data                     
000012cd  ADC14_repeatmod_init                
00001343  ADC14_repeatmod_rec                 
00000b65  ADC14_start                         
0000490f  AES256_IRQHandler                   
20002a72  A_flag                              
20002a73  B_flag                              
0000490f  BusFault_Handler                    
00004935  C$$EXIT                             
0000490f  COMP_E0_IRQHandler                  
0000490f  COMP_E1_IRQHandler                  
00004911  CPU_cpsie                           
0000490f  CS_IRQHandler                       
0000490f  DMA_ERR_IRQHandler                  
0000490f  DMA_INT0_IRQHandler                 
0000490f  DMA_INT1_IRQHandler                 
0000490f  DMA_INT2_IRQHandler                 
0000490f  DMA_INT3_IRQHandler                 
0000490f  DebugMon_Handler                    
0000490f  Default_Handler                     
000025ed  ENCODER_TEST                        
000021ff  EUSCIA0_IRQHandler                  
000021ff  EUSCIA0_IRQHandler                  
00002209  EUSCIA1_IRQHandler                  
00002209  EUSCIA1_IRQHandler                  
0000221d  EUSCIA2_IRQHandler                  
0000221d  EUSCIA2_IRQHandler                  
00002227  EUSCIA3_IRQHandler                  
00002227  EUSCIA3_IRQHandler                  
0000490f  EUSCIB0_IRQHandler                  
0000490f  EUSCIB1_IRQHandler                  
0000490f  EUSCIB2_IRQHandler                  
0000490f  EUSCIB3_IRQHandler                  
000024bd  Encoder_clr                         
00004938  F6x8                                
0000490f  FLCTL_IRQHandler                    
0000490f  FPU_IRQHandler                      
00002481  GET_encoder_dir                     
00002445  GET_encoder_num                     
000047cd  GPIO_clearInterruptFlag             
0000485d  GPIO_enableInterrupt                
00004655  GPIO_getEnabledInterruptStatus      
000047e5  GPIO_getInputPinValue               
000048d5  GPIO_getInterruptStatus             
000046e5  GPIO_setAsInputPin                  
00004685  GPIO_setAsInputPinWithPullUpResistor
00004711  GPIO_setAsOutputPin                 
00004871  GPIO_setOutputHighOnPin             
000047fd  GPIO_setOutputLowOnPin              
00004885  GPIO_toggleOutputOnPin              
0000490f  HardFault_Handler                   
00004b60  Hzk                                 
20002a70  IRQ3_5flag                          
20002a71  IRQ4_6flag                          
000042cd  Interrupt_enableInterrupt           
000048e5  Interrupt_enableMaster              
00004735  Interrupt_setPriority               
0000490f  MemManage_Handler                   
0000490f  NMI_Handler                         
000016af  OLED_Clear                          
00001693  OLED_Display_Off                    
00001677  OLED_Display_On                     
000019fd  OLED_DrawBMP                        
00001aad  OLED_Init                           
00001425  OLED_PutPixel                       
0000163b  OLED_Set_Pos                        
00001947  OLED_ShowCHinese                    
0000171d  OLED_ShowChar                       
000017e1  OLED_ShowNum                        
000018e5  OLED_ShowString                     
000018b5  OLED_Showfloat                      
000015ab  OLED_WR_Byte                        
00001495  OLED_pos_clr                        
0000255d  OLED_show                           
20002800  Oscill_data_buff                    
000040f9  Oscill_send                         
0000490f  PCM_IRQHandler                      
0000371d  PIT_init                            
000029bd  PORT1_IRQHandler                    
000029bd  PORT1_IRQHandler                    
000029fb  PORT2_IRQHandler                    
000029fb  PORT2_IRQHandler                    
00002a61  PORT3_IRQHandler                    
00002a61  PORT3_IRQHandler                    
00002ab3  PORT4_IRQHandler                    
00002ab3  PORT4_IRQHandler                    
00002b2d  PORT5_IRQHandler                    
00002b2d  PORT5_IRQHandler                    
00002b93  PORT6_IRQHandler                    
00002b93  PORT6_IRQHandler                    
0000490f  PSS_IRQHandler                      
0000490f  PendSV_Handler                      
0000490f  RTC_C_IRQHandler                    
00004903  Reset_Handler                       
0000490f  SVC_Handler                         
00004899  SysCtl_enableSRAMBankRetention      
000032fd  SysTick_Handler                     
000032fd  SysTick_Handler                     
20002aa4  SystemCoreClock                     
00002689  SystemCoreClockUpdate               
00002901  SystemInit                          
0000490f  T32_INT1_IRQHandler                 
0000490f  T32_INT2_IRQHandler                 
0000490f  T32_INTC_IRQHandler                 
00002bff  TA0_0_IRQHandler                    
00002bff  TA0_0_IRQHandler                    
00002501  TA0_N_IRQHandler                    
00002501  TA0_N_IRQHandler                    
00002c0b  TA1_0_IRQHandler                    
00002c0b  TA1_0_IRQHandler                    
0000490f  TA1_N_IRQHandler                    
00002c17  TA2_0_IRQHandler                    
00002c17  TA2_0_IRQHandler                    
0000490f  TA2_N_IRQHandler                    
00002c23  TA3_0_IRQHandler                    
00002c23  TA3_0_IRQHandler                    
0000490f  TA3_N_IRQHandler                    
00001e7d  UART_Baunds_set                     
00001d71  UART_CLK_sel                        
00001c75  UART_IRQRX_set                      
00001c01  UART_IRQ_set                        
00001d1d  UART_PIN_sel                        
00001cc9  UART_USIC_init                      
00002051  UART_init                           
00002105  UART_recv_Byte                      
00002095  UART_send_Byte                      
000021c9  UART_send_int                       
00002181  UART_send_short                     
00002153  UART_send_string                    
0000490f  UsageFault_Handler                  
4000480c  WDTCTL_SYM                          
0000490f  WDT_A_IRQHandler                    
00004815  WDT_A_holdTimer                     
20010000  __STACK_END                         
00000200  __STACK_SIZE                        
00004f20  __TI_CINIT_Base                     
00004f30  __TI_CINIT_Limit                    
00004f08  __TI_Handler_Table_Base             
00004f14  __TI_Handler_Table_Limit            
00004525  __TI_auto_init_nobinit_nopinit      
00004265  __TI_decompress_lzss                
000048f5  __TI_decompress_none                
000043eb  __TI_ltoa                           
ffffffff  __TI_pprof_out_hndl                 
000000e5  __TI_printfi                        
ffffffff  __TI_prof_data_size                 
ffffffff  __TI_prof_data_start                
00000000  __TI_static_base__                  
00004779  __TI_zero_init_nomemset             
00003fed  __aeabi_cdcmpeq                     
00003fed  __aeabi_cdcmple                     
00004073  __aeabi_cdrcmple                    
000044dd  __aeabi_d2iz                        
0000356f  __aeabi_dadd                        
000039a1  __aeabi_ddiv                        
00003d0d  __aeabi_dmul                        
00003565  __aeabi_dsub                        
00004929  __aeabi_errno_addr                  
000045e7  __aeabi_f2d                         
000046b5  __aeabi_i2d                         
00000b33  __aeabi_idiv0                       
00000b33  __aeabi_ldiv0                       
0000417d  __aeabi_memclr                      
0000417d  __aeabi_memclr4                     
0000417d  __aeabi_memclr8                     
00003ebb  __aeabi_memcpy                      
00003ebb  __aeabi_memcpy4                     
00003ebb  __aeabi_memcpy8                     
0000417f  __aeabi_memset                      
0000417f  __aeabi_memset4                     
0000417f  __aeabi_memset8                     
00004759  __aeabi_ui2d                        
00003f57  __aeabi_uldivmod                    
ffffffff  __binit__                           
ffffffff  __c_args__                          
UNDEFED   __mpu_init                          
2000fe00  __stack                             
20000000  __start___llvm_prf_cnts             
20000000  __stop___llvm_prf_cnts              
00004621  _c_int00_noargs                     
00004d20  _ctypes_                            
UNDEFED   _system_post_cinit                  
00004931  _system_pre_init                    
00004935  abort                               
00004491  atoi                                
ffffffff  binit                               
20002400  bmp                                 
20002000  bmp2                                
20002a98  buf                                 
000047b1  copysign                            
000047b1  copysignl                           
20002a64  count                               
20002a58  dirf                                
20002af0  encoder_A                           
20002af8  encoder_B                           
20002b00  encoder_C                           
20002b08  encoder_D                           
00002299  encoder_IncTypeDef_init             
000022f5  encoder_dirpin_init                 
0000239d  encoder_init                        
0000234d  encoder_interrupt_init              
20002aa0  errno                               
00003155  error                               
00004331  frexp                               
00004331  frexpl                              
000030a3  gpio_INT_EN                         
00002f91  gpio_edg_sel                        
00002f51  gpio_get                            
00002eed  gpio_init                           
000030f7  gpio_interrupt_INIT                 
00002f61  gpio_set                            
00002f81  gpio_toggle                         
00000000  interruptVectors                    
00003bfd  ldexp                               
00003bfd  ldexpl                              
00004129  main                                
00004795  memccpy                             
00003ebb  memcpy                              
00004185  memset                              
000017a7  oled_pow                            
000014c9  oled_update                         
20002ad8  oscill1                             
20002a5c  page_count                          
00003bfd  scalbn                              
00003bfd  scalbnl                             
20000000  screen_buf                          
0000317d  set_DCO_48MH                        
0000321d  set_clock_period                    
20002a74  sindata                             
00004569  sprintf                             
20002a60  start_flag                          
00004845  strchr                              
000048ad  strlen                              
20002a88  sysc                                
000032dd  system_init                         
000032cf  systic_clr                          
00003325  systic_delayms                      
00003307  systic_delayus                      
00003261  systic_end                          
00003227  systic_init                         
0000326f  systic_read                         
0000324b  systic_start                        
20002a8c  systim                              
20002a68  testA                               
20002a6c  testB                               
20002a84  time_counter                        
20002a80  timerAcapturePointer                
20002a30  timerAcaptureValues                 
000048c1  wcslen                              


GLOBAL SYMBOLS: SORTED BY Symbol Address 

address   name                                
-------   ----                                
00000000  __TI_static_base__                  
00000000  interruptVectors                    
000000e5  __TI_printfi                        
00000200  __STACK_SIZE                        
00000b33  __aeabi_idiv0                       
00000b33  __aeabi_ldiv0                       
00000b35  ADC14_convert_enable                
00000b41  ADC14_convert_disable               
00000b4d  ADC14_convert_start                 
00000b59  ADC14_convert_end                   
00000b65  ADC14_start                         
00000c03  ADC14_read_data                     
00000d79  ADC14_CHA_sel                       
00000e8d  ADC14_CLK_sel                       
00000f8b  ADC14_PREC_sel                      
00000fe5  ADC14_init                          
00001045  ADC14_CHAEND_set                    
0000113d  ADC14_MEM_set                       
00001241  ADC14_IRQFG_set                     
000012cd  ADC14_repeatmod_init                
00001343  ADC14_repeatmod_rec                 
00001399  ADC14_IRQHandler                    
00001399  ADC14_IRQHandler                    
00001425  OLED_PutPixel                       
00001495  OLED_pos_clr                        
000014c9  oled_update                         
000015ab  OLED_WR_Byte                        
0000163b  OLED_Set_Pos                        
00001677  OLED_Display_On                     
00001693  OLED_Display_Off                    
000016af  OLED_Clear                          
0000171d  OLED_ShowChar                       
000017a7  oled_pow                            
000017e1  OLED_ShowNum                        
000018b5  OLED_Showfloat                      
000018e5  OLED_ShowString                     
00001947  OLED_ShowCHinese                    
000019fd  OLED_DrawBMP                        
00001aad  OLED_Init                           
00001c01  UART_IRQ_set                        
00001c75  UART_IRQRX_set                      
00001cc9  UART_USIC_init                      
00001d1d  UART_PIN_sel                        
00001d71  UART_CLK_sel                        
00001e7d  UART_Baunds_set                     
00002051  UART_init                           
00002095  UART_send_Byte                      
00002105  UART_recv_Byte                      
00002153  UART_send_string                    
00002181  UART_send_short                     
000021c9  UART_send_int                       
000021ff  EUSCIA0_IRQHandler                  
000021ff  EUSCIA0_IRQHandler                  
00002209  EUSCIA1_IRQHandler                  
00002209  EUSCIA1_IRQHandler                  
0000221d  EUSCIA2_IRQHandler                  
0000221d  EUSCIA2_IRQHandler                  
00002227  EUSCIA3_IRQHandler                  
00002227  EUSCIA3_IRQHandler                  
00002299  encoder_IncTypeDef_init             
000022f5  encoder_dirpin_init                 
0000234d  encoder_interrupt_init              
0000239d  encoder_init                        
00002445  GET_encoder_num                     
00002481  GET_encoder_dir                     
000024bd  Encoder_clr                         
00002501  TA0_N_IRQHandler                    
00002501  TA0_N_IRQHandler                    
0000255d  OLED_show                           
000025ed  ENCODER_TEST                        
00002689  SystemCoreClockUpdate               
00002901  SystemInit                          
000029bd  PORT1_IRQHandler                    
000029bd  PORT1_IRQHandler                    
000029fb  PORT2_IRQHandler                    
000029fb  PORT2_IRQHandler                    
00002a61  PORT3_IRQHandler                    
00002a61  PORT3_IRQHandler                    
00002ab3  PORT4_IRQHandler                    
00002ab3  PORT4_IRQHandler                    
00002b2d  PORT5_IRQHandler                    
00002b2d  PORT5_IRQHandler                    
00002b93  PORT6_IRQHandler                    
00002b93  PORT6_IRQHandler                    
00002bff  TA0_0_IRQHandler                    
00002bff  TA0_0_IRQHandler                    
00002c0b  TA1_0_IRQHandler                    
00002c0b  TA1_0_IRQHandler                    
00002c17  TA2_0_IRQHandler                    
00002c17  TA2_0_IRQHandler                    
00002c23  TA3_0_IRQHandler                    
00002c23  TA3_0_IRQHandler                    
00002eed  gpio_init                           
00002f51  gpio_get                            
00002f61  gpio_set                            
00002f81  gpio_toggle                         
00002f91  gpio_edg_sel                        
000030a3  gpio_INT_EN                         
000030f7  gpio_interrupt_INIT                 
00003155  error                               
0000317d  set_DCO_48MH                        
0000321d  set_clock_period                    
00003227  systic_init                         
0000324b  systic_start                        
00003261  systic_end                          
0000326f  systic_read                         
000032cf  systic_clr                          
000032dd  system_init                         
000032fd  SysTick_Handler                     
000032fd  SysTick_Handler                     
00003307  systic_delayus                      
00003325  systic_delayms                      
00003565  __aeabi_dsub                        
0000356f  __aeabi_dadd                        
0000371d  PIT_init                            
000039a1  __aeabi_ddiv                        
00003bfd  ldexp                               
00003bfd  ldexpl                              
00003bfd  scalbn                              
00003bfd  scalbnl                             
00003d0d  __aeabi_dmul                        
00003ebb  __aeabi_memcpy                      
00003ebb  __aeabi_memcpy4                     
00003ebb  __aeabi_memcpy8                     
00003ebb  memcpy                              
00003f57  __aeabi_uldivmod                    
00003fed  __aeabi_cdcmpeq                     
00003fed  __aeabi_cdcmple                     
00004073  __aeabi_cdrcmple                    
000040f9  Oscill_send                         
00004129  main                                
0000417d  __aeabi_memclr                      
0000417d  __aeabi_memclr4                     
0000417d  __aeabi_memclr8                     
0000417f  __aeabi_memset                      
0000417f  __aeabi_memset4                     
0000417f  __aeabi_memset8                     
00004185  memset                              
00004265  __TI_decompress_lzss                
000042cd  Interrupt_enableInterrupt           
00004331  frexp                               
00004331  frexpl                              
000043eb  __TI_ltoa                           
00004491  atoi                                
000044dd  __aeabi_d2iz                        
00004525  __TI_auto_init_nobinit_nopinit      
00004569  sprintf                             
000045e7  __aeabi_f2d                         
00004621  _c_int00_noargs                     
00004655  GPIO_getEnabledInterruptStatus      
00004685  GPIO_setAsInputPinWithPullUpResistor
000046b5  __aeabi_i2d                         
000046e5  GPIO_setAsInputPin                  
00004711  GPIO_setAsOutputPin                 
00004735  Interrupt_setPriority               
00004759  __aeabi_ui2d                        
00004779  __TI_zero_init_nomemset             
00004795  memccpy                             
000047b1  copysign                            
000047b1  copysignl                           
000047cd  GPIO_clearInterruptFlag             
000047e5  GPIO_getInputPinValue               
000047fd  GPIO_setOutputLowOnPin              
00004815  WDT_A_holdTimer                     
00004845  strchr                              
0000485d  GPIO_enableInterrupt                
00004871  GPIO_setOutputHighOnPin             
00004885  GPIO_toggleOutputOnPin              
00004899  SysCtl_enableSRAMBankRetention      
000048ad  strlen                              
000048c1  wcslen                              
000048d5  GPIO_getInterruptStatus             
000048e5  Interrupt_enableMaster              
000048f5  __TI_decompress_none                
00004903  Reset_Handler                       
0000490f  AES256_IRQHandler                   
0000490f  BusFault_Handler                    
0000490f  COMP_E0_IRQHandler                  
0000490f  COMP_E1_IRQHandler                  
0000490f  CS_IRQHandler                       
0000490f  DMA_ERR_IRQHandler                  
0000490f  DMA_INT0_IRQHandler                 
0000490f  DMA_INT1_IRQHandler                 
0000490f  DMA_INT2_IRQHandler                 
0000490f  DMA_INT3_IRQHandler                 
0000490f  DebugMon_Handler                    
0000490f  Default_Handler                     
0000490f  EUSCIB0_IRQHandler                  
0000490f  EUSCIB1_IRQHandler                  
0000490f  EUSCIB2_IRQHandler                  
0000490f  EUSCIB3_IRQHandler                  
0000490f  FLCTL_IRQHandler                    
0000490f  FPU_IRQHandler                      
0000490f  HardFault_Handler                   
0000490f  MemManage_Handler                   
0000490f  NMI_Handler                         
0000490f  PCM_IRQHandler                      
0000490f  PSS_IRQHandler                      
0000490f  PendSV_Handler                      
0000490f  RTC_C_IRQHandler                    
0000490f  SVC_Handler                         
0000490f  T32_INT1_IRQHandler                 
0000490f  T32_INT2_IRQHandler                 
0000490f  T32_INTC_IRQHandler                 
0000490f  TA1_N_IRQHandler                    
0000490f  TA2_N_IRQHandler                    
0000490f  TA3_N_IRQHandler                    
0000490f  UsageFault_Handler                  
0000490f  WDT_A_IRQHandler                    
00004911  CPU_cpsie                           
00004929  __aeabi_errno_addr                  
00004931  _system_pre_init                    
00004935  C$$EXIT                             
00004935  abort                               
00004938  F6x8                                
00004b60  Hzk                                 
00004d20  _ctypes_                            
00004f08  __TI_Handler_Table_Base             
00004f14  __TI_Handler_Table_Limit            
00004f20  __TI_CINIT_Base                     
00004f30  __TI_CINIT_Limit                    
20000000  __start___llvm_prf_cnts             
20000000  __stop___llvm_prf_cnts              
20000000  screen_buf                          
20002000  bmp2                                
20002400  bmp                                 
20002800  Oscill_data_buff                    
20002a30  timerAcaptureValues                 
20002a58  dirf                                
20002a5c  page_count                          
20002a60  start_flag                          
20002a64  count                               
20002a68  testA                               
20002a6c  testB                               
20002a70  IRQ3_5flag                          
20002a71  IRQ4_6flag                          
20002a72  A_flag                              
20002a73  B_flag                              
20002a74  sindata                             
20002a80  timerAcapturePointer                
20002a84  time_counter                        
20002a88  sysc                                
20002a8c  systim                              
20002a98  buf                                 
20002aa0  errno                               
20002aa4  SystemCoreClock                     
20002aa8  ADC14_STRUCT                        
20002ad8  oscill1                             
20002af0  encoder_A                           
20002af8  encoder_B                           
20002b00  encoder_C                           
20002b08  encoder_D                           
2000fe00  __stack                             
20010000  __STACK_END                         
4000480c  WDTCTL_SYM                          
ffffffff  __TI_pprof_out_hndl                 
ffffffff  __TI_prof_data_size                 
ffffffff  __TI_prof_data_start                
ffffffff  __binit__                           
ffffffff  __c_args__                          
ffffffff  binit                               
UNDEFED   __mpu_init                          
UNDEFED   _system_post_cinit                  

[263 symbols]
