******************************************************************************
                  TI ARM Linker PC v20.2.1                     
******************************************************************************
>> Linked Thu Dec 23 14:05:57 2021

OUTPUT FILE NAME:   <1.Exin_AB_encoder.out>
ENTRY POINT SYMBOL: "_c_int00_noargs"  address: 000056dd


MEMORY CONFIGURATION

         name            origin    length      used     unused   attr    fill
----------------------  --------  ---------  --------  --------  ----  --------
  MAIN                  00000000   00040000  00005e74  0003a18c  R  X
  INFO                  00200000   00004000  00000000  00004000  R  X
  SRAM_CODE             01000000   00010000  00002d11  0000d2ef  RW X
  SRAM_DATA             20000000   00010000  00002d11  0000d2ef  RW  


SEGMENT ALLOCATION MAP

run origin  load origin   length   init length attrs members
----------  ----------- ---------- ----------- ----- -------
00000000    00000000    00005e78   00005e78    r-x
  00000000    00000000    000000e4   000000e4    r-- .intvecs
  000000e4    000000e4    000057e4   000057e4    r-x .text
  000058c8    000058c8    0000053c   0000053c    r-- .const
  00005e08    00005e08    00000070   00000070    r-- .cinit
20000000    20000000    00002b11   00000000    rw-
  20000000    20000000    00002aa4   00000000    rw- .data
  20002aa4    20002aa4    0000006d   00000000    rw- .bss
2000fe00    2000fe00    00000200   00000000    rw-
  2000fe00    2000fe00    00000200   00000000    rw- .stack


SECTION ALLOCATION MAP

 output                                  attributes/
section   page    origin      length       input sections
--------  ----  ----------  ----------   ----------------
.intvecs   0    00000000    000000e4     
                  00000000    000000e4     startup_msp432p401r_ccs.obj (.intvecs:retain)

.text      0    000000e4    000057e4     
                  000000e4    00000a9c     exingpio.obj (.text)
                  00000b80    00000a4e     rtsv7M4_T_le_v4SPD16_eabi.lib : _printfi.c.obj (.text:__TI_printfi)
                  000015ce    00000002                                   : div0.asm.obj (.text)
                  000015d0    000008f0     exinADC.obj (.text)
                  00001ec0    000007dc     oled.obj (.text)
                  0000269c    000006a0     exinuart.obj (.text)
                  00002d3c    00000540     exinisr.obj (.text)
                  0000327c    000004fc     exinsystem.obj (.text)
                  00003778    0000046c     exinTimerA.obj (.text)
                  00003be4    0000038c     exinencoder.obj (.text)
                  00003f70    00000334     system_msp432p401r.obj (.text)
                  000042a4    00000270     rtsv7M4_T_le_v4SPD16_eabi.lib : _printfi.c.obj (.text:_pconv_a)
                  00004514    000001d0                                   : _printfi.c.obj (.text:_pconv_g)
                  000046e4    000001b6                                   : fd_add_t2.asm.obj (.text)
                  0000489a    00000002     --HOLE-- [fill = 0]
                  0000489c    0000016c     exinTimerAINT.obj (.text)
                  00004a08    0000013c     rtsv7M4_T_le_v4SPD16_eabi.lib : _printfi.c.obj (.text:_pconv_e)
                  00004b44    00000136                                   : fd_div_t2.asm.obj (.text)
                  00004c7a    00000002     --HOLE-- [fill = 0]
                  00004c7c    00000124                                   : _printfi.c.obj (.text:fcvt)
                  00004da0    00000110                                   : s_scalbn.c.obj (.text:scalbn)
                  00004eb0    000000fc                                   : fd_mul_t2.asm.obj (.text)
                  00004fac    000000b1                                   : _printfi.c.obj (.text:_ltostr)
                  0000505d    00000001     --HOLE-- [fill = 0]
                  0000505e    0000009c                                   : memcpy_t2.asm.obj (.text)
                  000050fa    00000096                                   : ull_div_t2.asm.obj (.text)
                  00005190    00000086                                   : fd_cmp_t2.asm.obj (.text:__aeabi_cdcmple)
                  00005216    00000086                                   : fd_cmp_t2.asm.obj (.text:__aeabi_cdrcmple)
                  0000529c    0000007a                                   : memset_t2.asm.obj (.text)
                  00005316    0000006e                                   : _printfi.c.obj (.text:_mcpy)
                  00005384    00000068                                   : copy_decompress_lzss.c.obj (.text:decompress:lzss:__TI_decompress_lzss)
                  000053ec    00000064                                   : s_frexp.c.obj (.text:frexp)
                  00005450    00000056                                   : _printfi.c.obj (.text:_pconv_f)
                  000054a6    00000054                                   : _ltoa.c.obj (.text:__TI_ltoa)
                  000054fa    00000052                                   : _printfi.c.obj (.text:_ecpy)
                  0000554c    0000004c                                   : atoi.c.obj (.text:atoi)
                  00005598    00000048                                   : fd_toi_t2.asm.obj (.text)
                  000055e0    00000044                                   : autoinit.c.obj (.text:__TI_auto_init_nobinit_nopinit:__TI_auto_init_nobinit_nopinit)
                  00005624    00000040                                   : sprintf.c.obj (.text:sprintf)
                  00005664    0000003e                                   : _printfi.c.obj (.text:_fcpy)
                  000056a2    00000038                                   : fs_tod_t2.asm.obj (.text)
                  000056da    00000002     --HOLE-- [fill = 0]
                  000056dc    00000034                                   : boot_cortex_m.c.obj (.text:_c_int00_noargs:_c_int00_noargs)
                  00005710    0000002e                                   : i_tofd_t2.asm.obj (.text)
                  0000573e    00000002     --HOLE-- [fill = 0]
                  00005740    00000024     msp432p4xx_driverlib.lib : gpio.o (.text:GPIO_setAsOutputPin)
                  00005764    00000024                              : interrupt.o (.text:Interrupt_setPriority)
                  00005788    00000020     rtsv7M4_T_le_v4SPD16_eabi.lib : u_tofd_t2.asm.obj (.text)
                  000057a8    0000001c                                   : copy_zero_init.c.obj (.text:decompress:ZI:__TI_zero_init_nomemset:__TI_zero_init_nomemset)
                  000057c4    0000001c                                   : memccpy.c.obj (.text:memccpy)
                  000057e0    0000001a                                   : s_copysign.c.obj (.text:copysign)
                  000057fa    00000002     --HOLE-- [fill = 0]
                  000057fc    00000018     msp432p4xx_driverlib.lib : gpio.o (.text:GPIO_setOutputLowOnPin)
                  00005814    00000018     rtsv7M4_T_le_v4SPD16_eabi.lib : sprintf.c.obj (.text:_outs)
                  0000582c    00000016                                   : strchr.c.obj (.text:strchr)
                  00005842    00000002     --HOLE-- [fill = 0]
                  00005844    00000014     msp432p4xx_driverlib.lib : gpio.o (.text:GPIO_setOutputHighOnPin)
                  00005858    00000014     rtsv7M4_T_le_v4SPD16_eabi.lib : strlen.c.obj (.text:strlen)
                  0000586c    00000012     main.obj (.text)
                  0000587e    00000012     rtsv7M4_T_le_v4SPD16_eabi.lib : wcslen.c.obj (.text:wcslen)
                  00005890    0000000e                                   : copy_decompress_none.c.obj (.text:decompress:none:__TI_decompress_none)
                  0000589e    0000000e     startup_msp432p401r_ccs.obj (.text)
                  000058ac    0000000a     rtsv7M4_T_le_v4SPD16_eabi.lib : sprintf.c.obj (.text:_outc)
                  000058b6    00000002     --HOLE-- [fill = 0]
                  000058b8    00000008                                   : errno.c.obj (.text:__aeabi_errno_addr)
                  000058c0    00000004                                   : pre_init.c.obj (.text:_system_pre_init)
                  000058c4    00000004                                   : exit.c.obj (.text:abort:abort)

.const     0    000058c8    0000053c     
                  000058c8    00000228     oled.obj (.const:F6x8)
                  00005af0    000001c0     oled.obj (.const:Hzk)
                  00005cb0    00000101     rtsv7M4_T_le_v4SPD16_eabi.lib : ctype.c.obj (.const:.string:_ctypes_)
                  00005db1    00000003     --HOLE-- [fill = 0]
                  00005db4    00000050     msp432p4xx_driverlib.lib : interrupt.o (.const:g_pulRegs)

.cinit     0    00005e08    00000070     
                  00005e08    00000046     (.cinit..data.load) [load image, compression = lzss]
                  00005e4e    00000002     --HOLE-- [fill = 0]
                  00005e50    0000000c     (__TI_handler_table)
                  00005e5c    00000004     --HOLE-- [fill = 0]
                  00005e60    00000008     (.cinit..bss.load) [load image, compression = zero_init]
                  00005e68    00000010     (__TI_cinit_table)

.init_array 
*          0    00000000    00000000     UNINITIALIZED

.binit     0    00000000    00000000     

.data      0    20000000    00002aa4     UNINITIALIZED
                  20000000    00002000     oled.obj (.data:screen_buf)
                  20002000    00000400     oled.obj (.data:bmp2)
                  20002400    00000400     oled.obj (.data:bmp)
                  20002800    00000200     Oscill_OLED.obj (.data:Oscill_data_buff)
                  20002a00    00000038     exinTimerAINT.obj (.data:CCRn_period_val)
                  20002a38    00000030     msp432p4xx_driverlib.lib : gpio.o (.data:GPIO_PORT_TO_BASE)
                  20002a68    0000001c     exinadjust.obj (.data)
                  20002a84    00000008     exinencoder.obj (.data)
                  20002a8c    00000008     exinsystem.obj (.data)
                  20002a94    00000008     oled.obj (.data:tmp$2)
                  20002a9c    00000004     rtsv7M4_T_le_v4SPD16_eabi.lib : errno.c.obj (.data)
                  20002aa0    00000004     system_msp432p401r.obj (.data)

.bss       0    20002aa4    0000006d     UNINITIALIZED
                  20002aa4    00000030     (.common:ADC14_STRUCT)
                  20002ad4    00000018     (.common:oscill1)
                  20002aec    00000008     (.common:encoder_A)
                  20002af4    00000008     (.common:encoder_B)
                  20002afc    00000008     (.common:encoder_C)
                  20002b04    00000008     (.common:encoder_D)
                  20002b0c    00000004     exinsystem.obj (.bss)
                  20002b10    00000001     oled.obj (.bss)

.stack     0    2000fe00    00000200     UNINITIALIZED
                  2000fe00    00000004     rtsv7M4_T_le_v4SPD16_eabi.lib : boot_cortex_m.c.obj (.stack)
                  2000fe04    000001fc     --HOLE--

__llvm_prf_cnts 
*          0    20000000    00000000     UNINITIALIZED

MODULE SUMMARY

       Module                        code    ro data   rw data
       ------                        ----    -------   -------
    .\
       system_msp432p401r.obj        820     0         8      
       startup_msp432p401r_ccs.obj   14      228       0      
       main.obj                      18      0         96     
    +--+-----------------------------+-------+---------+---------+
       Total:                        852     228       104    
                                                              
    .\exinlibs\
       oled.obj                      2012    1000      20498  
       exingpio.obj                  2716    0         0      
       exinADC.obj                   2288    0         0      
       exinuart.obj                  1696    0         0      
       exinisr.obj                   1344    0         0      
       exinsystem.obj                1276    0         24     
       exinTimerA.obj                1132    0         0      
       Oscill_OLED.obj               0       0         1072   
       exinencoder.obj               908     0         80     
       exinTimerAINT.obj             364     0         112    
       exinadjust.obj                0       0         56     
    +--+-----------------------------+-------+---------+---------+
       Total:                        13736   1000      21842  
                                                              
    C:/ti/msp/MSP432Ware_3_40_00_25/driverlib/driverlib/MSP432P4xx/ccs/msp432p4xx_driverlib.lib
       gpio.o                        80      0         96     
       interrupt.o                   36      80        0      
    +--+-----------------------------+-------+---------+---------+
       Total:                        116     80        96     
                                                              
    D:\CCS\ccs\tools\compiler\ti-cgt-arm_20.2.1.LTS\lib\rtsv7M4_T_le_v4SPD16_eabi.lib
       _printfi.c.obj                4851    0         0      
       fd_add_t2.asm.obj             438     0         0      
       fd_div_t2.asm.obj             310     0         0      
       s_scalbn.c.obj                272     0         0      
       fd_cmp_t2.asm.obj             268     0         0      
       ctype.c.obj                   0       257       0      
       fd_mul_t2.asm.obj             252     0         0      
       memcpy_t2.asm.obj             156     0         0      
       ull_div_t2.asm.obj            150     0         0      
       memset_t2.asm.obj             122     0         0      
       copy_decompress_lzss.c.obj    104     0         0      
       s_frexp.c.obj                 100     0         0      
       sprintf.c.obj                 98      0         0      
       _ltoa.c.obj                   84      0         0      
       atoi.c.obj                    76      0         0      
       fd_toi_t2.asm.obj             72      0         0      
       autoinit.c.obj                68      0         0      
       fs_tod_t2.asm.obj             56      0         0      
       boot_cortex_m.c.obj           52      0         0      
       i_tofd_t2.asm.obj             46      0         0      
       u_tofd_t2.asm.obj             32      0         0      
       copy_zero_init.c.obj          28      0         0      
       memccpy.c.obj                 28      0         0      
       s_copysign.c.obj              26      0         0      
       strchr.c.obj                  22      0         0      
       strlen.c.obj                  20      0         0      
       wcslen.c.obj                  18      0         0      
       errno.c.obj                   8       0         8      
       copy_decompress_none.c.obj    14      0         0      
       exit.c.obj                    4       0         0      
       pre_init.c.obj                4       0         0      
       div0.asm.obj                  2       0         0      
    +--+-----------------------------+-------+---------+---------+
       Total:                        7781    257       8      
                                                              
       Stack:                        0       0         1024   
       Linker Generated:             0       106       0      
    +--+-----------------------------+-------+---------+---------+
       Grand Total:                  22485   1671      23074  


LINKER GENERATED COPY TABLES

__TI_cinit_table @ 00005e68 records: 2, size/record: 8, table size: 16
	.data: load addr=00005e08, load size=00000046 bytes, run addr=20000000, run size=00002aa4 bytes, compression=lzss
	.bss: load addr=00005e60, load size=00000008 bytes, run addr=20002aa4, run size=0000006d bytes, compression=zero_init


LINKER GENERATED HANDLER TABLE

__TI_handler_table @ 00005e50 records: 3, size/record: 4, table size: 12
	index: 0, handler: __TI_decompress_lzss
	index: 1, handler: __TI_decompress_none
	index: 2, handler: __TI_zero_init


GLOBAL SYMBOLS: SORTED ALPHABETICALLY BY Name 

address   name                          
-------   ----                          
00001ae1  ADC14_CHAEND_set              
00001815  ADC14_CHA_sel                 
00001929  ADC14_CLK_sel                 
00001cdd  ADC14_IRQFG_set               
00001e35  ADC14_IRQHandler              
00001e35  ADC14_IRQHandler              
00001bd9  ADC14_MEM_set                 
00001a27  ADC14_PREC_sel                
20002aa4  ADC14_STRUCT                  
000015dd  ADC14_convert_disable         
000015d1  ADC14_convert_enable          
000015f5  ADC14_convert_end             
000015e9  ADC14_convert_start           
00001a81  ADC14_init                    
0000169f  ADC14_read_data               
00001d69  ADC14_repeatmod_init          
00001de1  ADC14_repeatmod_rec           
00001601  ADC14_start                   
000058ab  AES256_IRQHandler             
20002a82  A_flag                        
20002a83  B_flag                        
000058ab  BusFault_Handler              
000058c5  C$$EXIT                       
20002a00  CCRn_period_val               
000058ab  COMP_E0_IRQHandler            
000058ab  COMP_E1_IRQHandler            
000058ab  CS_IRQHandler                 
000032af  CS_locked                     
000032a5  CS_unlocked                   
000032b7  DCO_set                       
000058ab  DMA_ERR_IRQHandler            
000058ab  DMA_INT0_IRQHandler           
000058ab  DMA_INT1_IRQHandler           
000058ab  DMA_INT2_IRQHandler           
000058ab  DMA_INT3_IRQHandler           
000058ab  DebugMon_Handler              
000058ab  Default_Handler               
00003ef5  ENCODER_TEST                  
00002ca3  EUSCIA0_IRQHandler            
00002ca3  EUSCIA0_IRQHandler            
00002cad  EUSCIA1_IRQHandler            
00002cad  EUSCIA1_IRQHandler            
00002cc1  EUSCIA2_IRQHandler            
00002cc1  EUSCIA2_IRQHandler            
00002ccb  EUSCIA3_IRQHandler            
00002ccb  EUSCIA3_IRQHandler            
000058ab  EUSCIB0_IRQHandler            
000058ab  EUSCIB1_IRQHandler            
000058ab  EUSCIB2_IRQHandler            
000058ab  EUSCIB3_IRQHandler            
00003e09  Encoder_clr                   
000058c8  F6x8                          
000058ab  FLCTL_IRQHandler              
000058ab  FPU_IRQHandler                
00003dcd  GET_encoder_dir               
00003d91  GET_encoder_num               
00005741  GPIO_setAsOutputPin           
00005845  GPIO_setOutputHighOnPin       
000057fd  GPIO_setOutputLowOnPin        
000058ab  HardFault_Handler             
00005af0  Hzk                           
20002a80  IRQ3_5flag                    
20002a81  IRQ4_6flag                    
00005765  Interrupt_setPriority         
0000332d  MCLK_set                      
000058ab  MemManage_Handler             
000058ab  NMI_Handler                   
0000214b  OLED_Clear                    
0000212f  OLED_Display_Off              
00002113  OLED_Display_On               
00002499  OLED_DrawBMP                  
00002549  OLED_Init                     
00001ec1  OLED_PutPixel                 
000020d7  OLED_Set_Pos                  
000023e3  OLED_ShowCHinese              
000021b9  OLED_ShowChar                 
0000227d  OLED_ShowNum                  
00002381  OLED_ShowString               
00002351  OLED_Showfloat                
00002047  OLED_WR_Byte                  
00001f31  OLED_pos_clr                  
00003e4d  OLED_show                     
20002800  Oscill_data_buff              
000058ab  PCM_IRQHandler                
00002d3d  PORT1_IRQHandler              
00002d3d  PORT1_IRQHandler              
00002de3  PORT2_IRQHandler              
00002de3  PORT2_IRQHandler              
00002eaf  PORT3_IRQHandler              
00002eaf  PORT3_IRQHandler              
00002f67  PORT4_IRQHandler              
00002f67  PORT4_IRQHandler              
00003045  PORT5_IRQHandler              
00003045  PORT5_IRQHandler              
00003119  PORT6_IRQHandler              
00003119  PORT6_IRQHandler              
000058ab  PSS_IRQHandler                
000058ab  PendSV_Handler                
000058ab  RTC_C_IRQHandler              
0000589f  Reset_Handler                 
0000344d  SMCLK_set                     
000058ab  SVC_Handler                   
000036f3  SysTick_Handler               
000036f3  SysTick_Handler               
20002aa0  SystemCoreClock               
00003f71  SystemCoreClockUpdate         
000041e9  SystemInit                    
000058ab  T32_INT1_IRQHandler           
000058ab  T32_INT2_IRQHandler           
000058ab  T32_INTC_IRQHandler           
000031f5  TA0_0_IRQHandler              
000031f5  TA0_0_IRQHandler              
000058ab  TA0_N_IRQHandler              
00003201  TA1_0_IRQHandler              
00003201  TA1_0_IRQHandler              
000058ab  TA1_N_IRQHandler              
0000320d  TA2_0_IRQHandler              
0000320d  TA2_0_IRQHandler              
000058ab  TA2_N_IRQHandler              
0000321d  TA3_0_IRQHandler              
0000321d  TA3_0_IRQHandler              
000058ab  TA3_N_IRQHandler              
00004933  TimerA_CCR0INT_init           
00003b55  TimerA_CCRVAL_set             
00004983  TimerA_CCRnINT_init           
0000381f  TimerA_CLK_set                
00003779  TimerA_MOD_sel                
0000392b  TimerA_NVIC_IRQ_set           
00003aa5  TimerA_disable_CCRnIRQ        
000039e7  TimerA_enable_CCRnIRQ         
00002921  UART_Baunds_set               
00002815  UART_CLK_sel                  
00002719  UART_IRQRX_set                
0000269d  UART_IRQ_set                  
000027c1  UART_PIN_sel                  
0000276d  UART_USIC_init                
00002af5  UART_init                     
00002ba9  UART_recv_Byte                
00002b39  UART_send_Byte                
00002c6d  UART_send_int                 
00002c25  UART_send_short               
00002bf7  UART_send_string              
000058ab  UsageFault_Handler            
4000480c  WDTCTL_SYM                    
000058ab  WDT_A_IRQHandler              
20010000  __STACK_END                   
00000200  __STACK_SIZE                  
00005e68  __TI_CINIT_Base               
00005e78  __TI_CINIT_Limit              
00005e50  __TI_Handler_Table_Base       
00005e5c  __TI_Handler_Table_Limit      
000055e1  __TI_auto_init_nobinit_nopinit
00005385  __TI_decompress_lzss          
00005891  __TI_decompress_none          
000054a7  __TI_ltoa                     
ffffffff  __TI_pprof_out_hndl           
00000b81  __TI_printfi                  
ffffffff  __TI_prof_data_size           
ffffffff  __TI_prof_data_start          
00000000  __TI_static_base__            
000057a9  __TI_zero_init_nomemset       
00005191  __aeabi_cdcmpeq               
00005191  __aeabi_cdcmple               
00005217  __aeabi_cdrcmple              
00005599  __aeabi_d2iz                  
000046ef  __aeabi_dadd                  
00004b45  __aeabi_ddiv                  
00004eb1  __aeabi_dmul                  
000046e5  __aeabi_dsub                  
000058b9  __aeabi_errno_addr            
000056a3  __aeabi_f2d                   
00005711  __aeabi_i2d                   
000015cf  __aeabi_idiv0                 
000015cf  __aeabi_ldiv0                 
0000529d  __aeabi_memclr                
0000529d  __aeabi_memclr4               
0000529d  __aeabi_memclr8               
0000505f  __aeabi_memcpy                
0000505f  __aeabi_memcpy4               
0000505f  __aeabi_memcpy8               
0000529f  __aeabi_memset                
0000529f  __aeabi_memset4               
0000529f  __aeabi_memset8               
00005789  __aeabi_ui2d                  
000050fb  __aeabi_uldivmod              
ffffffff  __binit__                     
ffffffff  __c_args__                    
UNDEFED   __mpu_init                    
2000fe00  __stack                       
20000000  __start___llvm_prf_cnts       
20000000  __stop___llvm_prf_cnts        
000056dd  _c_int00_noargs               
00005cb0  _ctypes_                      
UNDEFED   _system_post_cinit            
000058c1  _system_pre_init              
000058c5  abort                         
0000554d  atoi                          
ffffffff  binit                         
20002400  bmp                           
20002000  bmp2                          
000057e1  copysign                      
000057e1  copysignl                     
20002a74  count                         
20002a68  dirf                          
20002aec  encoder_A                     
20002af4  encoder_B                     
20002afc  encoder_C                     
20002b04  encoder_D                     
00003be5  encoder_IncTypeDef_init       
00003c41  encoder_dirpin_init           
00003ce9  encoder_init                  
00003c99  encoder_interrupt_init        
20002a9c  errno                         
0000327d  error                         
000053ed  frexp                         
000053ed  frexpl                        
000006bf  gpio_clr_GPIOIRQFLG           
0000064d  gpio_disable_IRQ              
000004cd  gpio_disable_Ren              
00000741  gpio_edg_sel                  
000005b5  gpio_enable_IRQ               
0000040d  gpio_enable_Ren               
00000951  gpio_get                      
000008c1  gpio_init                     
00000861  gpio_interrupt_INIT           
00000a41  gpio_set                      
000001a5  gpio_set_Asin                 
000000e5  gpio_set_Asout                
00000265  gpio_set_High                 
00000325  gpio_set_Low                  
00000a71  gpio_toggle                   
00000000  interruptVectors              
00004da1  ldexp                         
00004da1  ldexpl                        
0000586d  main                          
000057c5  memccpy                       
0000505f  memcpy                        
000052a5  memset                        
00002243  oled_pow                      
00001f65  oled_update                   
20002ad4  oscill1                       
20002a6c  page_count                    
0000489d  period_cvert                  
00004da1  scalbn                        
00004da1  scalbnl                       
20000000  screen_buf                    
00003575  set_DCO_48MH                  
0000360d  set_clock_period              
00005625  sprintf                       
20002a70  start_flag                    
0000582d  strchr                        
00005859  strlen                        
20002a8c  sysc                          
000036d3  system_init                   
000036c5  systic_clr                    
0000371b  systic_delayms                
000036fd  systic_delayus                
00003651  systic_end                    
00003617  systic_init                   
00003665  systic_read                   
0000363b  systic_start                  
20002a90  systim                        
20002a78  testA                         
20002a7c  testB                         
20002a88  time_counter                  
20002a84  timerAcapturePointer          
0000587f  wcslen                        


GLOBAL SYMBOLS: SORTED BY Symbol Address 

address   name                          
-------   ----                          
00000000  __TI_static_base__            
00000000  interruptVectors              
000000e5  gpio_set_Asout                
000001a5  gpio_set_Asin                 
00000200  __STACK_SIZE                  
00000265  gpio_set_High                 
00000325  gpio_set_Low                  
0000040d  gpio_enable_Ren               
000004cd  gpio_disable_Ren              
000005b5  gpio_enable_IRQ               
0000064d  gpio_disable_IRQ              
000006bf  gpio_clr_GPIOIRQFLG           
00000741  gpio_edg_sel                  
00000861  gpio_interrupt_INIT           
000008c1  gpio_init                     
00000951  gpio_get                      
00000a41  gpio_set                      
00000a71  gpio_toggle                   
00000b81  __TI_printfi                  
000015cf  __aeabi_idiv0                 
000015cf  __aeabi_ldiv0                 
000015d1  ADC14_convert_enable          
000015dd  ADC14_convert_disable         
000015e9  ADC14_convert_start           
000015f5  ADC14_convert_end             
00001601  ADC14_start                   
0000169f  ADC14_read_data               
00001815  ADC14_CHA_sel                 
00001929  ADC14_CLK_sel                 
00001a27  ADC14_PREC_sel                
00001a81  ADC14_init                    
00001ae1  ADC14_CHAEND_set              
00001bd9  ADC14_MEM_set                 
00001cdd  ADC14_IRQFG_set               
00001d69  ADC14_repeatmod_init          
00001de1  ADC14_repeatmod_rec           
00001e35  ADC14_IRQHandler              
00001e35  ADC14_IRQHandler              
00001ec1  OLED_PutPixel                 
00001f31  OLED_pos_clr                  
00001f65  oled_update                   
00002047  OLED_WR_Byte                  
000020d7  OLED_Set_Pos                  
00002113  OLED_Display_On               
0000212f  OLED_Display_Off              
0000214b  OLED_Clear                    
000021b9  OLED_ShowChar                 
00002243  oled_pow                      
0000227d  OLED_ShowNum                  
00002351  OLED_Showfloat                
00002381  OLED_ShowString               
000023e3  OLED_ShowCHinese              
00002499  OLED_DrawBMP                  
00002549  OLED_Init                     
0000269d  UART_IRQ_set                  
00002719  UART_IRQRX_set                
0000276d  UART_USIC_init                
000027c1  UART_PIN_sel                  
00002815  UART_CLK_sel                  
00002921  UART_Baunds_set               
00002af5  UART_init                     
00002b39  UART_send_Byte                
00002ba9  UART_recv_Byte                
00002bf7  UART_send_string              
00002c25  UART_send_short               
00002c6d  UART_send_int                 
00002ca3  EUSCIA0_IRQHandler            
00002ca3  EUSCIA0_IRQHandler            
00002cad  EUSCIA1_IRQHandler            
00002cad  EUSCIA1_IRQHandler            
00002cc1  EUSCIA2_IRQHandler            
00002cc1  EUSCIA2_IRQHandler            
00002ccb  EUSCIA3_IRQHandler            
00002ccb  EUSCIA3_IRQHandler            
00002d3d  PORT1_IRQHandler              
00002d3d  PORT1_IRQHandler              
00002de3  PORT2_IRQHandler              
00002de3  PORT2_IRQHandler              
00002eaf  PORT3_IRQHandler              
00002eaf  PORT3_IRQHandler              
00002f67  PORT4_IRQHandler              
00002f67  PORT4_IRQHandler              
00003045  PORT5_IRQHandler              
00003045  PORT5_IRQHandler              
00003119  PORT6_IRQHandler              
00003119  PORT6_IRQHandler              
000031f5  TA0_0_IRQHandler              
000031f5  TA0_0_IRQHandler              
00003201  TA1_0_IRQHandler              
00003201  TA1_0_IRQHandler              
0000320d  TA2_0_IRQHandler              
0000320d  TA2_0_IRQHandler              
0000321d  TA3_0_IRQHandler              
0000321d  TA3_0_IRQHandler              
0000327d  error                         
000032a5  CS_unlocked                   
000032af  CS_locked                     
000032b7  DCO_set                       
0000332d  MCLK_set                      
0000344d  SMCLK_set                     
00003575  set_DCO_48MH                  
0000360d  set_clock_period              
00003617  systic_init                   
0000363b  systic_start                  
00003651  systic_end                    
00003665  systic_read                   
000036c5  systic_clr                    
000036d3  system_init                   
000036f3  SysTick_Handler               
000036f3  SysTick_Handler               
000036fd  systic_delayus                
0000371b  systic_delayms                
00003779  TimerA_MOD_sel                
0000381f  TimerA_CLK_set                
0000392b  TimerA_NVIC_IRQ_set           
000039e7  TimerA_enable_CCRnIRQ         
00003aa5  TimerA_disable_CCRnIRQ        
00003b55  TimerA_CCRVAL_set             
00003be5  encoder_IncTypeDef_init       
00003c41  encoder_dirpin_init           
00003c99  encoder_interrupt_init        
00003ce9  encoder_init                  
00003d91  GET_encoder_num               
00003dcd  GET_encoder_dir               
00003e09  Encoder_clr                   
00003e4d  OLED_show                     
00003ef5  ENCODER_TEST                  
00003f71  SystemCoreClockUpdate         
000041e9  SystemInit                    
000046e5  __aeabi_dsub                  
000046ef  __aeabi_dadd                  
0000489d  period_cvert                  
00004933  TimerA_CCR0INT_init           
00004983  TimerA_CCRnINT_init           
00004b45  __aeabi_ddiv                  
00004da1  ldexp                         
00004da1  ldexpl                        
00004da1  scalbn                        
00004da1  scalbnl                       
00004eb1  __aeabi_dmul                  
0000505f  __aeabi_memcpy                
0000505f  __aeabi_memcpy4               
0000505f  __aeabi_memcpy8               
0000505f  memcpy                        
000050fb  __aeabi_uldivmod              
00005191  __aeabi_cdcmpeq               
00005191  __aeabi_cdcmple               
00005217  __aeabi_cdrcmple              
0000529d  __aeabi_memclr                
0000529d  __aeabi_memclr4               
0000529d  __aeabi_memclr8               
0000529f  __aeabi_memset                
0000529f  __aeabi_memset4               
0000529f  __aeabi_memset8               
000052a5  memset                        
00005385  __TI_decompress_lzss          
000053ed  frexp                         
000053ed  frexpl                        
000054a7  __TI_ltoa                     
0000554d  atoi                          
00005599  __aeabi_d2iz                  
000055e1  __TI_auto_init_nobinit_nopinit
00005625  sprintf                       
000056a3  __aeabi_f2d                   
000056dd  _c_int00_noargs               
00005711  __aeabi_i2d                   
00005741  GPIO_setAsOutputPin           
00005765  Interrupt_setPriority         
00005789  __aeabi_ui2d                  
000057a9  __TI_zero_init_nomemset       
000057c5  memccpy                       
000057e1  copysign                      
000057e1  copysignl                     
000057fd  GPIO_setOutputLowOnPin        
0000582d  strchr                        
00005845  GPIO_setOutputHighOnPin       
00005859  strlen                        
0000586d  main                          
0000587f  wcslen                        
00005891  __TI_decompress_none          
0000589f  Reset_Handler                 
000058ab  AES256_IRQHandler             
000058ab  BusFault_Handler              
000058ab  COMP_E0_IRQHandler            
000058ab  COMP_E1_IRQHandler            
000058ab  CS_IRQHandler                 
000058ab  DMA_ERR_IRQHandler            
000058ab  DMA_INT0_IRQHandler           
000058ab  DMA_INT1_IRQHandler           
000058ab  DMA_INT2_IRQHandler           
000058ab  DMA_INT3_IRQHandler           
000058ab  DebugMon_Handler              
000058ab  Default_Handler               
000058ab  EUSCIB0_IRQHandler            
000058ab  EUSCIB1_IRQHandler            
000058ab  EUSCIB2_IRQHandler            
000058ab  EUSCIB3_IRQHandler            
000058ab  FLCTL_IRQHandler              
000058ab  FPU_IRQHandler                
000058ab  HardFault_Handler             
000058ab  MemManage_Handler             
000058ab  NMI_Handler                   
000058ab  PCM_IRQHandler                
000058ab  PSS_IRQHandler                
000058ab  PendSV_Handler                
000058ab  RTC_C_IRQHandler              
000058ab  SVC_Handler                   
000058ab  T32_INT1_IRQHandler           
000058ab  T32_INT2_IRQHandler           
000058ab  T32_INTC_IRQHandler           
000058ab  TA0_N_IRQHandler              
000058ab  TA1_N_IRQHandler              
000058ab  TA2_N_IRQHandler              
000058ab  TA3_N_IRQHandler              
000058ab  UsageFault_Handler            
000058ab  WDT_A_IRQHandler              
000058b9  __aeabi_errno_addr            
000058c1  _system_pre_init              
000058c5  C$$EXIT                       
000058c5  abort                         
000058c8  F6x8                          
00005af0  Hzk                           
00005cb0  _ctypes_                      
00005e50  __TI_Handler_Table_Base       
00005e5c  __TI_Handler_Table_Limit      
00005e68  __TI_CINIT_Base               
00005e78  __TI_CINIT_Limit              
20000000  __start___llvm_prf_cnts       
20000000  __stop___llvm_prf_cnts        
20000000  screen_buf                    
20002000  bmp2                          
20002400  bmp                           
20002800  Oscill_data_buff              
20002a00  CCRn_period_val               
20002a68  dirf                          
20002a6c  page_count                    
20002a70  start_flag                    
20002a74  count                         
20002a78  testA                         
20002a7c  testB                         
20002a80  IRQ3_5flag                    
20002a81  IRQ4_6flag                    
20002a82  A_flag                        
20002a83  B_flag                        
20002a84  timerAcapturePointer          
20002a88  time_counter                  
20002a8c  sysc                          
20002a90  systim                        
20002a9c  errno                         
20002aa0  SystemCoreClock               
20002aa4  ADC14_STRUCT                  
20002ad4  oscill1                       
20002aec  encoder_A                     
20002af4  encoder_B                     
20002afc  encoder_C                     
20002b04  encoder_D                     
2000fe00  __stack                       
20010000  __STACK_END                   
4000480c  WDTCTL_SYM                    
ffffffff  __TI_pprof_out_hndl           
ffffffff  __TI_prof_data_size           
ffffffff  __TI_prof_data_start          
ffffffff  __binit__                     
ffffffff  __c_args__                    
ffffffff  binit                         
UNDEFED   __mpu_init                    
UNDEFED   _system_post_cinit            

[267 symbols]
