******************************************************************************
                  TI ARM Linker PC v20.2.1                     
******************************************************************************
>> Linked Wed Mar 30 20:30:17 2022

OUTPUT FILE NAME:   <1.Exin_AB_encoder.out>
ENTRY POINT SYMBOL: "_c_int00_noargs"  address: 00006e79


MEMORY CONFIGURATION

         name            origin    length      used     unused   attr    fill
----------------------  --------  ---------  --------  --------  ----  --------
  MAIN                  00000000   00040000  00007f44  000380bc  R  X
  INFO                  00200000   00004000  00000000  00004000  R  X
  SRAM_CODE             01000000   00010000  000026c0  0000d940  RW X
  SRAM_DATA             20000000   00010000  000026c0  0000d940  RW  


SEGMENT ALLOCATION MAP

run origin  load origin   length   init length attrs members
----------  ----------- ---------- ----------- ----- -------
00000000    00000000    00007f48   00007f48    r-x
  00000000    00000000    000000e4   000000e4    r-- .intvecs
  000000e4    000000e4    00006f2c   00006f2c    r-x .text
  00007010    00007010    00000bb4   00000bb4    r-- .const
  00007bc8    00007bc8    00000380   00000380    r-- .cinit
20000000    20000000    000024c0   00000000    rw-
  20000000    20000000    0000246c   00000000    rw- .data
  2000246c    2000246c    00000054   00000000    rw- .bss
2000fe00    2000fe00    00000200   00000000    rw-
  2000fe00    2000fe00    00000200   00000000    rw- .stack


SECTION ALLOCATION MAP

 output                                  attributes/
section   page    origin      length       input sections
--------  ----  ----------  ----------   ----------------
.intvecs   0    00000000    000000e4     
                  00000000    000000e4     startup_msp432p401r_ccs.obj (.intvecs:retain)

.text      0    000000e4    00006f2c     
                  000000e4    00001c20     exinoled.obj (.text)
                  00001d04    00000a9c     exingpio.obj (.text)
                  000027a0    00000a4e     rtsv7M4_T_le_v4SPD16_eabi.lib : _printfi.c.obj (.text:__TI_printfi)
                  000031ee    00000002                                   : div0.asm.obj (.text)
                  000031f0    000008f0     exinADC.obj (.text)
                  00003ae0    00000838     exinuart.obj (.text)
                  00004318    00000600     exinTimerA.obj (.text)
                  00004918    00000540     exinisr.obj (.text)
                  00004e58    000004fc     exinsystem.obj (.text)
                  00005354    000003b4     exinencoder.obj (.text)
                  00005708    00000334     system_msp432p401r.obj (.text)
                  00005a3c    00000270     rtsv7M4_T_le_v4SPD16_eabi.lib : _printfi.c.obj (.text:_pconv_a)
                  00005cac    000001d0                                   : _printfi.c.obj (.text:_pconv_g)
                  00005e7c    000001b6                                   : fd_add_t2.asm.obj (.text)
                  00006032    00000002     --HOLE-- [fill = 0]
                  00006034    00000170     exinTimerAINT.obj (.text)
                  000061a4    0000013c     rtsv7M4_T_le_v4SPD16_eabi.lib : _printfi.c.obj (.text:_pconv_e)
                  000062e0    00000136                                   : fd_div_t2.asm.obj (.text)
                  00006416    00000002     --HOLE-- [fill = 0]
                  00006418    00000124                                   : _printfi.c.obj (.text:fcvt)
                  0000653c    00000110                                   : s_scalbn.c.obj (.text:scalbn)
                  0000664c    000000fc                                   : fd_mul_t2.asm.obj (.text)
                  00006748    000000b1                                   : _printfi.c.obj (.text:_ltostr)
                  000067f9    00000001     --HOLE-- [fill = 0]
                  000067fa    0000009c                                   : memcpy_t2.asm.obj (.text)
                  00006896    00000096                                   : ull_div_t2.asm.obj (.text)
                  0000692c    00000086                                   : fd_cmp_t2.asm.obj (.text:__aeabi_cdcmple)
                  000069b2    00000086                                   : fd_cmp_t2.asm.obj (.text:__aeabi_cdrcmple)
                  00006a38    0000007a                                   : memset_t2.asm.obj (.text)
                  00006ab2    0000006e                                   : _printfi.c.obj (.text:_mcpy)
                  00006b20    00000068                                   : copy_decompress_lzss.c.obj (.text:decompress:lzss:__TI_decompress_lzss)
                  00006b88    00000064                                   : s_frexp.c.obj (.text:frexp)
                  00006bec    00000056                                   : _printfi.c.obj (.text:_pconv_f)
                  00006c42    00000054                                   : _ltoa.c.obj (.text:__TI_ltoa)
                  00006c96    00000052                                   : _printfi.c.obj (.text:_ecpy)
                  00006ce8    0000004c                                   : atoi.c.obj (.text:atoi)
                  00006d34    00000048                                   : fd_toi_t2.asm.obj (.text)
                  00006d7c    00000044                                   : autoinit.c.obj (.text:__TI_auto_init_nobinit_nopinit:__TI_auto_init_nobinit_nopinit)
                  00006dc0    00000040                                   : sprintf.c.obj (.text:sprintf)
                  00006e00    0000003e                                   : _printfi.c.obj (.text:_fcpy)
                  00006e3e    00000038                                   : fs_tod_t2.asm.obj (.text)
                  00006e76    00000002     --HOLE-- [fill = 0]
                  00006e78    00000034                                   : boot_cortex_m.c.obj (.text:_c_int00_noargs:_c_int00_noargs)
                  00006eac    0000002e                                   : i_tofd_t2.asm.obj (.text)
                  00006eda    00000002     --HOLE-- [fill = 0]
                  00006edc    00000024     msp432p4xx_driverlib.lib : interrupt.o (.text:Interrupt_setPriority)
                  00006f00    00000020     rtsv7M4_T_le_v4SPD16_eabi.lib : u_tofd_t2.asm.obj (.text)
                  00006f20    0000001c                                   : copy_zero_init.c.obj (.text:decompress:ZI:__TI_zero_init_nomemset:__TI_zero_init_nomemset)
                  00006f3c    0000001c                                   : memccpy.c.obj (.text:memccpy)
                  00006f58    0000001a                                   : s_copysign.c.obj (.text:copysign)
                  00006f72    00000018                                   : sprintf.c.obj (.text:_outs)
                  00006f8a    00000016                                   : strchr.c.obj (.text:strchr)
                  00006fa0    00000014                                   : strlen.c.obj (.text:strlen)
                  00006fb4    00000012     main.obj (.text)
                  00006fc6    00000012     rtsv7M4_T_le_v4SPD16_eabi.lib : wcslen.c.obj (.text:wcslen)
                  00006fd8    0000000e                                   : copy_decompress_none.c.obj (.text:decompress:none:__TI_decompress_none)
                  00006fe6    0000000e     startup_msp432p401r_ccs.obj (.text)
                  00006ff4    0000000a     rtsv7M4_T_le_v4SPD16_eabi.lib : sprintf.c.obj (.text:_outc)
                  00006ffe    00000002     --HOLE-- [fill = 0]
                  00007000    00000008                                   : errno.c.obj (.text:__aeabi_errno_addr)
                  00007008    00000004                                   : pre_init.c.obj (.text:_system_pre_init)
                  0000700c    00000004                                   : exit.c.obj (.text:abort:abort)

.const     0    00007010    00000bb4     
                  00007010    000005f0     exinoled.obj (.const:.string:F8x16)
                  00007600    00000228     exinoled.obj (.const:F6x8)
                  00007828    00000180     exinoled.obj (.const:Chiness)
                  000079a8    00000101     rtsv7M4_T_le_v4SPD16_eabi.lib : ctype.c.obj (.const:.string:_ctypes_)
                  00007aa9    00000003     --HOLE-- [fill = 0]
                  00007aac    000000a0     exinuart.obj (.const:FP_N)
                  00007b4c    00000050     msp432p4xx_driverlib.lib : interrupt.o (.const:g_pulRegs)
                  00007b9c    00000028     exinuart.obj (.const:.string:BRS)

.cinit     0    00007bc8    00000380     
                  00007bc8    00000357     (.cinit..data.load) [load image, compression = lzss]
                  00007f1f    00000001     --HOLE-- [fill = 0]
                  00007f20    0000000c     (__TI_handler_table)
                  00007f2c    00000004     --HOLE-- [fill = 0]
                  00007f30    00000008     (.cinit..bss.load) [load image, compression = zero_init]
                  00007f38    00000010     (__TI_cinit_table)

.init_array 
*          0    00000000    00000000     UNINITIALIZED

.binit     0    00000000    00000000     

.data      0    20000000    0000246c     UNINITIALIZED
                  20000000    00002000     exinoled.obj (.data:bmp_pixel1)
                  20002000    00000400     exinoled.obj (.data:GDDRAM)
                  20002400    00000038     exinTimerAINT.obj (.data:CCRn_period_val)
                  20002438    0000001c     exinadjust.obj (.data)
                  20002454    00000008     exinsystem.obj (.data)
                  2000245c    00000008     exinuart.obj (.data)
                  20002464    00000004     rtsv7M4_T_le_v4SPD16_eabi.lib : errno.c.obj (.data)
                  20002468    00000004     system_msp432p401r.obj (.data)

.bss       0    2000246c    00000054     UNINITIALIZED
                  2000246c    00000030     (.common:ADC14_STRUCT)
                  2000249c    00000008     (.common:encoder_A)
                  200024a4    00000008     (.common:encoder_B)
                  200024ac    00000008     (.common:encoder_C)
                  200024b4    00000008     (.common:encoder_D)
                  200024bc    00000004     exinsystem.obj (.bss)

.stack     0    2000fe00    00000200     UNINITIALIZED
                  2000fe00    00000004     rtsv7M4_T_le_v4SPD16_eabi.lib : boot_cortex_m.c.obj (.stack)
                  2000fe04    000001fc     --HOLE--

__llvm_prf_cnts 
*          0    20000000    00000000     UNINITIALIZED

MODULE SUMMARY

       Module                        code    ro data   rw data
       ------                        ----    -------   -------
    .\
       system_msp432p401r.obj        820     0         8      
       startup_msp432p401r_ccs.obj   14      228       0      
       main.obj                      18      0         96     
    +--+-----------------------------+-------+---------+---------+
       Total:                        852     228       104    
                                                              
    .\exinlibs\
       exinoled.obj                  7200    2456      18432  
       exingpio.obj                  2716    0         0      
       exinuart.obj                  2104    200       16     
       exinADC.obj                   2288    0         0      
       exinTimerA.obj                1536    0         0      
       exinisr.obj                   1344    0         0      
       exinsystem.obj                1276    0         24     
       exinencoder.obj               948     0         64     
       exinTimerAINT.obj             368     0         112    
       exinadjust.obj                0       0         56     
    +--+-----------------------------+-------+---------+---------+
       Total:                        19780   2656      18704  
                                                              
    C:/ti/msp/MSP432Ware_3_40_00_25/driverlib/driverlib/MSP432P4xx/ccs/msp432p4xx_driverlib.lib
       interrupt.o                   36      80        0      
    +--+-----------------------------+-------+---------+---------+
       Total:                        36      80        0      
                                                              
    D:\CCS\ccs\tools\compiler\ti-cgt-arm_20.2.1.LTS\lib\rtsv7M4_T_le_v4SPD16_eabi.lib
       _printfi.c.obj                4851    0         0      
       fd_add_t2.asm.obj             438     0         0      
       fd_div_t2.asm.obj             310     0         0      
       s_scalbn.c.obj                272     0         0      
       fd_cmp_t2.asm.obj             268     0         0      
       ctype.c.obj                   0       257       0      
       fd_mul_t2.asm.obj             252     0         0      
       memcpy_t2.asm.obj             156     0         0      
       ull_div_t2.asm.obj            150     0         0      
       memset_t2.asm.obj             122     0         0      
       copy_decompress_lzss.c.obj    104     0         0      
       s_frexp.c.obj                 100     0         0      
       sprintf.c.obj                 98      0         0      
       _ltoa.c.obj                   84      0         0      
       atoi.c.obj                    76      0         0      
       fd_toi_t2.asm.obj             72      0         0      
       autoinit.c.obj                68      0         0      
       fs_tod_t2.asm.obj             56      0         0      
       boot_cortex_m.c.obj           52      0         0      
       i_tofd_t2.asm.obj             46      0         0      
       u_tofd_t2.asm.obj             32      0         0      
       copy_zero_init.c.obj          28      0         0      
       memccpy.c.obj                 28      0         0      
       s_copysign.c.obj              26      0         0      
       strchr.c.obj                  22      0         0      
       strlen.c.obj                  20      0         0      
       wcslen.c.obj                  18      0         0      
       errno.c.obj                   8       0         8      
       copy_decompress_none.c.obj    14      0         0      
       exit.c.obj                    4       0         0      
       pre_init.c.obj                4       0         0      
       div0.asm.obj                  2       0         0      
    +--+-----------------------------+-------+---------+---------+
       Total:                        7781    257       8      
                                                              
       Stack:                        0       0         1024   
       Linker Generated:             0       891       0      
    +--+-----------------------------+-------+---------+---------+
       Grand Total:                  28449   4112      19840  


LINKER GENERATED COPY TABLES

__TI_cinit_table @ 00007f38 records: 2, size/record: 8, table size: 16
	.data: load addr=00007bc8, load size=00000357 bytes, run addr=20000000, run size=0000246c bytes, compression=lzss
	.bss: load addr=00007f30, load size=00000008 bytes, run addr=2000246c, run size=00000054 bytes, compression=zero_init


LINKER GENERATED HANDLER TABLE

__TI_handler_table @ 00007f20 records: 3, size/record: 4, table size: 12
	index: 0, handler: __TI_decompress_lzss
	index: 1, handler: __TI_decompress_none
	index: 2, handler: __TI_zero_init


GLOBAL SYMBOLS: SORTED ALPHABETICALLY BY Name 

address   name                          
-------   ----                          
00003701  ADC14_CHAEND_set              
00003435  ADC14_CHA_sel                 
00003549  ADC14_CLK_sel                 
000038fd  ADC14_IRQFG_set               
00003a55  ADC14_IRQHandler              
00003a55  ADC14_IRQHandler              
000037f9  ADC14_MEM_set                 
00003647  ADC14_PREC_sel                
2000246c  ADC14_STRUCT                  
000031fd  ADC14_convert_disable         
000031f1  ADC14_convert_enable          
00003215  ADC14_convert_end             
00003209  ADC14_convert_start           
000036a1  ADC14_init                    
000032bf  ADC14_read_data               
00003989  ADC14_repeatmod_init          
00003a01  ADC14_repeatmod_rec           
00003221  ADC14_start                   
00006ff3  AES256_IRQHandler             
20002452  A_flag                        
20002460  BRCLK                         
00007b9c  BRS                           
20002453  B_flag                        
00006ff3  BusFault_Handler              
0000700d  C$$EXIT                       
00004829  CCRn_MOD_sel                  
20002400  CCRn_period_val               
00006ff3  COMP_E0_IRQHandler            
00006ff3  COMP_E1_IRQHandler            
00006ff3  CS_IRQHandler                 
00004e8b  CS_locked                     
00004e81  CS_unlocked                   
00007828  Chiness                       
00004e93  DCO_set                       
00006ff3  DMA_ERR_IRQHandler            
00006ff3  DMA_INT0_IRQHandler           
00006ff3  DMA_INT1_IRQHandler           
00006ff3  DMA_INT2_IRQHandler           
00006ff3  DMA_INT3_IRQHandler           
00006ff3  DebugMon_Handler              
00006ff3  Default_Handler               
00005691  ENCODER_TEST                  
000042ad  EUSCIA0_IRQHandler            
000042ad  EUSCIA0_IRQHandler            
000042b7  EUSCIA1_IRQHandler            
000042b7  EUSCIA1_IRQHandler            
000042c9  EUSCIA2_IRQHandler            
000042c9  EUSCIA2_IRQHandler            
000042d9  EUSCIA3_IRQHandler            
000042d9  EUSCIA3_IRQHandler            
00006ff3  EUSCIB0_IRQHandler            
00006ff3  EUSCIB1_IRQHandler            
00006ff3  EUSCIB2_IRQHandler            
00006ff3  EUSCIB3_IRQHandler            
00005579  Encoder_clr                   
00007600  F6x8                          
00007010  F8x16                         
00006ff3  FLCTL_IRQHandler              
00006ff3  FPU_IRQHandler                
00007aac  FP_N                          
20002000  GDDRAM                        
00001535  GDDRAM_Map_clr                
0000158f  GDDRAM_Map_set                
0000553d  GET_encoder_dir               
00005501  GET_encoder_num               
00006ff3  HardFault_Handler             
20002450  IRQ3_5flag                    
20002451  IRQ4_6flag                    
00006edd  Interrupt_setPriority         
00004f09  MCLK_set                      
00006ff3  MemManage_Handler             
00006ff3  NMI_Handler                   
0000126f  OLED_Draw_Bmp                 
0000132d  OLED_Draw_BmpPixel            
00000b73  OLED_Draw_Circle              
00000361  OLED_Draw_Pixel               
00000acd  OLED_Draw_Rectangle           
00000479  OLED_Draw_line                
0000151b  OLED_OFF                      
00001505  OLED_ON                       
0000018d  OLED_SPI_configuration        
00000237  OLED_SPI_write_cmd            
0000026f  OLED_SPI_write_data           
000002a7  OLED_SetPos                   
00000c83  OLED_Show_Char                
00001161  OLED_Show_Hanzi               
00000eb1  OLED_Show_Num                 
00000e55  OLED_Show_String              
00000fd9  OLED_Show_float               
00000357  OLED_clr                      
000002df  OLED_fill                     
00001429  OLED_init                     
000055cd  OLED_show                     
000015cd  OLED_test                     
00006ff3  PCM_IRQHandler                
00004919  PORT1_IRQHandler              
00004919  PORT1_IRQHandler              
000049bf  PORT2_IRQHandler              
000049bf  PORT2_IRQHandler              
00004a8b  PORT3_IRQHandler              
00004a8b  PORT3_IRQHandler              
00004b43  PORT4_IRQHandler              
00004b43  PORT4_IRQHandler              
00004c21  PORT5_IRQHandler              
00004c21  PORT5_IRQHandler              
00004cf5  PORT6_IRQHandler              
00004cf5  PORT6_IRQHandler              
00006ff3  PSS_IRQHandler                
00006ff3  PendSV_Handler                
00006ff3  RTC_C_IRQHandler              
00006fe7  Reset_Handler                 
00005029  SMCLK_set                     
000001cd  SPI_write_byte                
00006ff3  SVC_Handler                   
000052cf  SysTick_Handler               
000052cf  SysTick_Handler               
20002468  SystemCoreClock               
00005709  SystemCoreClockUpdate         
00005981  SystemInit                    
00006ff3  T32_INT1_IRQHandler           
00006ff3  T32_INT2_IRQHandler           
00006ff3  T32_INTC_IRQHandler           
00004dd1  TA0_0_IRQHandler              
00004dd1  TA0_0_IRQHandler              
00006ff3  TA0_N_IRQHandler              
00004ddd  TA1_0_IRQHandler              
00004ddd  TA1_0_IRQHandler              
00006ff3  TA1_N_IRQHandler              
00004de9  TA2_0_IRQHandler              
00004de9  TA2_0_IRQHandler              
00006ff3  TA2_N_IRQHandler              
00004df9  TA3_0_IRQHandler              
00004df9  TA3_0_IRQHandler              
00006ff3  TA3_N_IRQHandler              
000060cb  TimerA_CCR0INT_init           
000047a9  TimerA_CCRVAL_set             
0000611d  TimerA_CCRnINT_init           
000043bf  TimerA_CLK_set                
00004319  TimerA_MOD_sel                
00004581  TimerA_NVIC_IRQ_set           
000046f9  TimerA_disable_CCRnIRQ        
00004649  TimerA_enable_CCRnIRQ         
2000245e  UART0_RXDat                   
2000245d  UART2_RXDat                   
2000245c  UART3_RXDat                   
00003d51  UART_BRS_val                  
00003e71  UART_Baunds_set               
00003c59  UART_CLK_sel                  
00003b5d  UART_IRQRX_set                
00003ae1  UART_IRQ_set                  
00003c05  UART_PIN_sel                  
00003bb1  UART_USIC_init                
000040a5  UART_init                     
00004185  UART_recv_Byte                
00004111  UART_send_Byte                
00004271  UART_send_int                 
00004215  UART_send_short               
000041d9  UART_send_string              
00006ff3  UsageFault_Handler            
4000480c  WDTCTL_SYM                    
00006ff3  WDT_A_IRQHandler              
20010000  __STACK_END                   
00000200  __STACK_SIZE                  
00007f38  __TI_CINIT_Base               
00007f48  __TI_CINIT_Limit              
00007f20  __TI_Handler_Table_Base       
00007f2c  __TI_Handler_Table_Limit      
00006d7d  __TI_auto_init_nobinit_nopinit
00006b21  __TI_decompress_lzss          
00006fd9  __TI_decompress_none          
00006c43  __TI_ltoa                     
ffffffff  __TI_pprof_out_hndl           
000027a1  __TI_printfi                  
ffffffff  __TI_prof_data_size           
ffffffff  __TI_prof_data_start          
00000000  __TI_static_base__            
00006f21  __TI_zero_init_nomemset       
0000692d  __aeabi_cdcmpeq               
0000692d  __aeabi_cdcmple               
000069b3  __aeabi_cdrcmple              
00006d35  __aeabi_d2iz                  
00005e87  __aeabi_dadd                  
000062e1  __aeabi_ddiv                  
0000664d  __aeabi_dmul                  
00005e7d  __aeabi_dsub                  
00007001  __aeabi_errno_addr            
00006e3f  __aeabi_f2d                   
00006ead  __aeabi_i2d                   
000031ef  __aeabi_idiv0                 
000031ef  __aeabi_ldiv0                 
00006a39  __aeabi_memclr                
00006a39  __aeabi_memclr4               
00006a39  __aeabi_memclr8               
000067fb  __aeabi_memcpy                
000067fb  __aeabi_memcpy4               
000067fb  __aeabi_memcpy8               
00006a3b  __aeabi_memset                
00006a3b  __aeabi_memset4               
00006a3b  __aeabi_memset8               
00006f01  __aeabi_ui2d                  
00006897  __aeabi_uldivmod              
ffffffff  __binit__                     
ffffffff  __c_args__                    
UNDEFED   __mpu_init                    
2000fe00  __stack                       
20000000  __start___llvm_prf_cnts       
20000000  __stop___llvm_prf_cnts        
00006e79  _c_int00_noargs               
000079a8  _ctypes_                      
UNDEFED   _system_post_cinit            
00007009  _system_pre_init              
0000700d  abort                         
00006ce9  atoi                          
ffffffff  binit                         
20000000  bmp_pixel1                    
00006f59  copysign                      
00006f59  copysignl                     
20002444  count                         
20002438  dirf                          
2000249c  encoder_A                     
200024a4  encoder_B                     
200024ac  encoder_C                     
200024b4  encoder_D                     
00005355  encoder_IncTypeDef_init       
000053b1  encoder_dirpin_init           
00005459  encoder_init                  
00005409  encoder_interrupt_init        
20002464  errno                         
00004e59  error                         
00006b89  frexp                         
00006b89  frexpl                        
000022df  gpio_clr_GPIOIRQFLG           
0000226d  gpio_disable_IRQ              
000020ed  gpio_disable_Ren              
00002361  gpio_edg_sel                  
000021d5  gpio_enable_IRQ               
0000202d  gpio_enable_Ren               
00002571  gpio_get                      
000024e1  gpio_init                     
00002481  gpio_interrupt_INIT           
00002661  gpio_set                      
00001dc5  gpio_set_Asin                 
00001d05  gpio_set_Asout                
00001e85  gpio_set_High                 
00001f45  gpio_set_Low                  
00002691  gpio_toggle                   
00000000  interruptVectors              
0000653d  ldexp                         
0000653d  ldexpl                        
00006fb5  main                          
00006f3d  memccpy                       
000067fb  memcpy                        
00006a41  memset                        
000000e5  num_pow                       
2000243c  page_count                    
00006035  period_cvert                  
0000653d  scalbn                        
0000653d  scalbnl                       
00005151  set_DCO_48MH                  
000051e9  set_clock_period              
00006dc1  sprintf                       
00000115  sqr                           
20002440  start_flag                    
00006f8b  strchr                        
00006fa1  strlen                        
20002454  sysc                          
000052af  system_init                   
000052a1  systic_clr                    
000052f7  systic_delayms                
000052d9  systic_delayus                
0000522d  systic_end                    
000051f3  systic_init                   
00005241  systic_read                   
00005217  systic_start                  
20002458  systim                        
20002448  testA                         
2000244c  testB                         
00006fc7  wcslen                        


GLOBAL SYMBOLS: SORTED BY Symbol Address 

address   name                          
-------   ----                          
00000000  __TI_static_base__            
00000000  interruptVectors              
000000e5  num_pow                       
00000115  sqr                           
0000018d  OLED_SPI_configuration        
000001cd  SPI_write_byte                
00000200  __STACK_SIZE                  
00000237  OLED_SPI_write_cmd            
0000026f  OLED_SPI_write_data           
000002a7  OLED_SetPos                   
000002df  OLED_fill                     
00000357  OLED_clr                      
00000361  OLED_Draw_Pixel               
00000479  OLED_Draw_line                
00000acd  OLED_Draw_Rectangle           
00000b73  OLED_Draw_Circle              
00000c83  OLED_Show_Char                
00000e55  OLED_Show_String              
00000eb1  OLED_Show_Num                 
00000fd9  OLED_Show_float               
00001161  OLED_Show_Hanzi               
0000126f  OLED_Draw_Bmp                 
0000132d  OLED_Draw_BmpPixel            
00001429  OLED_init                     
00001505  OLED_ON                       
0000151b  OLED_OFF                      
00001535  GDDRAM_Map_clr                
0000158f  GDDRAM_Map_set                
000015cd  OLED_test                     
00001d05  gpio_set_Asout                
00001dc5  gpio_set_Asin                 
00001e85  gpio_set_High                 
00001f45  gpio_set_Low                  
0000202d  gpio_enable_Ren               
000020ed  gpio_disable_Ren              
000021d5  gpio_enable_IRQ               
0000226d  gpio_disable_IRQ              
000022df  gpio_clr_GPIOIRQFLG           
00002361  gpio_edg_sel                  
00002481  gpio_interrupt_INIT           
000024e1  gpio_init                     
00002571  gpio_get                      
00002661  gpio_set                      
00002691  gpio_toggle                   
000027a1  __TI_printfi                  
000031ef  __aeabi_idiv0                 
000031ef  __aeabi_ldiv0                 
000031f1  ADC14_convert_enable          
000031fd  ADC14_convert_disable         
00003209  ADC14_convert_start           
00003215  ADC14_convert_end             
00003221  ADC14_start                   
000032bf  ADC14_read_data               
00003435  ADC14_CHA_sel                 
00003549  ADC14_CLK_sel                 
00003647  ADC14_PREC_sel                
000036a1  ADC14_init                    
00003701  ADC14_CHAEND_set              
000037f9  ADC14_MEM_set                 
000038fd  ADC14_IRQFG_set               
00003989  ADC14_repeatmod_init          
00003a01  ADC14_repeatmod_rec           
00003a55  ADC14_IRQHandler              
00003a55  ADC14_IRQHandler              
00003ae1  UART_IRQ_set                  
00003b5d  UART_IRQRX_set                
00003bb1  UART_USIC_init                
00003c05  UART_PIN_sel                  
00003c59  UART_CLK_sel                  
00003d51  UART_BRS_val                  
00003e71  UART_Baunds_set               
000040a5  UART_init                     
00004111  UART_send_Byte                
00004185  UART_recv_Byte                
000041d9  UART_send_string              
00004215  UART_send_short               
00004271  UART_send_int                 
000042ad  EUSCIA0_IRQHandler            
000042ad  EUSCIA0_IRQHandler            
000042b7  EUSCIA1_IRQHandler            
000042b7  EUSCIA1_IRQHandler            
000042c9  EUSCIA2_IRQHandler            
000042c9  EUSCIA2_IRQHandler            
000042d9  EUSCIA3_IRQHandler            
000042d9  EUSCIA3_IRQHandler            
00004319  TimerA_MOD_sel                
000043bf  TimerA_CLK_set                
00004581  TimerA_NVIC_IRQ_set           
00004649  TimerA_enable_CCRnIRQ         
000046f9  TimerA_disable_CCRnIRQ        
000047a9  TimerA_CCRVAL_set             
00004829  CCRn_MOD_sel                  
00004919  PORT1_IRQHandler              
00004919  PORT1_IRQHandler              
000049bf  PORT2_IRQHandler              
000049bf  PORT2_IRQHandler              
00004a8b  PORT3_IRQHandler              
00004a8b  PORT3_IRQHandler              
00004b43  PORT4_IRQHandler              
00004b43  PORT4_IRQHandler              
00004c21  PORT5_IRQHandler              
00004c21  PORT5_IRQHandler              
00004cf5  PORT6_IRQHandler              
00004cf5  PORT6_IRQHandler              
00004dd1  TA0_0_IRQHandler              
00004dd1  TA0_0_IRQHandler              
00004ddd  TA1_0_IRQHandler              
00004ddd  TA1_0_IRQHandler              
00004de9  TA2_0_IRQHandler              
00004de9  TA2_0_IRQHandler              
00004df9  TA3_0_IRQHandler              
00004df9  TA3_0_IRQHandler              
00004e59  error                         
00004e81  CS_unlocked                   
00004e8b  CS_locked                     
00004e93  DCO_set                       
00004f09  MCLK_set                      
00005029  SMCLK_set                     
00005151  set_DCO_48MH                  
000051e9  set_clock_period              
000051f3  systic_init                   
00005217  systic_start                  
0000522d  systic_end                    
00005241  systic_read                   
000052a1  systic_clr                    
000052af  system_init                   
000052cf  SysTick_Handler               
000052cf  SysTick_Handler               
000052d9  systic_delayus                
000052f7  systic_delayms                
00005355  encoder_IncTypeDef_init       
000053b1  encoder_dirpin_init           
00005409  encoder_interrupt_init        
00005459  encoder_init                  
00005501  GET_encoder_num               
0000553d  GET_encoder_dir               
00005579  Encoder_clr                   
000055cd  OLED_show                     
00005691  ENCODER_TEST                  
00005709  SystemCoreClockUpdate         
00005981  SystemInit                    
00005e7d  __aeabi_dsub                  
00005e87  __aeabi_dadd                  
00006035  period_cvert                  
000060cb  TimerA_CCR0INT_init           
0000611d  TimerA_CCRnINT_init           
000062e1  __aeabi_ddiv                  
0000653d  ldexp                         
0000653d  ldexpl                        
0000653d  scalbn                        
0000653d  scalbnl                       
0000664d  __aeabi_dmul                  
000067fb  __aeabi_memcpy                
000067fb  __aeabi_memcpy4               
000067fb  __aeabi_memcpy8               
000067fb  memcpy                        
00006897  __aeabi_uldivmod              
0000692d  __aeabi_cdcmpeq               
0000692d  __aeabi_cdcmple               
000069b3  __aeabi_cdrcmple              
00006a39  __aeabi_memclr                
00006a39  __aeabi_memclr4               
00006a39  __aeabi_memclr8               
00006a3b  __aeabi_memset                
00006a3b  __aeabi_memset4               
00006a3b  __aeabi_memset8               
00006a41  memset                        
00006b21  __TI_decompress_lzss          
00006b89  frexp                         
00006b89  frexpl                        
00006c43  __TI_ltoa                     
00006ce9  atoi                          
00006d35  __aeabi_d2iz                  
00006d7d  __TI_auto_init_nobinit_nopinit
00006dc1  sprintf                       
00006e3f  __aeabi_f2d                   
00006e79  _c_int00_noargs               
00006ead  __aeabi_i2d                   
00006edd  Interrupt_setPriority         
00006f01  __aeabi_ui2d                  
00006f21  __TI_zero_init_nomemset       
00006f3d  memccpy                       
00006f59  copysign                      
00006f59  copysignl                     
00006f8b  strchr                        
00006fa1  strlen                        
00006fb5  main                          
00006fc7  wcslen                        
00006fd9  __TI_decompress_none          
00006fe7  Reset_Handler                 
00006ff3  AES256_IRQHandler             
00006ff3  BusFault_Handler              
00006ff3  COMP_E0_IRQHandler            
00006ff3  COMP_E1_IRQHandler            
00006ff3  CS_IRQHandler                 
00006ff3  DMA_ERR_IRQHandler            
00006ff3  DMA_INT0_IRQHandler           
00006ff3  DMA_INT1_IRQHandler           
00006ff3  DMA_INT2_IRQHandler           
00006ff3  DMA_INT3_IRQHandler           
00006ff3  DebugMon_Handler              
00006ff3  Default_Handler               
00006ff3  EUSCIB0_IRQHandler            
00006ff3  EUSCIB1_IRQHandler            
00006ff3  EUSCIB2_IRQHandler            
00006ff3  EUSCIB3_IRQHandler            
00006ff3  FLCTL_IRQHandler              
00006ff3  FPU_IRQHandler                
00006ff3  HardFault_Handler             
00006ff3  MemManage_Handler             
00006ff3  NMI_Handler                   
00006ff3  PCM_IRQHandler                
00006ff3  PSS_IRQHandler                
00006ff3  PendSV_Handler                
00006ff3  RTC_C_IRQHandler              
00006ff3  SVC_Handler                   
00006ff3  T32_INT1_IRQHandler           
00006ff3  T32_INT2_IRQHandler           
00006ff3  T32_INTC_IRQHandler           
00006ff3  TA0_N_IRQHandler              
00006ff3  TA1_N_IRQHandler              
00006ff3  TA2_N_IRQHandler              
00006ff3  TA3_N_IRQHandler              
00006ff3  UsageFault_Handler            
00006ff3  WDT_A_IRQHandler              
00007001  __aeabi_errno_addr            
00007009  _system_pre_init              
0000700d  C$$EXIT                       
0000700d  abort                         
00007010  F8x16                         
00007600  F6x8                          
00007828  Chiness                       
000079a8  _ctypes_                      
00007aac  FP_N                          
00007b9c  BRS                           
00007f20  __TI_Handler_Table_Base       
00007f2c  __TI_Handler_Table_Limit      
00007f38  __TI_CINIT_Base               
00007f48  __TI_CINIT_Limit              
20000000  __start___llvm_prf_cnts       
20000000  __stop___llvm_prf_cnts        
20000000  bmp_pixel1                    
20002000  GDDRAM                        
20002400  CCRn_period_val               
20002438  dirf                          
2000243c  page_count                    
20002440  start_flag                    
20002444  count                         
20002448  testA                         
2000244c  testB                         
20002450  IRQ3_5flag                    
20002451  IRQ4_6flag                    
20002452  A_flag                        
20002453  B_flag                        
20002454  sysc                          
20002458  systim                        
2000245c  UART3_RXDat                   
2000245d  UART2_RXDat                   
2000245e  UART0_RXDat                   
20002460  BRCLK                         
20002464  errno                         
20002468  SystemCoreClock               
2000246c  ADC14_STRUCT                  
2000249c  encoder_A                     
200024a4  encoder_B                     
200024ac  encoder_C                     
200024b4  encoder_D                     
2000fe00  __stack                       
20010000  __STACK_END                   
4000480c  WDTCTL_SYM                    
ffffffff  __TI_pprof_out_hndl           
ffffffff  __TI_prof_data_size           
ffffffff  __TI_prof_data_start          
ffffffff  __binit__                     
ffffffff  __c_args__                    
ffffffff  binit                         
UNDEFED   __mpu_init                    
UNDEFED   _system_post_cinit            

[278 symbols]
