******************************************************************************
                  TI ARM Linker PC v20.2.1                     
******************************************************************************
>> Linked Fri Dec 31 18:22:41 2021

OUTPUT FILE NAME:   <1.Exin_AB_encoder.out>
ENTRY POINT SYMBOL: "_c_int00_noargs"  address: 0000593d


MEMORY CONFIGURATION

         name            origin    length      used     unused   attr    fill
----------------------  --------  ---------  --------  --------  ----  --------
  MAIN                  00000000   00040000  0000619c  00039e64  R  X
  INFO                  00200000   00004000  00000000  00004000  R  X
  SRAM_CODE             01000000   00010000  00002d19  0000d2e7  RW X
  SRAM_DATA             20000000   00010000  00002d19  0000d2e7  RW  


SEGMENT ALLOCATION MAP

run origin  load origin   length   init length attrs members
----------  ----------- ---------- ----------- ----- -------
00000000    00000000    000061a0   000061a0    r-x
  00000000    00000000    000000e4   000000e4    r-- .intvecs
  000000e4    000000e4    00005a44   00005a44    r-x .text
  00005b28    00005b28    00000604   00000604    r-- .const
  00006130    00006130    00000070   00000070    r-- .cinit
20000000    20000000    00002b19   00000000    rw-
  20000000    20000000    00002aac   00000000    rw- .data
  20002aac    20002aac    0000006d   00000000    rw- .bss
2000fe00    2000fe00    00000200   00000000    rw-
  2000fe00    2000fe00    00000200   00000000    rw- .stack


SECTION ALLOCATION MAP

 output                                  attributes/
section   page    origin      length       input sections
--------  ----  ----------  ----------   ----------------
.intvecs   0    00000000    000000e4     
                  00000000    000000e4     startup_msp432p401r_ccs.obj (.intvecs:retain)

.text      0    000000e4    00005a44     
                  000000e4    00000a9c     exingpio.obj (.text)
                  00000b80    00000a4e     rtsv7M4_T_le_v4SPD16_eabi.lib : _printfi.c.obj (.text:__TI_printfi)
                  000015ce    00000002                                   : div0.asm.obj (.text)
                  000015d0    000008f0     exinADC.obj (.text)
                  00001ec0    00000838     exinuart.obj (.text)
                  000026f8    000007dc     oled.obj (.text)
                  00002ed4    00000540     exinisr.obj (.text)
                  00003414    00000530     exinTimerA.obj (.text)
                  00003944    000004fc     exinsystem.obj (.text)
                  00003e40    0000038c     exinencoder.obj (.text)
                  000041cc    00000334     system_msp432p401r.obj (.text)
                  00004500    00000270     rtsv7M4_T_le_v4SPD16_eabi.lib : _printfi.c.obj (.text:_pconv_a)
                  00004770    000001d0                                   : _printfi.c.obj (.text:_pconv_g)
                  00004940    000001b6                                   : fd_add_t2.asm.obj (.text)
                  00004af6    00000002     --HOLE-- [fill = 0]
                  00004af8    00000170     exinTimerAINT.obj (.text)
                  00004c68    0000013c     rtsv7M4_T_le_v4SPD16_eabi.lib : _printfi.c.obj (.text:_pconv_e)
                  00004da4    00000136                                   : fd_div_t2.asm.obj (.text)
                  00004eda    00000002     --HOLE-- [fill = 0]
                  00004edc    00000124                                   : _printfi.c.obj (.text:fcvt)
                  00005000    00000110                                   : s_scalbn.c.obj (.text:scalbn)
                  00005110    000000fc                                   : fd_mul_t2.asm.obj (.text)
                  0000520c    000000b1                                   : _printfi.c.obj (.text:_ltostr)
                  000052bd    00000001     --HOLE-- [fill = 0]
                  000052be    0000009c                                   : memcpy_t2.asm.obj (.text)
                  0000535a    00000096                                   : ull_div_t2.asm.obj (.text)
                  000053f0    00000086                                   : fd_cmp_t2.asm.obj (.text:__aeabi_cdcmple)
                  00005476    00000086                                   : fd_cmp_t2.asm.obj (.text:__aeabi_cdrcmple)
                  000054fc    0000007a                                   : memset_t2.asm.obj (.text)
                  00005576    0000006e                                   : _printfi.c.obj (.text:_mcpy)
                  000055e4    00000068                                   : copy_decompress_lzss.c.obj (.text:decompress:lzss:__TI_decompress_lzss)
                  0000564c    00000064                                   : s_frexp.c.obj (.text:frexp)
                  000056b0    00000056                                   : _printfi.c.obj (.text:_pconv_f)
                  00005706    00000054                                   : _ltoa.c.obj (.text:__TI_ltoa)
                  0000575a    00000052                                   : _printfi.c.obj (.text:_ecpy)
                  000057ac    0000004c                                   : atoi.c.obj (.text:atoi)
                  000057f8    00000048                                   : fd_toi_t2.asm.obj (.text)
                  00005840    00000044                                   : autoinit.c.obj (.text:__TI_auto_init_nobinit_nopinit:__TI_auto_init_nobinit_nopinit)
                  00005884    00000040                                   : sprintf.c.obj (.text:sprintf)
                  000058c4    0000003e                                   : _printfi.c.obj (.text:_fcpy)
                  00005902    00000038                                   : fs_tod_t2.asm.obj (.text)
                  0000593a    00000002     --HOLE-- [fill = 0]
                  0000593c    00000034                                   : boot_cortex_m.c.obj (.text:_c_int00_noargs:_c_int00_noargs)
                  00005970    0000002e                                   : i_tofd_t2.asm.obj (.text)
                  0000599e    00000002     --HOLE-- [fill = 0]
                  000059a0    00000024     msp432p4xx_driverlib.lib : gpio.o (.text:GPIO_setAsOutputPin)
                  000059c4    00000024                              : interrupt.o (.text:Interrupt_setPriority)
                  000059e8    00000020     rtsv7M4_T_le_v4SPD16_eabi.lib : u_tofd_t2.asm.obj (.text)
                  00005a08    0000001c                                   : copy_zero_init.c.obj (.text:decompress:ZI:__TI_zero_init_nomemset:__TI_zero_init_nomemset)
                  00005a24    0000001c                                   : memccpy.c.obj (.text:memccpy)
                  00005a40    0000001a                                   : s_copysign.c.obj (.text:copysign)
                  00005a5a    00000002     --HOLE-- [fill = 0]
                  00005a5c    00000018     msp432p4xx_driverlib.lib : gpio.o (.text:GPIO_setOutputLowOnPin)
                  00005a74    00000018     rtsv7M4_T_le_v4SPD16_eabi.lib : sprintf.c.obj (.text:_outs)
                  00005a8c    00000016                                   : strchr.c.obj (.text:strchr)
                  00005aa2    00000002     --HOLE-- [fill = 0]
                  00005aa4    00000014     msp432p4xx_driverlib.lib : gpio.o (.text:GPIO_setOutputHighOnPin)
                  00005ab8    00000014     rtsv7M4_T_le_v4SPD16_eabi.lib : strlen.c.obj (.text:strlen)
                  00005acc    00000012     main.obj (.text)
                  00005ade    00000012     rtsv7M4_T_le_v4SPD16_eabi.lib : wcslen.c.obj (.text:wcslen)
                  00005af0    0000000e                                   : copy_decompress_none.c.obj (.text:decompress:none:__TI_decompress_none)
                  00005afe    0000000e     startup_msp432p401r_ccs.obj (.text)
                  00005b0c    0000000a     rtsv7M4_T_le_v4SPD16_eabi.lib : sprintf.c.obj (.text:_outc)
                  00005b16    00000002     --HOLE-- [fill = 0]
                  00005b18    00000008                                   : errno.c.obj (.text:__aeabi_errno_addr)
                  00005b20    00000004                                   : pre_init.c.obj (.text:_system_pre_init)
                  00005b24    00000004                                   : exit.c.obj (.text:abort:abort)

.const     0    00005b28    00000604     
                  00005b28    00000228     oled.obj (.const:F6x8)
                  00005d50    000001c0     oled.obj (.const:Hzk)
                  00005f10    00000101     rtsv7M4_T_le_v4SPD16_eabi.lib : ctype.c.obj (.const:.string:_ctypes_)
                  00006011    00000003     --HOLE-- [fill = 0]
                  00006014    000000a0     exinuart.obj (.const:FP_N)
                  000060b4    00000050     msp432p4xx_driverlib.lib : interrupt.o (.const:g_pulRegs)
                  00006104    00000028     exinuart.obj (.const:.string:BRS)

.cinit     0    00006130    00000070     
                  00006130    00000048     (.cinit..data.load) [load image, compression = lzss]
                  00006178    0000000c     (__TI_handler_table)
                  00006184    00000004     --HOLE-- [fill = 0]
                  00006188    00000008     (.cinit..bss.load) [load image, compression = zero_init]
                  00006190    00000010     (__TI_cinit_table)

.init_array 
*          0    00000000    00000000     UNINITIALIZED

.binit     0    00000000    00000000     

.data      0    20000000    00002aac     UNINITIALIZED
                  20000000    00002000     oled.obj (.data:screen_buf)
                  20002000    00000400     oled.obj (.data:bmp2)
                  20002400    00000400     oled.obj (.data:bmp)
                  20002800    00000200     Oscill_OLED.obj (.data:Oscill_data_buff)
                  20002a00    00000038     exinTimerAINT.obj (.data:CCRn_period_val)
                  20002a38    00000030     msp432p4xx_driverlib.lib : gpio.o (.data:GPIO_PORT_TO_BASE)
                  20002a68    0000001c     exinadjust.obj (.data)
                  20002a84    00000008     exinencoder.obj (.data)
                  20002a8c    00000008     exinsystem.obj (.data)
                  20002a94    00000008     exinuart.obj (.data)
                  20002a9c    00000008     oled.obj (.data:tmp$2)
                  20002aa4    00000004     rtsv7M4_T_le_v4SPD16_eabi.lib : errno.c.obj (.data)
                  20002aa8    00000004     system_msp432p401r.obj (.data)

.bss       0    20002aac    0000006d     UNINITIALIZED
                  20002aac    00000030     (.common:ADC14_STRUCT)
                  20002adc    00000018     (.common:oscill1)
                  20002af4    00000008     (.common:encoder_A)
                  20002afc    00000008     (.common:encoder_B)
                  20002b04    00000008     (.common:encoder_C)
                  20002b0c    00000008     (.common:encoder_D)
                  20002b14    00000004     exinsystem.obj (.bss)
                  20002b18    00000001     oled.obj (.bss)

.stack     0    2000fe00    00000200     UNINITIALIZED
                  2000fe00    00000004     rtsv7M4_T_le_v4SPD16_eabi.lib : boot_cortex_m.c.obj (.stack)
                  2000fe04    000001fc     --HOLE--

__llvm_prf_cnts 
*          0    20000000    00000000     UNINITIALIZED

MODULE SUMMARY

       Module                        code    ro data   rw data
       ------                        ----    -------   -------
    .\
       system_msp432p401r.obj        820     0         8      
       startup_msp432p401r_ccs.obj   14      228       0      
       main.obj                      18      0         96     
    +--+-----------------------------+-------+---------+---------+
       Total:                        852     228       104    
                                                              
    .\exinlibs\
       oled.obj                      2012    1000      20498  
       exingpio.obj                  2716    0         0      
       exinuart.obj                  2104    200       16     
       exinADC.obj                   2288    0         0      
       exinisr.obj                   1344    0         0      
       exinTimerA.obj                1328    0         0      
       exinsystem.obj                1276    0         24     
       Oscill_OLED.obj               0       0         1072   
       exinencoder.obj               908     0         80     
       exinTimerAINT.obj             368     0         112    
       exinadjust.obj                0       0         56     
    +--+-----------------------------+-------+---------+---------+
       Total:                        14344   1200      21858  
                                                              
    C:/ti/msp/MSP432Ware_3_40_00_25/driverlib/driverlib/MSP432P4xx/ccs/msp432p4xx_driverlib.lib
       gpio.o                        80      0         96     
       interrupt.o                   36      80        0      
    +--+-----------------------------+-------+---------+---------+
       Total:                        116     80        96     
                                                              
    D:\CCS\ccs\tools\compiler\ti-cgt-arm_20.2.1.LTS\lib\rtsv7M4_T_le_v4SPD16_eabi.lib
       _printfi.c.obj                4851    0         0      
       fd_add_t2.asm.obj             438     0         0      
       fd_div_t2.asm.obj             310     0         0      
       s_scalbn.c.obj                272     0         0      
       fd_cmp_t2.asm.obj             268     0         0      
       ctype.c.obj                   0       257       0      
       fd_mul_t2.asm.obj             252     0         0      
       memcpy_t2.asm.obj             156     0         0      
       ull_div_t2.asm.obj            150     0         0      
       memset_t2.asm.obj             122     0         0      
       copy_decompress_lzss.c.obj    104     0         0      
       s_frexp.c.obj                 100     0         0      
       sprintf.c.obj                 98      0         0      
       _ltoa.c.obj                   84      0         0      
       atoi.c.obj                    76      0         0      
       fd_toi_t2.asm.obj             72      0         0      
       autoinit.c.obj                68      0         0      
       fs_tod_t2.asm.obj             56      0         0      
       boot_cortex_m.c.obj           52      0         0      
       i_tofd_t2.asm.obj             46      0         0      
       u_tofd_t2.asm.obj             32      0         0      
       copy_zero_init.c.obj          28      0         0      
       memccpy.c.obj                 28      0         0      
       s_copysign.c.obj              26      0         0      
       strchr.c.obj                  22      0         0      
       strlen.c.obj                  20      0         0      
       wcslen.c.obj                  18      0         0      
       errno.c.obj                   8       0         8      
       copy_decompress_none.c.obj    14      0         0      
       exit.c.obj                    4       0         0      
       pre_init.c.obj                4       0         0      
       div0.asm.obj                  2       0         0      
    +--+-----------------------------+-------+---------+---------+
       Total:                        7781    257       8      
                                                              
       Stack:                        0       0         1024   
       Linker Generated:             0       108       0      
    +--+-----------------------------+-------+---------+---------+
       Grand Total:                  23093   1873      23090  


LINKER GENERATED COPY TABLES

__TI_cinit_table @ 00006190 records: 2, size/record: 8, table size: 16
	.data: load addr=00006130, load size=00000048 bytes, run addr=20000000, run size=00002aac bytes, compression=lzss
	.bss: load addr=00006188, load size=00000008 bytes, run addr=20002aac, run size=0000006d bytes, compression=zero_init


LINKER GENERATED HANDLER TABLE

__TI_handler_table @ 00006178 records: 3, size/record: 4, table size: 12
	index: 0, handler: __TI_decompress_lzss
	index: 1, handler: __TI_decompress_none
	index: 2, handler: __TI_zero_init


GLOBAL SYMBOLS: SORTED ALPHABETICALLY BY Name 

address   name                          
-------   ----                          
00001ae1  ADC14_CHAEND_set              
00001815  ADC14_CHA_sel                 
00001929  ADC14_CLK_sel                 
00001cdd  ADC14_IRQFG_set               
00001e35  ADC14_IRQHandler              
00001e35  ADC14_IRQHandler              
00001bd9  ADC14_MEM_set                 
00001a27  ADC14_PREC_sel                
20002aac  ADC14_STRUCT                  
000015dd  ADC14_convert_disable         
000015d1  ADC14_convert_enable          
000015f5  ADC14_convert_end             
000015e9  ADC14_convert_start           
00001a81  ADC14_init                    
0000169f  ADC14_read_data               
00001d69  ADC14_repeatmod_init          
00001de1  ADC14_repeatmod_rec           
00001601  ADC14_start                   
00005b0b  AES256_IRQHandler             
20002a82  A_flag                        
20002a98  BRCLK                         
00006104  BRS                           
20002a83  B_flag                        
00005b0b  BusFault_Handler              
00005b25  C$$EXIT                       
20002a00  CCRn_period_val               
00005b0b  COMP_E0_IRQHandler            
00005b0b  COMP_E1_IRQHandler            
00005b0b  CS_IRQHandler                 
00003977  CS_locked                     
0000396d  CS_unlocked                   
0000397f  DCO_set                       
00005b0b  DMA_ERR_IRQHandler            
00005b0b  DMA_INT0_IRQHandler           
00005b0b  DMA_INT1_IRQHandler           
00005b0b  DMA_INT2_IRQHandler           
00005b0b  DMA_INT3_IRQHandler           
00005b0b  DebugMon_Handler              
00005b0b  Default_Handler               
00004151  ENCODER_TEST                  
0000268d  EUSCIA0_IRQHandler            
0000268d  EUSCIA0_IRQHandler            
00002697  EUSCIA1_IRQHandler            
00002697  EUSCIA1_IRQHandler            
000026a9  EUSCIA2_IRQHandler            
000026a9  EUSCIA2_IRQHandler            
000026b9  EUSCIA3_IRQHandler            
000026b9  EUSCIA3_IRQHandler            
00005b0b  EUSCIB0_IRQHandler            
00005b0b  EUSCIB1_IRQHandler            
00005b0b  EUSCIB2_IRQHandler            
00005b0b  EUSCIB3_IRQHandler            
00004065  Encoder_clr                   
00005b28  F6x8                          
00005b0b  FLCTL_IRQHandler              
00005b0b  FPU_IRQHandler                
00006014  FP_N                          
00004029  GET_encoder_dir               
00003fed  GET_encoder_num               
000059a1  GPIO_setAsOutputPin           
00005aa5  GPIO_setOutputHighOnPin       
00005a5d  GPIO_setOutputLowOnPin        
00005b0b  HardFault_Handler             
00005d50  Hzk                           
20002a80  IRQ3_5flag                    
20002a81  IRQ4_6flag                    
000059c5  Interrupt_setPriority         
000039f5  MCLK_set                      
00005b0b  MemManage_Handler             
00005b0b  NMI_Handler                   
00002983  OLED_Clear                    
00002967  OLED_Display_Off              
0000294b  OLED_Display_On               
00002cd1  OLED_DrawBMP                  
00002d81  OLED_Init                     
000026f9  OLED_PutPixel                 
0000290f  OLED_Set_Pos                  
00002c1b  OLED_ShowCHinese              
000029f1  OLED_ShowChar                 
00002ab5  OLED_ShowNum                  
00002bb9  OLED_ShowString               
00002b89  OLED_Showfloat                
0000287f  OLED_WR_Byte                  
00002769  OLED_pos_clr                  
000040a9  OLED_show                     
20002800  Oscill_data_buff              
00005b0b  PCM_IRQHandler                
00002ed5  PORT1_IRQHandler              
00002ed5  PORT1_IRQHandler              
00002f7b  PORT2_IRQHandler              
00002f7b  PORT2_IRQHandler              
00003047  PORT3_IRQHandler              
00003047  PORT3_IRQHandler              
000030ff  PORT4_IRQHandler              
000030ff  PORT4_IRQHandler              
000031dd  PORT5_IRQHandler              
000031dd  PORT5_IRQHandler              
000032b1  PORT6_IRQHandler              
000032b1  PORT6_IRQHandler              
00005b0b  PSS_IRQHandler                
00005b0b  PendSV_Handler                
00005b0b  RTC_C_IRQHandler              
00005aff  Reset_Handler                 
00003b15  SMCLK_set                     
00005b0b  SVC_Handler                   
00003dbb  SysTick_Handler               
00003dbb  SysTick_Handler               
20002aa8  SystemCoreClock               
000041cd  SystemCoreClockUpdate         
00004445  SystemInit                    
00005b0b  T32_INT1_IRQHandler           
00005b0b  T32_INT2_IRQHandler           
00005b0b  T32_INTC_IRQHandler           
0000338d  TA0_0_IRQHandler              
0000338d  TA0_0_IRQHandler              
00005b0b  TA0_N_IRQHandler              
00003399  TA1_0_IRQHandler              
00003399  TA1_0_IRQHandler              
00005b0b  TA1_N_IRQHandler              
000033a5  TA2_0_IRQHandler              
000033a5  TA2_0_IRQHandler              
00005b0b  TA2_N_IRQHandler              
000033b5  TA3_0_IRQHandler              
000033b5  TA3_0_IRQHandler              
00005b0b  TA3_N_IRQHandler              
00004b8f  TimerA_CCR0INT_init           
000038a5  TimerA_CCRVAL_set             
00004be1  TimerA_CCRnINT_init           
000034bb  TimerA_CLK_set                
00003415  TimerA_MOD_sel                
0000367d  TimerA_NVIC_IRQ_set           
000037f5  TimerA_disable_CCRnIRQ        
00003745  TimerA_enable_CCRnIRQ         
20002a96  UART0_RXDat                   
20002a95  UART2_RXDat                   
20002a94  UART3_RXDat                   
00002131  UART_BRS_val                  
00002251  UART_Baunds_set               
00002039  UART_CLK_sel                  
00001f3d  UART_IRQRX_set                
00001ec1  UART_IRQ_set                  
00001fe5  UART_PIN_sel                  
00001f91  UART_USIC_init                
00002485  UART_init                     
00002565  UART_recv_Byte                
000024f1  UART_send_Byte                
00002651  UART_send_int                 
000025f5  UART_send_short               
000025b9  UART_send_string              
00005b0b  UsageFault_Handler            
4000480c  WDTCTL_SYM                    
00005b0b  WDT_A_IRQHandler              
20010000  __STACK_END                   
00000200  __STACK_SIZE                  
00006190  __TI_CINIT_Base               
000061a0  __TI_CINIT_Limit              
00006178  __TI_Handler_Table_Base       
00006184  __TI_Handler_Table_Limit      
00005841  __TI_auto_init_nobinit_nopinit
000055e5  __TI_decompress_lzss          
00005af1  __TI_decompress_none          
00005707  __TI_ltoa                     
ffffffff  __TI_pprof_out_hndl           
00000b81  __TI_printfi                  
ffffffff  __TI_prof_data_size           
ffffffff  __TI_prof_data_start          
00000000  __TI_static_base__            
00005a09  __TI_zero_init_nomemset       
000053f1  __aeabi_cdcmpeq               
000053f1  __aeabi_cdcmple               
00005477  __aeabi_cdrcmple              
000057f9  __aeabi_d2iz                  
0000494b  __aeabi_dadd                  
00004da5  __aeabi_ddiv                  
00005111  __aeabi_dmul                  
00004941  __aeabi_dsub                  
00005b19  __aeabi_errno_addr            
00005903  __aeabi_f2d                   
00005971  __aeabi_i2d                   
000015cf  __aeabi_idiv0                 
000015cf  __aeabi_ldiv0                 
000054fd  __aeabi_memclr                
000054fd  __aeabi_memclr4               
000054fd  __aeabi_memclr8               
000052bf  __aeabi_memcpy                
000052bf  __aeabi_memcpy4               
000052bf  __aeabi_memcpy8               
000054ff  __aeabi_memset                
000054ff  __aeabi_memset4               
000054ff  __aeabi_memset8               
000059e9  __aeabi_ui2d                  
0000535b  __aeabi_uldivmod              
ffffffff  __binit__                     
ffffffff  __c_args__                    
UNDEFED   __mpu_init                    
2000fe00  __stack                       
20000000  __start___llvm_prf_cnts       
20000000  __stop___llvm_prf_cnts        
0000593d  _c_int00_noargs               
00005f10  _ctypes_                      
UNDEFED   _system_post_cinit            
00005b21  _system_pre_init              
00005b25  abort                         
000057ad  atoi                          
ffffffff  binit                         
20002400  bmp                           
20002000  bmp2                          
00005a41  copysign                      
00005a41  copysignl                     
20002a74  count                         
20002a68  dirf                          
20002af4  encoder_A                     
20002afc  encoder_B                     
20002b04  encoder_C                     
20002b0c  encoder_D                     
00003e41  encoder_IncTypeDef_init       
00003e9d  encoder_dirpin_init           
00003f45  encoder_init                  
00003ef5  encoder_interrupt_init        
20002aa4  errno                         
00003945  error                         
0000564d  frexp                         
0000564d  frexpl                        
000006bf  gpio_clr_GPIOIRQFLG           
0000064d  gpio_disable_IRQ              
000004cd  gpio_disable_Ren              
00000741  gpio_edg_sel                  
000005b5  gpio_enable_IRQ               
0000040d  gpio_enable_Ren               
00000951  gpio_get                      
000008c1  gpio_init                     
00000861  gpio_interrupt_INIT           
00000a41  gpio_set                      
000001a5  gpio_set_Asin                 
000000e5  gpio_set_Asout                
00000265  gpio_set_High                 
00000325  gpio_set_Low                  
00000a71  gpio_toggle                   
00000000  interruptVectors              
00005001  ldexp                         
00005001  ldexpl                        
00005acd  main                          
00005a25  memccpy                       
000052bf  memcpy                        
00005505  memset                        
00002a7b  oled_pow                      
0000279d  oled_update                   
20002adc  oscill1                       
20002a6c  page_count                    
00004af9  period_cvert                  
00005001  scalbn                        
00005001  scalbnl                       
20000000  screen_buf                    
00003c3d  set_DCO_48MH                  
00003cd5  set_clock_period              
00005885  sprintf                       
20002a70  start_flag                    
00005a8d  strchr                        
00005ab9  strlen                        
20002a8c  sysc                          
00003d9b  system_init                   
00003d8d  systic_clr                    
00003de3  systic_delayms                
00003dc5  systic_delayus                
00003d19  systic_end                    
00003cdf  systic_init                   
00003d2d  systic_read                   
00003d03  systic_start                  
20002a90  systim                        
20002a78  testA                         
20002a7c  testB                         
20002a88  time_counter                  
20002a84  timerAcapturePointer          
00005adf  wcslen                        


GLOBAL SYMBOLS: SORTED BY Symbol Address 

address   name                          
-------   ----                          
00000000  __TI_static_base__            
00000000  interruptVectors              
000000e5  gpio_set_Asout                
000001a5  gpio_set_Asin                 
00000200  __STACK_SIZE                  
00000265  gpio_set_High                 
00000325  gpio_set_Low                  
0000040d  gpio_enable_Ren               
000004cd  gpio_disable_Ren              
000005b5  gpio_enable_IRQ               
0000064d  gpio_disable_IRQ              
000006bf  gpio_clr_GPIOIRQFLG           
00000741  gpio_edg_sel                  
00000861  gpio_interrupt_INIT           
000008c1  gpio_init                     
00000951  gpio_get                      
00000a41  gpio_set                      
00000a71  gpio_toggle                   
00000b81  __TI_printfi                  
000015cf  __aeabi_idiv0                 
000015cf  __aeabi_ldiv0                 
000015d1  ADC14_convert_enable          
000015dd  ADC14_convert_disable         
000015e9  ADC14_convert_start           
000015f5  ADC14_convert_end             
00001601  ADC14_start                   
0000169f  ADC14_read_data               
00001815  ADC14_CHA_sel                 
00001929  ADC14_CLK_sel                 
00001a27  ADC14_PREC_sel                
00001a81  ADC14_init                    
00001ae1  ADC14_CHAEND_set              
00001bd9  ADC14_MEM_set                 
00001cdd  ADC14_IRQFG_set               
00001d69  ADC14_repeatmod_init          
00001de1  ADC14_repeatmod_rec           
00001e35  ADC14_IRQHandler              
00001e35  ADC14_IRQHandler              
00001ec1  UART_IRQ_set                  
00001f3d  UART_IRQRX_set                
00001f91  UART_USIC_init                
00001fe5  UART_PIN_sel                  
00002039  UART_CLK_sel                  
00002131  UART_BRS_val                  
00002251  UART_Baunds_set               
00002485  UART_init                     
000024f1  UART_send_Byte                
00002565  UART_recv_Byte                
000025b9  UART_send_string              
000025f5  UART_send_short               
00002651  UART_send_int                 
0000268d  EUSCIA0_IRQHandler            
0000268d  EUSCIA0_IRQHandler            
00002697  EUSCIA1_IRQHandler            
00002697  EUSCIA1_IRQHandler            
000026a9  EUSCIA2_IRQHandler            
000026a9  EUSCIA2_IRQHandler            
000026b9  EUSCIA3_IRQHandler            
000026b9  EUSCIA3_IRQHandler            
000026f9  OLED_PutPixel                 
00002769  OLED_pos_clr                  
0000279d  oled_update                   
0000287f  OLED_WR_Byte                  
0000290f  OLED_Set_Pos                  
0000294b  OLED_Display_On               
00002967  OLED_Display_Off              
00002983  OLED_Clear                    
000029f1  OLED_ShowChar                 
00002a7b  oled_pow                      
00002ab5  OLED_ShowNum                  
00002b89  OLED_Showfloat                
00002bb9  OLED_ShowString               
00002c1b  OLED_ShowCHinese              
00002cd1  OLED_DrawBMP                  
00002d81  OLED_Init                     
00002ed5  PORT1_IRQHandler              
00002ed5  PORT1_IRQHandler              
00002f7b  PORT2_IRQHandler              
00002f7b  PORT2_IRQHandler              
00003047  PORT3_IRQHandler              
00003047  PORT3_IRQHandler              
000030ff  PORT4_IRQHandler              
000030ff  PORT4_IRQHandler              
000031dd  PORT5_IRQHandler              
000031dd  PORT5_IRQHandler              
000032b1  PORT6_IRQHandler              
000032b1  PORT6_IRQHandler              
0000338d  TA0_0_IRQHandler              
0000338d  TA0_0_IRQHandler              
00003399  TA1_0_IRQHandler              
00003399  TA1_0_IRQHandler              
000033a5  TA2_0_IRQHandler              
000033a5  TA2_0_IRQHandler              
000033b5  TA3_0_IRQHandler              
000033b5  TA3_0_IRQHandler              
00003415  TimerA_MOD_sel                
000034bb  TimerA_CLK_set                
0000367d  TimerA_NVIC_IRQ_set           
00003745  TimerA_enable_CCRnIRQ         
000037f5  TimerA_disable_CCRnIRQ        
000038a5  TimerA_CCRVAL_set             
00003945  error                         
0000396d  CS_unlocked                   
00003977  CS_locked                     
0000397f  DCO_set                       
000039f5  MCLK_set                      
00003b15  SMCLK_set                     
00003c3d  set_DCO_48MH                  
00003cd5  set_clock_period              
00003cdf  systic_init                   
00003d03  systic_start                  
00003d19  systic_end                    
00003d2d  systic_read                   
00003d8d  systic_clr                    
00003d9b  system_init                   
00003dbb  SysTick_Handler               
00003dbb  SysTick_Handler               
00003dc5  systic_delayus                
00003de3  systic_delayms                
00003e41  encoder_IncTypeDef_init       
00003e9d  encoder_dirpin_init           
00003ef5  encoder_interrupt_init        
00003f45  encoder_init                  
00003fed  GET_encoder_num               
00004029  GET_encoder_dir               
00004065  Encoder_clr                   
000040a9  OLED_show                     
00004151  ENCODER_TEST                  
000041cd  SystemCoreClockUpdate         
00004445  SystemInit                    
00004941  __aeabi_dsub                  
0000494b  __aeabi_dadd                  
00004af9  period_cvert                  
00004b8f  TimerA_CCR0INT_init           
00004be1  TimerA_CCRnINT_init           
00004da5  __aeabi_ddiv                  
00005001  ldexp                         
00005001  ldexpl                        
00005001  scalbn                        
00005001  scalbnl                       
00005111  __aeabi_dmul                  
000052bf  __aeabi_memcpy                
000052bf  __aeabi_memcpy4               
000052bf  __aeabi_memcpy8               
000052bf  memcpy                        
0000535b  __aeabi_uldivmod              
000053f1  __aeabi_cdcmpeq               
000053f1  __aeabi_cdcmple               
00005477  __aeabi_cdrcmple              
000054fd  __aeabi_memclr                
000054fd  __aeabi_memclr4               
000054fd  __aeabi_memclr8               
000054ff  __aeabi_memset                
000054ff  __aeabi_memset4               
000054ff  __aeabi_memset8               
00005505  memset                        
000055e5  __TI_decompress_lzss          
0000564d  frexp                         
0000564d  frexpl                        
00005707  __TI_ltoa                     
000057ad  atoi                          
000057f9  __aeabi_d2iz                  
00005841  __TI_auto_init_nobinit_nopinit
00005885  sprintf                       
00005903  __aeabi_f2d                   
0000593d  _c_int00_noargs               
00005971  __aeabi_i2d                   
000059a1  GPIO_setAsOutputPin           
000059c5  Interrupt_setPriority         
000059e9  __aeabi_ui2d                  
00005a09  __TI_zero_init_nomemset       
00005a25  memccpy                       
00005a41  copysign                      
00005a41  copysignl                     
00005a5d  GPIO_setOutputLowOnPin        
00005a8d  strchr                        
00005aa5  GPIO_setOutputHighOnPin       
00005ab9  strlen                        
00005acd  main                          
00005adf  wcslen                        
00005af1  __TI_decompress_none          
00005aff  Reset_Handler                 
00005b0b  AES256_IRQHandler             
00005b0b  BusFault_Handler              
00005b0b  COMP_E0_IRQHandler            
00005b0b  COMP_E1_IRQHandler            
00005b0b  CS_IRQHandler                 
00005b0b  DMA_ERR_IRQHandler            
00005b0b  DMA_INT0_IRQHandler           
00005b0b  DMA_INT1_IRQHandler           
00005b0b  DMA_INT2_IRQHandler           
00005b0b  DMA_INT3_IRQHandler           
00005b0b  DebugMon_Handler              
00005b0b  Default_Handler               
00005b0b  EUSCIB0_IRQHandler            
00005b0b  EUSCIB1_IRQHandler            
00005b0b  EUSCIB2_IRQHandler            
00005b0b  EUSCIB3_IRQHandler            
00005b0b  FLCTL_IRQHandler              
00005b0b  FPU_IRQHandler                
00005b0b  HardFault_Handler             
00005b0b  MemManage_Handler             
00005b0b  NMI_Handler                   
00005b0b  PCM_IRQHandler                
00005b0b  PSS_IRQHandler                
00005b0b  PendSV_Handler                
00005b0b  RTC_C_IRQHandler              
00005b0b  SVC_Handler                   
00005b0b  T32_INT1_IRQHandler           
00005b0b  T32_INT2_IRQHandler           
00005b0b  T32_INTC_IRQHandler           
00005b0b  TA0_N_IRQHandler              
00005b0b  TA1_N_IRQHandler              
00005b0b  TA2_N_IRQHandler              
00005b0b  TA3_N_IRQHandler              
00005b0b  UsageFault_Handler            
00005b0b  WDT_A_IRQHandler              
00005b19  __aeabi_errno_addr            
00005b21  _system_pre_init              
00005b25  C$$EXIT                       
00005b25  abort                         
00005b28  F6x8                          
00005d50  Hzk                           
00005f10  _ctypes_                      
00006014  FP_N                          
00006104  BRS                           
00006178  __TI_Handler_Table_Base       
00006184  __TI_Handler_Table_Limit      
00006190  __TI_CINIT_Base               
000061a0  __TI_CINIT_Limit              
20000000  __start___llvm_prf_cnts       
20000000  __stop___llvm_prf_cnts        
20000000  screen_buf                    
20002000  bmp2                          
20002400  bmp                           
20002800  Oscill_data_buff              
20002a00  CCRn_period_val               
20002a68  dirf                          
20002a6c  page_count                    
20002a70  start_flag                    
20002a74  count                         
20002a78  testA                         
20002a7c  testB                         
20002a80  IRQ3_5flag                    
20002a81  IRQ4_6flag                    
20002a82  A_flag                        
20002a83  B_flag                        
20002a84  timerAcapturePointer          
20002a88  time_counter                  
20002a8c  sysc                          
20002a90  systim                        
20002a94  UART3_RXDat                   
20002a95  UART2_RXDat                   
20002a96  UART0_RXDat                   
20002a98  BRCLK                         
20002aa4  errno                         
20002aa8  SystemCoreClock               
20002aac  ADC14_STRUCT                  
20002adc  oscill1                       
20002af4  encoder_A                     
20002afc  encoder_B                     
20002b04  encoder_C                     
20002b0c  encoder_D                     
2000fe00  __stack                       
20010000  __STACK_END                   
4000480c  WDTCTL_SYM                    
ffffffff  __TI_pprof_out_hndl           
ffffffff  __TI_prof_data_size           
ffffffff  __TI_prof_data_start          
ffffffff  __binit__                     
ffffffff  __c_args__                    
ffffffff  binit                         
UNDEFED   __mpu_init                    
UNDEFED   _system_post_cinit            

[274 symbols]
