<?xml version="1.0" encoding="ISO-8859-1" ?>
<link_info>
   <banner>TI ARM Linker PC v20.2.1.LTS</banner>
   <copyright>Copyright (c) 1996-2018 Texas Instruments Incorporated</copyright>
   <link_time>0x62028996</link_time>
   <link_errors>0x0</link_errors>
   <output_file>17.Exin_MPU6050_0.out</output_file>
   <entry_point>
      <name>_c_int00_noargs</name>
      <address>0x6a29</address>
   </entry_point>
   <input_file_list>
      <input_file id="fl-2">
         <path>.\</path>
         <kind>object</kind>
         <file>main.obj</file>
         <name>main.obj</name>
      </input_file>
      <input_file id="fl-3">
         <path>.\</path>
         <kind>object</kind>
         <file>startup_msp432p401r_ccs.obj</file>
         <name>startup_msp432p401r_ccs.obj</name>
      </input_file>
      <input_file id="fl-4">
         <path>.\</path>
         <kind>object</kind>
         <file>system_msp432p401r.obj</file>
         <name>system_msp432p401r.obj</name>
      </input_file>
      <input_file id="fl-5">
         <path>.\exinlibs\</path>
         <kind>object</kind>
         <file>ADS1292.obj</file>
         <name>ADS1292.obj</name>
      </input_file>
      <input_file id="fl-6">
         <path>.\exinlibs\</path>
         <kind>object</kind>
         <file>ADS_RCV.obj</file>
         <name>ADS_RCV.obj</name>
      </input_file>
      <input_file id="fl-7">
         <path>.\exinlibs\</path>
         <kind>object</kind>
         <file>LMT70RD.obj</file>
         <name>LMT70RD.obj</name>
      </input_file>
      <input_file id="fl-8">
         <path>.\exinlibs\</path>
         <kind>object</kind>
         <file>OV_RCV.obj</file>
         <name>OV_RCV.obj</name>
      </input_file>
      <input_file id="fl-9">
         <path>.\exinlibs\</path>
         <kind>object</kind>
         <file>Oscill_OLED.obj</file>
         <name>Oscill_OLED.obj</name>
      </input_file>
      <input_file id="fl-a">
         <path>.\exinlibs\</path>
         <kind>object</kind>
         <file>exinADC.obj</file>
         <name>exinADC.obj</name>
      </input_file>
      <input_file id="fl-b">
         <path>.\exinlibs\</path>
         <kind>object</kind>
         <file>exinADC0832.obj</file>
         <name>exinADC0832.obj</name>
      </input_file>
      <input_file id="fl-c">
         <path>.\exinlibs\</path>
         <kind>object</kind>
         <file>exinHC_SR04.obj</file>
         <name>exinHC_SR04.obj</name>
      </input_file>
      <input_file id="fl-d">
         <path>.\exinlibs\</path>
         <kind>object</kind>
         <file>exinIIC.obj</file>
         <name>exinIIC.obj</name>
      </input_file>
      <input_file id="fl-e">
         <path>.\exinlibs\</path>
         <kind>object</kind>
         <file>exinMPU6050.obj</file>
         <name>exinMPU6050.obj</name>
      </input_file>
      <input_file id="fl-f">
         <path>.\exinlibs\</path>
         <kind>object</kind>
         <file>exinTimerA.obj</file>
         <name>exinTimerA.obj</name>
      </input_file>
      <input_file id="fl-10">
         <path>.\exinlibs\</path>
         <kind>object</kind>
         <file>exinTimerAINT.obj</file>
         <name>exinTimerAINT.obj</name>
      </input_file>
      <input_file id="fl-11">
         <path>.\exinlibs\</path>
         <kind>object</kind>
         <file>exin_library_map_guide.obj</file>
         <name>exin_library_map_guide.obj</name>
      </input_file>
      <input_file id="fl-12">
         <path>.\exinlibs\</path>
         <kind>object</kind>
         <file>exinadjust.obj</file>
         <name>exinadjust.obj</name>
      </input_file>
      <input_file id="fl-13">
         <path>.\exinlibs\</path>
         <kind>object</kind>
         <file>exineeprom.obj</file>
         <name>exineeprom.obj</name>
      </input_file>
      <input_file id="fl-14">
         <path>.\exinlibs\</path>
         <kind>object</kind>
         <file>exinencoder.obj</file>
         <name>exinencoder.obj</name>
      </input_file>
      <input_file id="fl-15">
         <path>.\exinlibs\</path>
         <kind>object</kind>
         <file>exingpio.obj</file>
         <name>exingpio.obj</name>
      </input_file>
      <input_file id="fl-16">
         <path>.\exinlibs\</path>
         <kind>object</kind>
         <file>exinisr.obj</file>
         <name>exinisr.obj</name>
      </input_file>
      <input_file id="fl-17">
         <path>.\exinlibs\</path>
         <kind>object</kind>
         <file>exinkey.obj</file>
         <name>exinkey.obj</name>
      </input_file>
      <input_file id="fl-18">
         <path>.\exinlibs\</path>
         <kind>object</kind>
         <file>exinmotor.obj</file>
         <name>exinmotor.obj</name>
      </input_file>
      <input_file id="fl-19">
         <path>.\exinlibs\</path>
         <kind>object</kind>
         <file>exinpwm.obj</file>
         <name>exinpwm.obj</name>
      </input_file>
      <input_file id="fl-1a">
         <path>.\exinlibs\</path>
         <kind>object</kind>
         <file>exinsteer.obj</file>
         <name>exinsteer.obj</name>
      </input_file>
      <input_file id="fl-1b">
         <path>.\exinlibs\</path>
         <kind>object</kind>
         <file>exinsystem.obj</file>
         <name>exinsystem.obj</name>
      </input_file>
      <input_file id="fl-1c">
         <path>.\exinlibs\</path>
         <kind>object</kind>
         <file>exinuart.obj</file>
         <name>exinuart.obj</name>
      </input_file>
      <input_file id="fl-1d">
         <path>.\exinlibs\</path>
         <kind>object</kind>
         <file>oled.obj</file>
         <name>oled.obj</name>
      </input_file>
      <input_file id="fl-1e">
         <path>.\exinlibs\</path>
         <kind>object</kind>
         <file>serial.obj</file>
         <name>serial.obj</name>
      </input_file>
      <input_file id="fl-23">
         <kind>object</kind>
         <file>&lt;internal&gt;</file>
         <name>&lt;internal&gt;</name>
      </input_file>
      <input_file id="fl-d9">
         <path>D:\CCS\ccs\tools\compiler\ti-cgt-arm_20.2.1.LTS\lib\</path>
         <kind>archive</kind>
         <file>rtsv7M4_T_le_v4SPD16_eabi.lib</file>
         <name>e_sqrt.c.obj</name>
      </input_file>
      <input_file id="fl-da">
         <path>D:\CCS\ccs\tools\compiler\ti-cgt-arm_20.2.1.LTS\lib\</path>
         <kind>archive</kind>
         <file>rtsv7M4_T_le_v4SPD16_eabi.lib</file>
         <name>s_atan.c.obj</name>
      </input_file>
      <input_file id="fl-db">
         <path>D:\CCS\ccs\tools\compiler\ti-cgt-arm_20.2.1.LTS\lib\</path>
         <kind>archive</kind>
         <file>rtsv7M4_T_le_v4SPD16_eabi.lib</file>
         <name>sprintf.c.obj</name>
      </input_file>
      <input_file id="fl-dc">
         <path>D:\CCS\ccs\tools\compiler\ti-cgt-arm_20.2.1.LTS\lib\</path>
         <kind>archive</kind>
         <file>rtsv7M4_T_le_v4SPD16_eabi.lib</file>
         <name>memset_t2.asm.obj</name>
      </input_file>
      <input_file id="fl-dd">
         <path>D:\CCS\ccs\tools\compiler\ti-cgt-arm_20.2.1.LTS\lib\</path>
         <kind>archive</kind>
         <file>rtsv7M4_T_le_v4SPD16_eabi.lib</file>
         <name>fd_add_t2.asm.obj</name>
      </input_file>
      <input_file id="fl-de">
         <path>D:\CCS\ccs\tools\compiler\ti-cgt-arm_20.2.1.LTS\lib\</path>
         <kind>archive</kind>
         <file>rtsv7M4_T_le_v4SPD16_eabi.lib</file>
         <name>fd_cmp_t2.asm.obj</name>
      </input_file>
      <input_file id="fl-df">
         <path>D:\CCS\ccs\tools\compiler\ti-cgt-arm_20.2.1.LTS\lib\</path>
         <kind>archive</kind>
         <file>rtsv7M4_T_le_v4SPD16_eabi.lib</file>
         <name>fd_div_t2.asm.obj</name>
      </input_file>
      <input_file id="fl-e0">
         <path>D:\CCS\ccs\tools\compiler\ti-cgt-arm_20.2.1.LTS\lib\</path>
         <kind>archive</kind>
         <file>rtsv7M4_T_le_v4SPD16_eabi.lib</file>
         <name>fd_mul_t2.asm.obj</name>
      </input_file>
      <input_file id="fl-e1">
         <path>D:\CCS\ccs\tools\compiler\ti-cgt-arm_20.2.1.LTS\lib\</path>
         <kind>archive</kind>
         <file>rtsv7M4_T_le_v4SPD16_eabi.lib</file>
         <name>fd_toi_t2.asm.obj</name>
      </input_file>
      <input_file id="fl-e2">
         <path>D:\CCS\ccs\tools\compiler\ti-cgt-arm_20.2.1.LTS\lib\</path>
         <kind>archive</kind>
         <file>rtsv7M4_T_le_v4SPD16_eabi.lib</file>
         <name>fd_tos_t2.asm.obj</name>
      </input_file>
      <input_file id="fl-e3">
         <path>D:\CCS\ccs\tools\compiler\ti-cgt-arm_20.2.1.LTS\lib\</path>
         <kind>archive</kind>
         <file>rtsv7M4_T_le_v4SPD16_eabi.lib</file>
         <name>fs_tod_t2.asm.obj</name>
      </input_file>
      <input_file id="fl-e4">
         <path>D:\CCS\ccs\tools\compiler\ti-cgt-arm_20.2.1.LTS\lib\</path>
         <kind>archive</kind>
         <file>rtsv7M4_T_le_v4SPD16_eabi.lib</file>
         <name>i_tofd_t2.asm.obj</name>
      </input_file>
      <input_file id="fl-e5">
         <path>D:\CCS\ccs\tools\compiler\ti-cgt-arm_20.2.1.LTS\lib\</path>
         <kind>archive</kind>
         <file>rtsv7M4_T_le_v4SPD16_eabi.lib</file>
         <name>memcpy_t2.asm.obj</name>
      </input_file>
      <input_file id="fl-e6">
         <path>D:\CCS\ccs\tools\compiler\ti-cgt-arm_20.2.1.LTS\lib\</path>
         <kind>archive</kind>
         <file>rtsv7M4_T_le_v4SPD16_eabi.lib</file>
         <name>u_tofd_t2.asm.obj</name>
      </input_file>
      <input_file id="fl-e7">
         <path>D:\CCS\ccs\tools\compiler\ti-cgt-arm_20.2.1.LTS\lib\</path>
         <kind>archive</kind>
         <file>rtsv7M4_T_le_v4SPD16_eabi.lib</file>
         <name>copy_zero_init.c.obj</name>
      </input_file>
      <input_file id="fl-e8">
         <path>D:\CCS\ccs\tools\compiler\ti-cgt-arm_20.2.1.LTS\lib\</path>
         <kind>archive</kind>
         <file>rtsv7M4_T_le_v4SPD16_eabi.lib</file>
         <name>copy_decompress_none.c.obj</name>
      </input_file>
      <input_file id="fl-e9">
         <path>D:\CCS\ccs\tools\compiler\ti-cgt-arm_20.2.1.LTS\lib\</path>
         <kind>archive</kind>
         <file>rtsv7M4_T_le_v4SPD16_eabi.lib</file>
         <name>copy_decompress_lzss.c.obj</name>
      </input_file>
      <input_file id="fl-ea">
         <path>D:\CCS\ccs\tools\compiler\ti-cgt-arm_20.2.1.LTS\lib\</path>
         <kind>archive</kind>
         <file>rtsv7M4_T_le_v4SPD16_eabi.lib</file>
         <name>errno.c.obj</name>
      </input_file>
      <input_file id="fl-eb">
         <path>D:\CCS\ccs\tools\compiler\ti-cgt-arm_20.2.1.LTS\lib\</path>
         <kind>archive</kind>
         <file>rtsv7M4_T_le_v4SPD16_eabi.lib</file>
         <name>boot_cortex_m.c.obj</name>
      </input_file>
      <input_file id="fl-ec">
         <path>D:\CCS\ccs\tools\compiler\ti-cgt-arm_20.2.1.LTS\lib\</path>
         <kind>archive</kind>
         <file>rtsv7M4_T_le_v4SPD16_eabi.lib</file>
         <name>_printfi.c.obj</name>
      </input_file>
      <input_file id="fl-ed">
         <path>D:\CCS\ccs\tools\compiler\ti-cgt-arm_20.2.1.LTS\lib\</path>
         <kind>archive</kind>
         <file>rtsv7M4_T_le_v4SPD16_eabi.lib</file>
         <name>ull_div_t2.asm.obj</name>
      </input_file>
      <input_file id="fl-ee">
         <path>D:\CCS\ccs\tools\compiler\ti-cgt-arm_20.2.1.LTS\lib\</path>
         <kind>archive</kind>
         <file>rtsv7M4_T_le_v4SPD16_eabi.lib</file>
         <name>autoinit.c.obj</name>
      </input_file>
      <input_file id="fl-ef">
         <path>D:\CCS\ccs\tools\compiler\ti-cgt-arm_20.2.1.LTS\lib\</path>
         <kind>archive</kind>
         <file>rtsv7M4_T_le_v4SPD16_eabi.lib</file>
         <name>pre_init.c.obj</name>
      </input_file>
      <input_file id="fl-f0">
         <path>D:\CCS\ccs\tools\compiler\ti-cgt-arm_20.2.1.LTS\lib\</path>
         <kind>archive</kind>
         <file>rtsv7M4_T_le_v4SPD16_eabi.lib</file>
         <name>cpy_tbl.c.obj</name>
      </input_file>
      <input_file id="fl-f1">
         <path>D:\CCS\ccs\tools\compiler\ti-cgt-arm_20.2.1.LTS\lib\</path>
         <kind>archive</kind>
         <file>rtsv7M4_T_le_v4SPD16_eabi.lib</file>
         <name>exit.c.obj</name>
      </input_file>
      <input_file id="fl-f2">
         <path>D:\CCS\ccs\tools\compiler\ti-cgt-arm_20.2.1.LTS\lib\</path>
         <kind>archive</kind>
         <file>rtsv7M4_T_le_v4SPD16_eabi.lib</file>
         <name>_lock.c.obj</name>
      </input_file>
      <input_file id="fl-f3">
         <path>D:\CCS\ccs\tools\compiler\ti-cgt-arm_20.2.1.LTS\lib\</path>
         <kind>archive</kind>
         <file>rtsv7M4_T_le_v4SPD16_eabi.lib</file>
         <name>_ltoa.c.obj</name>
      </input_file>
      <input_file id="fl-f4">
         <path>D:\CCS\ccs\tools\compiler\ti-cgt-arm_20.2.1.LTS\lib\</path>
         <kind>archive</kind>
         <file>rtsv7M4_T_le_v4SPD16_eabi.lib</file>
         <name>args_main.c.obj</name>
      </input_file>
      <input_file id="fl-f5">
         <path>D:\CCS\ccs\tools\compiler\ti-cgt-arm_20.2.1.LTS\lib\</path>
         <kind>archive</kind>
         <file>rtsv7M4_T_le_v4SPD16_eabi.lib</file>
         <name>atoi.c.obj</name>
      </input_file>
      <input_file id="fl-f6">
         <path>D:\CCS\ccs\tools\compiler\ti-cgt-arm_20.2.1.LTS\lib\</path>
         <kind>archive</kind>
         <file>rtsv7M4_T_le_v4SPD16_eabi.lib</file>
         <name>ctype.c.obj</name>
      </input_file>
      <input_file id="fl-f7">
         <path>D:\CCS\ccs\tools\compiler\ti-cgt-arm_20.2.1.LTS\lib\</path>
         <kind>archive</kind>
         <file>rtsv7M4_T_le_v4SPD16_eabi.lib</file>
         <name>memccpy.c.obj</name>
      </input_file>
      <input_file id="fl-f8">
         <path>D:\CCS\ccs\tools\compiler\ti-cgt-arm_20.2.1.LTS\lib\</path>
         <kind>archive</kind>
         <file>rtsv7M4_T_le_v4SPD16_eabi.lib</file>
         <name>strchr.c.obj</name>
      </input_file>
      <input_file id="fl-f9">
         <path>D:\CCS\ccs\tools\compiler\ti-cgt-arm_20.2.1.LTS\lib\</path>
         <kind>archive</kind>
         <file>rtsv7M4_T_le_v4SPD16_eabi.lib</file>
         <name>strlen.c.obj</name>
      </input_file>
      <input_file id="fl-fa">
         <path>D:\CCS\ccs\tools\compiler\ti-cgt-arm_20.2.1.LTS\lib\</path>
         <kind>archive</kind>
         <file>rtsv7M4_T_le_v4SPD16_eabi.lib</file>
         <name>s_frexp.c.obj</name>
      </input_file>
      <input_file id="fl-fb">
         <path>D:\CCS\ccs\tools\compiler\ti-cgt-arm_20.2.1.LTS\lib\</path>
         <kind>archive</kind>
         <file>rtsv7M4_T_le_v4SPD16_eabi.lib</file>
         <name>s_scalbn.c.obj</name>
      </input_file>
      <input_file id="fl-fc">
         <path>D:\CCS\ccs\tools\compiler\ti-cgt-arm_20.2.1.LTS\lib\</path>
         <kind>archive</kind>
         <file>rtsv7M4_T_le_v4SPD16_eabi.lib</file>
         <name>wcslen.c.obj</name>
      </input_file>
      <input_file id="fl-fd">
         <path>D:\CCS\ccs\tools\compiler\ti-cgt-arm_20.2.1.LTS\lib\</path>
         <kind>archive</kind>
         <file>rtsv7M4_T_le_v4SPD16_eabi.lib</file>
         <name>div0.asm.obj</name>
      </input_file>
      <input_file id="fl-fe">
         <path>D:\CCS\ccs\tools\compiler\ti-cgt-arm_20.2.1.LTS\lib\</path>
         <kind>archive</kind>
         <file>rtsv7M4_T_le_v4SPD16_eabi.lib</file>
         <name>s_copysign.c.obj</name>
      </input_file>
      <input_file id="fl-ff">
         <path>C:\ti\msp\MSP432Ware_3_40_00_25\driverlib\driverlib\MSP432P4xx\ccs\</path>
         <kind>archive</kind>
         <file>msp432p4xx_driverlib.lib</file>
         <name>cs.o</name>
      </input_file>
      <input_file id="fl-100">
         <path>C:\ti\msp\MSP432Ware_3_40_00_25\driverlib\driverlib\MSP432P4xx\ccs\</path>
         <kind>archive</kind>
         <file>msp432p4xx_driverlib.lib</file>
         <name>flash.o</name>
      </input_file>
      <input_file id="fl-101">
         <path>C:\ti\msp\MSP432Ware_3_40_00_25\driverlib\driverlib\MSP432P4xx\ccs\</path>
         <kind>archive</kind>
         <file>msp432p4xx_driverlib.lib</file>
         <name>gpio.o</name>
      </input_file>
      <input_file id="fl-102">
         <path>C:\ti\msp\MSP432Ware_3_40_00_25\driverlib\driverlib\MSP432P4xx\ccs\</path>
         <kind>archive</kind>
         <file>msp432p4xx_driverlib.lib</file>
         <name>interrupt.o</name>
      </input_file>
      <input_file id="fl-103">
         <path>C:\ti\msp\MSP432Ware_3_40_00_25\driverlib\driverlib\MSP432P4xx\ccs\</path>
         <kind>archive</kind>
         <file>msp432p4xx_driverlib.lib</file>
         <name>pcm.o</name>
      </input_file>
      <input_file id="fl-104">
         <path>C:\ti\msp\MSP432Ware_3_40_00_25\driverlib\driverlib\MSP432P4xx\ccs\</path>
         <kind>archive</kind>
         <file>msp432p4xx_driverlib.lib</file>
         <name>rtc_c.o</name>
      </input_file>
      <input_file id="fl-105">
         <path>C:\ti\msp\MSP432Ware_3_40_00_25\driverlib\driverlib\MSP432P4xx\ccs\</path>
         <kind>archive</kind>
         <file>msp432p4xx_driverlib.lib</file>
         <name>sysctl.o</name>
      </input_file>
      <input_file id="fl-106">
         <path>C:\ti\msp\MSP432Ware_3_40_00_25\driverlib\driverlib\MSP432P4xx\ccs\</path>
         <kind>archive</kind>
         <file>msp432p4xx_driverlib.lib</file>
         <name>uart.o</name>
      </input_file>
      <input_file id="fl-107">
         <path>C:\ti\msp\MSP432Ware_3_40_00_25\driverlib\driverlib\MSP432P4xx\ccs\</path>
         <kind>archive</kind>
         <file>msp432p4xx_driverlib.lib</file>
         <name>wdt_a.o</name>
      </input_file>
      <input_file id="fl-108">
         <path>C:\ti\msp\MSP432Ware_3_40_00_25\driverlib\driverlib\MSP432P4xx\ccs\</path>
         <kind>archive</kind>
         <file>msp432p4xx_driverlib.lib</file>
         <name>cpu.o</name>
      </input_file>
   </input_file_list>
   <object_component_list>
      <object_component id="oc-26">
         <name>.intvecs:retain</name>
         <load_address>0x0</load_address>
         <run_address>0x0</run_address>
         <size>0xe4</size>
         <input_file_ref idref="fl-3"/>
      </object_component>
      <object_component id="oc-e4">
         <name>.text</name>
         <load_address>0xe4</load_address>
         <run_address>0xe4</run_address>
         <size>0xa9c</size>
         <input_file_ref idref="fl-15"/>
      </object_component>
      <object_component id="oc-27e">
         <name>.text:__TI_printfi</name>
         <load_address>0xb80</load_address>
         <run_address>0xb80</run_address>
         <size>0xa4e</size>
         <input_file_ref idref="fl-ec"/>
      </object_component>
      <object_component id="oc-414">
         <name>.text</name>
         <load_address>0x15ce</load_address>
         <run_address>0x15ce</run_address>
         <size>0x2</size>
         <input_file_ref idref="fl-fd"/>
      </object_component>
      <object_component id="oc-7f">
         <name>.text</name>
         <load_address>0x15d0</load_address>
         <run_address>0x15d0</run_address>
         <size>0x8f0</size>
         <input_file_ref idref="fl-a"/>
      </object_component>
      <object_component id="oc-79">
         <name>.text</name>
         <load_address>0x1ec0</load_address>
         <run_address>0x1ec0</run_address>
         <size>0x838</size>
         <input_file_ref idref="fl-1c"/>
      </object_component>
      <object_component id="oc-167">
         <name>.text</name>
         <load_address>0x26f8</load_address>
         <run_address>0x26f8</run_address>
         <size>0x7dc</size>
         <input_file_ref idref="fl-1d"/>
      </object_component>
      <object_component id="oc-17d">
         <name>.text</name>
         <load_address>0x2ed4</load_address>
         <run_address>0x2ed4</run_address>
         <size>0x694</size>
         <input_file_ref idref="fl-e"/>
      </object_component>
      <object_component id="oc-73">
         <name>.text</name>
         <load_address>0x3568</load_address>
         <run_address>0x3568</run_address>
         <size>0x65c</size>
         <input_file_ref idref="fl-16"/>
      </object_component>
      <object_component id="oc-f0">
         <name>.text</name>
         <load_address>0x3bc4</load_address>
         <run_address>0x3bc4</run_address>
         <size>0x600</size>
         <input_file_ref idref="fl-f"/>
      </object_component>
      <object_component id="oc-6d">
         <name>.text</name>
         <load_address>0x41c4</load_address>
         <run_address>0x41c4</run_address>
         <size>0x4fc</size>
         <input_file_ref idref="fl-1b"/>
      </object_component>
      <object_component id="oc-ab">
         <name>.text</name>
         <load_address>0x46c0</load_address>
         <run_address>0x46c0</run_address>
         <size>0x3b4</size>
         <input_file_ref idref="fl-2"/>
      </object_component>
      <object_component id="oc-29a">
         <name>.text</name>
         <load_address>0x4a74</load_address>
         <run_address>0x4a74</run_address>
         <size>0x33e</size>
         <input_file_ref idref="fl-d"/>
      </object_component>
      <object_component id="oc-bd">
         <name>.text</name>
         <load_address>0x4db4</load_address>
         <run_address>0x4db4</run_address>
         <size>0x334</size>
         <input_file_ref idref="fl-4"/>
      </object_component>
      <object_component id="oc-2b3">
         <name>.text:atan</name>
         <load_address>0x50e8</load_address>
         <run_address>0x50e8</run_address>
         <size>0x2ec</size>
         <input_file_ref idref="fl-da"/>
      </object_component>
      <object_component id="oc-322">
         <name>.text:_pconv_a</name>
         <load_address>0x53d4</load_address>
         <run_address>0x53d4</run_address>
         <size>0x270</size>
         <input_file_ref idref="fl-ec"/>
      </object_component>
      <object_component id="oc-310">
         <name>.text:_pconv_g</name>
         <load_address>0x5644</load_address>
         <run_address>0x5644</run_address>
         <size>0x1d0</size>
         <input_file_ref idref="fl-ec"/>
      </object_component>
      <object_component id="oc-173">
         <name>.text</name>
         <load_address>0x5814</load_address>
         <run_address>0x5814</run_address>
         <size>0x1c0</size>
         <input_file_ref idref="fl-17"/>
      </object_component>
      <object_component id="oc-107">
         <name>.text</name>
         <load_address>0x59d4</load_address>
         <run_address>0x59d4</run_address>
         <size>0x1b6</size>
         <input_file_ref idref="fl-dd"/>
      </object_component>
      <object_component id="oc-2ad">
         <name>.text:sqrt</name>
         <load_address>0x5b8c</load_address>
         <run_address>0x5b8c</run_address>
         <size>0x158</size>
         <input_file_ref idref="fl-d9"/>
      </object_component>
      <object_component id="oc-31c">
         <name>.text:_pconv_e</name>
         <load_address>0x5ce4</load_address>
         <run_address>0x5ce4</run_address>
         <size>0x13c</size>
         <input_file_ref idref="fl-ec"/>
      </object_component>
      <object_component id="oc-c9">
         <name>.text</name>
         <load_address>0x5e20</load_address>
         <run_address>0x5e20</run_address>
         <size>0x136</size>
         <input_file_ref idref="fl-df"/>
      </object_component>
      <object_component id="oc-3b0">
         <name>.text:fcvt</name>
         <load_address>0x5f58</load_address>
         <run_address>0x5f58</run_address>
         <size>0x124</size>
         <input_file_ref idref="fl-ec"/>
      </object_component>
      <object_component id="oc-3c4">
         <name>.text:scalbn</name>
         <load_address>0x607c</load_address>
         <run_address>0x607c</run_address>
         <size>0x110</size>
         <input_file_ref idref="fl-fb"/>
      </object_component>
      <object_component id="oc-2b9">
         <name>.text</name>
         <load_address>0x618c</load_address>
         <run_address>0x618c</run_address>
         <size>0xfc</size>
         <input_file_ref idref="fl-e0"/>
      </object_component>
      <object_component id="oc-305">
         <name>.text:_ltostr</name>
         <load_address>0x6288</load_address>
         <run_address>0x6288</run_address>
         <size>0xb1</size>
         <input_file_ref idref="fl-ec"/>
      </object_component>
      <object_component id="oc-37">
         <name>.text</name>
         <load_address>0x633a</load_address>
         <run_address>0x633a</run_address>
         <size>0x9c</size>
         <input_file_ref idref="fl-e5"/>
      </object_component>
      <object_component id="oc-396">
         <name>.text</name>
         <load_address>0x63d6</load_address>
         <run_address>0x63d6</run_address>
         <size>0x96</size>
         <input_file_ref idref="fl-ed"/>
      </object_component>
      <object_component id="oc-30b">
         <name>.text:__aeabi_cdcmple</name>
         <load_address>0x646c</load_address>
         <run_address>0x646c</run_address>
         <size>0x86</size>
         <input_file_ref idref="fl-de"/>
      </object_component>
      <object_component id="oc-356">
         <name>.text:__aeabi_cdrcmple</name>
         <load_address>0x64f2</load_address>
         <run_address>0x64f2</run_address>
         <size>0x86</size>
         <input_file_ref idref="fl-de"/>
      </object_component>
      <object_component id="oc-9f">
         <name>.text</name>
         <load_address>0x6578</load_address>
         <run_address>0x6578</run_address>
         <size>0x7a</size>
         <input_file_ref idref="fl-dc"/>
      </object_component>
      <object_component id="oc-3a9">
         <name>.text:_mcpy</name>
         <load_address>0x65f2</load_address>
         <run_address>0x65f2</run_address>
         <size>0x6e</size>
         <input_file_ref idref="fl-ec"/>
      </object_component>
      <object_component id="oc-2a5">
         <name>.text</name>
         <load_address>0x6660</load_address>
         <run_address>0x6660</run_address>
         <size>0x6e</size>
         <input_file_ref idref="fl-e2"/>
      </object_component>
      <object_component id="oc-17">
         <name>.text:decompress:lzss:__TI_decompress_lzss</name>
         <load_address>0x66ce</load_address>
         <run_address>0x66ce</run_address>
         <size>0x68</size>
         <input_file_ref idref="fl-e9"/>
      </object_component>
      <object_component id="oc-3be">
         <name>.text:frexp</name>
         <load_address>0x6738</load_address>
         <run_address>0x6738</run_address>
         <size>0x64</size>
         <input_file_ref idref="fl-fa"/>
      </object_component>
      <object_component id="oc-316">
         <name>.text:_pconv_f</name>
         <load_address>0x679c</load_address>
         <run_address>0x679c</run_address>
         <size>0x56</size>
         <input_file_ref idref="fl-ec"/>
      </object_component>
      <object_component id="oc-39d">
         <name>.text:__TI_ltoa</name>
         <load_address>0x67f2</load_address>
         <run_address>0x67f2</run_address>
         <size>0x54</size>
         <input_file_ref idref="fl-f3"/>
      </object_component>
      <object_component id="oc-3a3">
         <name>.text:_ecpy</name>
         <load_address>0x6846</load_address>
         <run_address>0x6846</run_address>
         <size>0x52</size>
         <input_file_ref idref="fl-ec"/>
      </object_component>
      <object_component id="oc-2ff">
         <name>.text:atoi</name>
         <load_address>0x6898</load_address>
         <run_address>0x6898</run_address>
         <size>0x4c</size>
         <input_file_ref idref="fl-f5"/>
      </object_component>
      <object_component id="oc-ce">
         <name>.text</name>
         <load_address>0x68e4</load_address>
         <run_address>0x68e4</run_address>
         <size>0x48</size>
         <input_file_ref idref="fl-e1"/>
      </object_component>
      <object_component id="oc-19a">
         <name>.text:__TI_auto_init_nobinit_nopinit:__TI_auto_init_nobinit_nopinit</name>
         <load_address>0x692c</load_address>
         <run_address>0x692c</run_address>
         <size>0x44</size>
         <input_file_ref idref="fl-ee"/>
      </object_component>
      <object_component id="oc-16d">
         <name>.text:sprintf</name>
         <load_address>0x6970</load_address>
         <run_address>0x6970</run_address>
         <size>0x40</size>
         <input_file_ref idref="fl-db"/>
      </object_component>
      <object_component id="oc-3b6">
         <name>.text:_fcpy</name>
         <load_address>0x69b0</load_address>
         <run_address>0x69b0</run_address>
         <size>0x3e</size>
         <input_file_ref idref="fl-ec"/>
      </object_component>
      <object_component id="oc-102">
         <name>.text</name>
         <load_address>0x69ee</load_address>
         <run_address>0x69ee</run_address>
         <size>0x38</size>
         <input_file_ref idref="fl-e3"/>
      </object_component>
      <object_component id="oc-55">
         <name>.text:_c_int00_noargs:_c_int00_noargs</name>
         <load_address>0x6a28</load_address>
         <run_address>0x6a28</run_address>
         <size>0x34</size>
         <input_file_ref idref="fl-eb"/>
      </object_component>
      <object_component id="oc-2a0">
         <name>.text</name>
         <load_address>0x6a5c</load_address>
         <run_address>0x6a5c</run_address>
         <size>0x2e</size>
         <input_file_ref idref="fl-e4"/>
      </object_component>
      <object_component id="oc-273">
         <name>.text:GPIO_setAsOutputPin</name>
         <load_address>0x6a8c</load_address>
         <run_address>0x6a8c</run_address>
         <size>0x24</size>
         <input_file_ref idref="fl-101"/>
      </object_component>
      <object_component id="oc-c4">
         <name>.text</name>
         <load_address>0x6ab0</load_address>
         <run_address>0x6ab0</run_address>
         <size>0x20</size>
         <input_file_ref idref="fl-e6"/>
      </object_component>
      <object_component id="oc-43">
         <name>.text:decompress:ZI:__TI_zero_init_nomemset:__TI_zero_init_nomemset</name>
         <load_address>0x6ad0</load_address>
         <run_address>0x6ad0</run_address>
         <size>0x1c</size>
         <input_file_ref idref="fl-e7"/>
      </object_component>
      <object_component id="oc-328">
         <name>.text:memccpy</name>
         <load_address>0x6aec</load_address>
         <run_address>0x6aec</run_address>
         <size>0x1c</size>
         <input_file_ref idref="fl-f7"/>
      </object_component>
      <object_component id="oc-427">
         <name>.text:copysign</name>
         <load_address>0x6b08</load_address>
         <run_address>0x6b08</run_address>
         <size>0x1a</size>
         <input_file_ref idref="fl-fe"/>
      </object_component>
      <object_component id="oc-25c">
         <name>.text:GPIO_setOutputLowOnPin</name>
         <load_address>0x6b24</load_address>
         <run_address>0x6b24</run_address>
         <size>0x18</size>
         <input_file_ref idref="fl-101"/>
      </object_component>
      <object_component id="oc-284">
         <name>.text:_outs</name>
         <load_address>0x6b3c</load_address>
         <run_address>0x6b3c</run_address>
         <size>0x18</size>
         <input_file_ref idref="fl-db"/>
      </object_component>
      <object_component id="oc-3ca">
         <name>.text:strchr</name>
         <load_address>0x6b54</load_address>
         <run_address>0x6b54</run_address>
         <size>0x16</size>
         <input_file_ref idref="fl-f8"/>
      </object_component>
      <object_component id="oc-256">
         <name>.text:GPIO_setOutputHighOnPin</name>
         <load_address>0x6b6c</load_address>
         <run_address>0x6b6c</run_address>
         <size>0x14</size>
         <input_file_ref idref="fl-101"/>
      </object_component>
      <object_component id="oc-2f9">
         <name>.text:strlen</name>
         <load_address>0x6b80</load_address>
         <run_address>0x6b80</run_address>
         <size>0x14</size>
         <input_file_ref idref="fl-f9"/>
      </object_component>
      <object_component id="oc-32e">
         <name>.text:wcslen</name>
         <load_address>0x6b94</load_address>
         <run_address>0x6b94</run_address>
         <size>0x12</size>
         <input_file_ref idref="fl-fc"/>
      </object_component>
      <object_component id="oc-1d">
         <name>.text:decompress:none:__TI_decompress_none</name>
         <load_address>0x6ba6</load_address>
         <run_address>0x6ba6</run_address>
         <size>0xe</size>
         <input_file_ref idref="fl-e8"/>
      </object_component>
      <object_component id="oc-67">
         <name>.text</name>
         <load_address>0x6bb4</load_address>
         <run_address>0x6bb4</run_address>
         <size>0xe</size>
         <input_file_ref idref="fl-3"/>
      </object_component>
      <object_component id="oc-28a">
         <name>.text:_outc</name>
         <load_address>0x6bc2</load_address>
         <run_address>0x6bc2</run_address>
         <size>0xa</size>
         <input_file_ref idref="fl-db"/>
      </object_component>
      <object_component id="oc-334">
         <name>.text:__aeabi_errno_addr</name>
         <load_address>0x6bcc</load_address>
         <run_address>0x6bcc</run_address>
         <size>0x8</size>
         <input_file_ref idref="fl-ea"/>
      </object_component>
      <object_component id="oc-a5">
         <name>.text:_system_pre_init</name>
         <load_address>0x6bd4</load_address>
         <run_address>0x6bd4</run_address>
         <size>0x4</size>
         <input_file_ref idref="fl-ef"/>
      </object_component>
      <object_component id="oc-18e">
         <name>.text:abort:abort</name>
         <load_address>0x6bd8</load_address>
         <run_address>0x6bd8</run_address>
         <size>0x4</size>
         <input_file_ref idref="fl-f1"/>
      </object_component>
      <object_component id="oc-270">
         <name>.const:F6x8</name>
         <load_address>0x6be0</load_address>
         <run_address>0x6be0</run_address>
         <size>0x228</size>
         <input_file_ref idref="fl-1d"/>
      </object_component>
      <object_component id="oc-27a">
         <name>.const:Hzk</name>
         <load_address>0x6e08</load_address>
         <run_address>0x6e08</run_address>
         <size>0x1c0</size>
         <input_file_ref idref="fl-1d"/>
      </object_component>
      <object_component id="oc-391">
         <name>.const:.string:_ctypes_</name>
         <load_address>0x6fc8</load_address>
         <run_address>0x6fc8</run_address>
         <size>0x101</size>
         <input_file_ref idref="fl-f6"/>
      </object_component>
      <object_component id="oc-10f">
         <name>.const:FP_N</name>
         <load_address>0x70cc</load_address>
         <run_address>0x70cc</run_address>
         <size>0xa0</size>
         <input_file_ref idref="fl-1c"/>
      </object_component>
      <object_component id="oc-35b">
         <name>.const:$O1$$</name>
         <load_address>0x7170</load_address>
         <run_address>0x7170</run_address>
         <size>0x98</size>
         <input_file_ref idref="fl-da"/>
      </object_component>
      <object_component id="oc-2aa">
         <name>.const:.string:MPU_reg</name>
         <load_address>0x7208</load_address>
         <run_address>0x7208</run_address>
         <size>0x32</size>
         <input_file_ref idref="fl-e"/>
      </object_component>
      <object_component id="oc-112">
         <name>.const:.string:BRS</name>
         <load_address>0x723a</load_address>
         <run_address>0x723a</run_address>
         <size>0x28</size>
         <input_file_ref idref="fl-1c"/>
      </object_component>
      <object_component id="oc-48e">
         <name>.cinit..data.load</name>
         <load_address>0x7268</load_address>
         <run_address>0x7268</run_address>
         <size>0x45</size>
      </object_component>
      <object_component id="oc-48c">
         <name>__TI_handler_table</name>
         <load_address>0x72b0</load_address>
         <run_address>0x72b0</run_address>
         <size>0xc</size>
      </object_component>
      <object_component id="oc-48f">
         <name>.cinit..bss.load</name>
         <load_address>0x72c0</load_address>
         <run_address>0x72c0</run_address>
         <size>0x8</size>
      </object_component>
      <object_component id="oc-48d">
         <name>__TI_cinit_table</name>
         <load_address>0x72c8</load_address>
         <run_address>0x72c8</run_address>
         <size>0x10</size>
      </object_component>
      <object_component id="oc-460">
         <name>.binit</name>
         <load_address>0x0</load_address>
         <run_address>0x0</run_address>
         <size>0x0</size>
      </object_component>
      <object_component id="oc-179">
         <name>.data</name>
         <load_address>0x20002aa4</load_address>
         <run_address>0x20002aa4</run_address>
         <size>0x1</size>
         <input_file_ref idref="fl-2"/>
      </object_component>
      <object_component id="oc-1cc">
         <name>.data</name>
         <load_address>0x20002aa0</load_address>
         <run_address>0x20002aa0</run_address>
         <size>0x4</size>
         <input_file_ref idref="fl-4"/>
      </object_component>
      <object_component id="oc-26d">
         <name>.data:Oscill_data_buff</name>
         <load_address>0x20002800</load_address>
         <run_address>0x20002800</run_address>
         <size>0x200</size>
         <input_file_ref idref="fl-9"/>
      </object_component>
      <object_component id="oc-f9">
         <name>.data:CCRn_period_val</name>
         <load_address>0x20002a00</load_address>
         <run_address>0x20002a00</run_address>
         <size>0x38</size>
         <input_file_ref idref="fl-10"/>
      </object_component>
      <object_component id="oc-ed">
         <name>.data</name>
         <load_address>0x20002a68</load_address>
         <run_address>0x20002a68</run_address>
         <size>0x1c</size>
         <input_file_ref idref="fl-12"/>
      </object_component>
      <object_component id="oc-d4">
         <name>.data</name>
         <load_address>0x20002a84</load_address>
         <run_address>0x20002a84</run_address>
         <size>0x8</size>
         <input_file_ref idref="fl-1b"/>
      </object_component>
      <object_component id="oc-10c">
         <name>.data</name>
         <load_address>0x20002a8c</load_address>
         <run_address>0x20002a8c</run_address>
         <size>0x8</size>
         <input_file_ref idref="fl-1c"/>
      </object_component>
      <object_component id="oc-263">
         <name>.data:screen_buf</name>
         <load_address>0x20000000</load_address>
         <run_address>0x20000000</run_address>
         <size>0x2000</size>
         <input_file_ref idref="fl-1d"/>
      </object_component>
      <object_component id="oc-266">
         <name>.data:bmp</name>
         <load_address>0x20002400</load_address>
         <run_address>0x20002400</run_address>
         <size>0x400</size>
         <input_file_ref idref="fl-1d"/>
      </object_component>
      <object_component id="oc-269">
         <name>.data:bmp2</name>
         <load_address>0x20002000</load_address>
         <run_address>0x20002000</run_address>
         <size>0x400</size>
         <input_file_ref idref="fl-1d"/>
      </object_component>
      <object_component id="oc-279">
         <name>.data:tmp$2</name>
         <load_address>0x20002a94</load_address>
         <run_address>0x20002a94</run_address>
         <size>0x8</size>
         <input_file_ref idref="fl-1d"/>
      </object_component>
      <object_component id="oc-3da">
         <name>.data</name>
         <load_address>0x20002a9c</load_address>
         <run_address>0x20002a9c</run_address>
         <size>0x4</size>
         <input_file_ref idref="fl-ea"/>
      </object_component>
      <object_component id="oc-2e1">
         <name>.data:GPIO_PORT_TO_BASE</name>
         <load_address>0x20002a38</load_address>
         <run_address>0x20002a38</run_address>
         <size>0x30</size>
         <input_file_ref idref="fl-101"/>
      </object_component>
      <object_component id="oc-d3">
         <name>.bss</name>
         <uninitialized>true</uninitialized>
         <run_address>0x20002b44</run_address>
         <size>0x4</size>
         <input_file_ref idref="fl-1b"/>
      </object_component>
      <object_component id="oc-262">
         <name>.bss</name>
         <uninitialized>true</uninitialized>
         <run_address>0x20002b62</run_address>
         <size>0x1</size>
         <input_file_ref idref="fl-1d"/>
      </object_component>
      <object_component id="oc-11d">
         <name>.common:ADC14_STRUCT</name>
         <uninitialized>true</uninitialized>
         <run_address>0x20002adc</run_address>
         <size>0x30</size>
      </object_component>
      <object_component id="oc-186">
         <name>.common:temp</name>
         <uninitialized>true</uninitialized>
         <run_address>0x20002b60</run_address>
         <size>0x2</size>
      </object_component>
      <object_component id="oc-183">
         <name>.common:gx</name>
         <uninitialized>true</uninitialized>
         <run_address>0x20002b5a</run_address>
         <size>0x2</size>
      </object_component>
      <object_component id="oc-184">
         <name>.common:gy</name>
         <uninitialized>true</uninitialized>
         <run_address>0x20002b5c</run_address>
         <size>0x2</size>
      </object_component>
      <object_component id="oc-185">
         <name>.common:gz</name>
         <uninitialized>true</uninitialized>
         <run_address>0x20002b5e</run_address>
         <size>0x2</size>
      </object_component>
      <object_component id="oc-187">
         <name>.common:ax</name>
         <uninitialized>true</uninitialized>
         <run_address>0x20002b54</run_address>
         <size>0x2</size>
      </object_component>
      <object_component id="oc-188">
         <name>.common:ay</name>
         <uninitialized>true</uninitialized>
         <run_address>0x20002b56</run_address>
         <size>0x2</size>
      </object_component>
      <object_component id="oc-189">
         <name>.common:az</name>
         <uninitialized>true</uninitialized>
         <run_address>0x20002b58</run_address>
         <size>0x2</size>
      </object_component>
      <object_component id="oc-18b">
         <name>.common:roll</name>
         <uninitialized>true</uninitialized>
         <run_address>0x20002b4c</run_address>
         <size>0x4</size>
      </object_component>
      <object_component id="oc-18c">
         <name>.common:yaw</name>
         <uninitialized>true</uninitialized>
         <run_address>0x20002b50</run_address>
         <size>0x4</size>
      </object_component>
      <object_component id="oc-18a">
         <name>.common:pitch</name>
         <uninitialized>true</uninitialized>
         <run_address>0x20002b48</run_address>
         <size>0x4</size>
      </object_component>
      <object_component id="oc-17c">
         <name>.common:MPU_txt</name>
         <uninitialized>true</uninitialized>
         <run_address>0x20002aa8</run_address>
         <size>0x34</size>
      </object_component>
      <object_component id="oc-26c">
         <name>.common:oscill1</name>
         <uninitialized>true</uninitialized>
         <run_address>0x20002b0c</run_address>
         <size>0x18</size>
      </object_component>
      <object_component id="oc-f6">
         <name>.common:encoder_A</name>
         <uninitialized>true</uninitialized>
         <run_address>0x20002b24</run_address>
         <size>0x8</size>
      </object_component>
      <object_component id="oc-ea">
         <name>.common:encoder_B</name>
         <uninitialized>true</uninitialized>
         <run_address>0x20002b2c</run_address>
         <size>0x8</size>
      </object_component>
      <object_component id="oc-f8">
         <name>.common:encoder_C</name>
         <uninitialized>true</uninitialized>
         <run_address>0x20002b34</run_address>
         <size>0x8</size>
      </object_component>
      <object_component id="oc-f7">
         <name>.common:encoder_D</name>
         <uninitialized>true</uninitialized>
         <run_address>0x20002b3c</run_address>
         <size>0x8</size>
      </object_component>
      <object_component id="oc-29">
         <name>.stack</name>
         <uninitialized>true</uninitialized>
         <run_address>0x2000fe00</run_address>
         <size>0x4</size>
         <input_file_ref idref="fl-eb"/>
      </object_component>
      <object_component id="oc-491">
         <name>.stack</name>
         <uninitialized>true</uninitialized>
         <run_address>0x2000fe00</run_address>
         <size>0x0</size>
      </object_component>
      <object_component id="oc-11e">
         <name>.debug_info</name>
         <load_address>0x0</load_address>
         <run_address>0x0</run_address>
         <size>0xad2</size>
         <input_file_ref idref="fl-2"/>
      </object_component>
      <object_component id="oc-17a">
         <name>.debug_info</name>
         <load_address>0xad2</load_address>
         <run_address>0xad2</run_address>
         <size>0xc4</size>
         <input_file_ref idref="fl-2"/>
      </object_component>
      <object_component id="oc-ac">
         <name>.debug_info</name>
         <load_address>0xb96</load_address>
         <run_address>0xb96</run_address>
         <size>0x590</size>
         <input_file_ref idref="fl-2"/>
      </object_component>
      <object_component id="oc-1f6">
         <name>.debug_info</name>
         <load_address>0x1126</load_address>
         <run_address>0x1126</run_address>
         <size>0x71</size>
         <input_file_ref idref="fl-2"/>
      </object_component>
      <object_component id="oc-1e1">
         <name>.debug_info</name>
         <load_address>0x1197</load_address>
         <run_address>0x1197</run_address>
         <size>0x120</size>
         <input_file_ref idref="fl-2"/>
      </object_component>
      <object_component id="oc-246">
         <name>.debug_info</name>
         <load_address>0x12b7</load_address>
         <run_address>0x12b7</run_address>
         <size>0x6c</size>
         <input_file_ref idref="fl-2"/>
      </object_component>
      <object_component id="oc-202">
         <name>.debug_info</name>
         <load_address>0x1323</load_address>
         <run_address>0x1323</run_address>
         <size>0x21f</size>
         <input_file_ref idref="fl-2"/>
      </object_component>
      <object_component id="oc-14b">
         <name>.debug_info</name>
         <load_address>0x1542</load_address>
         <run_address>0x1542</run_address>
         <size>0x218</size>
         <input_file_ref idref="fl-2"/>
      </object_component>
      <object_component id="oc-241">
         <name>.debug_info</name>
         <load_address>0x175a</load_address>
         <run_address>0x175a</run_address>
         <size>0xfd</size>
         <input_file_ref idref="fl-2"/>
      </object_component>
      <object_component id="oc-1fd">
         <name>.debug_info</name>
         <load_address>0x1857</load_address>
         <run_address>0x1857</run_address>
         <size>0x99</size>
         <input_file_ref idref="fl-2"/>
      </object_component>
      <object_component id="oc-da">
         <name>.debug_info</name>
         <load_address>0x18f0</load_address>
         <run_address>0x18f0</run_address>
         <size>0x12a</size>
         <input_file_ref idref="fl-2"/>
      </object_component>
      <object_component id="oc-116">
         <name>.debug_info</name>
         <load_address>0x1a1a</load_address>
         <run_address>0x1a1a</run_address>
         <size>0x8c</size>
         <input_file_ref idref="fl-2"/>
      </object_component>
      <object_component id="oc-152">
         <name>.debug_info</name>
         <load_address>0x1aa6</load_address>
         <run_address>0x1aa6</run_address>
         <size>0x26b</size>
         <input_file_ref idref="fl-2"/>
      </object_component>
      <object_component id="oc-1dc">
         <name>.debug_info</name>
         <load_address>0x1d11</load_address>
         <run_address>0x1d11</run_address>
         <size>0x1055</size>
         <input_file_ref idref="fl-2"/>
      </object_component>
      <object_component id="oc-1d7">
         <name>.debug_info</name>
         <load_address>0x2d66</load_address>
         <run_address>0x2d66</run_address>
         <size>0x37e2</size>
         <input_file_ref idref="fl-2"/>
      </object_component>
      <object_component id="oc-220">
         <name>.debug_info</name>
         <load_address>0x6548</load_address>
         <run_address>0x6548</run_address>
         <size>0xae</size>
         <input_file_ref idref="fl-2"/>
      </object_component>
      <object_component id="oc-32">
         <name>.debug_info</name>
         <load_address>0x65f6</load_address>
         <run_address>0x65f6</run_address>
         <size>0x84</size>
         <input_file_ref idref="fl-2"/>
      </object_component>
      <object_component id="oc-1eb">
         <name>.debug_info</name>
         <load_address>0x667a</load_address>
         <run_address>0x667a</run_address>
         <size>0x2a4</size>
         <input_file_ref idref="fl-2"/>
      </object_component>
      <object_component id="oc-1f1">
         <name>.debug_info</name>
         <load_address>0x691e</load_address>
         <run_address>0x691e</run_address>
         <size>0xef</size>
         <input_file_ref idref="fl-2"/>
      </object_component>
      <object_component id="oc-df">
         <name>.debug_info</name>
         <load_address>0x6a0d</load_address>
         <run_address>0x6a0d</run_address>
         <size>0xbb</size>
         <input_file_ref idref="fl-2"/>
      </object_component>
      <object_component id="oc-fd">
         <name>.debug_info</name>
         <load_address>0x6ac8</load_address>
         <run_address>0x6ac8</run_address>
         <size>0x87</size>
         <input_file_ref idref="fl-2"/>
      </object_component>
      <object_component id="oc-292">
         <name>.debug_info</name>
         <load_address>0x6b4f</load_address>
         <run_address>0x6b4f</run_address>
         <size>0x2c</size>
         <input_file_ref idref="fl-2"/>
      </object_component>
      <object_component id="oc-1e6">
         <name>.debug_info</name>
         <load_address>0x6b7b</load_address>
         <run_address>0x6b7b</run_address>
         <size>0xf7</size>
         <input_file_ref idref="fl-2"/>
      </object_component>
      <object_component id="oc-87">
         <name>.debug_info</name>
         <load_address>0x6c72</load_address>
         <run_address>0x6c72</run_address>
         <size>0x2c3</size>
         <input_file_ref idref="fl-3"/>
      </object_component>
      <object_component id="oc-27">
         <name>.debug_info</name>
         <load_address>0x6f35</load_address>
         <run_address>0x6f35</run_address>
         <size>0xef</size>
         <input_file_ref idref="fl-3"/>
      </object_component>
      <object_component id="oc-6a">
         <name>.debug_info</name>
         <load_address>0x7024</load_address>
         <run_address>0x7024</run_address>
         <size>0x1b6</size>
         <input_file_ref idref="fl-3"/>
      </object_component>
      <object_component id="oc-1cd">
         <name>.debug_info</name>
         <load_address>0x71da</load_address>
         <run_address>0x71da</run_address>
         <size>0xe8</size>
         <input_file_ref idref="fl-4"/>
      </object_component>
      <object_component id="oc-be">
         <name>.debug_info</name>
         <load_address>0x72c2</load_address>
         <run_address>0x72c2</run_address>
         <size>0x25a</size>
         <input_file_ref idref="fl-4"/>
      </object_component>
      <object_component id="oc-120">
         <name>.debug_info</name>
         <load_address>0x751c</load_address>
         <run_address>0x751c</run_address>
         <size>0x6e5</size>
         <input_file_ref idref="fl-5"/>
      </object_component>
      <object_component id="oc-383">
         <name>.debug_info</name>
         <load_address>0x7c01</load_address>
         <run_address>0x7c01</run_address>
         <size>0x8b</size>
         <input_file_ref idref="fl-6"/>
      </object_component>
      <object_component id="oc-122">
         <name>.debug_info</name>
         <load_address>0x7c8c</load_address>
         <run_address>0x7c8c</run_address>
         <size>0x74e</size>
         <input_file_ref idref="fl-7"/>
      </object_component>
      <object_component id="oc-124">
         <name>.debug_info</name>
         <load_address>0x83da</load_address>
         <run_address>0x83da</run_address>
         <size>0x7d0</size>
         <input_file_ref idref="fl-8"/>
      </object_component>
      <object_component id="oc-126">
         <name>.debug_info</name>
         <load_address>0x8baa</load_address>
         <run_address>0x8baa</run_address>
         <size>0x7fb</size>
         <input_file_ref idref="fl-9"/>
      </object_component>
      <object_component id="oc-26e">
         <name>.debug_info</name>
         <load_address>0x93a5</load_address>
         <run_address>0x93a5</run_address>
         <size>0xec</size>
         <input_file_ref idref="fl-9"/>
      </object_component>
      <object_component id="oc-128">
         <name>.debug_info</name>
         <load_address>0x9491</load_address>
         <run_address>0x9491</run_address>
         <size>0x6dd</size>
         <input_file_ref idref="fl-a"/>
      </object_component>
      <object_component id="oc-80">
         <name>.debug_info</name>
         <load_address>0x9b6e</load_address>
         <run_address>0x9b6e</run_address>
         <size>0xd44</size>
         <input_file_ref idref="fl-a"/>
      </object_component>
      <object_component id="oc-12a">
         <name>.debug_info</name>
         <load_address>0xa8b2</load_address>
         <run_address>0xa8b2</run_address>
         <size>0x793</size>
         <input_file_ref idref="fl-b"/>
      </object_component>
      <object_component id="oc-12e">
         <name>.debug_info</name>
         <load_address>0xb045</load_address>
         <run_address>0xb045</run_address>
         <size>0x7f1</size>
         <input_file_ref idref="fl-c"/>
      </object_component>
      <object_component id="oc-12c">
         <name>.debug_info</name>
         <load_address>0xb836</load_address>
         <run_address>0xb836</run_address>
         <size>0x78f</size>
         <input_file_ref idref="fl-d"/>
      </object_component>
      <object_component id="oc-29b">
         <name>.debug_info</name>
         <load_address>0xbfc5</load_address>
         <run_address>0xbfc5</run_address>
         <size>0x91a</size>
         <input_file_ref idref="fl-d"/>
      </object_component>
      <object_component id="oc-132">
         <name>.debug_info</name>
         <load_address>0xc8df</load_address>
         <run_address>0xc8df</run_address>
         <size>0x88d</size>
         <input_file_ref idref="fl-e"/>
      </object_component>
      <object_component id="oc-2ab">
         <name>.debug_info</name>
         <load_address>0xd16c</load_address>
         <run_address>0xd16c</run_address>
         <size>0xda</size>
         <input_file_ref idref="fl-e"/>
      </object_component>
      <object_component id="oc-181">
         <name>.debug_info</name>
         <load_address>0xd246</load_address>
         <run_address>0xd246</run_address>
         <size>0x11cc</size>
         <input_file_ref idref="fl-e"/>
      </object_component>
      <object_component id="oc-130">
         <name>.debug_info</name>
         <load_address>0xe412</load_address>
         <run_address>0xe412</run_address>
         <size>0x6da</size>
         <input_file_ref idref="fl-f"/>
      </object_component>
      <object_component id="oc-f1">
         <name>.debug_info</name>
         <load_address>0xeaec</load_address>
         <run_address>0xeaec</run_address>
         <size>0x7cf</size>
         <input_file_ref idref="fl-f"/>
      </object_component>
      <object_component id="oc-136">
         <name>.debug_info</name>
         <load_address>0xf2bb</load_address>
         <run_address>0xf2bb</run_address>
         <size>0x827</size>
         <input_file_ref idref="fl-10"/>
      </object_component>
      <object_component id="oc-fa">
         <name>.debug_info</name>
         <load_address>0xfae2</load_address>
         <run_address>0xfae2</run_address>
         <size>0xec</size>
         <input_file_ref idref="fl-10"/>
      </object_component>
      <object_component id="oc-134">
         <name>.debug_info</name>
         <load_address>0xfbce</load_address>
         <run_address>0xfbce</run_address>
         <size>0x896</size>
         <input_file_ref idref="fl-12"/>
      </object_component>
      <object_component id="oc-ee">
         <name>.debug_info</name>
         <load_address>0x10464</load_address>
         <run_address>0x10464</run_address>
         <size>0x1f2</size>
         <input_file_ref idref="fl-12"/>
      </object_component>
      <object_component id="oc-138">
         <name>.debug_info</name>
         <load_address>0x10656</load_address>
         <run_address>0x10656</run_address>
         <size>0x7d8</size>
         <input_file_ref idref="fl-13"/>
      </object_component>
      <object_component id="oc-eb">
         <name>.debug_info</name>
         <load_address>0x10e2e</load_address>
         <run_address>0x10e2e</run_address>
         <size>0x98b</size>
         <input_file_ref idref="fl-14"/>
      </object_component>
      <object_component id="oc-13a">
         <name>.debug_info</name>
         <load_address>0x117b9</load_address>
         <run_address>0x117b9</run_address>
         <size>0x6d8</size>
         <input_file_ref idref="fl-15"/>
      </object_component>
      <object_component id="oc-e5">
         <name>.debug_info</name>
         <load_address>0x11e91</load_address>
         <run_address>0x11e91</run_address>
         <size>0x10b4</size>
         <input_file_ref idref="fl-15"/>
      </object_component>
      <object_component id="oc-13c">
         <name>.debug_info</name>
         <load_address>0x12f45</load_address>
         <run_address>0x12f45</run_address>
         <size>0x870</size>
         <input_file_ref idref="fl-16"/>
      </object_component>
      <object_component id="oc-74">
         <name>.debug_info</name>
         <load_address>0x137b5</load_address>
         <run_address>0x137b5</run_address>
         <size>0x7f6</size>
         <input_file_ref idref="fl-16"/>
      </object_component>
      <object_component id="oc-13e">
         <name>.debug_info</name>
         <load_address>0x13fab</load_address>
         <run_address>0x13fab</run_address>
         <size>0x7b9</size>
         <input_file_ref idref="fl-17"/>
      </object_component>
      <object_component id="oc-174">
         <name>.debug_info</name>
         <load_address>0x14764</load_address>
         <run_address>0x14764</run_address>
         <size>0x434</size>
         <input_file_ref idref="fl-17"/>
      </object_component>
      <object_component id="oc-142">
         <name>.debug_info</name>
         <load_address>0x14b98</load_address>
         <run_address>0x14b98</run_address>
         <size>0x7b9</size>
         <input_file_ref idref="fl-18"/>
      </object_component>
      <object_component id="oc-140">
         <name>.debug_info</name>
         <load_address>0x15351</load_address>
         <run_address>0x15351</run_address>
         <size>0x80f</size>
         <input_file_ref idref="fl-19"/>
      </object_component>
      <object_component id="oc-144">
         <name>.debug_info</name>
         <load_address>0x15b60</load_address>
         <run_address>0x15b60</run_address>
         <size>0x72c</size>
         <input_file_ref idref="fl-1a"/>
      </object_component>
      <object_component id="oc-d8">
         <name>.debug_info</name>
         <load_address>0x1628c</load_address>
         <run_address>0x1628c</run_address>
         <size>0x6f0</size>
         <input_file_ref idref="fl-1b"/>
      </object_component>
      <object_component id="oc-d5">
         <name>.debug_info</name>
         <load_address>0x1697c</load_address>
         <run_address>0x1697c</run_address>
         <size>0xf0</size>
         <input_file_ref idref="fl-1b"/>
      </object_component>
      <object_component id="oc-6e">
         <name>.debug_info</name>
         <load_address>0x16a6c</load_address>
         <run_address>0x16a6c</run_address>
         <size>0xad6</size>
         <input_file_ref idref="fl-1b"/>
      </object_component>
      <object_component id="oc-11b">
         <name>.debug_info</name>
         <load_address>0x17542</load_address>
         <run_address>0x17542</run_address>
         <size>0x709</size>
         <input_file_ref idref="fl-1c"/>
      </object_component>
      <object_component id="oc-10d">
         <name>.debug_info</name>
         <load_address>0x17c4b</load_address>
         <run_address>0x17c4b</run_address>
         <size>0x148</size>
         <input_file_ref idref="fl-1c"/>
      </object_component>
      <object_component id="oc-110">
         <name>.debug_info</name>
         <load_address>0x17d93</load_address>
         <run_address>0x17d93</run_address>
         <size>0xd1</size>
         <input_file_ref idref="fl-1c"/>
      </object_component>
      <object_component id="oc-113">
         <name>.debug_info</name>
         <load_address>0x17e64</load_address>
         <run_address>0x17e64</run_address>
         <size>0xcf</size>
         <input_file_ref idref="fl-1c"/>
      </object_component>
      <object_component id="oc-7a">
         <name>.debug_info</name>
         <load_address>0x17f33</load_address>
         <run_address>0x17f33</run_address>
         <size>0xd87</size>
         <input_file_ref idref="fl-1c"/>
      </object_component>
      <object_component id="oc-146">
         <name>.debug_info</name>
         <load_address>0x18cba</load_address>
         <run_address>0x18cba</run_address>
         <size>0x8e5</size>
         <input_file_ref idref="fl-1d"/>
      </object_component>
      <object_component id="oc-271">
         <name>.debug_info</name>
         <load_address>0x1959f</load_address>
         <run_address>0x1959f</run_address>
         <size>0xcd</size>
         <input_file_ref idref="fl-1d"/>
      </object_component>
      <object_component id="oc-27b">
         <name>.debug_info</name>
         <load_address>0x1966c</load_address>
         <run_address>0x1966c</run_address>
         <size>0xcb</size>
         <input_file_ref idref="fl-1d"/>
      </object_component>
      <object_component id="oc-264">
         <name>.debug_info</name>
         <load_address>0x19737</load_address>
         <run_address>0x19737</run_address>
         <size>0xd9</size>
         <input_file_ref idref="fl-1d"/>
      </object_component>
      <object_component id="oc-267">
         <name>.debug_info</name>
         <load_address>0x19810</load_address>
         <run_address>0x19810</run_address>
         <size>0xcb</size>
         <input_file_ref idref="fl-1d"/>
      </object_component>
      <object_component id="oc-26a">
         <name>.debug_info</name>
         <load_address>0x198db</load_address>
         <run_address>0x198db</run_address>
         <size>0xcd</size>
         <input_file_ref idref="fl-1d"/>
      </object_component>
      <object_component id="oc-168">
         <name>.debug_info</name>
         <load_address>0x199a8</load_address>
         <run_address>0x199a8</run_address>
         <size>0x1254</size>
         <input_file_ref idref="fl-1d"/>
      </object_component>
      <object_component id="oc-148">
         <name>.debug_info</name>
         <load_address>0x1abfc</load_address>
         <run_address>0x1abfc</run_address>
         <size>0x7fa</size>
         <input_file_ref idref="fl-1e"/>
      </object_component>
      <object_component id="oc-251">
         <name>.debug_info</name>
         <load_address>0x1b3f6</load_address>
         <run_address>0x1b3f6</run_address>
         <size>0x1b4</size>
         <input_file_ref idref="fl-1e"/>
      </object_component>
      <object_component id="oc-355">
         <name>.debug_info</name>
         <load_address>0x1b5aa</load_address>
         <run_address>0x1b5aa</run_address>
         <size>0x2ca</size>
         <input_file_ref idref="fl-d9"/>
      </object_component>
      <object_component id="oc-2ae">
         <name>.debug_info</name>
         <load_address>0x1b874</load_address>
         <run_address>0x1b874</run_address>
         <size>0x24e</size>
         <input_file_ref idref="fl-d9"/>
      </object_component>
      <object_component id="oc-3f0">
         <name>.debug_info</name>
         <load_address>0x1bac2</load_address>
         <run_address>0x1bac2</run_address>
         <size>0x46</size>
         <input_file_ref idref="fl-d9"/>
      </object_component>
      <object_component id="oc-350">
         <name>.debug_info</name>
         <load_address>0x1bb08</load_address>
         <run_address>0x1bb08</run_address>
         <size>0x39</size>
         <input_file_ref idref="fl-d9"/>
      </object_component>
      <object_component id="oc-3fa">
         <name>.debug_info</name>
         <load_address>0x1bb41</load_address>
         <run_address>0x1bb41</run_address>
         <size>0x2f7</size>
         <input_file_ref idref="fl-da"/>
      </object_component>
      <object_component id="oc-35c">
         <name>.debug_info</name>
         <load_address>0x1be38</load_address>
         <run_address>0x1be38</run_address>
         <size>0x131</size>
         <input_file_ref idref="fl-da"/>
      </object_component>
      <object_component id="oc-2b5">
         <name>.debug_info</name>
         <load_address>0x1bf69</load_address>
         <run_address>0x1bf69</run_address>
         <size>0x4ac</size>
         <input_file_ref idref="fl-da"/>
      </object_component>
      <object_component id="oc-291">
         <name>.debug_info</name>
         <load_address>0x1c415</load_address>
         <run_address>0x1c415</run_address>
         <size>0x333</size>
         <input_file_ref idref="fl-db"/>
      </object_component>
      <object_component id="oc-170">
         <name>.debug_info</name>
         <load_address>0x1c748</load_address>
         <run_address>0x1c748</run_address>
         <size>0x1d1</size>
         <input_file_ref idref="fl-db"/>
      </object_component>
      <object_component id="oc-286">
         <name>.debug_info</name>
         <load_address>0x1c919</load_address>
         <run_address>0x1c919</run_address>
         <size>0x18d</size>
         <input_file_ref idref="fl-db"/>
      </object_component>
      <object_component id="oc-28b">
         <name>.debug_info</name>
         <load_address>0x1caa6</load_address>
         <run_address>0x1caa6</run_address>
         <size>0x16d</size>
         <input_file_ref idref="fl-db"/>
      </object_component>
      <object_component id="oc-3e1">
         <name>.debug_info</name>
         <load_address>0x1cc13</load_address>
         <run_address>0x1cc13</run_address>
         <size>0x2c</size>
         <input_file_ref idref="fl-db"/>
      </object_component>
      <object_component id="oc-a1">
         <name>.debug_info</name>
         <load_address>0x1cc3f</load_address>
         <run_address>0x1cc3f</run_address>
         <size>0x147</size>
         <input_file_ref idref="fl-dc"/>
      </object_component>
      <object_component id="oc-109">
         <name>.debug_info</name>
         <load_address>0x1cd86</load_address>
         <run_address>0x1cd86</run_address>
         <size>0x14c</size>
         <input_file_ref idref="fl-dd"/>
      </object_component>
      <object_component id="oc-30c">
         <name>.debug_info</name>
         <load_address>0x1ced2</load_address>
         <run_address>0x1ced2</run_address>
         <size>0x128</size>
         <input_file_ref idref="fl-de"/>
      </object_component>
      <object_component id="oc-357">
         <name>.debug_info</name>
         <load_address>0x1cffa</load_address>
         <run_address>0x1cffa</run_address>
         <size>0x12a</size>
         <input_file_ref idref="fl-de"/>
      </object_component>
      <object_component id="oc-ca">
         <name>.debug_info</name>
         <load_address>0x1d124</load_address>
         <run_address>0x1d124</run_address>
         <size>0x13a</size>
         <input_file_ref idref="fl-df"/>
      </object_component>
      <object_component id="oc-2ba">
         <name>.debug_info</name>
         <load_address>0x1d25e</load_address>
         <run_address>0x1d25e</run_address>
         <size>0x13a</size>
         <input_file_ref idref="fl-e0"/>
      </object_component>
      <object_component id="oc-d1">
         <name>.debug_info</name>
         <load_address>0x1d398</load_address>
         <run_address>0x1d398</run_address>
         <size>0x12e</size>
         <input_file_ref idref="fl-e1"/>
      </object_component>
      <object_component id="oc-2a6">
         <name>.debug_info</name>
         <load_address>0x1d4c6</load_address>
         <run_address>0x1d4c6</run_address>
         <size>0x13e</size>
         <input_file_ref idref="fl-e2"/>
      </object_component>
      <object_component id="oc-103">
         <name>.debug_info</name>
         <load_address>0x1d604</load_address>
         <run_address>0x1d604</run_address>
         <size>0x12c</size>
         <input_file_ref idref="fl-e3"/>
      </object_component>
      <object_component id="oc-2a2">
         <name>.debug_info</name>
         <load_address>0x1d730</load_address>
         <run_address>0x1d730</run_address>
         <size>0x12c</size>
         <input_file_ref idref="fl-e4"/>
      </object_component>
      <object_component id="oc-3a">
         <name>.debug_info</name>
         <load_address>0x1d85c</load_address>
         <run_address>0x1d85c</run_address>
         <size>0x119</size>
         <input_file_ref idref="fl-e5"/>
      </object_component>
      <object_component id="oc-c7">
         <name>.debug_info</name>
         <load_address>0x1d975</load_address>
         <run_address>0x1d975</run_address>
         <size>0x12e</size>
         <input_file_ref idref="fl-e6"/>
      </object_component>
      <object_component id="oc-9e">
         <name>.debug_info</name>
         <load_address>0x1daa3</load_address>
         <run_address>0x1daa3</run_address>
         <size>0x2d4</size>
         <input_file_ref idref="fl-e7"/>
      </object_component>
      <object_component id="oc-45">
         <name>.debug_info</name>
         <load_address>0x1dd77</load_address>
         <run_address>0x1dd77</run_address>
         <size>0x1d2</size>
         <input_file_ref idref="fl-e7"/>
      </object_component>
      <object_component id="oc-99">
         <name>.debug_info</name>
         <load_address>0x1df49</load_address>
         <run_address>0x1df49</run_address>
         <size>0x46</size>
         <input_file_ref idref="fl-e7"/>
      </object_component>
      <object_component id="oc-15e">
         <name>.debug_info</name>
         <load_address>0x1df8f</load_address>
         <run_address>0x1df8f</run_address>
         <size>0x2c</size>
         <input_file_ref idref="fl-e7"/>
      </object_component>
      <object_component id="oc-42">
         <name>.debug_info</name>
         <load_address>0x1dfbb</load_address>
         <run_address>0x1dfbb</run_address>
         <size>0x2a8</size>
         <input_file_ref idref="fl-e8"/>
      </object_component>
      <object_component id="oc-1f">
         <name>.debug_info</name>
         <load_address>0x1e263</load_address>
         <run_address>0x1e263</run_address>
         <size>0x1ea</size>
         <input_file_ref idref="fl-e8"/>
      </object_component>
      <object_component id="oc-3d">
         <name>.debug_info</name>
         <load_address>0x1e44d</load_address>
         <run_address>0x1e44d</run_address>
         <size>0x46</size>
         <input_file_ref idref="fl-e8"/>
      </object_component>
      <object_component id="oc-91">
         <name>.debug_info</name>
         <load_address>0x1e493</load_address>
         <run_address>0x1e493</run_address>
         <size>0x2c</size>
         <input_file_ref idref="fl-e8"/>
      </object_component>
      <object_component id="oc-8f">
         <name>.debug_info</name>
         <load_address>0x1e4bf</load_address>
         <run_address>0x1e4bf</run_address>
         <size>0x29e</size>
         <input_file_ref idref="fl-e9"/>
      </object_component>
      <object_component id="oc-18">
         <name>.debug_info</name>
         <load_address>0x1e75d</load_address>
         <run_address>0x1e75d</run_address>
         <size>0x250</size>
         <input_file_ref idref="fl-e9"/>
      </object_component>
      <object_component id="oc-2d">
         <name>.debug_info</name>
         <load_address>0x1e9ad</load_address>
         <run_address>0x1e9ad</run_address>
         <size>0x60</size>
         <input_file_ref idref="fl-e9"/>
      </object_component>
      <object_component id="oc-157">
         <name>.debug_info</name>
         <load_address>0x1ea0d</load_address>
         <run_address>0x1ea0d</run_address>
         <size>0x46</size>
         <input_file_ref idref="fl-e9"/>
      </object_component>
      <object_component id="oc-8a">
         <name>.debug_info</name>
         <load_address>0x1ea53</load_address>
         <run_address>0x1ea53</run_address>
         <size>0x39</size>
         <input_file_ref idref="fl-e9"/>
      </object_component>
      <object_component id="oc-3de">
         <name>.debug_info</name>
         <load_address>0x1ea8c</load_address>
         <run_address>0x1ea8c</run_address>
         <size>0x289</size>
         <input_file_ref idref="fl-ea"/>
      </object_component>
      <object_component id="oc-3db">
         <name>.debug_info</name>
         <load_address>0x1ed15</load_address>
         <run_address>0x1ed15</run_address>
         <size>0x10e</size>
         <input_file_ref idref="fl-ea"/>
      </object_component>
      <object_component id="oc-338">
         <name>.debug_info</name>
         <load_address>0x1ee23</load_address>
         <run_address>0x1ee23</run_address>
         <size>0x14e</size>
         <input_file_ref idref="fl-ea"/>
      </object_component>
      <object_component id="oc-2a">
         <name>.debug_info</name>
         <load_address>0x1ef71</load_address>
         <run_address>0x1ef71</run_address>
         <size>0x10b</size>
         <input_file_ref idref="fl-eb"/>
      </object_component>
      <object_component id="oc-56">
         <name>.debug_info</name>
         <load_address>0x1f07c</load_address>
         <run_address>0x1f07c</run_address>
         <size>0x1a9</size>
         <input_file_ref idref="fl-eb"/>
      </object_component>
      <object_component id="oc-33b">
         <name>.debug_info</name>
         <load_address>0x1f225</load_address>
         <run_address>0x1f225</run_address>
         <size>0x590</size>
         <input_file_ref idref="fl-ec"/>
      </object_component>
      <object_component id="oc-306">
         <name>.debug_info</name>
         <load_address>0x1f7b5</load_address>
         <run_address>0x1f7b5</run_address>
         <size>0x21e</size>
         <input_file_ref idref="fl-ec"/>
      </object_component>
      <object_component id="oc-3a4">
         <name>.debug_info</name>
         <load_address>0x1f9d3</load_address>
         <run_address>0x1f9d3</run_address>
         <size>0x1b3</size>
         <input_file_ref idref="fl-ec"/>
      </object_component>
      <object_component id="oc-3aa">
         <name>.debug_info</name>
         <load_address>0x1fb86</load_address>
         <run_address>0x1fb86</run_address>
         <size>0x21b</size>
         <input_file_ref idref="fl-ec"/>
      </object_component>
      <object_component id="oc-311">
         <name>.debug_info</name>
         <load_address>0x1fda1</load_address>
         <run_address>0x1fda1</run_address>
         <size>0x3c0</size>
         <input_file_ref idref="fl-ec"/>
      </object_component>
      <object_component id="oc-3b2">
         <name>.debug_info</name>
         <load_address>0x20161</load_address>
         <run_address>0x20161</run_address>
         <size>0x30a</size>
         <input_file_ref idref="fl-ec"/>
      </object_component>
      <object_component id="oc-3b8">
         <name>.debug_info</name>
         <load_address>0x2046b</load_address>
         <run_address>0x2046b</run_address>
         <size>0x215</size>
         <input_file_ref idref="fl-ec"/>
      </object_component>
      <object_component id="oc-318">
         <name>.debug_info</name>
         <load_address>0x20680</load_address>
         <run_address>0x20680</run_address>
         <size>0x215</size>
         <input_file_ref idref="fl-ec"/>
      </object_component>
      <object_component id="oc-31e">
         <name>.debug_info</name>
         <load_address>0x20895</load_address>
         <run_address>0x20895</run_address>
         <size>0x304</size>
         <input_file_ref idref="fl-ec"/>
      </object_component>
      <object_component id="oc-324">
         <name>.debug_info</name>
         <load_address>0x20b99</load_address>
         <run_address>0x20b99</run_address>
         <size>0x4b5</size>
         <input_file_ref idref="fl-ec"/>
      </object_component>
      <object_component id="oc-280">
         <name>.debug_info</name>
         <load_address>0x2104e</load_address>
         <run_address>0x2104e</run_address>
         <size>0x5f4</size>
         <input_file_ref idref="fl-ec"/>
      </object_component>
      <object_component id="oc-33c">
         <name>.debug_info</name>
         <load_address>0x21642</load_address>
         <run_address>0x21642</run_address>
         <size>0x86</size>
         <input_file_ref idref="fl-ec"/>
      </object_component>
      <object_component id="oc-3e6">
         <name>.debug_info</name>
         <load_address>0x216c8</load_address>
         <run_address>0x216c8</run_address>
         <size>0x39</size>
         <input_file_ref idref="fl-ec"/>
      </object_component>
      <object_component id="oc-43e">
         <name>.debug_info</name>
         <load_address>0x21701</load_address>
         <run_address>0x21701</run_address>
         <size>0xb6</size>
         <input_file_ref idref="fl-ec"/>
      </object_component>
      <object_component id="oc-3eb">
         <name>.debug_info</name>
         <load_address>0x217b7</load_address>
         <run_address>0x217b7</run_address>
         <size>0x46</size>
         <input_file_ref idref="fl-ec"/>
      </object_component>
      <object_component id="oc-341">
         <name>.debug_info</name>
         <load_address>0x217fd</load_address>
         <run_address>0x217fd</run_address>
         <size>0x46</size>
         <input_file_ref idref="fl-ec"/>
      </object_component>
      <object_component id="oc-398">
         <name>.debug_info</name>
         <load_address>0x21843</load_address>
         <run_address>0x21843</run_address>
         <size>0x134</size>
         <input_file_ref idref="fl-ed"/>
      </object_component>
      <object_component id="oc-2ca">
         <name>.debug_info</name>
         <load_address>0x21977</load_address>
         <run_address>0x21977</run_address>
         <size>0x4b3</size>
         <input_file_ref idref="fl-ee"/>
      </object_component>
      <object_component id="oc-19b">
         <name>.debug_info</name>
         <load_address>0x21e2a</load_address>
         <run_address>0x21e2a</run_address>
         <size>0x1a6</size>
         <input_file_ref idref="fl-ee"/>
      </object_component>
      <object_component id="oc-370">
         <name>.debug_info</name>
[...]
      <symbol id="sm-6d1">
         <name>UART_init</name>
         <value>0x2485</value>
         <object_component_ref idref="oc-79"/>
      </symbol>
      <symbol id="sm-6d2">
         <name>EUSCIA0_IRQHandler</name>
         <value>0x268d</value>
         <object_component_ref idref="oc-79"/>
      </symbol>
      <symbol id="sm-6d3">
         <name>UART_PIN_sel</name>
         <value>0x1fe5</value>
         <object_component_ref idref="oc-79"/>
      </symbol>
      <symbol id="sm-6d4">
         <name>UART0_RXDat</name>
         <value>0x20002a8e</value>
         <object_component_ref idref="oc-10c"/>
      </symbol>
      <symbol id="sm-6d5">
         <name>UART_BRS_val</name>
         <value>0x2131</value>
         <object_component_ref idref="oc-79"/>
      </symbol>
      <symbol id="sm-6d6">
         <name>UART_USIC_init</name>
         <value>0x1f91</value>
         <object_component_ref idref="oc-79"/>
      </symbol>
      <symbol id="sm-6d7">
         <name>UART_IRQ_set</name>
         <value>0x1ec1</value>
         <object_component_ref idref="oc-79"/>
      </symbol>
      <symbol id="sm-753">
         <name>bmp2</name>
         <value>0x20002000</value>
         <object_component_ref idref="oc-269"/>
      </symbol>
      <symbol id="sm-754">
         <name>OLED_ShowNum</name>
         <value>0x2ab5</value>
         <object_component_ref idref="oc-167"/>
      </symbol>
      <symbol id="sm-755">
         <name>OLED_PutPixel</name>
         <value>0x26f9</value>
         <object_component_ref idref="oc-167"/>
      </symbol>
      <symbol id="sm-756">
         <name>OLED_WR_Byte</name>
         <value>0x287f</value>
         <object_component_ref idref="oc-167"/>
      </symbol>
      <symbol id="sm-757">
         <name>Hzk</name>
         <value>0x6e08</value>
         <object_component_ref idref="oc-27a"/>
      </symbol>
      <symbol id="sm-758">
         <name>OLED_Init</name>
         <value>0x2d81</value>
         <object_component_ref idref="oc-167"/>
      </symbol>
      <symbol id="sm-759">
         <name>oled_update</name>
         <value>0x279d</value>
         <object_component_ref idref="oc-167"/>
      </symbol>
      <symbol id="sm-75a">
         <name>OLED_pos_clr</name>
         <value>0x2769</value>
         <object_component_ref idref="oc-167"/>
      </symbol>
      <symbol id="sm-75b">
         <name>OLED_ShowString</name>
         <value>0x2bb9</value>
         <object_component_ref idref="oc-167"/>
      </symbol>
      <symbol id="sm-75c">
         <name>OLED_ShowChar</name>
         <value>0x29f1</value>
         <object_component_ref idref="oc-167"/>
      </symbol>
      <symbol id="sm-75d">
         <name>bmp</name>
         <value>0x20002400</value>
         <object_component_ref idref="oc-266"/>
      </symbol>
      <symbol id="sm-75e">
         <name>OLED_Clear</name>
         <value>0x2983</value>
         <object_component_ref idref="oc-167"/>
      </symbol>
      <symbol id="sm-75f">
         <name>screen_buf</name>
         <value>0x20000000</value>
         <object_component_ref idref="oc-263"/>
      </symbol>
      <symbol id="sm-760">
         <name>oled_pow</name>
         <value>0x2a7b</value>
         <object_component_ref idref="oc-167"/>
      </symbol>
      <symbol id="sm-761">
         <name>OLED_ShowCHinese</name>
         <value>0x2c1b</value>
         <object_component_ref idref="oc-167"/>
      </symbol>
      <symbol id="sm-762">
         <name>OLED_Showfloat</name>
         <value>0x2b89</value>
         <object_component_ref idref="oc-167"/>
      </symbol>
      <symbol id="sm-763">
         <name>OLED_DrawBMP</name>
         <value>0x2cd1</value>
         <object_component_ref idref="oc-167"/>
      </symbol>
      <symbol id="sm-764">
         <name>OLED_Display_Off</name>
         <value>0x2967</value>
         <object_component_ref idref="oc-167"/>
      </symbol>
      <symbol id="sm-765">
         <name>F6x8</name>
         <value>0x6be0</value>
         <object_component_ref idref="oc-270"/>
      </symbol>
      <symbol id="sm-766">
         <name>OLED_Display_On</name>
         <value>0x294b</value>
         <object_component_ref idref="oc-167"/>
      </symbol>
      <symbol id="sm-767">
         <name>OLED_Set_Pos</name>
         <value>0x290f</value>
         <object_component_ref idref="oc-167"/>
      </symbol>
      <symbol id="sm-79d">
         <name>sqrtl</name>
         <value>0x5b8d</value>
         <object_component_ref idref="oc-2ad"/>
      </symbol>
      <symbol id="sm-79e">
         <name>sqrt</name>
         <value>0x5b8d</value>
         <object_component_ref idref="oc-2ad"/>
      </symbol>
      <symbol id="sm-7d4">
         <name>atanl</name>
         <value>0x50e9</value>
         <object_component_ref idref="oc-2b3"/>
      </symbol>
      <symbol id="sm-7d5">
         <name>atan</name>
         <value>0x50e9</value>
         <object_component_ref idref="oc-2b3"/>
      </symbol>
      <symbol id="sm-7fc">
         <name>sprintf</name>
         <value>0x6971</value>
         <object_component_ref idref="oc-16d"/>
      </symbol>
      <symbol id="sm-80b">
         <name>__aeabi_memset</name>
         <value>0x657b</value>
         <object_component_ref idref="oc-9f"/>
      </symbol>
      <symbol id="sm-80c">
         <name>memset</name>
         <value>0x6581</value>
         <object_component_ref idref="oc-9f"/>
      </symbol>
      <symbol id="sm-80d">
         <name>__aeabi_memset8</name>
         <value>0x657b</value>
         <object_component_ref idref="oc-9f"/>
      </symbol>
      <symbol id="sm-80e">
         <name>__aeabi_memset4</name>
         <value>0x657b</value>
         <object_component_ref idref="oc-9f"/>
      </symbol>
      <symbol id="sm-80f">
         <name>__aeabi_memclr8</name>
         <value>0x6579</value>
         <object_component_ref idref="oc-9f"/>
      </symbol>
      <symbol id="sm-810">
         <name>__aeabi_memclr4</name>
         <value>0x6579</value>
         <object_component_ref idref="oc-9f"/>
      </symbol>
      <symbol id="sm-811">
         <name>__aeabi_memclr</name>
         <value>0x6579</value>
         <object_component_ref idref="oc-9f"/>
      </symbol>
      <symbol id="sm-828">
         <name>__aeabi_dsub</name>
         <value>0x59d5</value>
         <object_component_ref idref="oc-107"/>
      </symbol>
      <symbol id="sm-829">
         <name>__aeabi_dadd</name>
         <value>0x59df</value>
         <object_component_ref idref="oc-107"/>
      </symbol>
      <symbol id="sm-84b">
         <name>__aeabi_cdcmpeq</name>
         <value>0x646d</value>
         <object_component_ref idref="oc-30b"/>
      </symbol>
      <symbol id="sm-84c">
         <name>__aeabi_cdcmple</name>
         <value>0x646d</value>
         <object_component_ref idref="oc-30b"/>
      </symbol>
      <symbol id="sm-84d">
         <name>__aeabi_cdrcmple</name>
         <value>0x64f3</value>
         <object_component_ref idref="oc-356"/>
      </symbol>
      <symbol id="sm-861">
         <name>__aeabi_ddiv</name>
         <value>0x5e21</value>
         <object_component_ref idref="oc-c9"/>
      </symbol>
      <symbol id="sm-86c">
         <name>__aeabi_dmul</name>
         <value>0x618d</value>
         <object_component_ref idref="oc-2b9"/>
      </symbol>
      <symbol id="sm-876">
         <name>__aeabi_d2iz</name>
         <value>0x68e5</value>
         <object_component_ref idref="oc-ce"/>
      </symbol>
      <symbol id="sm-882">
         <name>__aeabi_d2f</name>
         <value>0x6661</value>
         <object_component_ref idref="oc-2a5"/>
      </symbol>
      <symbol id="sm-88d">
         <name>__aeabi_f2d</name>
         <value>0x69ef</value>
         <object_component_ref idref="oc-102"/>
      </symbol>
      <symbol id="sm-897">
         <name>__aeabi_i2d</name>
         <value>0x6a5d</value>
         <object_component_ref idref="oc-2a0"/>
      </symbol>
      <symbol id="sm-8b2">
         <name>memcpy</name>
         <value>0x633b</value>
         <object_component_ref idref="oc-37"/>
      </symbol>
      <symbol id="sm-8b3">
         <name>__aeabi_memcpy</name>
         <value>0x633b</value>
         <object_component_ref idref="oc-37"/>
      </symbol>
      <symbol id="sm-8b4">
         <name>__aeabi_memcpy8</name>
         <value>0x633b</value>
         <object_component_ref idref="oc-37"/>
      </symbol>
      <symbol id="sm-8b5">
         <name>__aeabi_memcpy4</name>
         <value>0x633b</value>
         <object_component_ref idref="oc-37"/>
      </symbol>
      <symbol id="sm-8bf">
         <name>__aeabi_ui2d</name>
         <value>0x6ab1</value>
         <object_component_ref idref="oc-c4"/>
      </symbol>
      <symbol id="sm-8d8">
         <name>__TI_zero_init_nomemset</name>
         <value>0x6ad1</value>
         <object_component_ref idref="oc-43"/>
      </symbol>
      <symbol id="sm-8ef">
         <name>__TI_decompress_none</name>
         <value>0x6ba7</value>
         <object_component_ref idref="oc-1d"/>
      </symbol>
      <symbol id="sm-912">
         <name>__TI_decompress_lzss</name>
         <value>0x66cf</value>
         <object_component_ref idref="oc-17"/>
      </symbol>
      <symbol id="sm-928">
         <name>__aeabi_errno_addr</name>
         <value>0x6bcd</value>
         <object_component_ref idref="oc-334"/>
      </symbol>
      <symbol id="sm-929">
         <name>errno</name>
         <value>0x20002a9c</value>
         <object_component_ref idref="oc-3da"/>
      </symbol>
      <symbol id="sm-93c">
         <name>__stack</name>
         <value>0x2000fe00</value>
         <object_component_ref idref="oc-29"/>
      </symbol>
      <symbol id="sm-93d">
         <name>_c_int00_noargs</name>
         <value>0x6a29</value>
         <object_component_ref idref="oc-55"/>
      </symbol>
      <symbol id="sm-aa2">
         <name>__TI_printfi</name>
         <value>0xb81</value>
         <object_component_ref idref="oc-27e"/>
      </symbol>
      <symbol id="sm-aaf">
         <name>__aeabi_uldivmod</name>
         <value>0x63d7</value>
         <object_component_ref idref="oc-396"/>
      </symbol>
      <symbol id="sm-ad7">
         <name>__TI_auto_init_nobinit_nopinit</name>
         <value>0x692d</value>
         <object_component_ref idref="oc-19a"/>
      </symbol>
      <symbol id="sm-ae1">
         <name>_system_pre_init</name>
         <value>0x6bd5</value>
         <object_component_ref idref="oc-a5"/>
      </symbol>
      <symbol id="sm-aed">
         <name>C$$EXIT</name>
         <value>0x6bd9</value>
         <object_component_ref idref="oc-18e"/>
      </symbol>
      <symbol id="sm-aee">
         <name>abort</name>
         <value>0x6bd9</value>
         <object_component_ref idref="oc-18e"/>
      </symbol>
      <symbol id="sm-afe">
         <name>__TI_ltoa</name>
         <value>0x67f3</value>
         <object_component_ref idref="oc-39d"/>
      </symbol>
      <symbol id="sm-b15">
         <name>atoi</name>
         <value>0x6899</value>
         <object_component_ref idref="oc-2ff"/>
      </symbol>
      <symbol id="sm-b20">
         <name>_ctypes_</name>
         <value>0x6fc8</value>
         <object_component_ref idref="oc-391"/>
      </symbol>
      <symbol id="sm-b30">
         <name>memccpy</name>
         <value>0x6aed</value>
         <object_component_ref idref="oc-328"/>
      </symbol>
      <symbol id="sm-b40">
         <name>strchr</name>
         <value>0x6b55</value>
         <object_component_ref idref="oc-3ca"/>
      </symbol>
      <symbol id="sm-b4e">
         <name>strlen</name>
         <value>0x6b81</value>
         <object_component_ref idref="oc-2f9"/>
      </symbol>
      <symbol id="sm-b6e">
         <name>frexpl</name>
         <value>0x6739</value>
         <object_component_ref idref="oc-3be"/>
      </symbol>
      <symbol id="sm-b6f">
         <name>frexp</name>
         <value>0x6739</value>
         <object_component_ref idref="oc-3be"/>
      </symbol>
      <symbol id="sm-b8c">
         <name>scalbn</name>
         <value>0x607d</value>
         <object_component_ref idref="oc-3c4"/>
      </symbol>
      <symbol id="sm-b8d">
         <name>scalbnl</name>
         <value>0x607d</value>
         <object_component_ref idref="oc-3c4"/>
      </symbol>
      <symbol id="sm-b8e">
         <name>ldexpl</name>
         <value>0x607d</value>
         <object_component_ref idref="oc-3c4"/>
      </symbol>
      <symbol id="sm-b8f">
         <name>ldexp</name>
         <value>0x607d</value>
         <object_component_ref idref="oc-3c4"/>
      </symbol>
      <symbol id="sm-ba8">
         <name>wcslen</name>
         <value>0x6b95</value>
         <object_component_ref idref="oc-32e"/>
      </symbol>
      <symbol id="sm-bb2">
         <name>__aeabi_idiv0</name>
         <value>0x15cf</value>
         <object_component_ref idref="oc-414"/>
      </symbol>
      <symbol id="sm-bb3">
         <name>__aeabi_ldiv0</name>
         <value>0x15cf</value>
         <object_component_ref idref="oc-414"/>
      </symbol>
      <symbol id="sm-bbd">
         <name>copysign</name>
         <value>0x6b09</value>
         <object_component_ref idref="oc-427"/>
      </symbol>
      <symbol id="sm-bbe">
         <name>copysignl</name>
         <value>0x6b09</value>
         <object_component_ref idref="oc-427"/>
      </symbol>
      <symbol id="sm-bfd">
         <name>GPIO_setOutputHighOnPin</name>
         <value>0x6b6d</value>
         <object_component_ref idref="oc-256"/>
      </symbol>
      <symbol id="sm-bfe">
         <name>GPIO_setAsOutputPin</name>
         <value>0x6a8d</value>
         <object_component_ref idref="oc-273"/>
      </symbol>
      <symbol id="sm-bff">
         <name>GPIO_setOutputLowOnPin</name>
         <value>0x6b25</value>
         <object_component_ref idref="oc-25c"/>
      </symbol>
      <symbol id="sm-c07">
         <name>__TI_static_base__</name>
         <value>0x0</value>
      </symbol>
      <symbol id="sm-c0a">
         <name>__mpu_init</name>
         <value>0x0</value>
      </symbol>
      <symbol id="sm-c0b">
         <name>_system_post_cinit</name>
         <value>0x0</value>
      </symbol>
      <symbol id="sm-c0c">
         <name>NMI_Handler</name>
         <value>0x6bc1</value>
      </symbol>
      <symbol id="sm-c0d">
         <name>HardFault_Handler</name>
         <value>0x6bc1</value>
      </symbol>
      <symbol id="sm-c0e">
         <name>MemManage_Handler</name>
         <value>0x6bc1</value>
      </symbol>
      <symbol id="sm-c0f">
         <name>BusFault_Handler</name>
         <value>0x6bc1</value>
      </symbol>
      <symbol id="sm-c10">
         <name>UsageFault_Handler</name>
         <value>0x6bc1</value>
      </symbol>
      <symbol id="sm-c11">
         <name>SVC_Handler</name>
         <value>0x6bc1</value>
      </symbol>
      <symbol id="sm-c12">
         <name>DebugMon_Handler</name>
         <value>0x6bc1</value>
      </symbol>
      <symbol id="sm-c13">
         <name>PendSV_Handler</name>
         <value>0x6bc1</value>
      </symbol>
      <symbol id="sm-c14">
         <name>SysTick_Handler</name>
         <value>0x463b</value>
      </symbol>
      <symbol id="sm-c15">
         <name>PSS_IRQHandler</name>
         <value>0x6bc1</value>
      </symbol>
      <symbol id="sm-c16">
         <name>CS_IRQHandler</name>
         <value>0x6bc1</value>
      </symbol>
      <symbol id="sm-c17">
         <name>PCM_IRQHandler</name>
         <value>0x6bc1</value>
      </symbol>
      <symbol id="sm-c18">
         <name>WDT_A_IRQHandler</name>
         <value>0x6bc1</value>
      </symbol>
      <symbol id="sm-c19">
         <name>FPU_IRQHandler</name>
         <value>0x6bc1</value>
      </symbol>
      <symbol id="sm-c1a">
         <name>FLCTL_IRQHandler</name>
         <value>0x6bc1</value>
      </symbol>
      <symbol id="sm-c1b">
         <name>COMP_E0_IRQHandler</name>
         <value>0x6bc1</value>
      </symbol>
      <symbol id="sm-c1c">
         <name>COMP_E1_IRQHandler</name>
         <value>0x6bc1</value>
      </symbol>
      <symbol id="sm-c1d">
         <name>TA0_0_IRQHandler</name>
         <value>0x3a21</value>
      </symbol>
      <symbol id="sm-c1e">
         <name>TA0_N_IRQHandler</name>
         <value>0x3a51</value>
      </symbol>
      <symbol id="sm-c1f">
         <name>TA1_0_IRQHandler</name>
         <value>0x3a2d</value>
      </symbol>
      <symbol id="sm-c20">
         <name>TA1_N_IRQHandler</name>
         <value>0x3a53</value>
      </symbol>
      <symbol id="sm-c21">
         <name>TA2_0_IRQHandler</name>
         <value>0x3a39</value>
      </symbol>
      <symbol id="sm-c22">
         <name>TA2_N_IRQHandler</name>
         <value>0x3a55</value>
      </symbol>
      <symbol id="sm-c23">
         <name>TA3_0_IRQHandler</name>
         <value>0x3a45</value>
      </symbol>
      <symbol id="sm-c24">
         <name>TA3_N_IRQHandler</name>
         <value>0x3a6d</value>
      </symbol>
      <symbol id="sm-c25">
         <name>EUSCIA0_IRQHandler</name>
         <value>0x268d</value>
      </symbol>
      <symbol id="sm-c26">
         <name>EUSCIA1_IRQHandler</name>
         <value>0x2697</value>
      </symbol>
      <symbol id="sm-c27">
         <name>EUSCIA2_IRQHandler</name>
         <value>0x26a9</value>
      </symbol>
      <symbol id="sm-c28">
         <name>EUSCIA3_IRQHandler</name>
         <value>0x26b9</value>
      </symbol>
      <symbol id="sm-c29">
         <name>EUSCIB0_IRQHandler</name>
         <value>0x6bc1</value>
      </symbol>
      <symbol id="sm-c2a">
         <name>EUSCIB1_IRQHandler</name>
         <value>0x6bc1</value>
      </symbol>
      <symbol id="sm-c2b">
         <name>EUSCIB2_IRQHandler</name>
         <value>0x6bc1</value>
      </symbol>
      <symbol id="sm-c2c">
         <name>EUSCIB3_IRQHandler</name>
         <value>0x6bc1</value>
      </symbol>
      <symbol id="sm-c2d">
         <name>ADC14_IRQHandler</name>
         <value>0x1e35</value>
      </symbol>
      <symbol id="sm-c2e">
         <name>T32_INT1_IRQHandler</name>
         <value>0x6bc1</value>
      </symbol>
      <symbol id="sm-c2f">
         <name>T32_INT2_IRQHandler</name>
         <value>0x6bc1</value>
      </symbol>
      <symbol id="sm-c30">
         <name>T32_INTC_IRQHandler</name>
         <value>0x6bc1</value>
      </symbol>
      <symbol id="sm-c31">
         <name>AES256_IRQHandler</name>
         <value>0x6bc1</value>
      </symbol>
      <symbol id="sm-c32">
         <name>RTC_C_IRQHandler</name>
         <value>0x6bc1</value>
      </symbol>
      <symbol id="sm-c33">
         <name>DMA_ERR_IRQHandler</name>
         <value>0x6bc1</value>
      </symbol>
      <symbol id="sm-c34">
         <name>DMA_INT3_IRQHandler</name>
         <value>0x6bc1</value>
      </symbol>
      <symbol id="sm-c35">
         <name>DMA_INT2_IRQHandler</name>
         <value>0x6bc1</value>
      </symbol>
      <symbol id="sm-c36">
         <name>DMA_INT1_IRQHandler</name>
         <value>0x6bc1</value>
      </symbol>
      <symbol id="sm-c37">
         <name>DMA_INT0_IRQHandler</name>
         <value>0x6bc1</value>
      </symbol>
      <symbol id="sm-c38">
         <name>PORT1_IRQHandler</name>
         <value>0x3569</value>
      </symbol>
      <symbol id="sm-c39">
         <name>PORT2_IRQHandler</name>
         <value>0x360f</value>
      </symbol>
      <symbol id="sm-c3a">
         <name>PORT3_IRQHandler</name>
         <value>0x36db</value>
      </symbol>
      <symbol id="sm-c3b">
         <name>PORT4_IRQHandler</name>
         <value>0x3793</value>
      </symbol>
      <symbol id="sm-c3c">
         <name>PORT5_IRQHandler</name>
         <value>0x3871</value>
      </symbol>
      <symbol id="sm-c3d">
         <name>PORT6_IRQHandler</name>
         <value>0x3945</value>
      </symbol>
   </symbol_table>
   <title>Link successful</title>
</link_info>
