******************************************************************************
                  TI ARM Linker PC v20.2.1                     
******************************************************************************
>> Linked Wed Mar 30 20:50:52 2022

OUTPUT FILE NAME:   <17.Exin_MPU6050_0.out>
ENTRY POINT SYMBOL: "_c_int00_noargs"  address: 00007eb5


MEMORY CONFIGURATION

         name            origin    length      used     unused   attr    fill
----------------------  --------  ---------  --------  --------  ----  --------
  MAIN                  00000000   00040000  00008fc6  0003703a  R  X
  INFO                  00200000   00004000  00000000  00004000  R  X
  SRAM_CODE             01000000   00010000  0000270f  0000d8f1  RW X
  SRAM_DATA             20000000   00010000  0000270f  0000d8f1  RW  


SEGMENT ALLOCATION MAP

run origin  load origin   length   init length attrs members
----------  ----------- ---------- ----------- ----- -------
00000000    00000000    00008fd0   00008fd0    r-x
  00000000    00000000    000000e4   000000e4    r-- .intvecs
  000000e4    000000e4    00007f30   00007f30    r-x .text
  00008018    00008018    00000c32   00000c32    r-- .const
  00008c50    00008c50    00000380   00000380    r-- .cinit
20000000    20000000    00002512   00000000    rw-
  20000000    20000000    0000246d   00000000    rw- .data
  20002470    20002470    000000a2   00000000    rw- .bss
2000fe00    2000fe00    00000200   00000000    rw-
  2000fe00    2000fe00    00000200   00000000    rw- .stack


SECTION ALLOCATION MAP

 output                                  attributes/
section   page    origin      length       input sections
--------  ----  ----------  ----------   ----------------
.intvecs   0    00000000    000000e4     
                  00000000    000000e4     startup_msp432p401r_ccs.obj (.intvecs:retain)

.text      0    000000e4    00007f30     
                  000000e4    00001c20     exinoled.obj (.text)
                  00001d04    00000a9c     exingpio.obj (.text)
                  000027a0    00000a4e     rtsv7M4_T_le_v4SPD16_eabi.lib : _printfi.c.obj (.text:__TI_printfi)
                  000031ee    00000002                                   : div0.asm.obj (.text)
                  000031f0    000008f0     exinADC.obj (.text)
                  00003ae0    00000838     exinuart.obj (.text)
                  00004318    00000694     exinMPU6050.obj (.text)
                  000049ac    0000065c     exinisr.obj (.text)
                  00005008    00000600     exinTimerA.obj (.text)
                  00005608    000004fc     exinsystem.obj (.text)
                  00005b04    000003f0     main.obj (.text)
                  00005ef4    0000033e     exinIIC.obj (.text)
                  00006232    00000002     --HOLE-- [fill = 0]
                  00006234    00000334     system_msp432p401r.obj (.text)
                  00006568    000002ec     rtsv7M4_T_le_v4SPD16_eabi.lib : s_atan.c.obj (.text:atan)
                  00006854    00000270                                   : _printfi.c.obj (.text:_pconv_a)
                  00006ac4    000001d0                                   : _printfi.c.obj (.text:_pconv_g)
                  00006c94    000001cc     exinkey.obj (.text)
                  00006e60    000001b6     rtsv7M4_T_le_v4SPD16_eabi.lib : fd_add_t2.asm.obj (.text)
                  00007016    00000002     --HOLE-- [fill = 0]
                  00007018    00000158                                   : e_sqrt.c.obj (.text:sqrt)
                  00007170    0000013c                                   : _printfi.c.obj (.text:_pconv_e)
                  000072ac    00000136                                   : fd_div_t2.asm.obj (.text)
                  000073e2    00000002     --HOLE-- [fill = 0]
                  000073e4    00000124                                   : _printfi.c.obj (.text:fcvt)
                  00007508    00000110                                   : s_scalbn.c.obj (.text:scalbn)
                  00007618    000000fc                                   : fd_mul_t2.asm.obj (.text)
                  00007714    000000b1                                   : _printfi.c.obj (.text:_ltostr)
                  000077c5    00000001     --HOLE-- [fill = 0]
                  000077c6    0000009c                                   : memcpy_t2.asm.obj (.text)
                  00007862    00000096                                   : ull_div_t2.asm.obj (.text)
                  000078f8    00000086                                   : fd_cmp_t2.asm.obj (.text:__aeabi_cdcmple)
                  0000797e    00000086                                   : fd_cmp_t2.asm.obj (.text:__aeabi_cdrcmple)
                  00007a04    0000007a                                   : memset_t2.asm.obj (.text)
                  00007a7e    0000006e                                   : _printfi.c.obj (.text:_mcpy)
                  00007aec    0000006e                                   : fd_tos_t2.asm.obj (.text)
                  00007b5a    00000068                                   : copy_decompress_lzss.c.obj (.text:decompress:lzss:__TI_decompress_lzss)
                  00007bc2    00000002     --HOLE-- [fill = 0]
                  00007bc4    00000064                                   : s_frexp.c.obj (.text:frexp)
                  00007c28    00000056                                   : _printfi.c.obj (.text:_pconv_f)
                  00007c7e    00000054                                   : _ltoa.c.obj (.text:__TI_ltoa)
                  00007cd2    00000052                                   : _printfi.c.obj (.text:_ecpy)
                  00007d24    0000004c                                   : atoi.c.obj (.text:atoi)
                  00007d70    00000048                                   : fd_toi_t2.asm.obj (.text)
                  00007db8    00000044                                   : autoinit.c.obj (.text:__TI_auto_init_nobinit_nopinit:__TI_auto_init_nobinit_nopinit)
                  00007dfc    00000040                                   : sprintf.c.obj (.text:sprintf)
                  00007e3c    0000003e                                   : _printfi.c.obj (.text:_fcpy)
                  00007e7a    00000038                                   : fs_tod_t2.asm.obj (.text)
                  00007eb2    00000002     --HOLE-- [fill = 0]
                  00007eb4    00000034                                   : boot_cortex_m.c.obj (.text:_c_int00_noargs:_c_int00_noargs)
                  00007ee8    0000002e                                   : i_tofd_t2.asm.obj (.text)
                  00007f16    00000020                                   : u_tofd_t2.asm.obj (.text)
                  00007f36    0000001c                                   : copy_zero_init.c.obj (.text:decompress:ZI:__TI_zero_init_nomemset:__TI_zero_init_nomemset)
                  00007f52    0000001c                                   : memccpy.c.obj (.text:memccpy)
                  00007f6e    0000001a                                   : s_copysign.c.obj (.text:copysign)
                  00007f88    00000018                                   : sprintf.c.obj (.text:_outs)
                  00007fa0    00000016                                   : strchr.c.obj (.text:strchr)
                  00007fb6    00000014                                   : strlen.c.obj (.text:strlen)
                  00007fca    00000012                                   : wcslen.c.obj (.text:wcslen)
                  00007fdc    0000000e                                   : copy_decompress_none.c.obj (.text:decompress:none:__TI_decompress_none)
                  00007fea    0000000e     startup_msp432p401r_ccs.obj (.text)
                  00007ff8    0000000a     rtsv7M4_T_le_v4SPD16_eabi.lib : sprintf.c.obj (.text:_outc)
                  00008002    00000002     --HOLE-- [fill = 0]
                  00008004    00000008                                   : errno.c.obj (.text:__aeabi_errno_addr)
                  0000800c    00000004                                   : pre_init.c.obj (.text:_system_pre_init)
                  00008010    00000004                                   : exit.c.obj (.text:abort:abort)

.const     0    00008018    00000c32     
                  00008018    000005f0     exinoled.obj (.const:.string:F8x16)
                  00008608    00000228     exinoled.obj (.const:F6x8)
                  00008830    00000180     exinoled.obj (.const:Chiness)
                  000089b0    00000101     rtsv7M4_T_le_v4SPD16_eabi.lib : ctype.c.obj (.const:.string:_ctypes_)
                  00008ab1    00000003     --HOLE-- [fill = 0]
                  00008ab4    000000a0     exinuart.obj (.const:FP_N)
                  00008b54    00000004     --HOLE-- [fill = 0]
                  00008b58    00000098     rtsv7M4_T_le_v4SPD16_eabi.lib : s_atan.c.obj (.const:$O1$$)
                  00008bf0    00000032     exinMPU6050.obj (.const:.string:MPU_reg)
                  00008c22    00000028     exinuart.obj (.const:.string:BRS)

.cinit     0    00008c50    00000380     
                  00008c50    00000358     (.cinit..data.load) [load image, compression = lzss]
                  00008fa8    0000000c     (__TI_handler_table)
                  00008fb4    00000004     --HOLE-- [fill = 0]
                  00008fb8    00000008     (.cinit..bss.load) [load image, compression = zero_init]
                  00008fc0    00000010     (__TI_cinit_table)

.init_array 
*          0    00000000    00000000     UNINITIALIZED

.binit     0    00000000    00000000     

.data      0    20000000    0000246d     UNINITIALIZED
                  20000000    00002000     exinoled.obj (.data:bmp_pixel1)
                  20002000    00000400     exinoled.obj (.data:GDDRAM)
                  20002400    00000038     exinTimerAINT.obj (.data:CCRn_period_val)
                  20002438    0000001c     exinadjust.obj (.data)
                  20002454    00000008     exinsystem.obj (.data)
                  2000245c    00000008     exinuart.obj (.data)
                  20002464    00000004     rtsv7M4_T_le_v4SPD16_eabi.lib : errno.c.obj (.data)
                  20002468    00000004     system_msp432p401r.obj (.data)
                  2000246c    00000001     main.obj (.data)

.bss       0    20002470    000000a2     UNINITIALIZED
                  20002470    00000034     (.common:MPU_txt)
                  200024a4    00000030     (.common:ADC14_STRUCT)
                  200024d4    00000008     (.common:encoder_A)
                  200024dc    00000008     (.common:encoder_B)
                  200024e4    00000008     (.common:encoder_C)
                  200024ec    00000008     (.common:encoder_D)
                  200024f4    00000004     exinsystem.obj (.bss)
                  200024f8    00000004     (.common:pitch)
                  200024fc    00000004     (.common:roll)
                  20002500    00000004     (.common:yaw)
                  20002504    00000002     (.common:ax)
                  20002506    00000002     (.common:ay)
                  20002508    00000002     (.common:az)
                  2000250a    00000002     (.common:gx)
                  2000250c    00000002     (.common:gy)
                  2000250e    00000002     (.common:gz)
                  20002510    00000002     (.common:temp)

.stack     0    2000fe00    00000200     UNINITIALIZED
                  2000fe00    00000004     rtsv7M4_T_le_v4SPD16_eabi.lib : boot_cortex_m.c.obj (.stack)
                  2000fe04    000001fc     --HOLE--

__llvm_prf_cnts 
*          0    20000000    00000000     UNINITIALIZED

MODULE SUMMARY

       Module                        code    ro data   rw data
       ------                        ----    -------   -------
    .\
       main.obj                      1008    0         254    
       system_msp432p401r.obj        820     0         8      
       startup_msp432p401r_ccs.obj   14      228       0      
    +--+-----------------------------+-------+---------+---------+
       Total:                        1842    228       262    
                                                              
    .\exinlibs\
       exinoled.obj                  7200    2456      18432  
       exingpio.obj                  2716    0         0      
       exinuart.obj                  2104    200       16     
       exinADC.obj                   2288    0         0      
       exinMPU6050.obj               1684    50        0      
       exinisr.obj                   1628    0         0      
       exinTimerA.obj                1536    0         0      
       exinsystem.obj                1276    0         24     
       exinIIC.obj                   830     0         0      
       exinkey.obj                   460     0         0      
       exinTimerAINT.obj             0       0         112    
       exinencoder.obj               0       0         64     
       exinadjust.obj                0       0         56     
    +--+-----------------------------+-------+---------+---------+
       Total:                        21722   2706      18704  
                                                              
    D:\CCS\ccs\tools\compiler\ti-cgt-arm_20.2.1.LTS\lib\rtsv7M4_T_le_v4SPD16_eabi.lib
       _printfi.c.obj                4851    0         0      
       s_atan.c.obj                  748     152       0      
       fd_add_t2.asm.obj             438     0         0      
       e_sqrt.c.obj                  344     0         0      
       fd_div_t2.asm.obj             310     0         0      
       s_scalbn.c.obj                272     0         0      
       fd_cmp_t2.asm.obj             268     0         0      
       ctype.c.obj                   0       257       0      
       fd_mul_t2.asm.obj             252     0         0      
       memcpy_t2.asm.obj             156     0         0      
       ull_div_t2.asm.obj            150     0         0      
       memset_t2.asm.obj             122     0         0      
       fd_tos_t2.asm.obj             110     0         0      
       copy_decompress_lzss.c.obj    104     0         0      
       s_frexp.c.obj                 100     0         0      
       sprintf.c.obj                 98      0         0      
       _ltoa.c.obj                   84      0         0      
       atoi.c.obj                    76      0         0      
       fd_toi_t2.asm.obj             72      0         0      
       autoinit.c.obj                68      0         0      
       fs_tod_t2.asm.obj             56      0         0      
       boot_cortex_m.c.obj           52      0         0      
       i_tofd_t2.asm.obj             46      0         0      
       u_tofd_t2.asm.obj             32      0         0      
       copy_zero_init.c.obj          28      0         0      
       memccpy.c.obj                 28      0         0      
       s_copysign.c.obj              26      0         0      
       strchr.c.obj                  22      0         0      
       strlen.c.obj                  20      0         0      
       wcslen.c.obj                  18      0         0      
       errno.c.obj                   8       0         8      
       copy_decompress_none.c.obj    14      0         0      
       exit.c.obj                    4       0         0      
       pre_init.c.obj                4       0         0      
       div0.asm.obj                  2       0         0      
    +--+-----------------------------+-------+---------+---------+
       Total:                        8983    409       8      
                                                              
       Stack:                        0       0         1024   
       Linker Generated:             0       892       0      
    +--+-----------------------------+-------+---------+---------+
       Grand Total:                  32547   4235      19998  


LINKER GENERATED COPY TABLES

__TI_cinit_table @ 00008fc0 records: 2, size/record: 8, table size: 16
	.data: load addr=00008c50, load size=00000358 bytes, run addr=20000000, run size=0000246d bytes, compression=lzss
	.bss: load addr=00008fb8, load size=00000008 bytes, run addr=20002470, run size=000000a2 bytes, compression=zero_init


LINKER GENERATED HANDLER TABLE

__TI_handler_table @ 00008fa8 records: 3, size/record: 4, table size: 12
	index: 0, handler: __TI_decompress_lzss
	index: 1, handler: __TI_decompress_none
	index: 2, handler: __TI_zero_init


GLOBAL SYMBOLS: SORTED ALPHABETICALLY BY Name 

address   name                          
-------   ----                          
00003701  ADC14_CHAEND_set              
00003435  ADC14_CHA_sel                 
00003549  ADC14_CLK_sel                 
000038fd  ADC14_IRQFG_set               
00003a55  ADC14_IRQHandler              
00003a55  ADC14_IRQHandler              
000037f9  ADC14_MEM_set                 
00003647  ADC14_PREC_sel                
200024a4  ADC14_STRUCT                  
000031fd  ADC14_convert_disable         
000031f1  ADC14_convert_enable          
00003215  ADC14_convert_end             
00003209  ADC14_convert_start           
000036a1  ADC14_init                    
000032bf  ADC14_read_data               
00003989  ADC14_repeatmod_init          
00003a01  ADC14_repeatmod_rec           
00003221  ADC14_start                   
00007ff7  AES256_IRQHandler             
20002452  A_flag                        
20002460  BRCLK                         
00008c22  BRS                           
20002453  B_flag                        
00007ff7  BusFault_Handler              
00008011  C$$EXIT                       
00005519  CCRn_MOD_sel                  
20002400  CCRn_period_val               
00007ff7  COMP_E0_IRQHandler            
00007ff7  COMP_E1_IRQHandler            
00007ff7  CS_IRQHandler                 
0000563b  CS_locked                     
00005631  CS_unlocked                   
000060af  Check_ACK                     
00008830  Chiness                       
00005643  DCO_set                       
00007ff7  DMA_ERR_IRQHandler            
00007ff7  DMA_INT0_IRQHandler           
00007ff7  DMA_INT1_IRQHandler           
00007ff7  DMA_INT2_IRQHandler           
00007ff7  DMA_INT3_IRQHandler           
00007ff7  DebugMon_Handler              
00007ff7  Default_Handler               
000042ad  EUSCIA0_IRQHandler            
000042ad  EUSCIA0_IRQHandler            
000042b7  EUSCIA1_IRQHandler            
000042b7  EUSCIA1_IRQHandler            
000042c9  EUSCIA2_IRQHandler            
000042c9  EUSCIA2_IRQHandler            
000042d9  EUSCIA3_IRQHandler            
000042d9  EUSCIA3_IRQHandler            
00007ff7  EUSCIB0_IRQHandler            
00007ff7  EUSCIB1_IRQHandler            
00007ff7  EUSCIB2_IRQHandler            
00007ff7  EUSCIB3_IRQHandler            
00008608  F6x8                          
00008018  F8x16                         
00007ff7  FLCTL_IRQHandler              
00007ff7  FPU_IRQHandler                
00008ab4  FP_N                          
20002000  GDDRAM                        
00001535  GDDRAM_Map_clr                
0000158f  GDDRAM_Map_set                
00007ff7  HardFault_Handler             
00006027  IIC_ACK                       
0000606b  IIC_NACK                      
000061ab  IIC_Read_Byte                 
00006119  IIC_Send_Byte                 
00005ef5  IIC_init                      
00005f25  IIC_reset                     
00005f99  IIC_start                     
00005fdd  IIC_stop                      
20002450  IRQ3_5flag                    
20002451  IRQ4_6flag                    
000048f1  Low_filter                    
000056b9  MCLK_set                      
0000432b  MPU6050_write_Byte            
00004667  MPU_Get_Acc                   
000046ed  MPU_Get_Angel                 
0000460b  MPU_Get_Gyro                  
000045a7  MPU_Get_Temp                  
00004511  MPU_Read_Len                  
0000448f  MPU_Write_Len                 
000043e5  MPU_init                      
00004385  MPU_read_Byte                 
00008bf0  MPU_reg                       
20002470  MPU_txt                       
00007ff7  MemManage_Handler             
00007ff7  NMI_Handler                   
0000126f  OLED_Draw_Bmp                 
0000132d  OLED_Draw_BmpPixel            
00000b73  OLED_Draw_Circle              
00000361  OLED_Draw_Pixel               
00000acd  OLED_Draw_Rectangle           
00000479  OLED_Draw_line                
00005b05  OLED_MPU_SHOW                 
0000151b  OLED_OFF                      
00001505  OLED_ON                       
0000018d  OLED_SPI_configuration        
00000237  OLED_SPI_write_cmd            
0000026f  OLED_SPI_write_data           
000002a7  OLED_SetPos                   
00000c83  OLED_Show_Char                
00001161  OLED_Show_Hanzi               
00000eb1  OLED_Show_Num                 
00000e55  OLED_Show_String              
00000fd9  OLED_Show_float               
00000357  OLED_clr                      
000002df  OLED_fill                     
00001429  OLED_init                     
000015cd  OLED_test                     
00007ff7  PCM_IRQHandler                
000049ad  PORT1_IRQHandler              
000049ad  PORT1_IRQHandler              
00004a53  PORT2_IRQHandler              
00004a53  PORT2_IRQHandler              
00004b1f  PORT3_IRQHandler              
00004b1f  PORT3_IRQHandler              
00004bd7  PORT4_IRQHandler              
00004bd7  PORT4_IRQHandler              
00004cb5  PORT5_IRQHandler              
00004cb5  PORT5_IRQHandler              
00004d89  PORT6_IRQHandler              
00004d89  PORT6_IRQHandler              
00007ff7  PSS_IRQHandler                
2000246c  Page                          
00007ff7  PendSV_Handler                
00007ff7  RTC_C_IRQHandler              
00007feb  Reset_Handler                 
000057d9  SMCLK_set                     
000001cd  SPI_write_byte                
00007ff7  SVC_Handler                   
00005a7f  SysTick_Handler               
00005a7f  SysTick_Handler               
20002468  SystemCoreClock               
00006235  SystemCoreClockUpdate         
000064ad  SystemInit                    
00007ff7  T32_INT1_IRQHandler           
00007ff7  T32_INT2_IRQHandler           
00007ff7  T32_INTC_IRQHandler           
00004e65  TA0_0_IRQHandler              
00004e65  TA0_0_IRQHandler              
00004e95  TA0_N_IRQHandler              
00004e95  TA0_N_IRQHandler              
00004e71  TA1_0_IRQHandler              
00004e71  TA1_0_IRQHandler              
00004e97  TA1_N_IRQHandler              
00004e97  TA1_N_IRQHandler              
00004e7d  TA2_0_IRQHandler              
00004e7d  TA2_0_IRQHandler              
00004e99  TA2_N_IRQHandler              
00004e99  TA2_N_IRQHandler              
00004e89  TA3_0_IRQHandler              
00004e89  TA3_0_IRQHandler              
00004eb1  TA3_N_IRQHandler              
00004eb1  TA3_N_IRQHandler              
00005499  TimerA_CCRVAL_set             
000050af  TimerA_CLK_set                
00005009  TimerA_MOD_sel                
00005271  TimerA_NVIC_IRQ_set           
000053e9  TimerA_disable_CCRnIRQ        
00005339  TimerA_enable_CCRnIRQ         
2000245e  UART0_RXDat                   
2000245d  UART2_RXDat                   
2000245c  UART3_RXDat                   
00003d51  UART_BRS_val                  
00003e71  UART_Baunds_set               
00003c59  UART_CLK_sel                  
00003b5d  UART_IRQRX_set                
00003ae1  UART_IRQ_set                  
00003c05  UART_PIN_sel                  
00003bb1  UART_USIC_init                
000040a5  UART_init                     
00004185  UART_recv_Byte                
00004111  UART_send_Byte                
00004271  UART_send_int                 
00004215  UART_send_short               
000041d9  UART_send_string              
00007ff7  UsageFault_Handler            
4000480c  WDTCTL_SYM                    
00007ff7  WDT_A_IRQHandler              
20010000  __STACK_END                   
00000200  __STACK_SIZE                  
00008fc0  __TI_CINIT_Base               
00008fd0  __TI_CINIT_Limit              
00008fa8  __TI_Handler_Table_Base       
00008fb4  __TI_Handler_Table_Limit      
00007db9  __TI_auto_init_nobinit_nopinit
00007b5b  __TI_decompress_lzss          
00007fdd  __TI_decompress_none          
00007c7f  __TI_ltoa                     
ffffffff  __TI_pprof_out_hndl           
000027a1  __TI_printfi                  
ffffffff  __TI_prof_data_size           
ffffffff  __TI_prof_data_start          
00000000  __TI_static_base__            
00007f37  __TI_zero_init_nomemset       
000078f9  __aeabi_cdcmpeq               
000078f9  __aeabi_cdcmple               
0000797f  __aeabi_cdrcmple              
00007aed  __aeabi_d2f                   
00007d71  __aeabi_d2iz                  
00006e6b  __aeabi_dadd                  
000072ad  __aeabi_ddiv                  
00007619  __aeabi_dmul                  
00006e61  __aeabi_dsub                  
00008005  __aeabi_errno_addr            
00007e7b  __aeabi_f2d                   
00007ee9  __aeabi_i2d                   
000031ef  __aeabi_idiv0                 
000031ef  __aeabi_ldiv0                 
00007a05  __aeabi_memclr                
00007a05  __aeabi_memclr4               
00007a05  __aeabi_memclr8               
000077c7  __aeabi_memcpy                
000077c7  __aeabi_memcpy4               
000077c7  __aeabi_memcpy8               
00007a07  __aeabi_memset                
00007a07  __aeabi_memset4               
00007a07  __aeabi_memset8               
00007f17  __aeabi_ui2d                  
00007863  __aeabi_uldivmod              
ffffffff  __binit__                     
ffffffff  __c_args__                    
UNDEFED   __mpu_init                    
2000fe00  __stack                       
20000000  __start___llvm_prf_cnts       
20000000  __stop___llvm_prf_cnts        
00007eb5  _c_int00_noargs               
000089b0  _ctypes_                      
UNDEFED   _system_post_cinit            
0000800d  _system_pre_init              
00008011  abort                         
00006569  atan                          
00006569  atanl                         
00007d25  atoi                          
20002504  ax                            
20002506  ay                            
20002508  az                            
ffffffff  binit                         
20000000  bmp_pixel1                    
00007f6f  copysign                      
00007f6f  copysignl                     
20002444  count                         
20002438  dirf                          
200024d4  encoder_A                     
200024dc  encoder_B                     
200024e4  encoder_C                     
200024ec  encoder_D                     
20002464  errno                         
00005609  error                         
00004319  error_LED_toggle              
00007bc5  frexp                         
00007bc5  frexpl                        
000022df  gpio_clr_GPIOIRQFLG           
0000226d  gpio_disable_IRQ              
000020ed  gpio_disable_Ren              
00002361  gpio_edg_sel                  
000021d5  gpio_enable_IRQ               
0000202d  gpio_enable_Ren               
00002571  gpio_get                      
000024e1  gpio_init                     
00002481  gpio_interrupt_INIT           
00002661  gpio_set                      
00001dc5  gpio_set_Asin                 
00001d05  gpio_set_Asout                
00001e85  gpio_set_High                 
00001f45  gpio_set_Low                  
00002691  gpio_toggle                   
2000250a  gx                            
2000250c  gy                            
2000250e  gz                            
00000000  interruptVectors              
00006cf3  key_get                       
00006c95  key_init                      
00006d4b  key_test                      
00007509  ldexp                         
00007509  ldexpl                        
00005dc5  main                          
00007f53  memccpy                       
000077c7  memcpy                        
00007a0d  memset                        
000000e5  num_pow                       
2000243c  page_count                    
200024f8  pitch                         
200024fc  roll                          
00007509  scalbn                        
00007509  scalbnl                       
00005901  set_DCO_48MH                  
00005999  set_clock_period              
00007dfd  sprintf                       
00000115  sqr                           
00007019  sqrt                          
00007019  sqrtl                         
20002440  start_flag                    
00007fa1  strchr                        
00007fb7  strlen                        
20002454  sysc                          
00005a5f  system_init                   
00005a51  systic_clr                    
00005aa7  systic_delayms                
00005a89  systic_delayus                
000059dd  systic_end                    
000059a3  systic_init                   
000059f1  systic_read                   
000059c7  systic_start                  
20002458  systim                        
20002510  temp                          
20002448  testA                         
2000244c  testB                         
00007fcb  wcslen                        
20002500  yaw                           


GLOBAL SYMBOLS: SORTED BY Symbol Address 

address   name                          
-------   ----                          
00000000  __TI_static_base__            
00000000  interruptVectors              
000000e5  num_pow                       
00000115  sqr                           
0000018d  OLED_SPI_configuration        
000001cd  SPI_write_byte                
00000200  __STACK_SIZE                  
00000237  OLED_SPI_write_cmd            
0000026f  OLED_SPI_write_data           
000002a7  OLED_SetPos                   
000002df  OLED_fill                     
00000357  OLED_clr                      
00000361  OLED_Draw_Pixel               
00000479  OLED_Draw_line                
00000acd  OLED_Draw_Rectangle           
00000b73  OLED_Draw_Circle              
00000c83  OLED_Show_Char                
00000e55  OLED_Show_String              
00000eb1  OLED_Show_Num                 
00000fd9  OLED_Show_float               
00001161  OLED_Show_Hanzi               
0000126f  OLED_Draw_Bmp                 
0000132d  OLED_Draw_BmpPixel            
00001429  OLED_init                     
00001505  OLED_ON                       
0000151b  OLED_OFF                      
00001535  GDDRAM_Map_clr                
0000158f  GDDRAM_Map_set                
000015cd  OLED_test                     
00001d05  gpio_set_Asout                
00001dc5  gpio_set_Asin                 
00001e85  gpio_set_High                 
00001f45  gpio_set_Low                  
0000202d  gpio_enable_Ren               
000020ed  gpio_disable_Ren              
000021d5  gpio_enable_IRQ               
0000226d  gpio_disable_IRQ              
000022df  gpio_clr_GPIOIRQFLG           
00002361  gpio_edg_sel                  
00002481  gpio_interrupt_INIT           
000024e1  gpio_init                     
00002571  gpio_get                      
00002661  gpio_set                      
00002691  gpio_toggle                   
000027a1  __TI_printfi                  
000031ef  __aeabi_idiv0                 
000031ef  __aeabi_ldiv0                 
000031f1  ADC14_convert_enable          
000031fd  ADC14_convert_disable         
00003209  ADC14_convert_start           
00003215  ADC14_convert_end             
00003221  ADC14_start                   
000032bf  ADC14_read_data               
00003435  ADC14_CHA_sel                 
00003549  ADC14_CLK_sel                 
00003647  ADC14_PREC_sel                
000036a1  ADC14_init                    
00003701  ADC14_CHAEND_set              
000037f9  ADC14_MEM_set                 
000038fd  ADC14_IRQFG_set               
00003989  ADC14_repeatmod_init          
00003a01  ADC14_repeatmod_rec           
00003a55  ADC14_IRQHandler              
00003a55  ADC14_IRQHandler              
00003ae1  UART_IRQ_set                  
00003b5d  UART_IRQRX_set                
00003bb1  UART_USIC_init                
00003c05  UART_PIN_sel                  
00003c59  UART_CLK_sel                  
00003d51  UART_BRS_val                  
00003e71  UART_Baunds_set               
000040a5  UART_init                     
00004111  UART_send_Byte                
00004185  UART_recv_Byte                
000041d9  UART_send_string              
00004215  UART_send_short               
00004271  UART_send_int                 
000042ad  EUSCIA0_IRQHandler            
000042ad  EUSCIA0_IRQHandler            
000042b7  EUSCIA1_IRQHandler            
000042b7  EUSCIA1_IRQHandler            
000042c9  EUSCIA2_IRQHandler            
000042c9  EUSCIA2_IRQHandler            
000042d9  EUSCIA3_IRQHandler            
000042d9  EUSCIA3_IRQHandler            
00004319  error_LED_toggle              
0000432b  MPU6050_write_Byte            
00004385  MPU_read_Byte                 
000043e5  MPU_init                      
0000448f  MPU_Write_Len                 
00004511  MPU_Read_Len                  
000045a7  MPU_Get_Temp                  
0000460b  MPU_Get_Gyro                  
00004667  MPU_Get_Acc                   
000046ed  MPU_Get_Angel                 
000048f1  Low_filter                    
000049ad  PORT1_IRQHandler              
000049ad  PORT1_IRQHandler              
00004a53  PORT2_IRQHandler              
00004a53  PORT2_IRQHandler              
00004b1f  PORT3_IRQHandler              
00004b1f  PORT3_IRQHandler              
00004bd7  PORT4_IRQHandler              
00004bd7  PORT4_IRQHandler              
00004cb5  PORT5_IRQHandler              
00004cb5  PORT5_IRQHandler              
00004d89  PORT6_IRQHandler              
00004d89  PORT6_IRQHandler              
00004e65  TA0_0_IRQHandler              
00004e65  TA0_0_IRQHandler              
00004e71  TA1_0_IRQHandler              
00004e71  TA1_0_IRQHandler              
00004e7d  TA2_0_IRQHandler              
00004e7d  TA2_0_IRQHandler              
00004e89  TA3_0_IRQHandler              
00004e89  TA3_0_IRQHandler              
00004e95  TA0_N_IRQHandler              
00004e95  TA0_N_IRQHandler              
00004e97  TA1_N_IRQHandler              
00004e97  TA1_N_IRQHandler              
00004e99  TA2_N_IRQHandler              
00004e99  TA2_N_IRQHandler              
00004eb1  TA3_N_IRQHandler              
00004eb1  TA3_N_IRQHandler              
00005009  TimerA_MOD_sel                
000050af  TimerA_CLK_set                
00005271  TimerA_NVIC_IRQ_set           
00005339  TimerA_enable_CCRnIRQ         
000053e9  TimerA_disable_CCRnIRQ        
00005499  TimerA_CCRVAL_set             
00005519  CCRn_MOD_sel                  
00005609  error                         
00005631  CS_unlocked                   
0000563b  CS_locked                     
00005643  DCO_set                       
000056b9  MCLK_set                      
000057d9  SMCLK_set                     
00005901  set_DCO_48MH                  
00005999  set_clock_period              
000059a3  systic_init                   
000059c7  systic_start                  
000059dd  systic_end                    
000059f1  systic_read                   
00005a51  systic_clr                    
00005a5f  system_init                   
00005a7f  SysTick_Handler               
00005a7f  SysTick_Handler               
00005a89  systic_delayus                
00005aa7  systic_delayms                
00005b05  OLED_MPU_SHOW                 
00005dc5  main                          
00005ef5  IIC_init                      
00005f25  IIC_reset                     
00005f99  IIC_start                     
00005fdd  IIC_stop                      
00006027  IIC_ACK                       
0000606b  IIC_NACK                      
000060af  Check_ACK                     
00006119  IIC_Send_Byte                 
000061ab  IIC_Read_Byte                 
00006235  SystemCoreClockUpdate         
000064ad  SystemInit                    
00006569  atan                          
00006569  atanl                         
00006c95  key_init                      
00006cf3  key_get                       
00006d4b  key_test                      
00006e61  __aeabi_dsub                  
00006e6b  __aeabi_dadd                  
00007019  sqrt                          
00007019  sqrtl                         
000072ad  __aeabi_ddiv                  
00007509  ldexp                         
00007509  ldexpl                        
00007509  scalbn                        
00007509  scalbnl                       
00007619  __aeabi_dmul                  
000077c7  __aeabi_memcpy                
000077c7  __aeabi_memcpy4               
000077c7  __aeabi_memcpy8               
000077c7  memcpy                        
00007863  __aeabi_uldivmod              
000078f9  __aeabi_cdcmpeq               
000078f9  __aeabi_cdcmple               
0000797f  __aeabi_cdrcmple              
00007a05  __aeabi_memclr                
00007a05  __aeabi_memclr4               
00007a05  __aeabi_memclr8               
00007a07  __aeabi_memset                
00007a07  __aeabi_memset4               
00007a07  __aeabi_memset8               
00007a0d  memset                        
00007aed  __aeabi_d2f                   
00007b5b  __TI_decompress_lzss          
00007bc5  frexp                         
00007bc5  frexpl                        
00007c7f  __TI_ltoa                     
00007d25  atoi                          
00007d71  __aeabi_d2iz                  
00007db9  __TI_auto_init_nobinit_nopinit
00007dfd  sprintf                       
00007e7b  __aeabi_f2d                   
00007eb5  _c_int00_noargs               
00007ee9  __aeabi_i2d                   
00007f17  __aeabi_ui2d                  
00007f37  __TI_zero_init_nomemset       
00007f53  memccpy                       
00007f6f  copysign                      
00007f6f  copysignl                     
00007fa1  strchr                        
00007fb7  strlen                        
00007fcb  wcslen                        
00007fdd  __TI_decompress_none          
00007feb  Reset_Handler                 
00007ff7  AES256_IRQHandler             
00007ff7  BusFault_Handler              
00007ff7  COMP_E0_IRQHandler            
00007ff7  COMP_E1_IRQHandler            
00007ff7  CS_IRQHandler                 
00007ff7  DMA_ERR_IRQHandler            
00007ff7  DMA_INT0_IRQHandler           
00007ff7  DMA_INT1_IRQHandler           
00007ff7  DMA_INT2_IRQHandler           
00007ff7  DMA_INT3_IRQHandler           
00007ff7  DebugMon_Handler              
00007ff7  Default_Handler               
00007ff7  EUSCIB0_IRQHandler            
00007ff7  EUSCIB1_IRQHandler            
00007ff7  EUSCIB2_IRQHandler            
00007ff7  EUSCIB3_IRQHandler            
00007ff7  FLCTL_IRQHandler              
00007ff7  FPU_IRQHandler                
00007ff7  HardFault_Handler             
00007ff7  MemManage_Handler             
00007ff7  NMI_Handler                   
00007ff7  PCM_IRQHandler                
00007ff7  PSS_IRQHandler                
00007ff7  PendSV_Handler                
00007ff7  RTC_C_IRQHandler              
00007ff7  SVC_Handler                   
00007ff7  T32_INT1_IRQHandler           
00007ff7  T32_INT2_IRQHandler           
00007ff7  T32_INTC_IRQHandler           
00007ff7  UsageFault_Handler            
00007ff7  WDT_A_IRQHandler              
00008005  __aeabi_errno_addr            
0000800d  _system_pre_init              
00008011  C$$EXIT                       
00008011  abort                         
00008018  F8x16                         
00008608  F6x8                          
00008830  Chiness                       
000089b0  _ctypes_                      
00008ab4  FP_N                          
00008bf0  MPU_reg                       
00008c22  BRS                           
00008fa8  __TI_Handler_Table_Base       
00008fb4  __TI_Handler_Table_Limit      
00008fc0  __TI_CINIT_Base               
00008fd0  __TI_CINIT_Limit              
20000000  __start___llvm_prf_cnts       
20000000  __stop___llvm_prf_cnts        
20000000  bmp_pixel1                    
20002000  GDDRAM                        
20002400  CCRn_period_val               
20002438  dirf                          
2000243c  page_count                    
20002440  start_flag                    
20002444  count                         
20002448  testA                         
2000244c  testB                         
20002450  IRQ3_5flag                    
20002451  IRQ4_6flag                    
20002452  A_flag                        
20002453  B_flag                        
20002454  sysc                          
20002458  systim                        
2000245c  UART3_RXDat                   
2000245d  UART2_RXDat                   
2000245e  UART0_RXDat                   
20002460  BRCLK                         
20002464  errno                         
20002468  SystemCoreClock               
2000246c  Page                          
20002470  MPU_txt                       
200024a4  ADC14_STRUCT                  
200024d4  encoder_A                     
200024dc  encoder_B                     
200024e4  encoder_C                     
200024ec  encoder_D                     
200024f8  pitch                         
200024fc  roll                          
20002500  yaw                           
20002504  ax                            
20002506  ay                            
20002508  az                            
2000250a  gx                            
2000250c  gy                            
2000250e  gz                            
20002510  temp                          
2000fe00  __stack                       
20010000  __STACK_END                   
4000480c  WDTCTL_SYM                    
ffffffff  __TI_pprof_out_hndl           
ffffffff  __TI_prof_data_size           
ffffffff  __TI_prof_data_start          
ffffffff  __binit__                     
ffffffff  __c_args__                    
ffffffff  binit                         
UNDEFED   __mpu_init                    
UNDEFED   _system_post_cinit            

[311 symbols]
