******************************************************************************
                  TI ARM Linker PC v20.2.1                     
******************************************************************************
>> Linked Sun Dec 19 12:20:03 2021

OUTPUT FILE NAME:   <13.Exin_systic.out>
ENTRY POINT SYMBOL: "_c_int00_noargs"  address: 00004c15


MEMORY CONFIGURATION

         name            origin    length      used     unused   attr    fill
----------------------  --------  ---------  --------  --------  ----  --------
  MAIN                  00000000   00040000  00005518  0003aae8  R  X
  INFO                  00200000   00004000  00000000  00004000  R  X
  SRAM_CODE             01000000   00010000  00002d09  0000d2f7  RW X
  SRAM_DATA             20000000   00010000  00002d09  0000d2f7  RW  


SEGMENT ALLOCATION MAP

run origin  load origin   length   init length attrs members
----------  ----------- ---------- ----------- ----- -------
00000000    00000000    00005518   00005518    r-x
  00000000    00000000    000000e4   000000e4    r-- .intvecs
  000000e4    000000e4    00004e48   00004e48    r-x .text
  00004f2c    00004f2c    0000057c   0000057c    r-- .const
  000054a8    000054a8    00000070   00000070    r-- .cinit
20000000    20000000    00002b09   00000000    rw-
  20000000    20000000    00002a9c   00000000    rw- .data
  20002a9c    20002a9c    0000006d   00000000    rw- .bss
2000fe00    2000fe00    00000200   00000000    rw-
  2000fe00    2000fe00    00000200   00000000    rw- .stack


SECTION ALLOCATION MAP

 output                                  attributes/
section   page    origin      length       input sections
--------  ----  ----------  ----------   ----------------
.intvecs   0    00000000    000000e4     
                  00000000    000000e4     startup_msp432p401r_ccs.obj (.intvecs:retain)

.text      0    000000e4    00004e48     
                  000000e4    00000a4e     rtsv7M4_T_le_v4SPD16_eabi.lib : _printfi.c.obj (.text:__TI_printfi)
                  00000b32    00000002                                   : div0.asm.obj (.text)
                  00000b34    000008f0     exinADC.obj (.text)
                  00001424    000007dc     oled.obj (.text)
                  00001c00    00000698     exinuart.obj (.text)
                  00002298    000004fc     exinsystem.obj (.text)
                  00002794    000003f0     exinencoder.obj (.text)
                  00002b84    00000334     system_msp432p401r.obj (.text)
                  00002eb8    000002bc     exinisr.obj (.text)
                  00003174    00000270     rtsv7M4_T_le_v4SPD16_eabi.lib : _printfi.c.obj (.text:_pconv_a)
                  000033e4    00000268     exingpio.obj (.text)
                  0000364c    000001d0     rtsv7M4_T_le_v4SPD16_eabi.lib : _printfi.c.obj (.text:_pconv_g)
                  0000381c    000001c0     exinkey.obj (.text)
                  000039dc    000001b6     rtsv7M4_T_le_v4SPD16_eabi.lib : fd_add_t2.asm.obj (.text)
                  00003b92    00000002     --HOLE-- [fill = 0]
                  00003b94    000001a0     main.obj (.text)
                  00003d34    00000148     exin_pit.obj (.text)
                  00003e7c    0000013c     rtsv7M4_T_le_v4SPD16_eabi.lib : _printfi.c.obj (.text:_pconv_e)
                  00003fb8    00000136                                   : fd_div_t2.asm.obj (.text)
                  000040ee    00000002     --HOLE-- [fill = 0]
                  000040f0    00000124                                   : _printfi.c.obj (.text:fcvt)
                  00004214    00000110                                   : s_scalbn.c.obj (.text:scalbn)
                  00004324    000000fc                                   : fd_mul_t2.asm.obj (.text)
                  00004420    000000b1                                   : _printfi.c.obj (.text:_ltostr)
                  000044d1    00000001     --HOLE-- [fill = 0]
                  000044d2    0000009c                                   : memcpy_t2.asm.obj (.text)
                  0000456e    00000096                                   : ull_div_t2.asm.obj (.text)
                  00004604    00000086                                   : fd_cmp_t2.asm.obj (.text:__aeabi_cdcmple)
                  0000468a    00000086                                   : fd_cmp_t2.asm.obj (.text:__aeabi_cdrcmple)
                  00004710    0000007a                                   : memset_t2.asm.obj (.text)
                  0000478a    0000006e                                   : _printfi.c.obj (.text:_mcpy)
                  000047f8    00000068                                   : copy_decompress_lzss.c.obj (.text:decompress:lzss:__TI_decompress_lzss)
                  00004860    00000064     msp432p4xx_driverlib.lib : interrupt.o (.text:Interrupt_enableInterrupt)
                  000048c4    00000064     rtsv7M4_T_le_v4SPD16_eabi.lib : s_frexp.c.obj (.text:frexp)
                  00004928    0000005e                                   : i_divt2.asm.obj (.text)
                  00004986    00000056                                   : _printfi.c.obj (.text:_pconv_f)
                  000049dc    00000054                                   : _ltoa.c.obj (.text:__TI_ltoa)
                  00004a30    00000052                                   : _printfi.c.obj (.text:_ecpy)
                  00004a82    00000002     --HOLE-- [fill = 0]
                  00004a84    0000004c                                   : atoi.c.obj (.text:atoi)
                  00004ad0    00000048                                   : fd_toi_t2.asm.obj (.text)
                  00004b18    00000044                                   : autoinit.c.obj (.text:__TI_auto_init_nobinit_nopinit:__TI_auto_init_nobinit_nopinit)
                  00004b5c    00000040                                   : sprintf.c.obj (.text:sprintf)
                  00004b9c    0000003e                                   : _printfi.c.obj (.text:_fcpy)
                  00004bda    00000038                                   : fs_tod_t2.asm.obj (.text)
                  00004c12    00000002     --HOLE-- [fill = 0]
                  00004c14    00000034                                   : boot_cortex_m.c.obj (.text:_c_int00_noargs:_c_int00_noargs)
                  00004c48    00000030     msp432p4xx_driverlib.lib : gpio.o (.text:GPIO_getEnabledInterruptStatus)
                  00004c78    00000030                              : gpio.o (.text:GPIO_setAsInputPinWithPullUpResistor)
                  00004ca8    0000002e     rtsv7M4_T_le_v4SPD16_eabi.lib : i_tofd_t2.asm.obj (.text)
                  00004cd6    00000002     --HOLE-- [fill = 0]
                  00004cd8    0000002c     msp432p4xx_driverlib.lib : gpio.o (.text:GPIO_setAsInputPin)
                  00004d04    00000024                              : gpio.o (.text:GPIO_setAsOutputPin)
                  00004d28    00000024                              : interrupt.o (.text:Interrupt_setPriority)
                  00004d4c    00000020     rtsv7M4_T_le_v4SPD16_eabi.lib : u_tofd_t2.asm.obj (.text)
                  00004d6c    0000001c                                   : copy_zero_init.c.obj (.text:decompress:ZI:__TI_zero_init_nomemset:__TI_zero_init_nomemset)
                  00004d88    0000001c                                   : memccpy.c.obj (.text:memccpy)
                  00004da4    0000001a                                   : s_copysign.c.obj (.text:copysign)
                  00004dbe    00000002     --HOLE-- [fill = 0]
                  00004dc0    00000018     msp432p4xx_driverlib.lib : gpio.o (.text:GPIO_clearInterruptFlag)
                  00004dd8    00000018                              : gpio.o (.text:GPIO_getInputPinValue)
                  00004df0    00000018                              : gpio.o (.text:GPIO_setOutputLowOnPin)
                  00004e08    00000018                              : wdt_a.o (.text:WDT_A_holdTimer)
                  00004e20    00000018     rtsv7M4_T_le_v4SPD16_eabi.lib : sprintf.c.obj (.text:_outs)
                  00004e38    00000016                                   : strchr.c.obj (.text:strchr)
                  00004e4e    00000002     --HOLE-- [fill = 0]
                  00004e50    00000014     msp432p4xx_driverlib.lib : gpio.o (.text:GPIO_enableInterrupt)
                  00004e64    00000014                              : gpio.o (.text:GPIO_setOutputHighOnPin)
                  00004e78    00000014                              : gpio.o (.text:GPIO_toggleOutputOnPin)
                  00004e8c    00000014                              : sysctl.o (.text:SysCtl_enableSRAMBankRetention)
                  00004ea0    00000014     rtsv7M4_T_le_v4SPD16_eabi.lib : strlen.c.obj (.text:strlen)
                  00004eb4    00000012                                   : wcslen.c.obj (.text:wcslen)
                  00004ec6    00000002     --HOLE-- [fill = 0]
                  00004ec8    00000010     msp432p4xx_driverlib.lib : gpio.o (.text:GPIO_getInterruptStatus)
                  00004ed8    00000010                              : interrupt.o (.text:Interrupt_enableMaster)
                  00004ee8    0000000e     rtsv7M4_T_le_v4SPD16_eabi.lib : copy_decompress_none.c.obj (.text:decompress:none:__TI_decompress_none)
                  00004ef6    0000000e     startup_msp432p401r_ccs.obj (.text)
                  00004f04    0000000c     msp432p4xx_driverlib.lib : cpu.o (.text:CPU_cpsie)
                  00004f10    0000000a     rtsv7M4_T_le_v4SPD16_eabi.lib : sprintf.c.obj (.text:_outc)
                  00004f1a    00000002     --HOLE-- [fill = 0]
                  00004f1c    00000008                                   : errno.c.obj (.text:__aeabi_errno_addr)
                  00004f24    00000004                                   : pre_init.c.obj (.text:_system_pre_init)
                  00004f28    00000004                                   : exit.c.obj (.text:abort:abort)

.const     0    00004f2c    0000057c     
                  00004f2c    00000228     oled.obj (.const:F6x8)
                  00005154    000001c0     oled.obj (.const:Hzk)
                  00005314    00000101     rtsv7M4_T_le_v4SPD16_eabi.lib : ctype.c.obj (.const:.string:_ctypes_)
                  00005415    00000003     --HOLE-- [fill = 0]
                  00005418    00000050     msp432p4xx_driverlib.lib : interrupt.o (.const:g_pulRegs)
                  00005468    00000040                              : interrupt.o (.const)

.cinit     0    000054a8    00000070     
                  000054a8    00000047     (.cinit..data.load) [load image, compression = lzss]
                  000054ef    00000001     --HOLE-- [fill = 0]
                  000054f0    0000000c     (__TI_handler_table)
                  000054fc    00000004     --HOLE-- [fill = 0]
                  00005500    00000008     (.cinit..bss.load) [load image, compression = zero_init]
                  00005508    00000010     (__TI_cinit_table)

.init_array 
*          0    00000000    00000000     UNINITIALIZED

.binit     0    00000000    00000000     

.data      0    20000000    00002a9c     UNINITIALIZED
                  20000000    00002000     oled.obj (.data:screen_buf)
                  20002000    00000400     oled.obj (.data:bmp2)
                  20002400    00000400     oled.obj (.data:bmp)
                  20002800    00000200     Oscill_OLED.obj (.data:Oscill_data_buff)
                  20002a00    00000030     msp432p4xx_driverlib.lib : gpio.o (.data:GPIO_PORT_TO_BASE)
                  20002a30    00000028     exinencoder.obj (.data:timerAcaptureValues)
                  20002a58    0000001c     exinadjust.obj (.data)
                  20002a74    00000008     exinencoder.obj (.data)
                  20002a7c    00000008     exinsystem.obj (.data)
                  20002a84    00000008     main.obj (.data)
                  20002a8c    00000008     oled.obj (.data:tmp$2)
                  20002a94    00000004     rtsv7M4_T_le_v4SPD16_eabi.lib : errno.c.obj (.data)
                  20002a98    00000004     system_msp432p401r.obj (.data)

.bss       0    20002a9c    0000006d     UNINITIALIZED
                  20002a9c    00000030     (.common:ADC14_STRUCT)
                  20002acc    00000018     (.common:oscill1)
                  20002ae4    00000008     (.common:encoder_A)
                  20002aec    00000008     (.common:encoder_B)
                  20002af4    00000008     (.common:encoder_C)
                  20002afc    00000008     (.common:encoder_D)
                  20002b04    00000004     exinsystem.obj (.bss)
                  20002b08    00000001     oled.obj (.bss)

.stack     0    2000fe00    00000200     UNINITIALIZED
                  2000fe00    00000004     rtsv7M4_T_le_v4SPD16_eabi.lib : boot_cortex_m.c.obj (.stack)
                  2000fe04    000001fc     --HOLE--

__llvm_prf_cnts 
*          0    20000000    00000000     UNINITIALIZED

MODULE SUMMARY

       Module                        code    ro data   rw data
       ------                        ----    -------   -------
    .\
       system_msp432p401r.obj        820     0         8      
       main.obj                      416     0         112    
       startup_msp432p401r_ccs.obj   14      228       0      
    +--+-----------------------------+-------+---------+---------+
       Total:                        1250    228       120    
                                                              
    .\exinlibs\
       oled.obj                      2012    1000      20498  
       exinADC.obj                   2288    0         0      
       exinuart.obj                  1688    0         0      
       exinsystem.obj                1276    0         24     
       exinencoder.obj               1008    0         160    
       Oscill_OLED.obj               0       0         1072   
       exinisr.obj                   700     0         0      
       exingpio.obj                  616     0         0      
       exinkey.obj                   448     0         0      
       exin_pit.obj                  328     0         0      
       exinadjust.obj                0       0         56     
    +--+-----------------------------+-------+---------+---------+
       Total:                        10364   1000      21810  
                                                              
    C:/ti/msp/MSP432Ware_3_40_00_25/driverlib/driverlib/MSP432P4xx/ccs/msp432p4xx_driverlib.lib
       gpio.o                        324     0         96     
       interrupt.o                   152     144       0      
       wdt_a.o                       24      0         0      
       sysctl.o                      20      0         0      
       cpu.o                         12      0         0      
    +--+-----------------------------+-------+---------+---------+
       Total:                        532     144       96     
                                                              
    D:\CCS\ccs\tools\compiler\ti-cgt-arm_20.2.1.LTS\lib\rtsv7M4_T_le_v4SPD16_eabi.lib
       _printfi.c.obj                4851    0         0      
       fd_add_t2.asm.obj             438     0         0      
       fd_div_t2.asm.obj             310     0         0      
       s_scalbn.c.obj                272     0         0      
       fd_cmp_t2.asm.obj             268     0         0      
       ctype.c.obj                   0       257       0      
       fd_mul_t2.asm.obj             252     0         0      
       memcpy_t2.asm.obj             156     0         0      
       ull_div_t2.asm.obj            150     0         0      
       memset_t2.asm.obj             122     0         0      
       copy_decompress_lzss.c.obj    104     0         0      
       s_frexp.c.obj                 100     0         0      
       sprintf.c.obj                 98      0         0      
       i_divt2.asm.obj               94      0         0      
       _ltoa.c.obj                   84      0         0      
       atoi.c.obj                    76      0         0      
       fd_toi_t2.asm.obj             72      0         0      
       autoinit.c.obj                68      0         0      
       fs_tod_t2.asm.obj             56      0         0      
       boot_cortex_m.c.obj           52      0         0      
       i_tofd_t2.asm.obj             46      0         0      
       u_tofd_t2.asm.obj             32      0         0      
       copy_zero_init.c.obj          28      0         0      
       memccpy.c.obj                 28      0         0      
       s_copysign.c.obj              26      0         0      
       strchr.c.obj                  22      0         0      
       strlen.c.obj                  20      0         0      
       wcslen.c.obj                  18      0         0      
       errno.c.obj                   8       0         8      
       copy_decompress_none.c.obj    14      0         0      
       exit.c.obj                    4       0         0      
       pre_init.c.obj                4       0         0      
       div0.asm.obj                  2       0         0      
    +--+-----------------------------+-------+---------+---------+
       Total:                        7875    257       8      
                                                              
       Stack:                        0       0         1024   
       Linker Generated:             0       107       0      
    +--+-----------------------------+-------+---------+---------+
       Grand Total:                  20021   1736      23058  


LINKER GENERATED COPY TABLES

__TI_cinit_table @ 00005508 records: 2, size/record: 8, table size: 16
	.data: load addr=000054a8, load size=00000047 bytes, run addr=20000000, run size=00002a9c bytes, compression=lzss
	.bss: load addr=00005500, load size=00000008 bytes, run addr=20002a9c, run size=0000006d bytes, compression=zero_init


LINKER GENERATED HANDLER TABLE

__TI_handler_table @ 000054f0 records: 3, size/record: 4, table size: 12
	index: 0, handler: __TI_decompress_lzss
	index: 1, handler: __TI_decompress_none
	index: 2, handler: __TI_zero_init


GLOBAL SYMBOLS: SORTED ALPHABETICALLY BY Name 

address   name                                
-------   ----                                
00001045  ADC14_CHAEND_set                    
00000d79  ADC14_CHA_sel                       
00000e8d  ADC14_CLK_sel                       
00001241  ADC14_IRQFG_set                     
00001399  ADC14_IRQHandler                    
00001399  ADC14_IRQHandler                    
0000113d  ADC14_MEM_set                       
00000f8b  ADC14_PREC_sel                      
20002a9c  ADC14_STRUCT                        
00000b41  ADC14_convert_disable               
00000b35  ADC14_convert_enable                
00000b59  ADC14_convert_end                   
00000b4d  ADC14_convert_start                 
00000fe5  ADC14_init                          
00000c03  ADC14_read_data                     
000012cd  ADC14_repeatmod_init                
00001343  ADC14_repeatmod_rec                 
00000b65  ADC14_start                         
00004f03  AES256_IRQHandler                   
20002a72  A_flag                              
20002a73  B_flag                              
00004f03  BusFault_Handler                    
00004f29  C$$EXIT                             
00004f03  COMP_E0_IRQHandler                  
00004f03  COMP_E1_IRQHandler                  
00004f05  CPU_cpsie                           
00004f03  CS_IRQHandler                       
000022cb  CS_locked                           
000022c1  CS_unlocked                         
000022d3  DCO_set                             
00004f03  DMA_ERR_IRQHandler                  
00004f03  DMA_INT0_IRQHandler                 
00004f03  DMA_INT1_IRQHandler                 
00004f03  DMA_INT2_IRQHandler                 
00004f03  DMA_INT3_IRQHandler                 
00004f03  DebugMon_Handler                    
00004f03  Default_Handler                     
00002ae9  ENCODER_TEST                        
000021ff  EUSCIA0_IRQHandler                  
000021ff  EUSCIA0_IRQHandler                  
00002209  EUSCIA1_IRQHandler                  
00002209  EUSCIA1_IRQHandler                  
0000221d  EUSCIA2_IRQHandler                  
0000221d  EUSCIA2_IRQHandler                  
00002227  EUSCIA3_IRQHandler                  
00002227  EUSCIA3_IRQHandler                  
00004f03  EUSCIB0_IRQHandler                  
00004f03  EUSCIB1_IRQHandler                  
00004f03  EUSCIB2_IRQHandler                  
00004f03  EUSCIB3_IRQHandler                  
000029b9  Encoder_clr                         
00004f2c  F6x8                                
00004f03  FLCTL_IRQHandler                    
00004f03  FPU_IRQHandler                      
0000297d  GET_encoder_dir                     
00002941  GET_encoder_num                     
00004dc1  GPIO_clearInterruptFlag             
00004e51  GPIO_enableInterrupt                
00004c49  GPIO_getEnabledInterruptStatus      
00004dd9  GPIO_getInputPinValue               
00004ec9  GPIO_getInterruptStatus             
00004cd9  GPIO_setAsInputPin                  
00004c79  GPIO_setAsInputPinWithPullUpResistor
00004d05  GPIO_setAsOutputPin                 
00004e65  GPIO_setOutputHighOnPin             
00004df1  GPIO_setOutputLowOnPin              
00004e79  GPIO_toggleOutputOnPin              
00004f03  HardFault_Handler                   
00005154  Hzk                                 
20002a70  IRQ3_5flag                          
20002a71  IRQ4_6flag                          
00004861  Interrupt_enableInterrupt           
00004ed9  Interrupt_enableMaster              
00004d29  Interrupt_setPriority               
00002349  MCLK_set                            
00004f03  MemManage_Handler                   
00004f03  NMI_Handler                         
000016af  OLED_Clear                          
00001693  OLED_Display_Off                    
00001677  OLED_Display_On                     
000019fd  OLED_DrawBMP                        
00001aad  OLED_Init                           
00001425  OLED_PutPixel                       
0000163b  OLED_Set_Pos                        
00001947  OLED_ShowCHinese                    
0000171d  OLED_ShowChar                       
000017e1  OLED_ShowNum                        
000018e5  OLED_ShowString                     
000018b5  OLED_Showfloat                      
000015ab  OLED_WR_Byte                        
00001495  OLED_pos_clr                        
00002a59  OLED_show                           
20002800  Oscill_data_buff                    
00004f03  PCM_IRQHandler                      
00003d35  PIT_init                            
00002eb9  PORT1_IRQHandler                    
00002eb9  PORT1_IRQHandler                    
00002ef7  PORT2_IRQHandler                    
00002ef7  PORT2_IRQHandler                    
00002f5d  PORT3_IRQHandler                    
00002f5d  PORT3_IRQHandler                    
00002faf  PORT4_IRQHandler                    
00002faf  PORT4_IRQHandler                    
00003029  PORT5_IRQHandler                    
00003029  PORT5_IRQHandler                    
0000308f  PORT6_IRQHandler                    
0000308f  PORT6_IRQHandler                    
00004f03  PSS_IRQHandler                      
00004f03  PendSV_Handler                      
00004f03  RTC_C_IRQHandler                    
00004ef7  Reset_Handler                       
00002469  SMCLK_set                           
00004f03  SVC_Handler                         
00004e8d  SysCtl_enableSRAMBankRetention      
0000270f  SysTick_Handler                     
0000270f  SysTick_Handler                     
20002a98  SystemCoreClock                     
00002b85  SystemCoreClockUpdate               
00002dfd  SystemInit                          
00004f03  T32_INT1_IRQHandler                 
00004f03  T32_INT2_IRQHandler                 
00004f03  T32_INTC_IRQHandler                 
000030fb  TA0_0_IRQHandler                    
000030fb  TA0_0_IRQHandler                    
000029fd  TA0_N_IRQHandler                    
000029fd  TA0_N_IRQHandler                    
00003111  TA1_0_IRQHandler                    
00003111  TA1_0_IRQHandler                    
00004f03  TA1_N_IRQHandler                    
0000311d  TA2_0_IRQHandler                    
0000311d  TA2_0_IRQHandler                    
00004f03  TA2_N_IRQHandler                    
00003129  TA3_0_IRQHandler                    
00003129  TA3_0_IRQHandler                    
00004f03  TA3_N_IRQHandler                    
00001e7d  UART_Baunds_set                     
00001d71  UART_CLK_sel                        
00001c75  UART_IRQRX_set                      
00001c01  UART_IRQ_set                        
00001d1d  UART_PIN_sel                        
00001cc9  UART_USIC_init                      
00002051  UART_init                           
00002105  UART_recv_Byte                      
00002095  UART_send_Byte                      
000021c9  UART_send_int                       
00002181  UART_send_short                     
00002153  UART_send_string                    
00004f03  UsageFault_Handler                  
4000480c  WDTCTL_SYM                          
00004f03  WDT_A_IRQHandler                    
00004e09  WDT_A_holdTimer                     
20010000  __STACK_END                         
00000200  __STACK_SIZE                        
00005508  __TI_CINIT_Base                     
00005518  __TI_CINIT_Limit                    
000054f0  __TI_Handler_Table_Base             
000054fc  __TI_Handler_Table_Limit            
00004b19  __TI_auto_init_nobinit_nopinit      
000047f9  __TI_decompress_lzss                
00004ee9  __TI_decompress_none                
000049dd  __TI_ltoa                           
ffffffff  __TI_pprof_out_hndl                 
000000e5  __TI_printfi                        
ffffffff  __TI_prof_data_size                 
ffffffff  __TI_prof_data_start                
00000000  __TI_static_base__                  
00004d6d  __TI_zero_init_nomemset             
00004605  __aeabi_cdcmpeq                     
00004605  __aeabi_cdcmple                     
0000468b  __aeabi_cdrcmple                    
00004ad1  __aeabi_d2iz                        
000039e7  __aeabi_dadd                        
00003fb9  __aeabi_ddiv                        
00004325  __aeabi_dmul                        
000039dd  __aeabi_dsub                        
00004f1d  __aeabi_errno_addr                  
00004bdb  __aeabi_f2d                         
00004ca9  __aeabi_i2d                         
00004929  __aeabi_idiv                        
00000b33  __aeabi_idiv0                       
00004929  __aeabi_idivmod                     
00000b33  __aeabi_ldiv0                       
00004711  __aeabi_memclr                      
00004711  __aeabi_memclr4                     
00004711  __aeabi_memclr8                     
000044d3  __aeabi_memcpy                      
000044d3  __aeabi_memcpy4                     
000044d3  __aeabi_memcpy8                     
00004713  __aeabi_memset                      
00004713  __aeabi_memset4                     
00004713  __aeabi_memset8                     
00004d4d  __aeabi_ui2d                        
0000456f  __aeabi_uldivmod                    
ffffffff  __binit__                           
ffffffff  __c_args__                          
UNDEFED   __mpu_init                          
2000fe00  __stack                             
20000000  __start___llvm_prf_cnts             
20000000  __stop___llvm_prf_cnts              
00004c15  _c_int00_noargs                     
00005314  _ctypes_                            
UNDEFED   _system_post_cinit                  
00004f25  _system_pre_init                    
00004f29  abort                               
00004a85  atoi                                
ffffffff  binit                               
20002400  bmp                                 
20002000  bmp2                                
20002a84  change_flag                         
00004da5  copysign                            
00004da5  copysignl                           
20002a64  count                               
20002a58  dirf                                
20002ae4  encoder_A                           
20002aec  encoder_B                           
20002af4  encoder_C                           
20002afc  encoder_D                           
00002795  encoder_IncTypeDef_init             
000027f1  encoder_dirpin_init                 
00002899  encoder_init                        
00002849  encoder_interrupt_init              
20002a94  errno                               
00002299  error                               
000048c5  frexp                               
000048c5  frexpl                              
0000359b  gpio_INT_EN                         
00003489  gpio_edg_sel                        
00003449  gpio_get                            
000033e5  gpio_init                           
000035ef  gpio_interrupt_INIT                 
00003459  gpio_set                            
00003479  gpio_toggle                         
00000000  interruptVectors                    
0000387b  key_get                             
0000381d  key_init                            
000038d3  key_test                            
00004215  ldexp                               
00004215  ldexpl                              
00003b95  main                                
00004d89  memccpy                             
000044d3  memcpy                              
00004719  memset                              
000017a7  oled_pow                            
000014c9  oled_update                         
20002acc  oscill1                             
20002a5c  page_count                          
20002a88  press_time                          
00004215  scalbn                              
00004215  scalbnl                             
20000000  screen_buf                          
00002591  set_DCO_48MH                        
00002629  set_clock_period                    
00004b5d  sprintf                             
20002a60  start_flag                          
00004e39  strchr                              
00004ea1  strlen                              
20002a7c  sysc                                
000026ef  system_init                         
000026e1  systic_clr                          
00002737  systic_delayms                      
00002719  systic_delayus                      
0000266d  systic_end                          
00002633  systic_init                         
00002681  systic_read                         
00002657  systic_start                        
20002a80  systim                              
20002a68  testA                               
20002a6c  testB                               
20002a78  time_counter                        
20002a74  timerAcapturePointer                
20002a30  timerAcaptureValues                 
00004eb5  wcslen                              


GLOBAL SYMBOLS: SORTED BY Symbol Address 

address   name                                
-------   ----                                
00000000  __TI_static_base__                  
00000000  interruptVectors                    
000000e5  __TI_printfi                        
00000200  __STACK_SIZE                        
00000b33  __aeabi_idiv0                       
00000b33  __aeabi_ldiv0                       
00000b35  ADC14_convert_enable                
00000b41  ADC14_convert_disable               
00000b4d  ADC14_convert_start                 
00000b59  ADC14_convert_end                   
00000b65  ADC14_start                         
00000c03  ADC14_read_data                     
00000d79  ADC14_CHA_sel                       
00000e8d  ADC14_CLK_sel                       
00000f8b  ADC14_PREC_sel                      
00000fe5  ADC14_init                          
00001045  ADC14_CHAEND_set                    
0000113d  ADC14_MEM_set                       
00001241  ADC14_IRQFG_set                     
000012cd  ADC14_repeatmod_init                
00001343  ADC14_repeatmod_rec                 
00001399  ADC14_IRQHandler                    
00001399  ADC14_IRQHandler                    
00001425  OLED_PutPixel                       
00001495  OLED_pos_clr                        
000014c9  oled_update                         
000015ab  OLED_WR_Byte                        
0000163b  OLED_Set_Pos                        
00001677  OLED_Display_On                     
00001693  OLED_Display_Off                    
000016af  OLED_Clear                          
0000171d  OLED_ShowChar                       
000017a7  oled_pow                            
000017e1  OLED_ShowNum                        
000018b5  OLED_Showfloat                      
000018e5  OLED_ShowString                     
00001947  OLED_ShowCHinese                    
000019fd  OLED_DrawBMP                        
00001aad  OLED_Init                           
00001c01  UART_IRQ_set                        
00001c75  UART_IRQRX_set                      
00001cc9  UART_USIC_init                      
00001d1d  UART_PIN_sel                        
00001d71  UART_CLK_sel                        
00001e7d  UART_Baunds_set                     
00002051  UART_init                           
00002095  UART_send_Byte                      
00002105  UART_recv_Byte                      
00002153  UART_send_string                    
00002181  UART_send_short                     
000021c9  UART_send_int                       
000021ff  EUSCIA0_IRQHandler                  
000021ff  EUSCIA0_IRQHandler                  
00002209  EUSCIA1_IRQHandler                  
00002209  EUSCIA1_IRQHandler                  
0000221d  EUSCIA2_IRQHandler                  
0000221d  EUSCIA2_IRQHandler                  
00002227  EUSCIA3_IRQHandler                  
00002227  EUSCIA3_IRQHandler                  
00002299  error                               
000022c1  CS_unlocked                         
000022cb  CS_locked                           
000022d3  DCO_set                             
00002349  MCLK_set                            
00002469  SMCLK_set                           
00002591  set_DCO_48MH                        
00002629  set_clock_period                    
00002633  systic_init                         
00002657  systic_start                        
0000266d  systic_end                          
00002681  systic_read                         
000026e1  systic_clr                          
000026ef  system_init                         
0000270f  SysTick_Handler                     
0000270f  SysTick_Handler                     
00002719  systic_delayus                      
00002737  systic_delayms                      
00002795  encoder_IncTypeDef_init             
000027f1  encoder_dirpin_init                 
00002849  encoder_interrupt_init              
00002899  encoder_init                        
00002941  GET_encoder_num                     
0000297d  GET_encoder_dir                     
000029b9  Encoder_clr                         
000029fd  TA0_N_IRQHandler                    
000029fd  TA0_N_IRQHandler                    
00002a59  OLED_show                           
00002ae9  ENCODER_TEST                        
00002b85  SystemCoreClockUpdate               
00002dfd  SystemInit                          
00002eb9  PORT1_IRQHandler                    
00002eb9  PORT1_IRQHandler                    
00002ef7  PORT2_IRQHandler                    
00002ef7  PORT2_IRQHandler                    
00002f5d  PORT3_IRQHandler                    
00002f5d  PORT3_IRQHandler                    
00002faf  PORT4_IRQHandler                    
00002faf  PORT4_IRQHandler                    
00003029  PORT5_IRQHandler                    
00003029  PORT5_IRQHandler                    
0000308f  PORT6_IRQHandler                    
0000308f  PORT6_IRQHandler                    
000030fb  TA0_0_IRQHandler                    
000030fb  TA0_0_IRQHandler                    
00003111  TA1_0_IRQHandler                    
00003111  TA1_0_IRQHandler                    
0000311d  TA2_0_IRQHandler                    
0000311d  TA2_0_IRQHandler                    
00003129  TA3_0_IRQHandler                    
00003129  TA3_0_IRQHandler                    
000033e5  gpio_init                           
00003449  gpio_get                            
00003459  gpio_set                            
00003479  gpio_toggle                         
00003489  gpio_edg_sel                        
0000359b  gpio_INT_EN                         
000035ef  gpio_interrupt_INIT                 
0000381d  key_init                            
0000387b  key_get                             
000038d3  key_test                            
000039dd  __aeabi_dsub                        
000039e7  __aeabi_dadd                        
00003b95  main                                
00003d35  PIT_init                            
00003fb9  __aeabi_ddiv                        
00004215  ldexp                               
00004215  ldexpl                              
00004215  scalbn                              
00004215  scalbnl                             
00004325  __aeabi_dmul                        
000044d3  __aeabi_memcpy                      
000044d3  __aeabi_memcpy4                     
000044d3  __aeabi_memcpy8                     
000044d3  memcpy                              
0000456f  __aeabi_uldivmod                    
00004605  __aeabi_cdcmpeq                     
00004605  __aeabi_cdcmple                     
0000468b  __aeabi_cdrcmple                    
00004711  __aeabi_memclr                      
00004711  __aeabi_memclr4                     
00004711  __aeabi_memclr8                     
00004713  __aeabi_memset                      
00004713  __aeabi_memset4                     
00004713  __aeabi_memset8                     
00004719  memset                              
000047f9  __TI_decompress_lzss                
00004861  Interrupt_enableInterrupt           
000048c5  frexp                               
000048c5  frexpl                              
00004929  __aeabi_idiv                        
00004929  __aeabi_idivmod                     
000049dd  __TI_ltoa                           
00004a85  atoi                                
00004ad1  __aeabi_d2iz                        
00004b19  __TI_auto_init_nobinit_nopinit      
00004b5d  sprintf                             
00004bdb  __aeabi_f2d                         
00004c15  _c_int00_noargs                     
00004c49  GPIO_getEnabledInterruptStatus      
00004c79  GPIO_setAsInputPinWithPullUpResistor
00004ca9  __aeabi_i2d                         
00004cd9  GPIO_setAsInputPin                  
00004d05  GPIO_setAsOutputPin                 
00004d29  Interrupt_setPriority               
00004d4d  __aeabi_ui2d                        
00004d6d  __TI_zero_init_nomemset             
00004d89  memccpy                             
00004da5  copysign                            
00004da5  copysignl                           
00004dc1  GPIO_clearInterruptFlag             
00004dd9  GPIO_getInputPinValue               
00004df1  GPIO_setOutputLowOnPin              
00004e09  WDT_A_holdTimer                     
00004e39  strchr                              
00004e51  GPIO_enableInterrupt                
00004e65  GPIO_setOutputHighOnPin             
00004e79  GPIO_toggleOutputOnPin              
00004e8d  SysCtl_enableSRAMBankRetention      
00004ea1  strlen                              
00004eb5  wcslen                              
00004ec9  GPIO_getInterruptStatus             
00004ed9  Interrupt_enableMaster              
00004ee9  __TI_decompress_none                
00004ef7  Reset_Handler                       
00004f03  AES256_IRQHandler                   
00004f03  BusFault_Handler                    
00004f03  COMP_E0_IRQHandler                  
00004f03  COMP_E1_IRQHandler                  
00004f03  CS_IRQHandler                       
00004f03  DMA_ERR_IRQHandler                  
00004f03  DMA_INT0_IRQHandler                 
00004f03  DMA_INT1_IRQHandler                 
00004f03  DMA_INT2_IRQHandler                 
00004f03  DMA_INT3_IRQHandler                 
00004f03  DebugMon_Handler                    
00004f03  Default_Handler                     
00004f03  EUSCIB0_IRQHandler                  
00004f03  EUSCIB1_IRQHandler                  
00004f03  EUSCIB2_IRQHandler                  
00004f03  EUSCIB3_IRQHandler                  
00004f03  FLCTL_IRQHandler                    
00004f03  FPU_IRQHandler                      
00004f03  HardFault_Handler                   
00004f03  MemManage_Handler                   
00004f03  NMI_Handler                         
00004f03  PCM_IRQHandler                      
00004f03  PSS_IRQHandler                      
00004f03  PendSV_Handler                      
00004f03  RTC_C_IRQHandler                    
00004f03  SVC_Handler                         
00004f03  T32_INT1_IRQHandler                 
00004f03  T32_INT2_IRQHandler                 
00004f03  T32_INTC_IRQHandler                 
00004f03  TA1_N_IRQHandler                    
00004f03  TA2_N_IRQHandler                    
00004f03  TA3_N_IRQHandler                    
00004f03  UsageFault_Handler                  
00004f03  WDT_A_IRQHandler                    
00004f05  CPU_cpsie                           
00004f1d  __aeabi_errno_addr                  
00004f25  _system_pre_init                    
00004f29  C$$EXIT                             
00004f29  abort                               
00004f2c  F6x8                                
00005154  Hzk                                 
00005314  _ctypes_                            
000054f0  __TI_Handler_Table_Base             
000054fc  __TI_Handler_Table_Limit            
00005508  __TI_CINIT_Base                     
00005518  __TI_CINIT_Limit                    
20000000  __start___llvm_prf_cnts             
20000000  __stop___llvm_prf_cnts              
20000000  screen_buf                          
20002000  bmp2                                
20002400  bmp                                 
20002800  Oscill_data_buff                    
20002a30  timerAcaptureValues                 
20002a58  dirf                                
20002a5c  page_count                          
20002a60  start_flag                          
20002a64  count                               
20002a68  testA                               
20002a6c  testB                               
20002a70  IRQ3_5flag                          
20002a71  IRQ4_6flag                          
20002a72  A_flag                              
20002a73  B_flag                              
20002a74  timerAcapturePointer                
20002a78  time_counter                        
20002a7c  sysc                                
20002a80  systim                              
20002a84  change_flag                         
20002a88  press_time                          
20002a94  errno                               
20002a98  SystemCoreClock                     
20002a9c  ADC14_STRUCT                        
20002acc  oscill1                             
20002ae4  encoder_A                           
20002aec  encoder_B                           
20002af4  encoder_C                           
20002afc  encoder_D                           
2000fe00  __stack                             
20010000  __STACK_END                         
4000480c  WDTCTL_SYM                          
ffffffff  __TI_pprof_out_hndl                 
ffffffff  __TI_prof_data_size                 
ffffffff  __TI_prof_data_start                
ffffffff  __binit__                           
ffffffff  __c_args__                          
ffffffff  binit                               
UNDEFED   __mpu_init                          
UNDEFED   _system_post_cinit                  

[272 symbols]
