<?xml version="1.0" encoding="ISO-8859-1" ?>
<link_info>
   <banner>TI ARM Linker PC v20.2.1.LTS</banner>
   <copyright>Copyright (c) 1996-2018 Texas Instruments Incorporated</copyright>
   <link_time>0x624450bb</link_time>
   <link_errors>0x0</link_errors>
   <output_file>15.Exin_PID.out</output_file>
   <entry_point>
      <name>_c_int00_noargs</name>
      <address>0x77ad</address>
   </entry_point>
   <input_file_list>
      <input_file id="fl-2">
         <path>.\</path>
         <kind>object</kind>
         <file>main.obj</file>
         <name>main.obj</name>
      </input_file>
      <input_file id="fl-3">
         <path>.\</path>
         <kind>object</kind>
         <file>startup_msp432p401r_ccs.obj</file>
         <name>startup_msp432p401r_ccs.obj</name>
      </input_file>
      <input_file id="fl-4">
         <path>.\</path>
         <kind>object</kind>
         <file>system_msp432p401r.obj</file>
         <name>system_msp432p401r.obj</name>
      </input_file>
      <input_file id="fl-5">
         <path>.\exinlibs\</path>
         <kind>object</kind>
         <file>ADS1292.obj</file>
         <name>ADS1292.obj</name>
      </input_file>
      <input_file id="fl-6">
         <path>.\exinlibs\</path>
         <kind>object</kind>
         <file>ADS_RCV.obj</file>
         <name>ADS_RCV.obj</name>
      </input_file>
      <input_file id="fl-7">
         <path>.\exinlibs\</path>
         <kind>object</kind>
         <file>LMT70RD.obj</file>
         <name>LMT70RD.obj</name>
      </input_file>
      <input_file id="fl-8">
         <path>.\exinlibs\</path>
         <kind>object</kind>
         <file>OV_RCV.obj</file>
         <name>OV_RCV.obj</name>
      </input_file>
      <input_file id="fl-9">
         <path>.\exinlibs\</path>
         <kind>object</kind>
         <file>Oscill_OLED.obj</file>
         <name>Oscill_OLED.obj</name>
      </input_file>
      <input_file id="fl-a">
         <path>.\exinlibs\</path>
         <kind>object</kind>
         <file>exinADC.obj</file>
         <name>exinADC.obj</name>
      </input_file>
      <input_file id="fl-b">
         <path>.\exinlibs\</path>
         <kind>object</kind>
         <file>exinADC0832.obj</file>
         <name>exinADC0832.obj</name>
      </input_file>
      <input_file id="fl-c">
         <path>.\exinlibs\</path>
         <kind>object</kind>
         <file>exinHC_SR04.obj</file>
         <name>exinHC_SR04.obj</name>
      </input_file>
      <input_file id="fl-d">
         <path>.\exinlibs\</path>
         <kind>object</kind>
         <file>exinIIC.obj</file>
         <name>exinIIC.obj</name>
      </input_file>
      <input_file id="fl-e">
         <path>.\exinlibs\</path>
         <kind>object</kind>
         <file>exinMPU6050.obj</file>
         <name>exinMPU6050.obj</name>
      </input_file>
      <input_file id="fl-f">
         <path>.\exinlibs\</path>
         <kind>object</kind>
         <file>exinTimerA.obj</file>
         <name>exinTimerA.obj</name>
      </input_file>
      <input_file id="fl-10">
         <path>.\exinlibs\</path>
         <kind>object</kind>
         <file>exinTimerAINT.obj</file>
         <name>exinTimerAINT.obj</name>
      </input_file>
      <input_file id="fl-11">
         <path>.\exinlibs\</path>
         <kind>object</kind>
         <file>exin_library_map_guide.obj</file>
         <name>exin_library_map_guide.obj</name>
      </input_file>
      <input_file id="fl-12">
         <path>.\exinlibs\</path>
         <kind>object</kind>
         <file>exinadjust.obj</file>
         <name>exinadjust.obj</name>
      </input_file>
      <input_file id="fl-13">
         <path>.\exinlibs\</path>
         <kind>object</kind>
         <file>exincitysensor.obj</file>
         <name>exincitysensor.obj</name>
      </input_file>
      <input_file id="fl-14">
         <path>.\exinlibs\</path>
         <kind>object</kind>
         <file>exineeprom.obj</file>
         <name>exineeprom.obj</name>
      </input_file>
      <input_file id="fl-15">
         <path>.\exinlibs\</path>
         <kind>object</kind>
         <file>exinencoder.obj</file>
         <name>exinencoder.obj</name>
      </input_file>
      <input_file id="fl-16">
         <path>.\exinlibs\</path>
         <kind>object</kind>
         <file>exinfilter.obj</file>
         <name>exinfilter.obj</name>
      </input_file>
      <input_file id="fl-17">
         <path>.\exinlibs\</path>
         <kind>object</kind>
         <file>exingpio.obj</file>
         <name>exingpio.obj</name>
      </input_file>
      <input_file id="fl-18">
         <path>.\exinlibs\</path>
         <kind>object</kind>
         <file>exinisr.obj</file>
         <name>exinisr.obj</name>
      </input_file>
      <input_file id="fl-19">
         <path>.\exinlibs\</path>
         <kind>object</kind>
         <file>exinkey.obj</file>
         <name>exinkey.obj</name>
      </input_file>
      <input_file id="fl-1a">
         <path>.\exinlibs\</path>
         <kind>object</kind>
         <file>exinmotor.obj</file>
         <name>exinmotor.obj</name>
      </input_file>
      <input_file id="fl-1b">
         <path>.\exinlibs\</path>
         <kind>object</kind>
         <file>exinoled.obj</file>
         <name>exinoled.obj</name>
      </input_file>
      <input_file id="fl-1c">
         <path>.\exinlibs\</path>
         <kind>object</kind>
         <file>exinpwm.obj</file>
         <name>exinpwm.obj</name>
      </input_file>
      <input_file id="fl-1d">
         <path>.\exinlibs\</path>
         <kind>object</kind>
         <file>exinsteer.obj</file>
         <name>exinsteer.obj</name>
      </input_file>
      <input_file id="fl-1e">
         <path>.\exinlibs\</path>
         <kind>object</kind>
         <file>exinsystem.obj</file>
         <name>exinsystem.obj</name>
      </input_file>
      <input_file id="fl-1f">
         <path>.\exinlibs\</path>
         <kind>object</kind>
         <file>exinuart.obj</file>
         <name>exinuart.obj</name>
      </input_file>
      <input_file id="fl-20">
         <path>.\exinlibs\</path>
         <kind>object</kind>
         <file>serial.obj</file>
         <name>serial.obj</name>
      </input_file>
      <input_file id="fl-25">
         <kind>object</kind>
         <file>&lt;internal&gt;</file>
         <name>&lt;internal&gt;</name>
      </input_file>
      <input_file id="fl-db">
         <path>D:\CCS\ccs\tools\compiler\ti-cgt-arm_20.2.1.LTS\lib\</path>
         <kind>archive</kind>
         <file>rtsv7M4_T_le_v4SPD16_eabi.lib</file>
         <name>e_sqrt.c.obj</name>
      </input_file>
      <input_file id="fl-dc">
         <path>D:\CCS\ccs\tools\compiler\ti-cgt-arm_20.2.1.LTS\lib\</path>
         <kind>archive</kind>
         <file>rtsv7M4_T_le_v4SPD16_eabi.lib</file>
         <name>s_atan.c.obj</name>
      </input_file>
      <input_file id="fl-dd">
         <path>D:\CCS\ccs\tools\compiler\ti-cgt-arm_20.2.1.LTS\lib\</path>
         <kind>archive</kind>
         <file>rtsv7M4_T_le_v4SPD16_eabi.lib</file>
         <name>sprintf.c.obj</name>
      </input_file>
      <input_file id="fl-de">
         <path>D:\CCS\ccs\tools\compiler\ti-cgt-arm_20.2.1.LTS\lib\</path>
         <kind>archive</kind>
         <file>rtsv7M4_T_le_v4SPD16_eabi.lib</file>
         <name>memset_t2.asm.obj</name>
      </input_file>
      <input_file id="fl-df">
         <path>D:\CCS\ccs\tools\compiler\ti-cgt-arm_20.2.1.LTS\lib\</path>
         <kind>archive</kind>
         <file>rtsv7M4_T_le_v4SPD16_eabi.lib</file>
         <name>fd_add_t2.asm.obj</name>
      </input_file>
      <input_file id="fl-e0">
         <path>D:\CCS\ccs\tools\compiler\ti-cgt-arm_20.2.1.LTS\lib\</path>
         <kind>archive</kind>
         <file>rtsv7M4_T_le_v4SPD16_eabi.lib</file>
         <name>fd_cmp_t2.asm.obj</name>
      </input_file>
      <input_file id="fl-e1">
         <path>D:\CCS\ccs\tools\compiler\ti-cgt-arm_20.2.1.LTS\lib\</path>
         <kind>archive</kind>
         <file>rtsv7M4_T_le_v4SPD16_eabi.lib</file>
         <name>fd_div_t2.asm.obj</name>
      </input_file>
      <input_file id="fl-e2">
         <path>D:\CCS\ccs\tools\compiler\ti-cgt-arm_20.2.1.LTS\lib\</path>
         <kind>archive</kind>
         <file>rtsv7M4_T_le_v4SPD16_eabi.lib</file>
         <name>fd_mul_t2.asm.obj</name>
      </input_file>
      <input_file id="fl-e3">
         <path>D:\CCS\ccs\tools\compiler\ti-cgt-arm_20.2.1.LTS\lib\</path>
         <kind>archive</kind>
         <file>rtsv7M4_T_le_v4SPD16_eabi.lib</file>
         <name>fd_toi_t2.asm.obj</name>
      </input_file>
      <input_file id="fl-e4">
         <path>D:\CCS\ccs\tools\compiler\ti-cgt-arm_20.2.1.LTS\lib\</path>
         <kind>archive</kind>
         <file>rtsv7M4_T_le_v4SPD16_eabi.lib</file>
         <name>fd_tos_t2.asm.obj</name>
      </input_file>
      <input_file id="fl-e5">
         <path>D:\CCS\ccs\tools\compiler\ti-cgt-arm_20.2.1.LTS\lib\</path>
         <kind>archive</kind>
         <file>rtsv7M4_T_le_v4SPD16_eabi.lib</file>
         <name>fs_tod_t2.asm.obj</name>
      </input_file>
      <input_file id="fl-e6">
         <path>D:\CCS\ccs\tools\compiler\ti-cgt-arm_20.2.1.LTS\lib\</path>
         <kind>archive</kind>
         <file>rtsv7M4_T_le_v4SPD16_eabi.lib</file>
         <name>i_tofd_t2.asm.obj</name>
      </input_file>
      <input_file id="fl-e7">
         <path>D:\CCS\ccs\tools\compiler\ti-cgt-arm_20.2.1.LTS\lib\</path>
         <kind>archive</kind>
         <file>rtsv7M4_T_le_v4SPD16_eabi.lib</file>
         <name>memcpy_t2.asm.obj</name>
      </input_file>
      <input_file id="fl-e8">
         <path>D:\CCS\ccs\tools\compiler\ti-cgt-arm_20.2.1.LTS\lib\</path>
         <kind>archive</kind>
         <file>rtsv7M4_T_le_v4SPD16_eabi.lib</file>
         <name>u_tofd_t2.asm.obj</name>
      </input_file>
      <input_file id="fl-e9">
         <path>D:\CCS\ccs\tools\compiler\ti-cgt-arm_20.2.1.LTS\lib\</path>
         <kind>archive</kind>
         <file>rtsv7M4_T_le_v4SPD16_eabi.lib</file>
         <name>copy_zero_init.c.obj</name>
      </input_file>
      <input_file id="fl-ea">
         <path>D:\CCS\ccs\tools\compiler\ti-cgt-arm_20.2.1.LTS\lib\</path>
         <kind>archive</kind>
         <file>rtsv7M4_T_le_v4SPD16_eabi.lib</file>
         <name>copy_decompress_none.c.obj</name>
      </input_file>
      <input_file id="fl-eb">
         <path>D:\CCS\ccs\tools\compiler\ti-cgt-arm_20.2.1.LTS\lib\</path>
         <kind>archive</kind>
         <file>rtsv7M4_T_le_v4SPD16_eabi.lib</file>
         <name>copy_decompress_lzss.c.obj</name>
      </input_file>
      <input_file id="fl-ec">
         <path>D:\CCS\ccs\tools\compiler\ti-cgt-arm_20.2.1.LTS\lib\</path>
         <kind>archive</kind>
         <file>rtsv7M4_T_le_v4SPD16_eabi.lib</file>
         <name>errno.c.obj</name>
      </input_file>
      <input_file id="fl-ed">
         <path>D:\CCS\ccs\tools\compiler\ti-cgt-arm_20.2.1.LTS\lib\</path>
         <kind>archive</kind>
         <file>rtsv7M4_T_le_v4SPD16_eabi.lib</file>
         <name>boot_cortex_m.c.obj</name>
      </input_file>
      <input_file id="fl-ee">
         <path>D:\CCS\ccs\tools\compiler\ti-cgt-arm_20.2.1.LTS\lib\</path>
         <kind>archive</kind>
         <file>rtsv7M4_T_le_v4SPD16_eabi.lib</file>
         <name>_printfi.c.obj</name>
      </input_file>
      <input_file id="fl-ef">
         <path>D:\CCS\ccs\tools\compiler\ti-cgt-arm_20.2.1.LTS\lib\</path>
         <kind>archive</kind>
         <file>rtsv7M4_T_le_v4SPD16_eabi.lib</file>
         <name>ull_div_t2.asm.obj</name>
      </input_file>
      <input_file id="fl-f0">
         <path>D:\CCS\ccs\tools\compiler\ti-cgt-arm_20.2.1.LTS\lib\</path>
         <kind>archive</kind>
         <file>rtsv7M4_T_le_v4SPD16_eabi.lib</file>
         <name>autoinit.c.obj</name>
      </input_file>
      <input_file id="fl-f1">
         <path>D:\CCS\ccs\tools\compiler\ti-cgt-arm_20.2.1.LTS\lib\</path>
         <kind>archive</kind>
         <file>rtsv7M4_T_le_v4SPD16_eabi.lib</file>
         <name>pre_init.c.obj</name>
      </input_file>
      <input_file id="fl-f2">
         <path>D:\CCS\ccs\tools\compiler\ti-cgt-arm_20.2.1.LTS\lib\</path>
         <kind>archive</kind>
         <file>rtsv7M4_T_le_v4SPD16_eabi.lib</file>
         <name>cpy_tbl.c.obj</name>
      </input_file>
      <input_file id="fl-f3">
         <path>D:\CCS\ccs\tools\compiler\ti-cgt-arm_20.2.1.LTS\lib\</path>
         <kind>archive</kind>
         <file>rtsv7M4_T_le_v4SPD16_eabi.lib</file>
         <name>exit.c.obj</name>
      </input_file>
      <input_file id="fl-f4">
         <path>D:\CCS\ccs\tools\compiler\ti-cgt-arm_20.2.1.LTS\lib\</path>
         <kind>archive</kind>
         <file>rtsv7M4_T_le_v4SPD16_eabi.lib</file>
         <name>_lock.c.obj</name>
      </input_file>
      <input_file id="fl-f5">
         <path>D:\CCS\ccs\tools\compiler\ti-cgt-arm_20.2.1.LTS\lib\</path>
         <kind>archive</kind>
         <file>rtsv7M4_T_le_v4SPD16_eabi.lib</file>
         <name>_ltoa.c.obj</name>
      </input_file>
      <input_file id="fl-f6">
         <path>D:\CCS\ccs\tools\compiler\ti-cgt-arm_20.2.1.LTS\lib\</path>
         <kind>archive</kind>
         <file>rtsv7M4_T_le_v4SPD16_eabi.lib</file>
         <name>args_main.c.obj</name>
      </input_file>
      <input_file id="fl-f7">
         <path>D:\CCS\ccs\tools\compiler\ti-cgt-arm_20.2.1.LTS\lib\</path>
         <kind>archive</kind>
         <file>rtsv7M4_T_le_v4SPD16_eabi.lib</file>
         <name>atoi.c.obj</name>
      </input_file>
      <input_file id="fl-f8">
         <path>D:\CCS\ccs\tools\compiler\ti-cgt-arm_20.2.1.LTS\lib\</path>
         <kind>archive</kind>
         <file>rtsv7M4_T_le_v4SPD16_eabi.lib</file>
         <name>ctype.c.obj</name>
      </input_file>
      <input_file id="fl-f9">
         <path>D:\CCS\ccs\tools\compiler\ti-cgt-arm_20.2.1.LTS\lib\</path>
         <kind>archive</kind>
         <file>rtsv7M4_T_le_v4SPD16_eabi.lib</file>
         <name>memccpy.c.obj</name>
      </input_file>
      <input_file id="fl-fa">
         <path>D:\CCS\ccs\tools\compiler\ti-cgt-arm_20.2.1.LTS\lib\</path>
         <kind>archive</kind>
         <file>rtsv7M4_T_le_v4SPD16_eabi.lib</file>
         <name>strchr.c.obj</name>
      </input_file>
      <input_file id="fl-fb">
         <path>D:\CCS\ccs\tools\compiler\ti-cgt-arm_20.2.1.LTS\lib\</path>
         <kind>archive</kind>
         <file>rtsv7M4_T_le_v4SPD16_eabi.lib</file>
         <name>strlen.c.obj</name>
      </input_file>
      <input_file id="fl-fc">
         <path>D:\CCS\ccs\tools\compiler\ti-cgt-arm_20.2.1.LTS\lib\</path>
         <kind>archive</kind>
         <file>rtsv7M4_T_le_v4SPD16_eabi.lib</file>
         <name>s_frexp.c.obj</name>
      </input_file>
      <input_file id="fl-fd">
         <path>D:\CCS\ccs\tools\compiler\ti-cgt-arm_20.2.1.LTS\lib\</path>
         <kind>archive</kind>
         <file>rtsv7M4_T_le_v4SPD16_eabi.lib</file>
         <name>s_scalbn.c.obj</name>
      </input_file>
      <input_file id="fl-fe">
         <path>D:\CCS\ccs\tools\compiler\ti-cgt-arm_20.2.1.LTS\lib\</path>
         <kind>archive</kind>
         <file>rtsv7M4_T_le_v4SPD16_eabi.lib</file>
         <name>wcslen.c.obj</name>
      </input_file>
      <input_file id="fl-ff">
         <path>D:\CCS\ccs\tools\compiler\ti-cgt-arm_20.2.1.LTS\lib\</path>
         <kind>archive</kind>
         <file>rtsv7M4_T_le_v4SPD16_eabi.lib</file>
         <name>div0.asm.obj</name>
      </input_file>
      <input_file id="fl-100">
         <path>D:\CCS\ccs\tools\compiler\ti-cgt-arm_20.2.1.LTS\lib\</path>
         <kind>archive</kind>
         <file>rtsv7M4_T_le_v4SPD16_eabi.lib</file>
         <name>s_copysign.c.obj</name>
      </input_file>
      <input_file id="fl-101">
         <path>C:\ti\msp\MSP432Ware_3_40_00_25\driverlib\driverlib\MSP432P4xx\ccs\</path>
         <kind>archive</kind>
         <file>msp432p4xx_driverlib.lib</file>
         <name>cs.o</name>
      </input_file>
      <input_file id="fl-102">
         <path>C:\ti\msp\MSP432Ware_3_40_00_25\driverlib\driverlib\MSP432P4xx\ccs\</path>
         <kind>archive</kind>
         <file>msp432p4xx_driverlib.lib</file>
         <name>flash.o</name>
      </input_file>
      <input_file id="fl-103">
         <path>C:\ti\msp\MSP432Ware_3_40_00_25\driverlib\driverlib\MSP432P4xx\ccs\</path>
         <kind>archive</kind>
         <file>msp432p4xx_driverlib.lib</file>
         <name>gpio.o</name>
      </input_file>
      <input_file id="fl-104">
         <path>C:\ti\msp\MSP432Ware_3_40_00_25\driverlib\driverlib\MSP432P4xx\ccs\</path>
         <kind>archive</kind>
         <file>msp432p4xx_driverlib.lib</file>
         <name>interrupt.o</name>
      </input_file>
      <input_file id="fl-105">
         <path>C:\ti\msp\MSP432Ware_3_40_00_25\driverlib\driverlib\MSP432P4xx\ccs\</path>
         <kind>archive</kind>
         <file>msp432p4xx_driverlib.lib</file>
         <name>pcm.o</name>
      </input_file>
      <input_file id="fl-106">
         <path>C:\ti\msp\MSP432Ware_3_40_00_25\driverlib\driverlib\MSP432P4xx\ccs\</path>
         <kind>archive</kind>
         <file>msp432p4xx_driverlib.lib</file>
         <name>rtc_c.o</name>
      </input_file>
      <input_file id="fl-107">
         <path>C:\ti\msp\MSP432Ware_3_40_00_25\driverlib\driverlib\MSP432P4xx\ccs\</path>
         <kind>archive</kind>
         <file>msp432p4xx_driverlib.lib</file>
         <name>sysctl.o</name>
      </input_file>
      <input_file id="fl-108">
         <path>C:\ti\msp\MSP432Ware_3_40_00_25\driverlib\driverlib\MSP432P4xx\ccs\</path>
         <kind>archive</kind>
         <file>msp432p4xx_driverlib.lib</file>
         <name>uart.o</name>
      </input_file>
      <input_file id="fl-109">
         <path>C:\ti\msp\MSP432Ware_3_40_00_25\driverlib\driverlib\MSP432P4xx\ccs\</path>
         <kind>archive</kind>
         <file>msp432p4xx_driverlib.lib</file>
         <name>wdt_a.o</name>
      </input_file>
      <input_file id="fl-10a">
         <path>C:\ti\msp\MSP432Ware_3_40_00_25\driverlib\driverlib\MSP432P4xx\ccs\</path>
         <kind>archive</kind>
         <file>msp432p4xx_driverlib.lib</file>
         <name>cpu.o</name>
      </input_file>
   </input_file_list>
   <object_component_list>
      <object_component id="oc-26">
         <name>.intvecs:retain</name>
         <load_address>0x0</load_address>
         <run_address>0x0</run_address>
         <size>0xe4</size>
         <input_file_ref idref="fl-3"/>
      </object_component>
      <object_component id="oc-17d">
         <name>.text</name>
         <load_address>0xe4</load_address>
         <run_address>0xe4</run_address>
         <size>0x1c20</size>
         <input_file_ref idref="fl-1b"/>
      </object_component>
      <object_component id="oc-e4">
         <name>.text</name>
         <load_address>0x1d04</load_address>
         <run_address>0x1d04</run_address>
         <size>0xa9c</size>
         <input_file_ref idref="fl-17"/>
      </object_component>
      <object_component id="oc-270">
         <name>.text:__TI_printfi</name>
         <load_address>0x27a0</load_address>
         <run_address>0x27a0</run_address>
         <size>0xa4e</size>
         <input_file_ref idref="fl-ee"/>
      </object_component>
      <object_component id="oc-3ea">
         <name>.text</name>
         <load_address>0x31ee</load_address>
         <run_address>0x31ee</run_address>
         <size>0x2</size>
         <input_file_ref idref="fl-ff"/>
      </object_component>
      <object_component id="oc-7f">
         <name>.text</name>
         <load_address>0x31f0</load_address>
         <run_address>0x31f0</run_address>
         <size>0x8f0</size>
         <input_file_ref idref="fl-a"/>
      </object_component>
      <object_component id="oc-79">
         <name>.text</name>
         <load_address>0x3ae0</load_address>
         <run_address>0x3ae0</run_address>
         <size>0x838</size>
         <input_file_ref idref="fl-1f"/>
      </object_component>
      <object_component id="oc-73">
         <name>.text</name>
         <load_address>0x4318</load_address>
         <run_address>0x4318</run_address>
         <size>0x6c0</size>
         <input_file_ref idref="fl-18"/>
      </object_component>
      <object_component id="oc-f7">
         <name>.text</name>
         <load_address>0x49d8</load_address>
         <run_address>0x49d8</run_address>
         <size>0x600</size>
         <input_file_ref idref="fl-f"/>
      </object_component>
      <object_component id="oc-6d">
         <name>.text</name>
         <load_address>0x4fd8</load_address>
         <run_address>0x4fd8</run_address>
         <size>0x4fc</size>
         <input_file_ref idref="fl-1e"/>
      </object_component>
      <object_component id="oc-ed">
         <name>.text</name>
         <load_address>0x54d4</load_address>
         <run_address>0x54d4</run_address>
         <size>0x3b4</size>
         <input_file_ref idref="fl-15"/>
      </object_component>
      <object_component id="oc-2a8">
         <name>.text</name>
         <load_address>0x5888</load_address>
         <run_address>0x5888</run_address>
         <size>0x340</size>
         <input_file_ref idref="fl-1c"/>
      </object_component>
      <object_component id="oc-bd">
         <name>.text</name>
         <load_address>0x5bc8</load_address>
         <run_address>0x5bc8</run_address>
         <size>0x334</size>
         <input_file_ref idref="fl-4"/>
      </object_component>
      <object_component id="oc-183">
         <name>.text</name>
         <load_address>0x5efc</load_address>
         <run_address>0x5efc</run_address>
         <size>0x290</size>
         <input_file_ref idref="fl-1a"/>
      </object_component>
      <object_component id="oc-307">
         <name>.text:_pconv_a</name>
         <load_address>0x618c</load_address>
         <run_address>0x618c</run_address>
         <size>0x270</size>
         <input_file_ref idref="fl-ee"/>
      </object_component>
      <object_component id="oc-ab">
         <name>.text</name>
         <load_address>0x63fc</load_address>
         <run_address>0x63fc</run_address>
         <size>0x1e4</size>
         <input_file_ref idref="fl-2"/>
      </object_component>
      <object_component id="oc-2f5">
         <name>.text:_pconv_g</name>
         <load_address>0x65e0</load_address>
         <run_address>0x65e0</run_address>
         <size>0x1d0</size>
         <input_file_ref idref="fl-ee"/>
      </object_component>
      <object_component id="oc-113">
         <name>.text</name>
         <load_address>0x67b0</load_address>
         <run_address>0x67b0</run_address>
         <size>0x1b6</size>
         <input_file_ref idref="fl-df"/>
      </object_component>
      <object_component id="oc-189">
         <name>.text</name>
         <load_address>0x6968</load_address>
         <run_address>0x6968</run_address>
         <size>0x170</size>
         <input_file_ref idref="fl-10"/>
      </object_component>
      <object_component id="oc-301">
         <name>.text:_pconv_e</name>
         <load_address>0x6ad8</load_address>
         <run_address>0x6ad8</run_address>
         <size>0x13c</size>
         <input_file_ref idref="fl-ee"/>
      </object_component>
      <object_component id="oc-c9">
         <name>.text</name>
         <load_address>0x6c14</load_address>
         <run_address>0x6c14</run_address>
         <size>0x136</size>
         <input_file_ref idref="fl-e1"/>
      </object_component>
      <object_component id="oc-390">
         <name>.text:fcvt</name>
         <load_address>0x6d4c</load_address>
         <run_address>0x6d4c</run_address>
         <size>0x124</size>
         <input_file_ref idref="fl-ee"/>
      </object_component>
      <object_component id="oc-3a4">
         <name>.text:scalbn</name>
         <load_address>0x6e70</load_address>
         <run_address>0x6e70</run_address>
         <size>0x110</size>
         <input_file_ref idref="fl-fd"/>
      </object_component>
      <object_component id="oc-289">
         <name>.text</name>
         <load_address>0x6f80</load_address>
         <run_address>0x6f80</run_address>
         <size>0xfc</size>
         <input_file_ref idref="fl-e2"/>
      </object_component>
      <object_component id="oc-2ea">
         <name>.text:_ltostr</name>
         <load_address>0x707c</load_address>
         <run_address>0x707c</run_address>
         <size>0xb1</size>
         <input_file_ref idref="fl-ee"/>
      </object_component>
      <object_component id="oc-37">
         <name>.text</name>
         <load_address>0x712e</load_address>
         <run_address>0x712e</run_address>
         <size>0x9c</size>
         <input_file_ref idref="fl-e7"/>
      </object_component>
      <object_component id="oc-376">
         <name>.text</name>
         <load_address>0x71ca</load_address>
         <run_address>0x71ca</run_address>
         <size>0x96</size>
         <input_file_ref idref="fl-ef"/>
      </object_component>
      <object_component id="oc-2f0">
         <name>.text:__aeabi_cdcmple</name>
         <load_address>0x7260</load_address>
         <run_address>0x7260</run_address>
         <size>0x86</size>
         <input_file_ref idref="fl-e0"/>
      </object_component>
      <object_component id="oc-293">
         <name>.text:__aeabi_cdrcmple</name>
         <load_address>0x72e6</load_address>
         <run_address>0x72e6</run_address>
         <size>0x86</size>
         <input_file_ref idref="fl-e0"/>
      </object_component>
      <object_component id="oc-9f">
         <name>.text</name>
         <load_address>0x736c</load_address>
         <run_address>0x736c</run_address>
         <size>0x7a</size>
         <input_file_ref idref="fl-de"/>
      </object_component>
      <object_component id="oc-389">
         <name>.text:_mcpy</name>
         <load_address>0x73e6</load_address>
         <run_address>0x73e6</run_address>
         <size>0x6e</size>
         <input_file_ref idref="fl-ee"/>
      </object_component>
      <object_component id="oc-17">
         <name>.text:decompress:lzss:__TI_decompress_lzss</name>
         <load_address>0x7454</load_address>
         <run_address>0x7454</run_address>
         <size>0x68</size>
         <input_file_ref idref="fl-eb"/>
      </object_component>
      <object_component id="oc-39e">
         <name>.text:frexp</name>
         <load_address>0x74bc</load_address>
         <run_address>0x74bc</run_address>
         <size>0x64</size>
         <input_file_ref idref="fl-fc"/>
      </object_component>
      <object_component id="oc-2fb">
         <name>.text:_pconv_f</name>
         <load_address>0x7520</load_address>
         <run_address>0x7520</run_address>
         <size>0x56</size>
         <input_file_ref idref="fl-ee"/>
      </object_component>
      <object_component id="oc-37d">
         <name>.text:__TI_ltoa</name>
         <load_address>0x7576</load_address>
         <run_address>0x7576</run_address>
         <size>0x54</size>
         <input_file_ref idref="fl-f5"/>
      </object_component>
      <object_component id="oc-383">
         <name>.text:_ecpy</name>
         <load_address>0x75ca</load_address>
         <run_address>0x75ca</run_address>
         <size>0x52</size>
         <input_file_ref idref="fl-ee"/>
      </object_component>
      <object_component id="oc-2e4">
         <name>.text:atoi</name>
         <load_address>0x761c</load_address>
         <run_address>0x761c</run_address>
         <size>0x4c</size>
         <input_file_ref idref="fl-f7"/>
      </object_component>
      <object_component id="oc-ce">
         <name>.text</name>
         <load_address>0x7668</load_address>
         <run_address>0x7668</run_address>
         <size>0x48</size>
         <input_file_ref idref="fl-e3"/>
      </object_component>
      <object_component id="oc-1a6">
         <name>.text:__TI_auto_init_nobinit_nopinit:__TI_auto_init_nobinit_nopinit</name>
         <load_address>0x76b0</load_address>
         <run_address>0x76b0</run_address>
         <size>0x44</size>
         <input_file_ref idref="fl-f0"/>
      </object_component>
      <object_component id="oc-177">
         <name>.text:sprintf</name>
         <load_address>0x76f4</load_address>
         <run_address>0x76f4</run_address>
         <size>0x40</size>
         <input_file_ref idref="fl-dd"/>
      </object_component>
      <object_component id="oc-396">
         <name>.text:_fcpy</name>
         <load_address>0x7734</load_address>
         <run_address>0x7734</run_address>
         <size>0x3e</size>
         <input_file_ref idref="fl-ee"/>
      </object_component>
      <object_component id="oc-10e">
         <name>.text</name>
         <load_address>0x7772</load_address>
         <run_address>0x7772</run_address>
         <size>0x38</size>
         <input_file_ref idref="fl-e5"/>
      </object_component>
      <object_component id="oc-55">
         <name>.text:_c_int00_noargs:_c_int00_noargs</name>
         <load_address>0x77ac</load_address>
         <run_address>0x77ac</run_address>
         <size>0x34</size>
         <input_file_ref idref="fl-ed"/>
      </object_component>
      <object_component id="oc-28e">
         <name>.text</name>
         <load_address>0x77e0</load_address>
         <run_address>0x77e0</run_address>
         <size>0x2e</size>
         <input_file_ref idref="fl-e6"/>
      </object_component>
      <object_component id="oc-18f">
         <name>.text:Interrupt_setPriority</name>
         <load_address>0x7810</load_address>
         <run_address>0x7810</run_address>
         <size>0x24</size>
         <input_file_ref idref="fl-104"/>
      </object_component>
      <object_component id="oc-c4">
         <name>.text</name>
         <load_address>0x7834</load_address>
         <run_address>0x7834</run_address>
         <size>0x20</size>
         <input_file_ref idref="fl-e8"/>
      </object_component>
      <object_component id="oc-43">
         <name>.text:decompress:ZI:__TI_zero_init_nomemset:__TI_zero_init_nomemset</name>
         <load_address>0x7854</load_address>
         <run_address>0x7854</run_address>
         <size>0x1c</size>
         <input_file_ref idref="fl-e9"/>
      </object_component>
      <object_component id="oc-30d">
         <name>.text:memccpy</name>
         <load_address>0x7870</load_address>
         <run_address>0x7870</run_address>
         <size>0x1c</size>
         <input_file_ref idref="fl-f9"/>
      </object_component>
      <object_component id="oc-3fd">
         <name>.text:copysign</name>
         <load_address>0x788c</load_address>
         <run_address>0x788c</run_address>
         <size>0x1a</size>
         <input_file_ref idref="fl-100"/>
      </object_component>
      <object_component id="oc-276">
         <name>.text:_outs</name>
         <load_address>0x78a6</load_address>
         <run_address>0x78a6</run_address>
         <size>0x18</size>
         <input_file_ref idref="fl-dd"/>
      </object_component>
      <object_component id="oc-3aa">
         <name>.text:strchr</name>
         <load_address>0x78be</load_address>
         <run_address>0x78be</run_address>
         <size>0x16</size>
         <input_file_ref idref="fl-fa"/>
      </object_component>
      <object_component id="oc-2de">
         <name>.text:strlen</name>
         <load_address>0x78d4</load_address>
         <run_address>0x78d4</run_address>
         <size>0x14</size>
         <input_file_ref idref="fl-fb"/>
      </object_component>
      <object_component id="oc-313">
         <name>.text:wcslen</name>
         <load_address>0x78e8</load_address>
         <run_address>0x78e8</run_address>
         <size>0x12</size>
         <input_file_ref idref="fl-fe"/>
      </object_component>
      <object_component id="oc-1d">
         <name>.text:decompress:none:__TI_decompress_none</name>
         <load_address>0x78fa</load_address>
         <run_address>0x78fa</run_address>
         <size>0xe</size>
         <input_file_ref idref="fl-ea"/>
      </object_component>
      <object_component id="oc-67">
         <name>.text</name>
         <load_address>0x7908</load_address>
         <run_address>0x7908</run_address>
         <size>0xe</size>
         <input_file_ref idref="fl-3"/>
      </object_component>
      <object_component id="oc-27c">
         <name>.text:_outc</name>
         <load_address>0x7916</load_address>
         <run_address>0x7916</run_address>
         <size>0xa</size>
         <input_file_ref idref="fl-dd"/>
      </object_component>
      <object_component id="oc-319">
         <name>.text:__aeabi_errno_addr</name>
         <load_address>0x7920</load_address>
         <run_address>0x7920</run_address>
         <size>0x8</size>
         <input_file_ref idref="fl-ec"/>
      </object_component>
      <object_component id="oc-a5">
         <name>.text:_system_pre_init</name>
         <load_address>0x7928</load_address>
         <run_address>0x7928</run_address>
         <size>0x4</size>
         <input_file_ref idref="fl-f1"/>
      </object_component>
      <object_component id="oc-19a">
         <name>.text:abort:abort</name>
         <load_address>0x792c</load_address>
         <run_address>0x792c</run_address>
         <size>0x4</size>
         <input_file_ref idref="fl-f3"/>
      </object_component>
      <object_component id="oc-29e">
         <name>.const:.string:F8x16</name>
         <load_address>0x7930</load_address>
         <run_address>0x7930</run_address>
         <size>0x5f0</size>
         <input_file_ref idref="fl-1b"/>
      </object_component>
      <object_component id="oc-29b">
         <name>.const:F6x8</name>
         <load_address>0x7f20</load_address>
         <run_address>0x7f20</run_address>
         <size>0x228</size>
         <input_file_ref idref="fl-1b"/>
      </object_component>
      <object_component id="oc-2a1">
         <name>.const:Chiness</name>
         <load_address>0x8148</load_address>
         <run_address>0x8148</run_address>
         <size>0x180</size>
         <input_file_ref idref="fl-1b"/>
      </object_component>
      <object_component id="oc-371">
         <name>.const:.string:_ctypes_</name>
         <load_address>0x82c8</load_address>
         <run_address>0x82c8</run_address>
         <size>0x101</size>
         <input_file_ref idref="fl-f8"/>
      </object_component>
      <object_component id="oc-11b">
         <name>.const:FP_N</name>
         <load_address>0x83cc</load_address>
         <run_address>0x83cc</run_address>
         <size>0xa0</size>
         <input_file_ref idref="fl-1f"/>
      </object_component>
      <object_component id="oc-2b0">
         <name>.const:g_pulRegs</name>
         <load_address>0x846c</load_address>
         <run_address>0x846c</run_address>
         <size>0x50</size>
         <input_file_ref idref="fl-104"/>
      </object_component>
      <object_component id="oc-11e">
         <name>.const:.string:BRS</name>
         <load_address>0x84bc</load_address>
         <run_address>0x84bc</run_address>
         <size>0x28</size>
         <input_file_ref idref="fl-1f"/>
      </object_component>
      <object_component id="oc-462">
         <name>.cinit..data.load</name>
         <load_address>0x84e8</load_address>
         <run_address>0x84e8</run_address>
         <size>0x35f</size>
      </object_component>
      <object_component id="oc-460">
         <name>__TI_handler_table</name>
         <load_address>0x8848</load_address>
         <run_address>0x8848</run_address>
         <size>0xc</size>
      </object_component>
      <object_component id="oc-463">
         <name>.cinit..bss.load</name>
         <load_address>0x8858</load_address>
         <run_address>0x8858</run_address>
         <size>0x8</size>
      </object_component>
      <object_component id="oc-461">
         <name>__TI_cinit_table</name>
         <load_address>0x8860</load_address>
         <run_address>0x8860</run_address>
         <size>0x10</size>
      </object_component>
      <object_component id="oc-434">
         <name>.binit</name>
         <load_address>0x0</load_address>
         <run_address>0x0</run_address>
         <size>0x0</size>
      </object_component>
      <object_component id="oc-ff">
         <name>.data</name>
         <load_address>0x20002468</load_address>
         <run_address>0x20002468</run_address>
         <size>0xc</size>
         <input_file_ref idref="fl-2"/>
      </object_component>
      <object_component id="oc-195">
         <name>.data:txt</name>
         <load_address>0x20002454</load_address>
         <run_address>0x20002454</run_address>
         <size>0x14</size>
         <input_file_ref idref="fl-2"/>
      </object_component>
      <object_component id="oc-1d8">
         <name>.data</name>
         <load_address>0x20002490</load_address>
         <run_address>0x20002490</run_address>
         <size>0x4</size>
         <input_file_ref idref="fl-4"/>
      </object_component>
      <object_component id="oc-105">
         <name>.data:CCRn_period_val</name>
         <load_address>0x20002400</load_address>
         <run_address>0x20002400</run_address>
         <size>0x38</size>
         <input_file_ref idref="fl-10"/>
      </object_component>
      <object_component id="oc-f3">
         <name>.data</name>
         <load_address>0x20002438</load_address>
         <run_address>0x20002438</run_address>
         <size>0x1c</size>
         <input_file_ref idref="fl-12"/>
      </object_component>
      <object_component id="oc-102">
         <name>.data</name>
         <load_address>0x20002484</load_address>
         <run_address>0x20002484</run_address>
         <size>0x4</size>
         <input_file_ref idref="fl-18"/>
      </object_component>
      <object_component id="oc-2a4">
         <name>.data:bmp_pixel1</name>
         <load_address>0x20000000</load_address>
         <run_address>0x20000000</run_address>
         <size>0x2000</size>
         <input_file_ref idref="fl-1b"/>
      </object_component>
      <object_component id="oc-298">
         <name>.data:GDDRAM</name>
         <load_address>0x20002000</load_address>
         <run_address>0x20002000</run_address>
         <size>0x400</size>
         <input_file_ref idref="fl-1b"/>
      </object_component>
      <object_component id="oc-33c">
         <name>.data</name>
         <load_address>0x20002488</load_address>
         <run_address>0x20002488</run_address>
         <size>0x4</size>
         <input_file_ref idref="fl-1c"/>
      </object_component>
      <object_component id="oc-d4">
         <name>.data</name>
         <load_address>0x20002474</load_address>
         <run_address>0x20002474</run_address>
         <size>0x8</size>
         <input_file_ref idref="fl-1e"/>
      </object_component>
      <object_component id="oc-118">
         <name>.data</name>
         <load_address>0x2000247c</load_address>
         <run_address>0x2000247c</run_address>
         <size>0x8</size>
         <input_file_ref idref="fl-1f"/>
      </object_component>
      <object_component id="oc-3ba">
         <name>.data</name>
         <load_address>0x2000248c</load_address>
         <run_address>0x2000248c</run_address>
         <size>0x4</size>
         <input_file_ref idref="fl-ec"/>
      </object_component>
      <object_component id="oc-d3">
         <name>.bss</name>
         <uninitialized>true</uninitialized>
         <run_address>0x200024fc</run_address>
         <size>0x4</size>
         <input_file_ref idref="fl-1e"/>
      </object_component>
      <object_component id="oc-129">
         <name>.common:ADC14_STRUCT</name>
         <uninitialized>true</uninitialized>
         <run_address>0x20002494</run_address>
         <size>0x30</size>
      </object_component>
      <object_component id="oc-198">
         <name>.common:Motor1_PID</name>
         <uninitialized>true</uninitialized>
         <run_address>0x200024c4</run_address>
         <size>0x18</size>
      </object_component>
      <object_component id="oc-f6">
         <name>.common:encoder_A</name>
         <uninitialized>true</uninitialized>
         <run_address>0x200024dc</run_address>
         <size>0x8</size>
      </object_component>
      <object_component id="oc-ea">
         <name>.common:encoder_B</name>
         <uninitialized>true</uninitialized>
         <run_address>0x200024e4</run_address>
         <size>0x8</size>
      </object_component>
      <object_component id="oc-fe">
         <name>.common:encoder_C</name>
         <uninitialized>true</uninitialized>
         <run_address>0x200024ec</run_address>
         <size>0x8</size>
      </object_component>
      <object_component id="oc-fd">
         <name>.common:encoder_D</name>
         <uninitialized>true</uninitialized>
         <run_address>0x200024f4</run_address>
         <size>0x8</size>
      </object_component>
      <object_component id="oc-29">
         <name>.stack</name>
         <uninitialized>true</uninitialized>
         <run_address>0x2000fe00</run_address>
         <size>0x4</size>
         <input_file_ref idref="fl-ed"/>
      </object_component>
      <object_component id="oc-465">
         <name>.stack</name>
         <uninitialized>true</uninitialized>
         <run_address>0x2000fe00</run_address>
         <size>0x0</size>
      </object_component>
      <object_component id="oc-12a">
         <name>.debug_info</name>
         <load_address>0x0</load_address>
         <run_address>0x0</run_address>
         <size>0xa33</size>
         <input_file_ref idref="fl-2"/>
      </object_component>
      <object_component id="oc-100">
         <name>.debug_info</name>
         <load_address>0xa33</load_address>
         <run_address>0xa33</run_address>
         <size>0x11e</size>
         <input_file_ref idref="fl-2"/>
      </object_component>
      <object_component id="oc-196">
         <name>.debug_info</name>
         <load_address>0xb51</load_address>
         <run_address>0xb51</run_address>
         <size>0xbc</size>
         <input_file_ref idref="fl-2"/>
      </object_component>
      <object_component id="oc-ac">
         <name>.debug_info</name>
         <load_address>0xc0d</load_address>
         <run_address>0xc0d</run_address>
         <size>0x44b</size>
         <input_file_ref idref="fl-2"/>
      </object_component>
      <object_component id="oc-20e">
         <name>.debug_info</name>
         <load_address>0x1058</load_address>
         <run_address>0x1058</run_address>
         <size>0x21f</size>
         <input_file_ref idref="fl-2"/>
      </object_component>
      <object_component id="oc-229">
         <name>.debug_info</name>
         <load_address>0x1277</load_address>
         <run_address>0x1277</run_address>
         <size>0xfd</size>
         <input_file_ref idref="fl-2"/>
      </object_component>
      <object_component id="oc-209">
         <name>.debug_info</name>
         <load_address>0x1374</load_address>
         <run_address>0x1374</run_address>
         <size>0x99</size>
         <input_file_ref idref="fl-2"/>
      </object_component>
      <object_component id="oc-122">
         <name>.debug_info</name>
         <load_address>0x140d</load_address>
         <run_address>0x140d</run_address>
         <size>0x8c</size>
         <input_file_ref idref="fl-2"/>
      </object_component>
      <object_component id="oc-1ed">
         <name>.debug_info</name>
         <load_address>0x1499</load_address>
         <run_address>0x1499</run_address>
         <size>0x120</size>
         <input_file_ref idref="fl-2"/>
      </object_component>
      <object_component id="oc-202">
         <name>.debug_info</name>
         <load_address>0x15b9</load_address>
         <run_address>0x15b9</run_address>
         <size>0x71</size>
         <input_file_ref idref="fl-2"/>
      </object_component>
      <object_component id="oc-25e">
         <name>.debug_info</name>
         <load_address>0x162a</load_address>
         <run_address>0x162a</run_address>
         <size>0x6c</size>
         <input_file_ref idref="fl-2"/>
      </object_component>
      <object_component id="oc-15b">
         <name>.debug_info</name>
         <load_address>0x1696</load_address>
         <run_address>0x1696</run_address>
         <size>0x218</size>
         <input_file_ref idref="fl-2"/>
      </object_component>
      <object_component id="oc-da">
         <name>.debug_info</name>
         <load_address>0x18ae</load_address>
         <run_address>0x18ae</run_address>
         <size>0x12a</size>
         <input_file_ref idref="fl-2"/>
      </object_component>
      <object_component id="oc-162">
         <name>.debug_info</name>
         <load_address>0x19d8</load_address>
         <run_address>0x19d8</run_address>
         <size>0x26b</size>
         <input_file_ref idref="fl-2"/>
      </object_component>
      <object_component id="oc-1e8">
         <name>.debug_info</name>
         <load_address>0x1c43</load_address>
         <run_address>0x1c43</run_address>
         <size>0x1055</size>
         <input_file_ref idref="fl-2"/>
      </object_component>
      <object_component id="oc-1e3">
         <name>.debug_info</name>
         <load_address>0x2c98</load_address>
         <run_address>0x2c98</run_address>
         <size>0x37e2</size>
         <input_file_ref idref="fl-2"/>
      </object_component>
      <object_component id="oc-236">
         <name>.debug_info</name>
         <load_address>0x647a</load_address>
         <run_address>0x647a</run_address>
         <size>0xae</size>
         <input_file_ref idref="fl-2"/>
      </object_component>
      <object_component id="oc-32">
         <name>.debug_info</name>
         <load_address>0x6528</load_address>
         <run_address>0x6528</run_address>
         <size>0x84</size>
         <input_file_ref idref="fl-2"/>
      </object_component>
      <object_component id="oc-1f7">
         <name>.debug_info</name>
         <load_address>0x65ac</load_address>
         <run_address>0x65ac</run_address>
         <size>0x2a4</size>
         <input_file_ref idref="fl-2"/>
      </object_component>
      <object_component id="oc-1fd">
         <name>.debug_info</name>
         <load_address>0x6850</load_address>
         <run_address>0x6850</run_address>
         <size>0xef</size>
         <input_file_ref idref="fl-2"/>
      </object_component>
      <object_component id="oc-df">
         <name>.debug_info</name>
         <load_address>0x693f</load_address>
         <run_address>0x693f</run_address>
         <size>0xbb</size>
         <input_file_ref idref="fl-2"/>
      </object_component>
      <object_component id="oc-109">
         <name>.debug_info</name>
         <load_address>0x69fa</load_address>
         <run_address>0x69fa</run_address>
         <size>0x87</size>
         <input_file_ref idref="fl-2"/>
      </object_component>
      <object_component id="oc-284">
         <name>.debug_info</name>
         <load_address>0x6a81</load_address>
         <run_address>0x6a81</run_address>
         <size>0x2c</size>
         <input_file_ref idref="fl-2"/>
      </object_component>
      <object_component id="oc-1f2">
         <name>.debug_info</name>
         <load_address>0x6aad</load_address>
         <run_address>0x6aad</run_address>
         <size>0xf7</size>
         <input_file_ref idref="fl-2"/>
      </object_component>
      <object_component id="oc-87">
         <name>.debug_info</name>
         <load_address>0x6ba4</load_address>
         <run_address>0x6ba4</run_address>
         <size>0x2bd</size>
         <input_file_ref idref="fl-3"/>
      </object_component>
      <object_component id="oc-27">
         <name>.debug_info</name>
         <load_address>0x6e61</load_address>
         <run_address>0x6e61</run_address>
         <size>0xe9</size>
         <input_file_ref idref="fl-3"/>
      </object_component>
      <object_component id="oc-6a">
         <name>.debug_info</name>
         <load_address>0x6f4a</load_address>
         <run_address>0x6f4a</run_address>
         <size>0x1b0</size>
         <input_file_ref idref="fl-3"/>
      </object_component>
      <object_component id="oc-1d9">
         <name>.debug_info</name>
         <load_address>0x70fa</load_address>
         <run_address>0x70fa</run_address>
         <size>0xe2</size>
         <input_file_ref idref="fl-4"/>
      </object_component>
      <object_component id="oc-c0">
         <name>.debug_info</name>
         <load_address>0x71dc</load_address>
         <run_address>0x71dc</run_address>
         <size>0x254</size>
         <input_file_ref idref="fl-4"/>
      </object_component>
      <object_component id="oc-12c">
         <name>.debug_info</name>
         <load_address>0x7430</load_address>
         <run_address>0x7430</run_address>
         <size>0x6df</size>
         <input_file_ref idref="fl-5"/>
      </object_component>
      <object_component id="oc-342">
         <name>.debug_info</name>
         <load_address>0x7b0f</load_address>
         <run_address>0x7b0f</run_address>
         <size>0x8b</size>
         <input_file_ref idref="fl-6"/>
      </object_component>
      <object_component id="oc-12e">
         <name>.debug_info</name>
         <load_address>0x7b9a</load_address>
         <run_address>0x7b9a</run_address>
         <size>0x748</size>
         <input_file_ref idref="fl-7"/>
      </object_component>
      <object_component id="oc-130">
         <name>.debug_info</name>
         <load_address>0x82e2</load_address>
         <run_address>0x82e2</run_address>
         <size>0x7ca</size>
         <input_file_ref idref="fl-8"/>
      </object_component>
      <object_component id="oc-132">
         <name>.debug_info</name>
         <load_address>0x8aac</load_address>
         <run_address>0x8aac</run_address>
         <size>0x7f0</size>
         <input_file_ref idref="fl-9"/>
      </object_component>
      <object_component id="oc-134">
         <name>.debug_info</name>
         <load_address>0x929c</load_address>
         <run_address>0x929c</run_address>
         <size>0x6d7</size>
         <input_file_ref idref="fl-a"/>
      </object_component>
      <object_component id="oc-80">
         <name>.debug_info</name>
         <load_address>0x9973</load_address>
         <run_address>0x9973</run_address>
         <size>0xd3e</size>
         <input_file_ref idref="fl-a"/>
      </object_component>
      <object_component id="oc-136">
         <name>.debug_info</name>
         <load_address>0xa6b1</load_address>
         <run_address>0xa6b1</run_address>
         <size>0x78d</size>
         <input_file_ref idref="fl-b"/>
      </object_component>
      <object_component id="oc-138">
         <name>.debug_info</name>
         <load_address>0xae3e</load_address>
         <run_address>0xae3e</run_address>
         <size>0x7eb</size>
         <input_file_ref idref="fl-c"/>
      </object_component>
      <object_component id="oc-13a">
         <name>.debug_info</name>
         <load_address>0xb629</load_address>
         <run_address>0xb629</run_address>
         <size>0x789</size>
         <input_file_ref idref="fl-d"/>
      </object_component>
      <object_component id="oc-13c">
         <name>.debug_info</name>
         <load_address>0xbdb2</load_address>
         <run_address>0xbdb2</run_address>
         <size>0x887</size>
         <input_file_ref idref="fl-e"/>
      </object_component>
      <object_component id="oc-13e">
         <name>.debug_info</name>
         <load_address>0xc639</load_address>
         <run_address>0xc639</run_address>
         <size>0x6d4</size>
         <input_file_ref idref="fl-f"/>
      </object_component>
      <object_component id="oc-f8">
         <name>.debug_info</name>
         <load_address>0xcd0d</load_address>
         <run_address>0xcd0d</run_address>
         <size>0x7c9</size>
         <input_file_ref idref="fl-f"/>
      </object_component>
      <object_component id="oc-140">
         <name>.debug_info</name>
         <load_address>0xd4d6</load_address>
         <run_address>0xd4d6</run_address>
         <size>0x821</size>
         <input_file_ref idref="fl-10"/>
      </object_component>
      <object_component id="oc-106">
         <name>.debug_info</name>
         <load_address>0xdcf7</load_address>
         <run_address>0xdcf7</run_address>
         <size>0xe6</size>
         <input_file_ref idref="fl-10"/>
      </object_component>
      <object_component id="oc-18a">
         <name>.debug_info</name>
         <load_address>0xdddd</load_address>
         <run_address>0xdddd</run_address>
         <size>0x5b7</size>
         <input_file_ref idref="fl-10"/>
      </object_component>
      <object_component id="oc-142">
         <name>.debug_info</name>
         <load_address>0xe394</load_address>
         <run_address>0xe394</run_address>
         <size>0x895</size>
         <input_file_ref idref="fl-12"/>
      </object_component>
      <object_component id="oc-f4">
         <name>.debug_info</name>
         <load_address>0xec29</load_address>
         <run_address>0xec29</run_address>
         <size>0x1ec</size>
         <input_file_ref idref="fl-12"/>
      </object_component>
      <object_component id="oc-144">
         <name>.debug_info</name>
         <load_address>0xee15</load_address>
         <run_address>0xee15</run_address>
         <size>0x714</size>
         <input_file_ref idref="fl-13"/>
      </object_component>
      <object_component id="oc-146">
         <name>.debug_info</name>
         <load_address>0xf529</load_address>
         <run_address>0xf529</run_address>
         <size>0x7d2</size>
         <input_file_ref idref="fl-14"/>
      </object_component>
      <object_component id="oc-eb">
         <name>.debug_info</name>
         <load_address>0xfcfb</load_address>
         <run_address>0xfcfb</run_address>
         <size>0x9a6</size>
         <input_file_ref idref="fl-15"/>
      </object_component>
      <object_component id="oc-ee">
         <name>.debug_info</name>
         <load_address>0x106a1</load_address>
         <run_address>0x106a1</run_address>
         <size>0x8ae</size>
         <input_file_ref idref="fl-15"/>
      </object_component>
      <object_component id="oc-148">
         <name>.debug_info</name>
         <load_address>0x10f4f</load_address>
         <run_address>0x10f4f</run_address>
         <size>0x882</size>
         <input_file_ref idref="fl-16"/>
      </object_component>
      <object_component id="oc-251">
         <name>.debug_info</name>
         <load_address>0x117d1</load_address>
         <run_address>0x117d1</run_address>
         <size>0x1af</size>
         <input_file_ref idref="fl-16"/>
      </object_component>
      <object_component id="oc-14a">
         <name>.debug_info</name>
         <load_address>0x11980</load_address>
         <run_address>0x11980</run_address>
         <size>0x6d2</size>
         <input_file_ref idref="fl-17"/>
      </object_component>
      <object_component id="oc-e5">
         <name>.debug_info</name>
         <load_address>0x12052</load_address>
         <run_address>0x12052</run_address>
         <size>0x10ae</size>
         <input_file_ref idref="fl-17"/>
      </object_component>
      <object_component id="oc-14c">
         <name>.debug_info</name>
         <load_address>0x13100</load_address>
         <run_address>0x13100</run_address>
         <size>0x945</size>
         <input_file_ref idref="fl-18"/>
      </object_component>
      <object_component id="oc-103">
         <name>.debug_info</name>
         <load_address>0x13a45</load_address>
         <run_address>0x13a45</run_address>
         <size>0xc5</size>
         <input_file_ref idref="fl-18"/>
      </object_component>
      <object_component id="oc-74">
         <name>.debug_info</name>
         <load_address>0x13b0a</load_address>
         <run_address>0x13b0a</run_address>
         <size>0x83e</size>
         <input_file_ref idref="fl-18"/>
      </object_component>
      <object_component id="oc-14e">
         <name>.debug_info</name>
         <load_address>0x14348</load_address>
         <run_address>0x14348</run_address>
         <size>0x7b6</size>
         <input_file_ref idref="fl-19"/>
      </object_component>
      <object_component id="oc-150">
         <name>.debug_info</name>
         <load_address>0x14afe</load_address>
         <run_address>0x14afe</run_address>
         <size>0x7b3</size>
         <input_file_ref idref="fl-1a"/>
      </object_component>
      <object_component id="oc-184">
         <name>.debug_info</name>
         <load_address>0x152b1</load_address>
         <run_address>0x152b1</run_address>
         <size>0x71e</size>
         <input_file_ref idref="fl-1a"/>
      </object_component>
      <object_component id="oc-152">
         <name>.debug_info</name>
         <load_address>0x159cf</load_address>
         <run_address>0x159cf</run_address>
         <size>0x83e</size>
         <input_file_ref idref="fl-1b"/>
      </object_component>
      <object_component id="oc-29c">
         <name>.debug_info</name>
         <load_address>0x1620d</load_address>
         <run_address>0x1620d</run_address>
         <size>0xcb</size>
         <input_file_ref idref="fl-1b"/>
      </object_component>
      <object_component id="oc-29f">
         <name>.debug_info</name>
         <load_address>0x162d8</load_address>
         <run_address>0x162d8</run_address>
         <size>0xcd</size>
         <input_file_ref idref="fl-1b"/>
      </object_component>
      <object_component id="oc-2a2">
         <name>.debug_info</name>
         <load_address>0x163a5</load_address>
         <run_address>0x163a5</run_address>
         <size>0xd1</size>
         <input_file_ref idref="fl-1b"/>
      </object_component>
      <object_component id="oc-2a5">
         <name>.debug_info</name>
         <load_address>0x16476</load_address>
         <run_address>0x16476</run_address>
         <size>0xd7</size>
         <input_file_ref idref="fl-1b"/>
      </object_component>
      <object_component id="oc-299">
         <name>.debug_info</name>
         <load_address>0x1654d</load_address>
         <run_address>0x1654d</run_address>
         <size>0xcf</size>
         <input_file_ref idref="fl-1b"/>
      </object_component>
      <object_component id="oc-17f">
         <name>.debug_info</name>
         <load_address>0x1661c</load_address>
         <run_address>0x1661c</run_address>
         <size>0x281f</size>
         <input_file_ref idref="fl-1b"/>
      </object_component>
      <object_component id="oc-154">
         <name>.debug_info</name>
         <load_address>0x18e3b</load_address>
         <run_address>0x18e3b</run_address>
         <size>0x809</size>
         <input_file_ref idref="fl-1c"/>
      </object_component>
      <object_component id="oc-33d">
         <name>.debug_info</name>
         <load_address>0x19644</load_address>
         <run_address>0x19644</run_address>
         <size>0xca</size>
         <input_file_ref idref="fl-1c"/>
      </object_component>
      <object_component id="oc-2a9">
         <name>.debug_info</name>
         <load_address>0x1970e</load_address>
         <run_address>0x1970e</run_address>
         <size>0x602</size>
         <input_file_ref idref="fl-1c"/>
      </object_component>
      <object_component id="oc-156">
         <name>.debug_info</name>
         <load_address>0x19d10</load_address>
         <run_address>0x19d10</run_address>
         <size>0x726</size>
         <input_file_ref idref="fl-1d"/>
      </object_component>
      <object_component id="oc-d8">
         <name>.debug_info</name>
         <load_address>0x1a436</load_address>
         <run_address>0x1a436</run_address>
         <size>0x6ea</size>
         <input_file_ref idref="fl-1e"/>
      </object_component>
      <object_component id="oc-d5">
         <name>.debug_info</name>
         <load_address>0x1ab20</load_address>
         <run_address>0x1ab20</run_address>
         <size>0xea</size>
         <input_file_ref idref="fl-1e"/>
      </object_component>
      <object_component id="oc-6e">
         <name>.debug_info</name>
         <load_address>0x1ac0a</load_address>
         <run_address>0x1ac0a</run_address>
         <size>0xad0</size>
         <input_file_ref idref="fl-1e"/>
      </object_component>
      <object_component id="oc-127">
         <name>.debug_info</name>
         <load_address>0x1b6da</load_address>
         <run_address>0x1b6da</run_address>
         <size>0x703</size>
         <input_file_ref idref="fl-1f"/>
      </object_component>
      <object_component id="oc-119">
         <name>.debug_info</name>
         <load_address>0x1bddd</load_address>
         <run_address>0x1bddd</run_address>
         <size>0x142</size>
         <input_file_ref idref="fl-1f"/>
      </object_component>
      <object_component id="oc-11c">
         <name>.debug_info</name>
         <load_address>0x1bf1f</load_address>
         <run_address>0x1bf1f</run_address>
         <size>0xcb</size>
         <input_file_ref idref="fl-1f"/>
      </object_component>
      <object_component id="oc-11f">
         <name>.debug_info</name>
         <load_address>0x1bfea</load_address>
         <run_address>0x1bfea</run_address>
         <size>0xc9</size>
         <input_file_ref idref="fl-1f"/>
      </object_component>
      <object_component id="oc-7b">
         <name>.debug_info</name>
         <load_address>0x1c0b3</load_address>
         <run_address>0x1c0b3</run_address>
         <size>0xd81</size>
         <input_file_ref idref="fl-1f"/>
      </object_component>
      <object_component id="oc-158">
         <name>.debug_info</name>
         <load_address>0x1ce34</load_address>
         <run_address>0x1ce34</run_address>
         <size>0x7f4</size>
         <input_file_ref idref="fl-20"/>
      </object_component>
      <object_component id="oc-26b">
         <name>.debug_info</name>
         <load_address>0x1d628</load_address>
         <run_address>0x1d628</run_address>
         <size>0x1b4</size>
         <input_file_ref idref="fl-20"/>
      </object_component>
      <object_component id="oc-283">
         <name>.debug_info</name>
         <load_address>0x1d7dc</load_address>
         <run_address>0x1d7dc</run_address>
         <size>0x333</size>
         <input_file_ref idref="fl-dd"/>
      </object_component>
      <object_component id="oc-178">
         <name>.debug_info</name>
         <load_address>0x1db0f</load_address>
         <run_address>0x1db0f</run_address>
         <size>0x1d1</size>
         <input_file_ref idref="fl-dd"/>
      </object_component>
      <object_component id="oc-278">
         <name>.debug_info</name>
         <load_address>0x1dce0</load_address>
         <run_address>0x1dce0</run_address>
         <size>0x18d</size>
         <input_file_ref idref="fl-dd"/>
      </object_component>
      <object_component id="oc-27f">
         <name>.debug_info</name>
         <load_address>0x1de6d</load_address>
         <run_address>0x1de6d</run_address>
         <size>0x16d</size>
         <input_file_ref idref="fl-dd"/>
      </object_component>
      <object_component id="oc-3c1">
         <name>.debug_info</name>
         <load_address>0x1dfda</load_address>
         <run_address>0x1dfda</run_address>
         <size>0x2c</size>
         <input_file_ref idref="fl-dd"/>
      </object_component>
      <object_component id="oc-a1">
         <name>.debug_info</name>
         <load_address>0x1e006</load_address>
         <run_address>0x1e006</run_address>
         <size>0x147</size>
         <input_file_ref idref="fl-de"/>
      </object_component>
      <object_component id="oc-114">
         <name>.debug_info</name>
         <load_address>0x1e14d</load_address>
         <run_address>0x1e14d</run_address>
         <size>0x14c</size>
         <input_file_ref idref="fl-df"/>
      </object_component>
      <object_component id="oc-2f1">
         <name>.debug_info</name>
         <load_address>0x1e299</load_address>
         <run_address>0x1e299</run_address>
         <size>0x128</size>
         <input_file_ref idref="fl-e0"/>
      </object_component>
      <object_component id="oc-294">
         <name>.debug_info</name>
         <load_address>0x1e3c1</load_address>
         <run_address>0x1e3c1</run_address>
         <size>0x12a</size>
         <input_file_ref idref="fl-e0"/>
      </object_component>
      <object_component id="oc-cb">
         <name>.debug_info</name>
         <load_address>0x1e4eb</load_address>
         <run_address>0x1e4eb</run_address>
         <size>0x13a</size>
         <input_file_ref idref="fl-e1"/>
      </object_component>
      <object_component id="oc-28c">
         <name>.debug_info</name>
         <load_address>0x1e625</load_address>
         <run_address>0x1e625</run_address>
         <size>0x13a</size>
         <input_file_ref idref="fl-e2"/>
      </object_component>
      <object_component id="oc-d0">
         <name>.debug_info</name>
         <load_address>0x1e75f</load_address>
         <run_address>0x1e75f</run_address>
         <size>0x12e</size>
         <input_file_ref idref="fl-e3"/>
      </object_component>
      <object_component id="oc-110">
         <name>.debug_info</name>
         <load_address>0x1e88d</load_address>
         <run_address>0x1e88d</run_address>
         <size>0x12c</size>
         <input_file_ref idref="fl-e5"/>
      </object_component>
      <object_component id="oc-290">
         <name>.debug_info</name>
         <load_address>0x1e9b9</load_address>
         <run_address>0x1e9b9</run_address>
         <size>0x12c</size>
         <input_file_ref idref="fl-e6"/>
      </object_component>
      <object_component id="oc-3a">
         <name>.debug_info</name>
         <load_address>0x1eae5</load_address>
         <run_address>0x1eae5</run_address>
         <size>0x119</size>
         <input_file_ref idref="fl-e7"/>
      </object_component>
      <object_component id="oc-c5">
         <name>.debug_info</name>
         <load_address>0x1ebfe</load_address>
         <run_address>0x1ebfe</run_address>
         <size>0x12e</size>
         <input_file_ref idref="fl-e8"/>
      </object_component>
      <object_component id="oc-9e">
         <name>.debug_info</name>
         <load_address>0x1ed2c</load_address>
         <run_address>0x1ed2c</run_address>
         <size>0x2d4</size>
         <input_file_ref idref="fl-e9"/>
      </object_component>
      <object_component id="oc-44">
         <name>.debug_info</name>
         <load_address>0x1f000</load_address>
         <run_address>0x1f000</run_address>
         <size>0x1d2</size>
         <input_file_ref idref="fl-e9"/>
      </object_component>
      <object_component id="oc-99">
         <name>.debug_info</name>
         <load_address>0x1f1d2</load_address>
         <run_address>0x1f1d2</run_address>
         <size>0x46</size>
         <input_file_ref idref="fl-e9"/>
      </object_component>
      <object_component id="oc-16e">
         <name>.debug_info</name>
         <load_address>0x1f218</load_address>
         <run_address>0x1f218</run_address>
         <size>0x2c</size>
         <input_file_ref idref="fl-e9"/>
      </object_component>
      <object_component id="oc-42">
         <name>.debug_info</name>
         <load_address>0x1f244</load_address>
         <run_address>0x1f244</run_address>
         <size>0x2a8</size>
         <input_file_ref idref="fl-ea"/>
      </object_component>
      <object_component id="oc-20">
         <name>.debug_info</name>
         <load_address>0x1f4ec</load_address>
         <run_address>0x1f4ec</run_address>
         <size>0x1ea</size>
         <input_file_ref idref="fl-ea"/>
      </object_component>
      <object_component id="oc-3d">
         <name>.debug_info</name>
         <load_address>0x1f6d6</load_address>
         <run_address>0x1f6d6</run_address>
         <size>0x46</size>
         <input_file_ref idref="fl-ea"/>
      </object_component>
      <object_component id="oc-91">
         <name>.debug_info</name>
         <load_address>0x1f71c</load_address>
         <run_address>0x1f71c</run_address>
         <size>0x2c</size>
         <input_file_ref idref="fl-ea"/>
      </object_component>
      <object_component id="oc-8f">
         <name>.debug_info</name>
         <load_address>0x1f748</load_address>
         <run_address>0x1f748</run_address>
         <size>0x29e</size>
         <input_file_ref idref="fl-eb"/>
      </object_component>
      <object_component id="oc-1a">
         <name>.debug_info</name>
         <load_address>0x1f9e6</load_address>
         <run_address>0x1f9e6</run_address>
         <size>0x250</size>
         <input_file_ref idref="fl-eb"/>
      </object_component>
      <object_component id="oc-2d">
         <name>.debug_info</name>
         <load_address>0x1fc36</load_address>
         <run_address>0x1fc36</run_address>
         <size>0x60</size>
         <input_file_ref idref="fl-eb"/>
      </object_component>
      <object_component id="oc-167">
         <name>.debug_info</name>
         <load_address>0x1fc96</load_address>
         <run_address>0x1fc96</run_address>
         <size>0x46</size>
         <input_file_ref idref="fl-eb"/>
      </object_component>
      <object_component id="oc-8a">
         <name>.debug_info</name>
         <load_address>0x1fcdc</load_address>
         <run_address>0x1fcdc</run_address>
         <size>0x39</size>
         <input_file_ref idref="fl-eb"/>
      </object_component>
      <object_component id="oc-3be">
         <name>.debug_info</name>
         <load_address>0x1fd15</load_address>
         <run_address>0x1fd15</run_address>
         <size>0x289</size>
         <input_file_ref idref="fl-ec"/>
      </object_component>
      <object_component id="oc-3bb">
         <name>.debug_info</name>
         <load_address>0x1ff9e</load_address>
         <run_address>0x1ff9e</run_address>
         <size>0x10e</size>
         <input_file_ref idref="fl-ec"/>
      </object_component>
      <object_component id="oc-31d">
         <name>.debug_info</name>
         <load_address>0x200ac</load_address>
         <run_address>0x200ac</run_address>
         <size>0x14e</size>
         <input_file_ref idref="fl-ec"/>
      </object_component>
      <object_component id="oc-2a">
         <name>.debug_info</name>
         <load_address>0x201fa</load_address>
         <run_address>0x201fa</run_address>
         <size>0x10b</size>
         <input_file_ref idref="fl-ed"/>
      </object_component>
      <object_component id="oc-58">
         <name>.debug_info</name>
         <load_address>0x20305</load_address>
         <run_address>0x20305</run_address>
         <size>0x1a9</size>
         <input_file_ref idref="fl-ed"/>
      </object_component>
      <object_component id="oc-320">
         <name>.debug_info</name>
         <load_address>0x204ae</load_address>
         <run_address>0x204ae</run_address>
         <size>0x590</size>
         <input_file_ref idref="fl-ee"/>
      </object_component>
      <object_component id="oc-2eb">
         <name>.debug_info</name>
         <load_address>0x20a3e</load_address>
         <run_address>0x20a3e</run_address>
         <size>0x21e</size>
         <input_file_ref idref="fl-ee"/>
      </object_component>
      <object_component id="oc-384">
         <name>.debug_info</name>
         <load_address>0x20c5c</load_address>
         <run_address>0x20c5c</run_address>
         <size>0x1b3</size>
         <input_file_ref idref="fl-ee"/>
      </object_component>
      <object_component id="oc-38a">
         <name>.debug_info</name>
         <load_address>0x20e0f</load_address>
         <run_address>0x20e0f</run_address>
         <size>0x21b</size>
         <input_file_ref idref="fl-ee"/>
      </object_component>
      <object_component id="oc-2f6">
         <name>.debug_info</name>
         <load_address>0x2102a</load_address>
         <run_address>0x2102a</run_address>
         <size>0x3c0</size>
         <input_file_ref idref="fl-ee"/>
      </object_component>
      <object_component id="oc-391">
         <name>.debug_info</name>
         <load_address>0x213ea</load_address>
         <run_address>0x213ea</run_address>
         <size>0x30a</size>
         <input_file_ref idref="fl-ee"/>
      </object_component>
      <object_component id="oc-397">
         <name>.debug_info</name>
         <load_address>0x216f4</load_address>
         <run_address>0x216f4</run_address>
         <size>0x215</size>
         <input_file_ref idref="fl-ee"/>
      </object_component>
      <object_component id="oc-2fd">
         <name>.debug_info</name>
         <load_address>0x21909</load_address>
         <run_address>0x21909</run_address>
         <size>0x215</size>
         <input_file_ref idref="fl-ee"/>
      </object_component>
      <object_component id="oc-303">
         <name>.debug_info</name>
         <load_address>0x21b1e</load_address>
         <run_address>0x21b1e</run_address>
         <size>0x304</size>
         <input_file_ref idref="fl-ee"/>
      </object_component>
      <object_component id="oc-309">
         <name>.debug_info</name>
         <load_address>0x21e22</load_address>
         <run_address>0x21e22</run_address>
         <size>0x4b5</size>
         <input_file_ref idref="fl-ee"/>
      </object_component>
      <object_component id="oc-272">
         <name>.debug_info</name>
         <load_address>0x222d7</load_address>
         <run_address>0x222d7</run_address>
         <size>0x5f4</size>
         <input_file_ref idref="fl-ee"/>
      </object_component>
      <object_component id="oc-321">
         <name>.debug_info</name>
         <load_address>0x228cb</load_address>
         <run_address>0x228cb</run_address>
         <size>0x86</size>
         <input_file_ref idref="fl-ee"/>
      </object_component>
      <object_component id="oc-3c6">
         <name>.debug_info</name>
         <load_address>0x22951</load_address>
         <run_address>0x22951</run_address>
         <size>0x39</size>
         <input_file_ref idref="fl-ee"/>
      </object_component>
      <object_component id="oc-414">
         <name>.debug_info</name>
         <load_address>0x2298a</load_address>
         <run_address>0x2298a</run_address>
         <size>0xb6</size>
         <input_file_ref idref="fl-ee"/>
      </object_component>
      <object_component id="oc-3cb">
         <name>.debug_info</name>
         <load_address>0x22a40</load_address>
         <run_address>0x22a40</run_address>
         <size>0x46</size>
         <input_file_ref idref="fl-ee"/>
      </object_component>
      <object_component id="oc-326">
         <name>.debug_info</name>
         <load_address>0x22a86</load_address>
         <run_address>0x22a86</run_address>
         <size>0x46</size>
         <input_file_ref idref="fl-ee"/>
      </object_component>
      <object_component id="oc-379">
         <name>.debug_info</name>
         <load_address>0x22acc</load_address>
         <run_address>0x22acc</run_address>
         <size>0x134</size>
         <input_file_ref idref="fl-ef"/>
      </object_component>
      <object_component id="oc-2c7">
         <name>.debug_info</name>
         <load_address>0x22c00</load_address>
         <run_address>0x22c00</run_address>
         <size>0x4b3</size>
         <input_file_ref idref="fl-f0"/>
      </object_component>
      <object_component id="oc-1a7">
         <name>.debug_info</name>
         <load_address>0x230b3</load_address>
         <run_address>0x230b3</run_address>
         <size>0x1a6</size>
         <input_file_ref idref="fl-f0"/>
      </object_component>
      <object_component id="oc-35e">
         <name>.debug_info</name>
         <load_address>0x23259</load_address>
         <run_address>0x23259</run_address>
         <size>0x39</size>
         <input_file_ref idref="fl-f0"/>
      </object_component>
      <object_component id="oc-3d7">
         <name>.debug_info</name>
         <load_address>0x23292</load_address>
         <run_address>0x23292</run_address>
         <size>0x39</size>
         <input_file_ref idref="fl-f0"/>
      </object_component>
      <object_component id="oc-363">
         <name>.debug_info</name>
         <load_address>0x232cb</load_address>
         <run_address>0x232cb</run_address>
         <size>0x39</size>
         <input_file_ref idref="fl-f0"/>
      </object_component>
      <object_component id="oc-368">
         <name>.debug_info</name>
         <load_address>0x23304</load_address>
         <run_address>0x23304</run_address>
         <size>0xcd</size>
         <input_file_ref idref="fl-f0"/>
      </object_component>
      <object_component id="oc-a9">
         <name>.debug_info</name>
         <load_address>0x233d1</load_address>
         <run_address>0x233d1</run_address>
         <size>0x153</size>
         <input_file_ref idref="fl-f1"/>
      </object_component>
      <object_component id="oc-19b">
         <name>.debug_info</name>
         <load_address>0x23524</load_address>
         <run_address>0x23524</run_address>
         <size>0x122</size>
         <input_file_ref idref="fl-f3"/>
      </object_component>
      <object_component id="oc-3f1">
         <name>.debug_info</name>
         <load_address>0x23646</load_address>
         <run_address>0x23646</run_address>
         <size>0x29c</size>
         <input_file_ref idref="fl-f5"/>
      </object_component>
      <object_component id="oc-37f">
         <name>.debug_info</name>
         <load_address>0x238e2</load_address>
         <run_address>0x238e2</run_address>
         <size>0x1da</size>
         <input_file_ref idref="fl-f5"/>
      </object_component>
      <object_component id="oc-375">
         <name>.debug_info</name>
         <load_address>0x23abc</load_address>
         <run_address>0x23abc</run_address>
         <size>0x2b9</size>
         <input_file_ref idref="fl-f7"/>
      </object_component>
      <object_component id="oc-2e7">
         <name>.debug_info</name>
         <load_address>0x23d75</load_address>
         <run_address>0x23d75</run_address>
         <size>0x17c</size>
         <input_file_ref idref="fl-f7"/>
      </object_component>
      <object_component id="oc-3e7">
         <name>.debug_info</name>
         <load_address>0x23ef1</load_address>
         <run_address>0x23ef1</run_address>
         <size>0xf9</size>
         <input_file_ref idref="fl-f8"/>
      </object_component>
      <object_component id="oc-372">
         <name>.debug_info</name>
         <load_address>0x23fea</load_address>
         <run_address>0x23fea</run_address>
         <size>0x105</size>
         <input_file_ref idref="fl-f8"/>
      </object_component>
      <object_component id="oc-3b2">
         <name>.debug_info</name>
         <load_address>0x240ef</load_address>
         <run_address>0x240ef</run_address>
         <size>0x2a7</size>
         <input_file_ref idref="fl-f9"/>
      </object_component>
      <object_component id="oc-30e">
         <name>.debug_info</name>
         <load_address>0x24396</load_address>
         <run_address>0x24396</run_address>
         <size>0x1b8</size>
         <input_file_ref idref="fl-f9"/>
      </object_component>
      <object_component id="oc-406">
         <name>.debug_info</name>
         <load_address>0x2454e</load_address>
         <run_address>0x2454e</run_address>
         <size>0x29a</size>
         <input_file_ref idref="fl-fa"/>
      </object_component>
      <object_component id="oc-3ac">
         <name>.debug_info</name>
         <load_address>0x247e8</load_address>
         <run_address>0x247e8</run_address>
         <size>0x262</size>
         <input_file_ref idref="fl-fa"/>
      </object_component>
      <object_component id="oc-370">
         <name>.debug_info</name>
         <load_address>0x24a4a</load_address>
         <run_address>0x24a4a</run_address>
         <size>0x28f</size>
         <input_file_ref idref="fl-fb"/>
      </object_component>
      <object_component id="oc-2e1">
         <name>.debug_info</name>
[...]
      <symbol id="sm-75f">
         <name>systic_start</name>
         <value>0x5397</value>
         <object_component_ref idref="oc-6d"/>
      </symbol>
      <symbol id="sm-760">
         <name>set_DCO_48MH</name>
         <value>0x52d1</value>
         <object_component_ref idref="oc-6d"/>
      </symbol>
      <symbol id="sm-761">
         <name>DCO_set</name>
         <value>0x5013</value>
         <object_component_ref idref="oc-6d"/>
      </symbol>
      <symbol id="sm-762">
         <name>sysc</name>
         <value>0x20002474</value>
         <object_component_ref idref="oc-d4"/>
      </symbol>
      <symbol id="sm-763">
         <name>systic_delayms</name>
         <value>0x5477</value>
         <object_component_ref idref="oc-6d"/>
      </symbol>
      <symbol id="sm-764">
         <name>MCLK_set</name>
         <value>0x5089</value>
         <object_component_ref idref="oc-6d"/>
      </symbol>
      <symbol id="sm-765">
         <name>systic_init</name>
         <value>0x5373</value>
         <object_component_ref idref="oc-6d"/>
      </symbol>
      <symbol id="sm-766">
         <name>systic_clr</name>
         <value>0x5421</value>
         <object_component_ref idref="oc-6d"/>
      </symbol>
      <symbol id="sm-767">
         <name>systic_delayus</name>
         <value>0x5459</value>
         <object_component_ref idref="oc-6d"/>
      </symbol>
      <symbol id="sm-768">
         <name>CS_locked</name>
         <value>0x500b</value>
         <object_component_ref idref="oc-6d"/>
      </symbol>
      <symbol id="sm-769">
         <name>systic_read</name>
         <value>0x53c1</value>
         <object_component_ref idref="oc-6d"/>
      </symbol>
      <symbol id="sm-76a">
         <name>systim</name>
         <value>0x20002478</value>
         <object_component_ref idref="oc-d4"/>
      </symbol>
      <symbol id="sm-826">
         <name>EUSCIA3_IRQHandler</name>
         <value>0x42d9</value>
         <object_component_ref idref="oc-79"/>
      </symbol>
      <symbol id="sm-827">
         <name>BRS</name>
         <value>0x84bc</value>
         <object_component_ref idref="oc-11e"/>
      </symbol>
      <symbol id="sm-828">
         <name>UART_send_short</name>
         <value>0x4215</value>
         <object_component_ref idref="oc-79"/>
      </symbol>
      <symbol id="sm-829">
         <name>UART_CLK_sel</name>
         <value>0x3c59</value>
         <object_component_ref idref="oc-79"/>
      </symbol>
      <symbol id="sm-82a">
         <name>UART_send_string</name>
         <value>0x41d9</value>
         <object_component_ref idref="oc-79"/>
      </symbol>
      <symbol id="sm-82b">
         <name>UART_send_int</name>
         <value>0x4271</value>
         <object_component_ref idref="oc-79"/>
      </symbol>
      <symbol id="sm-82c">
         <name>EUSCIA1_IRQHandler</name>
         <value>0x42b7</value>
         <object_component_ref idref="oc-79"/>
      </symbol>
      <symbol id="sm-82d">
         <name>UART_recv_Byte</name>
         <value>0x4185</value>
         <object_component_ref idref="oc-79"/>
      </symbol>
      <symbol id="sm-82e">
         <name>UART_Baunds_set</name>
         <value>0x3e71</value>
         <object_component_ref idref="oc-79"/>
      </symbol>
      <symbol id="sm-82f">
         <name>UART2_RXDat</name>
         <value>0x2000247d</value>
         <object_component_ref idref="oc-118"/>
      </symbol>
      <symbol id="sm-830">
         <name>FP_N</name>
         <value>0x83cc</value>
         <object_component_ref idref="oc-11b"/>
      </symbol>
      <symbol id="sm-831">
         <name>EUSCIA2_IRQHandler</name>
         <value>0x42c9</value>
         <object_component_ref idref="oc-79"/>
      </symbol>
      <symbol id="sm-832">
         <name>BRCLK</name>
         <value>0x20002480</value>
         <object_component_ref idref="oc-118"/>
      </symbol>
      <symbol id="sm-833">
         <name>UART_send_Byte</name>
         <value>0x4111</value>
         <object_component_ref idref="oc-79"/>
      </symbol>
      <symbol id="sm-834">
         <name>UART_IRQRX_set</name>
         <value>0x3b5d</value>
         <object_component_ref idref="oc-79"/>
      </symbol>
      <symbol id="sm-835">
         <name>UART3_RXDat</name>
         <value>0x2000247c</value>
         <object_component_ref idref="oc-118"/>
      </symbol>
      <symbol id="sm-836">
         <name>UART_init</name>
         <value>0x40a5</value>
         <object_component_ref idref="oc-79"/>
      </symbol>
      <symbol id="sm-837">
         <name>EUSCIA0_IRQHandler</name>
         <value>0x42ad</value>
         <object_component_ref idref="oc-79"/>
      </symbol>
      <symbol id="sm-838">
         <name>UART_PIN_sel</name>
         <value>0x3c05</value>
         <object_component_ref idref="oc-79"/>
      </symbol>
      <symbol id="sm-839">
         <name>UART0_RXDat</name>
         <value>0x2000247e</value>
         <object_component_ref idref="oc-118"/>
      </symbol>
      <symbol id="sm-83a">
         <name>UART_BRS_val</name>
         <value>0x3d51</value>
         <object_component_ref idref="oc-79"/>
      </symbol>
      <symbol id="sm-83b">
         <name>UART_USIC_init</name>
         <value>0x3bb1</value>
         <object_component_ref idref="oc-79"/>
      </symbol>
      <symbol id="sm-83c">
         <name>UART_IRQ_set</name>
         <value>0x3ae1</value>
         <object_component_ref idref="oc-79"/>
      </symbol>
      <symbol id="sm-86f">
         <name>sprintf</name>
         <value>0x76f5</value>
         <object_component_ref idref="oc-177"/>
      </symbol>
      <symbol id="sm-87e">
         <name>__aeabi_memset</name>
         <value>0x736f</value>
         <object_component_ref idref="oc-9f"/>
      </symbol>
      <symbol id="sm-87f">
         <name>memset</name>
         <value>0x7375</value>
         <object_component_ref idref="oc-9f"/>
      </symbol>
      <symbol id="sm-880">
         <name>__aeabi_memset8</name>
         <value>0x736f</value>
         <object_component_ref idref="oc-9f"/>
      </symbol>
      <symbol id="sm-881">
         <name>__aeabi_memset4</name>
         <value>0x736f</value>
         <object_component_ref idref="oc-9f"/>
      </symbol>
      <symbol id="sm-882">
         <name>__aeabi_memclr8</name>
         <value>0x736d</value>
         <object_component_ref idref="oc-9f"/>
      </symbol>
      <symbol id="sm-883">
         <name>__aeabi_memclr4</name>
         <value>0x736d</value>
         <object_component_ref idref="oc-9f"/>
      </symbol>
      <symbol id="sm-884">
         <name>__aeabi_memclr</name>
         <value>0x736d</value>
         <object_component_ref idref="oc-9f"/>
      </symbol>
      <symbol id="sm-89b">
         <name>__aeabi_dsub</name>
         <value>0x67b1</value>
         <object_component_ref idref="oc-113"/>
      </symbol>
      <symbol id="sm-89c">
         <name>__aeabi_dadd</name>
         <value>0x67bb</value>
         <object_component_ref idref="oc-113"/>
      </symbol>
      <symbol id="sm-8be">
         <name>__aeabi_cdcmpeq</name>
         <value>0x7261</value>
         <object_component_ref idref="oc-2f0"/>
      </symbol>
      <symbol id="sm-8bf">
         <name>__aeabi_cdcmple</name>
         <value>0x7261</value>
         <object_component_ref idref="oc-2f0"/>
      </symbol>
      <symbol id="sm-8c0">
         <name>__aeabi_cdrcmple</name>
         <value>0x72e7</value>
         <object_component_ref idref="oc-293"/>
      </symbol>
      <symbol id="sm-8d4">
         <name>__aeabi_ddiv</name>
         <value>0x6c15</value>
         <object_component_ref idref="oc-c9"/>
      </symbol>
      <symbol id="sm-8df">
         <name>__aeabi_dmul</name>
         <value>0x6f81</value>
         <object_component_ref idref="oc-289"/>
      </symbol>
      <symbol id="sm-8e9">
         <name>__aeabi_d2iz</name>
         <value>0x7669</value>
         <object_component_ref idref="oc-ce"/>
      </symbol>
      <symbol id="sm-8f5">
         <name>__aeabi_f2d</name>
         <value>0x7773</value>
         <object_component_ref idref="oc-10e"/>
      </symbol>
      <symbol id="sm-8ff">
         <name>__aeabi_i2d</name>
         <value>0x77e1</value>
         <object_component_ref idref="oc-28e"/>
      </symbol>
      <symbol id="sm-91a">
         <name>memcpy</name>
         <value>0x712f</value>
         <object_component_ref idref="oc-37"/>
      </symbol>
      <symbol id="sm-91b">
         <name>__aeabi_memcpy</name>
         <value>0x712f</value>
         <object_component_ref idref="oc-37"/>
      </symbol>
      <symbol id="sm-91c">
         <name>__aeabi_memcpy8</name>
         <value>0x712f</value>
         <object_component_ref idref="oc-37"/>
      </symbol>
      <symbol id="sm-91d">
         <name>__aeabi_memcpy4</name>
         <value>0x712f</value>
         <object_component_ref idref="oc-37"/>
      </symbol>
      <symbol id="sm-927">
         <name>__aeabi_ui2d</name>
         <value>0x7835</value>
         <object_component_ref idref="oc-c4"/>
      </symbol>
      <symbol id="sm-940">
         <name>__TI_zero_init_nomemset</name>
         <value>0x7855</value>
         <object_component_ref idref="oc-43"/>
      </symbol>
      <symbol id="sm-957">
         <name>__TI_decompress_none</name>
         <value>0x78fb</value>
         <object_component_ref idref="oc-1d"/>
      </symbol>
      <symbol id="sm-97a">
         <name>__TI_decompress_lzss</name>
         <value>0x7455</value>
         <object_component_ref idref="oc-17"/>
      </symbol>
      <symbol id="sm-990">
         <name>__aeabi_errno_addr</name>
         <value>0x7921</value>
         <object_component_ref idref="oc-319"/>
      </symbol>
      <symbol id="sm-991">
         <name>errno</name>
         <value>0x2000248c</value>
         <object_component_ref idref="oc-3ba"/>
      </symbol>
      <symbol id="sm-9a4">
         <name>__stack</name>
         <value>0x2000fe00</value>
         <object_component_ref idref="oc-29"/>
      </symbol>
      <symbol id="sm-9a5">
         <name>_c_int00_noargs</name>
         <value>0x77ad</value>
         <object_component_ref idref="oc-55"/>
      </symbol>
      <symbol id="sm-b0a">
         <name>__TI_printfi</name>
         <value>0x27a1</value>
         <object_component_ref idref="oc-270"/>
      </symbol>
      <symbol id="sm-b17">
         <name>__aeabi_uldivmod</name>
         <value>0x71cb</value>
         <object_component_ref idref="oc-376"/>
      </symbol>
      <symbol id="sm-b3f">
         <name>__TI_auto_init_nobinit_nopinit</name>
         <value>0x76b1</value>
         <object_component_ref idref="oc-1a6"/>
      </symbol>
      <symbol id="sm-b49">
         <name>_system_pre_init</name>
         <value>0x7929</value>
         <object_component_ref idref="oc-a5"/>
      </symbol>
      <symbol id="sm-b55">
         <name>C$$EXIT</name>
         <value>0x792d</value>
         <object_component_ref idref="oc-19a"/>
      </symbol>
      <symbol id="sm-b56">
         <name>abort</name>
         <value>0x792d</value>
         <object_component_ref idref="oc-19a"/>
      </symbol>
      <symbol id="sm-b66">
         <name>__TI_ltoa</name>
         <value>0x7577</value>
         <object_component_ref idref="oc-37d"/>
      </symbol>
      <symbol id="sm-b7d">
         <name>atoi</name>
         <value>0x761d</value>
         <object_component_ref idref="oc-2e4"/>
      </symbol>
      <symbol id="sm-b88">
         <name>_ctypes_</name>
         <value>0x82c8</value>
         <object_component_ref idref="oc-371"/>
      </symbol>
      <symbol id="sm-b98">
         <name>memccpy</name>
         <value>0x7871</value>
         <object_component_ref idref="oc-30d"/>
      </symbol>
      <symbol id="sm-ba8">
         <name>strchr</name>
         <value>0x78bf</value>
         <object_component_ref idref="oc-3aa"/>
      </symbol>
      <symbol id="sm-bb6">
         <name>strlen</name>
         <value>0x78d5</value>
         <object_component_ref idref="oc-2de"/>
      </symbol>
      <symbol id="sm-bd6">
         <name>frexpl</name>
         <value>0x74bd</value>
         <object_component_ref idref="oc-39e"/>
      </symbol>
      <symbol id="sm-bd7">
         <name>frexp</name>
         <value>0x74bd</value>
         <object_component_ref idref="oc-39e"/>
      </symbol>
      <symbol id="sm-bf4">
         <name>scalbn</name>
         <value>0x6e71</value>
         <object_component_ref idref="oc-3a4"/>
      </symbol>
      <symbol id="sm-bf5">
         <name>scalbnl</name>
         <value>0x6e71</value>
         <object_component_ref idref="oc-3a4"/>
      </symbol>
      <symbol id="sm-bf6">
         <name>ldexpl</name>
         <value>0x6e71</value>
         <object_component_ref idref="oc-3a4"/>
      </symbol>
      <symbol id="sm-bf7">
         <name>ldexp</name>
         <value>0x6e71</value>
         <object_component_ref idref="oc-3a4"/>
      </symbol>
      <symbol id="sm-c10">
         <name>wcslen</name>
         <value>0x78e9</value>
         <object_component_ref idref="oc-313"/>
      </symbol>
      <symbol id="sm-c1a">
         <name>__aeabi_idiv0</name>
         <value>0x31ef</value>
         <object_component_ref idref="oc-3ea"/>
      </symbol>
      <symbol id="sm-c1b">
         <name>__aeabi_ldiv0</name>
         <value>0x31ef</value>
         <object_component_ref idref="oc-3ea"/>
      </symbol>
      <symbol id="sm-c25">
         <name>copysign</name>
         <value>0x788d</value>
         <object_component_ref idref="oc-3fd"/>
      </symbol>
      <symbol id="sm-c26">
         <name>copysignl</name>
         <value>0x788d</value>
         <object_component_ref idref="oc-3fd"/>
      </symbol>
      <symbol id="sm-c52">
         <name>Interrupt_setPriority</name>
         <value>0x7811</value>
         <object_component_ref idref="oc-18f"/>
      </symbol>
      <symbol id="sm-c59">
         <name>__TI_static_base__</name>
         <value>0x0</value>
      </symbol>
      <symbol id="sm-c5c">
         <name>__mpu_init</name>
         <value>0x0</value>
      </symbol>
      <symbol id="sm-c5d">
         <name>_system_post_cinit</name>
         <value>0x0</value>
      </symbol>
      <symbol id="sm-c5e">
         <name>NMI_Handler</name>
         <value>0x7915</value>
      </symbol>
      <symbol id="sm-c5f">
         <name>HardFault_Handler</name>
         <value>0x7915</value>
      </symbol>
      <symbol id="sm-c60">
         <name>MemManage_Handler</name>
         <value>0x7915</value>
      </symbol>
      <symbol id="sm-c61">
         <name>BusFault_Handler</name>
         <value>0x7915</value>
      </symbol>
      <symbol id="sm-c62">
         <name>UsageFault_Handler</name>
         <value>0x7915</value>
      </symbol>
      <symbol id="sm-c63">
         <name>SVC_Handler</name>
         <value>0x7915</value>
      </symbol>
      <symbol id="sm-c64">
         <name>DebugMon_Handler</name>
         <value>0x7915</value>
      </symbol>
      <symbol id="sm-c65">
         <name>PendSV_Handler</name>
         <value>0x7915</value>
      </symbol>
      <symbol id="sm-c66">
         <name>SysTick_Handler</name>
         <value>0x544f</value>
      </symbol>
      <symbol id="sm-c67">
         <name>PSS_IRQHandler</name>
         <value>0x7915</value>
      </symbol>
      <symbol id="sm-c68">
         <name>CS_IRQHandler</name>
         <value>0x7915</value>
      </symbol>
      <symbol id="sm-c69">
         <name>PCM_IRQHandler</name>
         <value>0x7915</value>
      </symbol>
      <symbol id="sm-c6a">
         <name>WDT_A_IRQHandler</name>
         <value>0x7915</value>
      </symbol>
      <symbol id="sm-c6b">
         <name>FPU_IRQHandler</name>
         <value>0x7915</value>
      </symbol>
      <symbol id="sm-c6c">
         <name>FLCTL_IRQHandler</name>
         <value>0x7915</value>
      </symbol>
      <symbol id="sm-c6d">
         <name>COMP_E0_IRQHandler</name>
         <value>0x7915</value>
      </symbol>
      <symbol id="sm-c6e">
         <name>COMP_E1_IRQHandler</name>
         <value>0x7915</value>
      </symbol>
      <symbol id="sm-c6f">
         <name>TA0_0_IRQHandler</name>
         <value>0x47d1</value>
      </symbol>
      <symbol id="sm-c70">
         <name>TA0_N_IRQHandler</name>
         <value>0x4863</value>
      </symbol>
      <symbol id="sm-c71">
         <name>TA1_0_IRQHandler</name>
         <value>0x47e7</value>
      </symbol>
      <symbol id="sm-c72">
         <name>TA1_N_IRQHandler</name>
         <value>0x4865</value>
      </symbol>
      <symbol id="sm-c73">
         <name>TA2_0_IRQHandler</name>
         <value>0x47f3</value>
      </symbol>
      <symbol id="sm-c74">
         <name>TA2_N_IRQHandler</name>
         <value>0x4867</value>
      </symbol>
      <symbol id="sm-c75">
         <name>TA3_0_IRQHandler</name>
         <value>0x4805</value>
      </symbol>
      <symbol id="sm-c76">
         <name>TA3_N_IRQHandler</name>
         <value>0x4885</value>
      </symbol>
      <symbol id="sm-c77">
         <name>EUSCIA0_IRQHandler</name>
         <value>0x42ad</value>
      </symbol>
      <symbol id="sm-c78">
         <name>EUSCIA1_IRQHandler</name>
         <value>0x42b7</value>
      </symbol>
      <symbol id="sm-c79">
         <name>EUSCIA2_IRQHandler</name>
         <value>0x42c9</value>
      </symbol>
      <symbol id="sm-c7a">
         <name>EUSCIA3_IRQHandler</name>
         <value>0x42d9</value>
      </symbol>
      <symbol id="sm-c7b">
         <name>EUSCIB0_IRQHandler</name>
         <value>0x7915</value>
      </symbol>
      <symbol id="sm-c7c">
         <name>EUSCIB1_IRQHandler</name>
         <value>0x7915</value>
      </symbol>
      <symbol id="sm-c7d">
         <name>EUSCIB2_IRQHandler</name>
         <value>0x7915</value>
      </symbol>
      <symbol id="sm-c7e">
         <name>EUSCIB3_IRQHandler</name>
         <value>0x7915</value>
      </symbol>
      <symbol id="sm-c7f">
         <name>ADC14_IRQHandler</name>
         <value>0x3a55</value>
      </symbol>
      <symbol id="sm-c80">
         <name>T32_INT1_IRQHandler</name>
         <value>0x7915</value>
      </symbol>
      <symbol id="sm-c81">
         <name>T32_INT2_IRQHandler</name>
         <value>0x7915</value>
      </symbol>
      <symbol id="sm-c82">
         <name>T32_INTC_IRQHandler</name>
         <value>0x7915</value>
      </symbol>
      <symbol id="sm-c83">
         <name>AES256_IRQHandler</name>
         <value>0x7915</value>
      </symbol>
      <symbol id="sm-c84">
         <name>RTC_C_IRQHandler</name>
         <value>0x7915</value>
      </symbol>
      <symbol id="sm-c85">
         <name>DMA_ERR_IRQHandler</name>
         <value>0x7915</value>
      </symbol>
      <symbol id="sm-c86">
         <name>DMA_INT3_IRQHandler</name>
         <value>0x7915</value>
      </symbol>
      <symbol id="sm-c87">
         <name>DMA_INT2_IRQHandler</name>
         <value>0x7915</value>
      </symbol>
      <symbol id="sm-c88">
         <name>DMA_INT1_IRQHandler</name>
         <value>0x7915</value>
      </symbol>
      <symbol id="sm-c89">
         <name>DMA_INT0_IRQHandler</name>
         <value>0x7915</value>
      </symbol>
      <symbol id="sm-c8a">
         <name>PORT1_IRQHandler</name>
         <value>0x4319</value>
      </symbol>
      <symbol id="sm-c8b">
         <name>PORT2_IRQHandler</name>
         <value>0x43bf</value>
      </symbol>
      <symbol id="sm-c8c">
         <name>PORT3_IRQHandler</name>
         <value>0x448b</value>
      </symbol>
      <symbol id="sm-c8d">
         <name>PORT4_IRQHandler</name>
         <value>0x4543</value>
      </symbol>
      <symbol id="sm-c8e">
         <name>PORT5_IRQHandler</name>
         <value>0x4621</value>
      </symbol>
      <symbol id="sm-c8f">
         <name>PORT6_IRQHandler</name>
         <value>0x46f5</value>
      </symbol>
   </symbol_table>
   <title>Link successful</title>
</link_info>
