******************************************************************************
                  TI ARM Linker PC v20.2.1                     
******************************************************************************
>> Linked Thu Dec 23 14:03:50 2021

OUTPUT FILE NAME:   <7.Exin_roatekey.out>
ENTRY POINT SYMBOL: "_c_int00_noargs"  address: 00005751


MEMORY CONFIGURATION

         name            origin    length      used     unused   attr    fill
----------------------  --------  ---------  --------  --------  ----  --------
  MAIN                  00000000   00040000  00005e69  0003a197  R  X
  INFO                  00200000   00004000  00000000  00004000  R  X
  SRAM_CODE             01000000   00010000  00002d09  0000d2f7  RW X
  SRAM_DATA             20000000   00010000  00002d09  0000d2f7  RW  


SEGMENT ALLOCATION MAP

run origin  load origin   length   init length attrs members
----------  ----------- ---------- ----------- ----- -------
00000000    00000000    00005e70   00005e70    r-x
  00000000    00000000    000000e4   000000e4    r-- .intvecs
  000000e4    000000e4    00005834   00005834    r-x .text
  00005918    00005918    000004e9   000004e9    r-- .const
  00005e08    00005e08    00000068   00000068    r-- .cinit
20000000    20000000    00002b09   00000000    rw-
  20000000    20000000    00002a9c   00000000    rw- .data
  20002a9c    20002a9c    0000006d   00000000    rw- .bss
2000fe00    2000fe00    00000200   00000000    rw-
  2000fe00    2000fe00    00000200   00000000    rw- .stack


SECTION ALLOCATION MAP

 output                                  attributes/
section   page    origin      length       input sections
--------  ----  ----------  ----------   ----------------
.intvecs   0    00000000    000000e4     
                  00000000    000000e4     startup_msp432p401r_ccs.obj (.intvecs:retain)

.text      0    000000e4    00005834     
                  000000e4    00000a9c     exingpio.obj (.text)
                  00000b80    00000a4e     rtsv7M4_T_le_v4SPD16_eabi.lib : _printfi.c.obj (.text:__TI_printfi)
                  000015ce    00000002                                   : div0.asm.obj (.text)
                  000015d0    000008f0     exinADC.obj (.text)
                  00001ec0    000007dc     oled.obj (.text)
                  0000269c    000006a0     exinuart.obj (.text)
                  00002d3c    00000664     exinisr.obj (.text)
                  000033a0    000004fc     exinsystem.obj (.text)
                  0000389c    0000046c     exinTimerA.obj (.text)
                  00003d08    00000334     system_msp432p401r.obj (.text)
                  0000403c    00000288     exinadjust.obj (.text)
                  000042c4    00000270     rtsv7M4_T_le_v4SPD16_eabi.lib : _printfi.c.obj (.text:_pconv_a)
                  00004534    000001d0                                   : _printfi.c.obj (.text:_pconv_g)
                  00004704    000001c0     exinkey.obj (.text)
                  000048c4    000001b6     rtsv7M4_T_le_v4SPD16_eabi.lib : fd_add_t2.asm.obj (.text)
                  00004a7a    00000002     --HOLE-- [fill = 0]
                  00004a7c    0000013c                                   : _printfi.c.obj (.text:_pconv_e)
                  00004bb8    00000136                                   : fd_div_t2.asm.obj (.text)
                  00004cee    00000002     --HOLE-- [fill = 0]
                  00004cf0    00000124                                   : _printfi.c.obj (.text:fcvt)
                  00004e14    00000110                                   : s_scalbn.c.obj (.text:scalbn)
                  00004f24    000000fc                                   : fd_mul_t2.asm.obj (.text)
                  00005020    000000b1                                   : _printfi.c.obj (.text:_ltostr)
                  000050d1    00000001     --HOLE-- [fill = 0]
                  000050d2    0000009c                                   : memcpy_t2.asm.obj (.text)
                  0000516e    00000096                                   : ull_div_t2.asm.obj (.text)
                  00005204    00000086                                   : fd_cmp_t2.asm.obj (.text:__aeabi_cdcmple)
                  0000528a    00000086                                   : fd_cmp_t2.asm.obj (.text:__aeabi_cdrcmple)
                  00005310    0000007a                                   : memset_t2.asm.obj (.text)
                  0000538a    0000006e                                   : _printfi.c.obj (.text:_mcpy)
                  000053f8    00000068                                   : copy_decompress_lzss.c.obj (.text:decompress:lzss:__TI_decompress_lzss)
                  00005460    00000064                                   : s_frexp.c.obj (.text:frexp)
                  000054c4    00000056                                   : _printfi.c.obj (.text:_pconv_f)
                  0000551a    00000054                                   : _ltoa.c.obj (.text:__TI_ltoa)
                  0000556e    00000052                                   : _printfi.c.obj (.text:_ecpy)
                  000055c0    0000004c                                   : atoi.c.obj (.text:atoi)
                  0000560c    00000048                                   : fd_toi_t2.asm.obj (.text)
                  00005654    00000044                                   : autoinit.c.obj (.text:__TI_auto_init_nobinit_nopinit:__TI_auto_init_nobinit_nopinit)
                  00005698    00000040                                   : sprintf.c.obj (.text:sprintf)
                  000056d8    0000003e                                   : _printfi.c.obj (.text:_fcpy)
                  00005716    00000038                                   : fs_tod_t2.asm.obj (.text)
                  0000574e    00000002     --HOLE-- [fill = 0]
                  00005750    00000034                                   : boot_cortex_m.c.obj (.text:_c_int00_noargs:_c_int00_noargs)
                  00005784    0000002e                                   : i_tofd_t2.asm.obj (.text)
                  000057b2    00000002     --HOLE-- [fill = 0]
                  000057b4    00000024     msp432p4xx_driverlib.lib : gpio.o (.text:GPIO_setAsOutputPin)
                  000057d8    00000020     rtsv7M4_T_le_v4SPD16_eabi.lib : u_tofd_t2.asm.obj (.text)
                  000057f8    0000001c                                   : copy_zero_init.c.obj (.text:decompress:ZI:__TI_zero_init_nomemset:__TI_zero_init_nomemset)
                  00005814    0000001c                                   : memccpy.c.obj (.text:memccpy)
                  00005830    0000001a                                   : s_copysign.c.obj (.text:copysign)
                  0000584a    00000002     --HOLE-- [fill = 0]
                  0000584c    00000018     msp432p4xx_driverlib.lib : gpio.o (.text:GPIO_setOutputLowOnPin)
                  00005864    00000018     rtsv7M4_T_le_v4SPD16_eabi.lib : sprintf.c.obj (.text:_outs)
                  0000587c    00000016                                   : strchr.c.obj (.text:strchr)
                  00005892    00000002     --HOLE-- [fill = 0]
                  00005894    00000014     msp432p4xx_driverlib.lib : gpio.o (.text:GPIO_setOutputHighOnPin)
                  000058a8    00000014     rtsv7M4_T_le_v4SPD16_eabi.lib : strlen.c.obj (.text:strlen)
                  000058bc    00000012     main.obj (.text)
                  000058ce    00000012     rtsv7M4_T_le_v4SPD16_eabi.lib : wcslen.c.obj (.text:wcslen)
                  000058e0    0000000e                                   : copy_decompress_none.c.obj (.text:decompress:none:__TI_decompress_none)
                  000058ee    0000000e     startup_msp432p401r_ccs.obj (.text)
                  000058fc    0000000a     rtsv7M4_T_le_v4SPD16_eabi.lib : sprintf.c.obj (.text:_outc)
                  00005906    00000002     --HOLE-- [fill = 0]
                  00005908    00000008                                   : errno.c.obj (.text:__aeabi_errno_addr)
                  00005910    00000004                                   : pre_init.c.obj (.text:_system_pre_init)
                  00005914    00000004                                   : exit.c.obj (.text:abort:abort)

.const     0    00005918    000004e9     
                  00005918    00000228     oled.obj (.const:F6x8)
                  00005b40    000001c0     oled.obj (.const:Hzk)
                  00005d00    00000101     rtsv7M4_T_le_v4SPD16_eabi.lib : ctype.c.obj (.const:.string:_ctypes_)

.cinit     0    00005e08    00000068     
                  00005e08    00000042     (.cinit..data.load) [load image, compression = lzss]
                  00005e4a    00000002     --HOLE-- [fill = 0]
                  00005e4c    0000000c     (__TI_handler_table)
                  00005e58    00000008     (.cinit..bss.load) [load image, compression = zero_init]
                  00005e60    00000010     (__TI_cinit_table)

.init_array 
*          0    00000000    00000000     UNINITIALIZED

.binit     0    00000000    00000000     

.data      0    20000000    00002a9c     UNINITIALIZED
                  20000000    00002000     oled.obj (.data:screen_buf)
                  20002000    00000400     oled.obj (.data:bmp2)
                  20002400    00000400     oled.obj (.data:bmp)
                  20002800    00000200     Oscill_OLED.obj (.data:Oscill_data_buff)
                  20002a00    00000038     exinTimerAINT.obj (.data:CCRn_period_val)
                  20002a38    00000030     msp432p4xx_driverlib.lib : gpio.o (.data:GPIO_PORT_TO_BASE)
                  20002a68    0000001c     exinadjust.obj (.data)
                  20002a84    00000008     exinsystem.obj (.data)
                  20002a8c    00000008     oled.obj (.data:tmp$2)
                  20002a94    00000004     rtsv7M4_T_le_v4SPD16_eabi.lib : errno.c.obj (.data)
                  20002a98    00000004     system_msp432p401r.obj (.data)

.bss       0    20002a9c    0000006d     UNINITIALIZED
                  20002a9c    00000030     (.common:ADC14_STRUCT)
                  20002acc    00000018     (.common:oscill1)
                  20002ae4    00000008     (.common:encoder_A)
                  20002aec    00000008     (.common:encoder_B)
                  20002af4    00000008     (.common:encoder_C)
                  20002afc    00000008     (.common:encoder_D)
                  20002b04    00000004     exinsystem.obj (.bss)
                  20002b08    00000001     oled.obj (.bss)

.stack     0    2000fe00    00000200     UNINITIALIZED
                  2000fe00    00000004     rtsv7M4_T_le_v4SPD16_eabi.lib : boot_cortex_m.c.obj (.stack)
                  2000fe04    000001fc     --HOLE--

__llvm_prf_cnts 
*          0    20000000    00000000     UNINITIALIZED

MODULE SUMMARY

       Module                        code    ro data   rw data
       ------                        ----    -------   -------
    .\
       system_msp432p401r.obj        820     0         8      
       startup_msp432p401r_ccs.obj   14      228       0      
       main.obj                      18      0         96     
    +--+-----------------------------+-------+---------+---------+
       Total:                        852     228       104    
                                                              
    .\exinlibs\
       oled.obj                      2012    1000      20498  
       exingpio.obj                  2716    0         0      
       exinADC.obj                   2288    0         0      
       exinuart.obj                  1696    0         0      
       exinisr.obj                   1636    0         0      
       exinsystem.obj                1276    0         24     
       exinTimerA.obj                1132    0         0      
       Oscill_OLED.obj               0       0         1072   
       exinadjust.obj                648     0         56     
       exinkey.obj                   448     0         0      
       exinTimerAINT.obj             0       0         112    
       exinencoder.obj               0       0         64     
    +--+-----------------------------+-------+---------+---------+
       Total:                        13852   1000      21826  
                                                              
    C:/ti/msp/MSP432Ware_3_40_00_25/driverlib/driverlib/MSP432P4xx/ccs/msp432p4xx_driverlib.lib
       gpio.o                        80      0         96     
    +--+-----------------------------+-------+---------+---------+
       Total:                        80      0         96     
                                                              
    D:\CCS\ccs\tools\compiler\ti-cgt-arm_20.2.1.LTS\lib\rtsv7M4_T_le_v4SPD16_eabi.lib
       _printfi.c.obj                4851    0         0      
       fd_add_t2.asm.obj             438     0         0      
       fd_div_t2.asm.obj             310     0         0      
       s_scalbn.c.obj                272     0         0      
       fd_cmp_t2.asm.obj             268     0         0      
       ctype.c.obj                   0       257       0      
       fd_mul_t2.asm.obj             252     0         0      
       memcpy_t2.asm.obj             156     0         0      
       ull_div_t2.asm.obj            150     0         0      
       memset_t2.asm.obj             122     0         0      
       copy_decompress_lzss.c.obj    104     0         0      
       s_frexp.c.obj                 100     0         0      
       sprintf.c.obj                 98      0         0      
       _ltoa.c.obj                   84      0         0      
       atoi.c.obj                    76      0         0      
       fd_toi_t2.asm.obj             72      0         0      
       autoinit.c.obj                68      0         0      
       fs_tod_t2.asm.obj             56      0         0      
       boot_cortex_m.c.obj           52      0         0      
       i_tofd_t2.asm.obj             46      0         0      
       u_tofd_t2.asm.obj             32      0         0      
       copy_zero_init.c.obj          28      0         0      
       memccpy.c.obj                 28      0         0      
       s_copysign.c.obj              26      0         0      
       strchr.c.obj                  22      0         0      
       strlen.c.obj                  20      0         0      
       wcslen.c.obj                  18      0         0      
       errno.c.obj                   8       0         8      
       copy_decompress_none.c.obj    14      0         0      
       exit.c.obj                    4       0         0      
       pre_init.c.obj                4       0         0      
       div0.asm.obj                  2       0         0      
    +--+-----------------------------+-------+---------+---------+
       Total:                        7781    257       8      
                                                              
       Stack:                        0       0         1024   
       Linker Generated:             0       102       0      
    +--+-----------------------------+-------+---------+---------+
       Grand Total:                  22565   1587      23058  


LINKER GENERATED COPY TABLES

__TI_cinit_table @ 00005e60 records: 2, size/record: 8, table size: 16
	.data: load addr=00005e08, load size=00000042 bytes, run addr=20000000, run size=00002a9c bytes, compression=lzss
	.bss: load addr=00005e58, load size=00000008 bytes, run addr=20002a9c, run size=0000006d bytes, compression=zero_init


LINKER GENERATED HANDLER TABLE

__TI_handler_table @ 00005e4c records: 3, size/record: 4, table size: 12
	index: 0, handler: __TI_decompress_lzss
	index: 1, handler: __TI_decompress_none
	index: 2, handler: __TI_zero_init


GLOBAL SYMBOLS: SORTED ALPHABETICALLY BY Name 

address   name                          
-------   ----                          
00001ae1  ADC14_CHAEND_set              
00001815  ADC14_CHA_sel                 
00001929  ADC14_CLK_sel                 
00001cdd  ADC14_IRQFG_set               
00001e35  ADC14_IRQHandler              
00001e35  ADC14_IRQHandler              
00001bd9  ADC14_MEM_set                 
00001a27  ADC14_PREC_sel                
20002a9c  ADC14_STRUCT                  
000015dd  ADC14_convert_disable         
000015d1  ADC14_convert_enable          
000015f5  ADC14_convert_end             
000015e9  ADC14_convert_start           
00001a81  ADC14_init                    
0000169f  ADC14_read_data               
00001d69  ADC14_repeatmod_init          
00001de1  ADC14_repeatmod_rec           
00001601  ADC14_start                   
000058fb  AES256_IRQHandler             
20002a82  A_flag                        
20002a83  B_flag                        
000058fb  BusFault_Handler              
00005915  C$$EXIT                       
20002a00  CCRn_period_val               
000058fb  COMP_E0_IRQHandler            
000058fb  COMP_E1_IRQHandler            
000058fb  CS_IRQHandler                 
000033d3  CS_locked                     
000033c9  CS_unlocked                   
000033db  DCO_set                       
000058fb  DMA_ERR_IRQHandler            
000058fb  DMA_INT0_IRQHandler           
000058fb  DMA_INT1_IRQHandler           
000058fb  DMA_INT2_IRQHandler           
000058fb  DMA_INT3_IRQHandler           
000058fb  DebugMon_Handler              
000058fb  Default_Handler               
00002ca3  EUSCIA0_IRQHandler            
00002ca3  EUSCIA0_IRQHandler            
00002cad  EUSCIA1_IRQHandler            
00002cad  EUSCIA1_IRQHandler            
00002cc1  EUSCIA2_IRQHandler            
00002cc1  EUSCIA2_IRQHandler            
00002ccb  EUSCIA3_IRQHandler            
00002ccb  EUSCIA3_IRQHandler            
000058fb  EUSCIB0_IRQHandler            
000058fb  EUSCIB1_IRQHandler            
000058fb  EUSCIB2_IRQHandler            
000058fb  EUSCIB3_IRQHandler            
00005918  F6x8                          
000058fb  FLCTL_IRQHandler              
000058fb  FPU_IRQHandler                
000057b5  GPIO_setAsOutputPin           
00005895  GPIO_setOutputHighOnPin       
0000584d  GPIO_setOutputLowOnPin        
000058fb  HardFault_Handler             
00005b40  Hzk                           
20002a80  IRQ3_5flag                    
20002a81  IRQ4_6flag                    
00003451  MCLK_set                      
000058fb  MemManage_Handler             
000058fb  NMI_Handler                   
0000214b  OLED_Clear                    
0000212f  OLED_Display_Off              
00002113  OLED_Display_On               
00002499  OLED_DrawBMP                  
00002549  OLED_Init                     
00001ec1  OLED_PutPixel                 
0000403d  OLED_SHOW                     
000020d7  OLED_Set_Pos                  
000023e3  OLED_ShowCHinese              
000021b9  OLED_ShowChar                 
0000227d  OLED_ShowNum                  
00002381  OLED_ShowString               
00002351  OLED_Showfloat                
00002047  OLED_WR_Byte                  
00001f31  OLED_pos_clr                  
20002800  Oscill_data_buff              
000058fb  PCM_IRQHandler                
00002d3d  PORT1_IRQHandler              
00002d3d  PORT1_IRQHandler              
00002de3  PORT2_IRQHandler              
00002de3  PORT2_IRQHandler              
00002eaf  PORT3_IRQHandler              
00002eaf  PORT3_IRQHandler              
00002f67  PORT4_IRQHandler              
00002f67  PORT4_IRQHandler              
00003045  PORT5_IRQHandler              
00003045  PORT5_IRQHandler              
00003119  PORT6_IRQHandler              
00003119  PORT6_IRQHandler              
000058fb  PSS_IRQHandler                
000058fb  PendSV_Handler                
000058fb  RTC_C_IRQHandler              
000058ef  Reset_Handler                 
00004243  Rotate_INIT                   
0000426d  Rotate_adjust_TEST            
00003571  SMCLK_set                     
000058fb  SVC_Handler                   
00003817  SysTick_Handler               
00003817  SysTick_Handler               
20002a98  SystemCoreClock               
00003d09  SystemCoreClockUpdate         
00003f81  SystemInit                    
000058fb  T32_INT1_IRQHandler           
000058fb  T32_INT2_IRQHandler           
000058fb  T32_INTC_IRQHandler           
000031f5  TA0_0_IRQHandler              
000031f5  TA0_0_IRQHandler              
0000322f  TA0_N_IRQHandler              
0000322f  TA0_N_IRQHandler              
0000320b  TA1_0_IRQHandler              
0000320b  TA1_0_IRQHandler              
00003235  TA1_N_IRQHandler              
00003235  TA1_N_IRQHandler              
00003217  TA2_0_IRQHandler              
00003217  TA2_0_IRQHandler              
00003237  TA2_N_IRQHandler              
00003237  TA2_N_IRQHandler              
00003223  TA3_0_IRQHandler              
00003223  TA3_0_IRQHandler              
0000324d  TA3_N_IRQHandler              
0000324d  TA3_N_IRQHandler              
00003c79  TimerA_CCRVAL_set             
00003943  TimerA_CLK_set                
0000389d  TimerA_MOD_sel                
00003a4f  TimerA_NVIC_IRQ_set           
00003bc9  TimerA_disable_CCRnIRQ        
00003b0b  TimerA_enable_CCRnIRQ         
00002921  UART_Baunds_set               
00002815  UART_CLK_sel                  
00002719  UART_IRQRX_set                
0000269d  UART_IRQ_set                  
000027c1  UART_PIN_sel                  
0000276d  UART_USIC_init                
00002af5  UART_init                     
00002ba9  UART_recv_Byte                
00002b39  UART_send_Byte                
00002c6d  UART_send_int                 
00002c25  UART_send_short               
00002bf7  UART_send_string              
000058fb  UsageFault_Handler            
4000480c  WDTCTL_SYM                    
000058fb  WDT_A_IRQHandler              
20010000  __STACK_END                   
00000200  __STACK_SIZE                  
00005e60  __TI_CINIT_Base               
00005e70  __TI_CINIT_Limit              
00005e4c  __TI_Handler_Table_Base       
00005e58  __TI_Handler_Table_Limit      
00005655  __TI_auto_init_nobinit_nopinit
000053f9  __TI_decompress_lzss          
000058e1  __TI_decompress_none          
0000551b  __TI_ltoa                     
ffffffff  __TI_pprof_out_hndl           
00000b81  __TI_printfi                  
ffffffff  __TI_prof_data_size           
ffffffff  __TI_prof_data_start          
00000000  __TI_static_base__            
000057f9  __TI_zero_init_nomemset       
00005205  __aeabi_cdcmpeq               
00005205  __aeabi_cdcmple               
0000528b  __aeabi_cdrcmple              
0000560d  __aeabi_d2iz                  
000048cf  __aeabi_dadd                  
00004bb9  __aeabi_ddiv                  
00004f25  __aeabi_dmul                  
000048c5  __aeabi_dsub                  
00005909  __aeabi_errno_addr            
00005717  __aeabi_f2d                   
00005785  __aeabi_i2d                   
000015cf  __aeabi_idiv0                 
000015cf  __aeabi_ldiv0                 
00005311  __aeabi_memclr                
00005311  __aeabi_memclr4               
00005311  __aeabi_memclr8               
000050d3  __aeabi_memcpy                
000050d3  __aeabi_memcpy4               
000050d3  __aeabi_memcpy8               
00005313  __aeabi_memset                
00005313  __aeabi_memset4               
00005313  __aeabi_memset8               
000057d9  __aeabi_ui2d                  
0000516f  __aeabi_uldivmod              
ffffffff  __binit__                     
ffffffff  __c_args__                    
UNDEFED   __mpu_init                    
2000fe00  __stack                       
20000000  __start___llvm_prf_cnts       
20000000  __stop___llvm_prf_cnts        
00005751  _c_int00_noargs               
00005d00  _ctypes_                      
UNDEFED   _system_post_cinit            
00005911  _system_pre_init              
00005915  abort                         
000055c1  atoi                          
000040e7  bianmaqi_tiaocan              
ffffffff  binit                         
20002400  bmp                           
20002000  bmp2                          
00005831  copysign                      
00005831  copysignl                     
20002a74  count                         
20002a68  dirf                          
20002ae4  encoder_A                     
20002aec  encoder_B                     
20002af4  encoder_C                     
20002afc  encoder_D                     
20002a94  errno                         
000033a1  error                         
00005461  frexp                         
00005461  frexpl                        
000006bf  gpio_clr_GPIOIRQFLG           
0000064d  gpio_disable_IRQ              
000004cd  gpio_disable_Ren              
00000741  gpio_edg_sel                  
000005b5  gpio_enable_IRQ               
0000040d  gpio_enable_Ren               
00000951  gpio_get                      
000008c1  gpio_init                     
00000861  gpio_interrupt_INIT           
00000a41  gpio_set                      
000001a5  gpio_set_Asin                 
000000e5  gpio_set_Asout                
00000265  gpio_set_High                 
00000325  gpio_set_Low                  
00000a71  gpio_toggle                   
00000000  interruptVectors              
00004763  key_get                       
00004705  key_init                      
000047bb  key_test                      
00004e15  ldexp                         
00004e15  ldexpl                        
000058bd  main                          
00005815  memccpy                       
000050d3  memcpy                        
00005319  memset                        
00002243  oled_pow                      
00001f65  oled_update                   
20002acc  oscill1                       
20002a6c  page_count                    
00004e15  scalbn                        
00004e15  scalbnl                       
20000000  screen_buf                    
00003699  set_DCO_48MH                  
00003731  set_clock_period              
00005699  sprintf                       
20002a70  start_flag                    
0000587d  strchr                        
000058a9  strlen                        
20002a84  sysc                          
000037f7  system_init                   
000037e9  systic_clr                    
0000383f  systic_delayms                
00003821  systic_delayus                
00003775  systic_end                    
0000373b  systic_init                   
00003789  systic_read                   
0000375f  systic_start                  
20002a88  systim                        
20002a78  testA                         
20002a7c  testB                         
000058cf  wcslen                        


GLOBAL SYMBOLS: SORTED BY Symbol Address 

address   name                          
-------   ----                          
00000000  __TI_static_base__            
00000000  interruptVectors              
000000e5  gpio_set_Asout                
000001a5  gpio_set_Asin                 
00000200  __STACK_SIZE                  
00000265  gpio_set_High                 
00000325  gpio_set_Low                  
0000040d  gpio_enable_Ren               
000004cd  gpio_disable_Ren              
000005b5  gpio_enable_IRQ               
0000064d  gpio_disable_IRQ              
000006bf  gpio_clr_GPIOIRQFLG           
00000741  gpio_edg_sel                  
00000861  gpio_interrupt_INIT           
000008c1  gpio_init                     
00000951  gpio_get                      
00000a41  gpio_set                      
00000a71  gpio_toggle                   
00000b81  __TI_printfi                  
000015cf  __aeabi_idiv0                 
000015cf  __aeabi_ldiv0                 
000015d1  ADC14_convert_enable          
000015dd  ADC14_convert_disable         
000015e9  ADC14_convert_start           
000015f5  ADC14_convert_end             
00001601  ADC14_start                   
0000169f  ADC14_read_data               
00001815  ADC14_CHA_sel                 
00001929  ADC14_CLK_sel                 
00001a27  ADC14_PREC_sel                
00001a81  ADC14_init                    
00001ae1  ADC14_CHAEND_set              
00001bd9  ADC14_MEM_set                 
00001cdd  ADC14_IRQFG_set               
00001d69  ADC14_repeatmod_init          
00001de1  ADC14_repeatmod_rec           
00001e35  ADC14_IRQHandler              
00001e35  ADC14_IRQHandler              
00001ec1  OLED_PutPixel                 
00001f31  OLED_pos_clr                  
00001f65  oled_update                   
00002047  OLED_WR_Byte                  
000020d7  OLED_Set_Pos                  
00002113  OLED_Display_On               
0000212f  OLED_Display_Off              
0000214b  OLED_Clear                    
000021b9  OLED_ShowChar                 
00002243  oled_pow                      
0000227d  OLED_ShowNum                  
00002351  OLED_Showfloat                
00002381  OLED_ShowString               
000023e3  OLED_ShowCHinese              
00002499  OLED_DrawBMP                  
00002549  OLED_Init                     
0000269d  UART_IRQ_set                  
00002719  UART_IRQRX_set                
0000276d  UART_USIC_init                
000027c1  UART_PIN_sel                  
00002815  UART_CLK_sel                  
00002921  UART_Baunds_set               
00002af5  UART_init                     
00002b39  UART_send_Byte                
00002ba9  UART_recv_Byte                
00002bf7  UART_send_string              
00002c25  UART_send_short               
00002c6d  UART_send_int                 
00002ca3  EUSCIA0_IRQHandler            
00002ca3  EUSCIA0_IRQHandler            
00002cad  EUSCIA1_IRQHandler            
00002cad  EUSCIA1_IRQHandler            
00002cc1  EUSCIA2_IRQHandler            
00002cc1  EUSCIA2_IRQHandler            
00002ccb  EUSCIA3_IRQHandler            
00002ccb  EUSCIA3_IRQHandler            
00002d3d  PORT1_IRQHandler              
00002d3d  PORT1_IRQHandler              
00002de3  PORT2_IRQHandler              
00002de3  PORT2_IRQHandler              
00002eaf  PORT3_IRQHandler              
00002eaf  PORT3_IRQHandler              
00002f67  PORT4_IRQHandler              
00002f67  PORT4_IRQHandler              
00003045  PORT5_IRQHandler              
00003045  PORT5_IRQHandler              
00003119  PORT6_IRQHandler              
00003119  PORT6_IRQHandler              
000031f5  TA0_0_IRQHandler              
000031f5  TA0_0_IRQHandler              
0000320b  TA1_0_IRQHandler              
0000320b  TA1_0_IRQHandler              
00003217  TA2_0_IRQHandler              
00003217  TA2_0_IRQHandler              
00003223  TA3_0_IRQHandler              
00003223  TA3_0_IRQHandler              
0000322f  TA0_N_IRQHandler              
0000322f  TA0_N_IRQHandler              
00003235  TA1_N_IRQHandler              
00003235  TA1_N_IRQHandler              
00003237  TA2_N_IRQHandler              
00003237  TA2_N_IRQHandler              
0000324d  TA3_N_IRQHandler              
0000324d  TA3_N_IRQHandler              
000033a1  error                         
000033c9  CS_unlocked                   
000033d3  CS_locked                     
000033db  DCO_set                       
00003451  MCLK_set                      
00003571  SMCLK_set                     
00003699  set_DCO_48MH                  
00003731  set_clock_period              
0000373b  systic_init                   
0000375f  systic_start                  
00003775  systic_end                    
00003789  systic_read                   
000037e9  systic_clr                    
000037f7  system_init                   
00003817  SysTick_Handler               
00003817  SysTick_Handler               
00003821  systic_delayus                
0000383f  systic_delayms                
0000389d  TimerA_MOD_sel                
00003943  TimerA_CLK_set                
00003a4f  TimerA_NVIC_IRQ_set           
00003b0b  TimerA_enable_CCRnIRQ         
00003bc9  TimerA_disable_CCRnIRQ        
00003c79  TimerA_CCRVAL_set             
00003d09  SystemCoreClockUpdate         
00003f81  SystemInit                    
0000403d  OLED_SHOW                     
000040e7  bianmaqi_tiaocan              
00004243  Rotate_INIT                   
0000426d  Rotate_adjust_TEST            
00004705  key_init                      
00004763  key_get                       
000047bb  key_test                      
000048c5  __aeabi_dsub                  
000048cf  __aeabi_dadd                  
00004bb9  __aeabi_ddiv                  
00004e15  ldexp                         
00004e15  ldexpl                        
00004e15  scalbn                        
00004e15  scalbnl                       
00004f25  __aeabi_dmul                  
000050d3  __aeabi_memcpy                
000050d3  __aeabi_memcpy4               
000050d3  __aeabi_memcpy8               
000050d3  memcpy                        
0000516f  __aeabi_uldivmod              
00005205  __aeabi_cdcmpeq               
00005205  __aeabi_cdcmple               
0000528b  __aeabi_cdrcmple              
00005311  __aeabi_memclr                
00005311  __aeabi_memclr4               
00005311  __aeabi_memclr8               
00005313  __aeabi_memset                
00005313  __aeabi_memset4               
00005313  __aeabi_memset8               
00005319  memset                        
000053f9  __TI_decompress_lzss          
00005461  frexp                         
00005461  frexpl                        
0000551b  __TI_ltoa                     
000055c1  atoi                          
0000560d  __aeabi_d2iz                  
00005655  __TI_auto_init_nobinit_nopinit
00005699  sprintf                       
00005717  __aeabi_f2d                   
00005751  _c_int00_noargs               
00005785  __aeabi_i2d                   
000057b5  GPIO_setAsOutputPin           
000057d9  __aeabi_ui2d                  
000057f9  __TI_zero_init_nomemset       
00005815  memccpy                       
00005831  copysign                      
00005831  copysignl                     
0000584d  GPIO_setOutputLowOnPin        
0000587d  strchr                        
00005895  GPIO_setOutputHighOnPin       
000058a9  strlen                        
000058bd  main                          
000058cf  wcslen                        
000058e1  __TI_decompress_none          
000058ef  Reset_Handler                 
000058fb  AES256_IRQHandler             
000058fb  BusFault_Handler              
000058fb  COMP_E0_IRQHandler            
000058fb  COMP_E1_IRQHandler            
000058fb  CS_IRQHandler                 
000058fb  DMA_ERR_IRQHandler            
000058fb  DMA_INT0_IRQHandler           
000058fb  DMA_INT1_IRQHandler           
000058fb  DMA_INT2_IRQHandler           
000058fb  DMA_INT3_IRQHandler           
000058fb  DebugMon_Handler              
000058fb  Default_Handler               
000058fb  EUSCIB0_IRQHandler            
000058fb  EUSCIB1_IRQHandler            
000058fb  EUSCIB2_IRQHandler            
000058fb  EUSCIB3_IRQHandler            
000058fb  FLCTL_IRQHandler              
000058fb  FPU_IRQHandler                
000058fb  HardFault_Handler             
000058fb  MemManage_Handler             
000058fb  NMI_Handler                   
000058fb  PCM_IRQHandler                
000058fb  PSS_IRQHandler                
000058fb  PendSV_Handler                
000058fb  RTC_C_IRQHandler              
000058fb  SVC_Handler                   
000058fb  T32_INT1_IRQHandler           
000058fb  T32_INT2_IRQHandler           
000058fb  T32_INTC_IRQHandler           
000058fb  UsageFault_Handler            
000058fb  WDT_A_IRQHandler              
00005909  __aeabi_errno_addr            
00005911  _system_pre_init              
00005915  C$$EXIT                       
00005915  abort                         
00005918  F6x8                          
00005b40  Hzk                           
00005d00  _ctypes_                      
00005e4c  __TI_Handler_Table_Base       
00005e58  __TI_Handler_Table_Limit      
00005e60  __TI_CINIT_Base               
00005e70  __TI_CINIT_Limit              
20000000  __start___llvm_prf_cnts       
20000000  __stop___llvm_prf_cnts        
20000000  screen_buf                    
20002000  bmp2                          
20002400  bmp                           
20002800  Oscill_data_buff              
20002a00  CCRn_period_val               
20002a68  dirf                          
20002a6c  page_count                    
20002a70  start_flag                    
20002a74  count                         
20002a78  testA                         
20002a7c  testB                         
20002a80  IRQ3_5flag                    
20002a81  IRQ4_6flag                    
20002a82  A_flag                        
20002a83  B_flag                        
20002a84  sysc                          
20002a88  systim                        
20002a94  errno                         
20002a98  SystemCoreClock               
20002a9c  ADC14_STRUCT                  
20002acc  oscill1                       
20002ae4  encoder_A                     
20002aec  encoder_B                     
20002af4  encoder_C                     
20002afc  encoder_D                     
2000fe00  __stack                       
20010000  __STACK_END                   
4000480c  WDTCTL_SYM                    
ffffffff  __TI_pprof_out_hndl           
ffffffff  __TI_prof_data_size           
ffffffff  __TI_prof_data_start          
ffffffff  __binit__                     
ffffffff  __c_args__                    
ffffffff  binit                         
UNDEFED   __mpu_init                    
UNDEFED   _system_post_cinit            

[263 symbols]
