******************************************************************************
                  TI ARM Linker PC v20.2.1                     
******************************************************************************
>> Linked Mon Dec 20 11:39:14 2021

OUTPUT FILE NAME:   <7.Exin_roatekey.out>
ENTRY POINT SYMBOL: "_c_int00_noargs"  address: 000054a9


MEMORY CONFIGURATION

         name            origin    length      used     unused   attr    fill
----------------------  --------  ---------  --------  --------  ----  --------
  MAIN                  00000000   00040000  00005c98  0003a368  R  X
  INFO                  00200000   00004000  00000000  00004000  R  X
  SRAM_CODE             01000000   00010000  00002d01  0000d2ff  RW X
  SRAM_DATA             20000000   00010000  00002d01  0000d2ff  RW  


SEGMENT ALLOCATION MAP

run origin  load origin   length   init length attrs members
----------  ----------- ---------- ----------- ----- -------
00000000    00000000    00005c98   00005c98    r-x
  00000000    00000000    000000e4   000000e4    r-- .intvecs
  000000e4    000000e4    00005608   00005608    r-x .text
  000056ec    000056ec    0000053c   0000053c    r-- .const
  00005c28    00005c28    00000070   00000070    r-- .cinit
20000000    20000000    00002b01   00000000    rw-
  20000000    20000000    00002a94   00000000    rw- .data
  20002a94    20002a94    0000006d   00000000    rw- .bss
2000fe00    2000fe00    00000200   00000000    rw-
  2000fe00    2000fe00    00000200   00000000    rw- .stack


SECTION ALLOCATION MAP

 output                                  attributes/
section   page    origin      length       input sections
--------  ----  ----------  ----------   ----------------
.intvecs   0    00000000    000000e4     
                  00000000    000000e4     startup_msp432p401r_ccs.obj (.intvecs:retain)

.text      0    000000e4    00005608     
                  000000e4    00000ad8     exingpio.obj (.text)
                  00000bbc    00000a4e     rtsv7M4_T_le_v4SPD16_eabi.lib : _printfi.c.obj (.text:__TI_printfi)
                  0000160a    00000002                                   : div0.asm.obj (.text)
                  0000160c    000008f0     exinADC.obj (.text)
                  00001efc    000007dc     oled.obj (.text)
                  000026d8    00000698     exinuart.obj (.text)
                  00002d70    000004fc     exinsystem.obj (.text)
                  0000326c    000003f0     exinencoder.obj (.text)
                  0000365c    00000334     system_msp432p401r.obj (.text)
                  00003990    000002bc     exinisr.obj (.text)
                  00003c4c    00000288     exinadjust.obj (.text)
                  00003ed4    00000270     rtsv7M4_T_le_v4SPD16_eabi.lib : _printfi.c.obj (.text:_pconv_a)
                  00004144    000001d0                                   : _printfi.c.obj (.text:_pconv_g)
                  00004314    000001c0     exinkey.obj (.text)
                  000044d4    000001b6     rtsv7M4_T_le_v4SPD16_eabi.lib : fd_add_t2.asm.obj (.text)
                  0000468a    00000002     --HOLE-- [fill = 0]
                  0000468c    00000148     exin_pit.obj (.text)
                  000047d4    0000013c     rtsv7M4_T_le_v4SPD16_eabi.lib : _printfi.c.obj (.text:_pconv_e)
                  00004910    00000136                                   : fd_div_t2.asm.obj (.text)
                  00004a46    00000002     --HOLE-- [fill = 0]
                  00004a48    00000124                                   : _printfi.c.obj (.text:fcvt)
                  00004b6c    00000110                                   : s_scalbn.c.obj (.text:scalbn)
                  00004c7c    000000fc                                   : fd_mul_t2.asm.obj (.text)
                  00004d78    000000b1                                   : _printfi.c.obj (.text:_ltostr)
                  00004e29    00000001     --HOLE-- [fill = 0]
                  00004e2a    0000009c                                   : memcpy_t2.asm.obj (.text)
                  00004ec6    00000096                                   : ull_div_t2.asm.obj (.text)
                  00004f5c    00000086                                   : fd_cmp_t2.asm.obj (.text:__aeabi_cdcmple)
                  00004fe2    00000086                                   : fd_cmp_t2.asm.obj (.text:__aeabi_cdrcmple)
                  00005068    0000007a                                   : memset_t2.asm.obj (.text)
                  000050e2    0000006e                                   : _printfi.c.obj (.text:_mcpy)
                  00005150    00000068                                   : copy_decompress_lzss.c.obj (.text:decompress:lzss:__TI_decompress_lzss)
                  000051b8    00000064                                   : s_frexp.c.obj (.text:frexp)
                  0000521c    00000056                                   : _printfi.c.obj (.text:_pconv_f)
                  00005272    00000054                                   : _ltoa.c.obj (.text:__TI_ltoa)
                  000052c6    00000052                                   : _printfi.c.obj (.text:_ecpy)
                  00005318    0000004c                                   : atoi.c.obj (.text:atoi)
                  00005364    00000048                                   : fd_toi_t2.asm.obj (.text)
                  000053ac    00000044                                   : autoinit.c.obj (.text:__TI_auto_init_nobinit_nopinit:__TI_auto_init_nobinit_nopinit)
                  000053f0    00000040                                   : sprintf.c.obj (.text:sprintf)
                  00005430    0000003e                                   : _printfi.c.obj (.text:_fcpy)
                  0000546e    00000038                                   : fs_tod_t2.asm.obj (.text)
                  000054a6    00000002     --HOLE-- [fill = 0]
                  000054a8    00000034                                   : boot_cortex_m.c.obj (.text:_c_int00_noargs:_c_int00_noargs)
                  000054dc    00000030     msp432p4xx_driverlib.lib : gpio.o (.text:GPIO_getEnabledInterruptStatus)
                  0000550c    0000002e     rtsv7M4_T_le_v4SPD16_eabi.lib : i_tofd_t2.asm.obj (.text)
                  0000553a    00000002     --HOLE-- [fill = 0]
                  0000553c    00000024     msp432p4xx_driverlib.lib : gpio.o (.text:GPIO_setAsOutputPin)
                  00005560    00000024                              : interrupt.o (.text:Interrupt_setPriority)
                  00005584    00000020     rtsv7M4_T_le_v4SPD16_eabi.lib : u_tofd_t2.asm.obj (.text)
                  000055a4    0000001c                                   : copy_zero_init.c.obj (.text:decompress:ZI:__TI_zero_init_nomemset:__TI_zero_init_nomemset)
                  000055c0    0000001c                                   : memccpy.c.obj (.text:memccpy)
                  000055dc    0000001a                                   : s_copysign.c.obj (.text:copysign)
                  000055f6    00000002     --HOLE-- [fill = 0]
                  000055f8    00000018     msp432p4xx_driverlib.lib : gpio.o (.text:GPIO_clearInterruptFlag)
                  00005610    00000018                              : gpio.o (.text:GPIO_setOutputLowOnPin)
                  00005628    00000018     rtsv7M4_T_le_v4SPD16_eabi.lib : sprintf.c.obj (.text:_outs)
                  00005640    00000016                                   : strchr.c.obj (.text:strchr)
                  00005656    00000002     --HOLE-- [fill = 0]
                  00005658    00000014     msp432p4xx_driverlib.lib : gpio.o (.text:GPIO_setOutputHighOnPin)
                  0000566c    00000014     rtsv7M4_T_le_v4SPD16_eabi.lib : strlen.c.obj (.text:strlen)
                  00005680    00000012     main.obj (.text)
                  00005692    00000012     rtsv7M4_T_le_v4SPD16_eabi.lib : wcslen.c.obj (.text:wcslen)
                  000056a4    00000010     msp432p4xx_driverlib.lib : gpio.o (.text:GPIO_getInterruptStatus)
                  000056b4    0000000e     rtsv7M4_T_le_v4SPD16_eabi.lib : copy_decompress_none.c.obj (.text:decompress:none:__TI_decompress_none)
                  000056c2    0000000e     startup_msp432p401r_ccs.obj (.text)
                  000056d0    0000000a     rtsv7M4_T_le_v4SPD16_eabi.lib : sprintf.c.obj (.text:_outc)
                  000056da    00000002     --HOLE-- [fill = 0]
                  000056dc    00000008                                   : errno.c.obj (.text:__aeabi_errno_addr)
                  000056e4    00000004                                   : pre_init.c.obj (.text:_system_pre_init)
                  000056e8    00000004                                   : exit.c.obj (.text:abort:abort)

.const     0    000056ec    0000053c     
                  000056ec    00000228     oled.obj (.const:F6x8)
                  00005914    000001c0     oled.obj (.const:Hzk)
                  00005ad4    00000101     rtsv7M4_T_le_v4SPD16_eabi.lib : ctype.c.obj (.const:.string:_ctypes_)
                  00005bd5    00000003     --HOLE-- [fill = 0]
                  00005bd8    00000050     msp432p4xx_driverlib.lib : interrupt.o (.const:g_pulRegs)

.cinit     0    00005c28    00000070     
                  00005c28    00000045     (.cinit..data.load) [load image, compression = lzss]
                  00005c6d    00000003     --HOLE-- [fill = 0]
                  00005c70    0000000c     (__TI_handler_table)
                  00005c7c    00000004     --HOLE-- [fill = 0]
                  00005c80    00000008     (.cinit..bss.load) [load image, compression = zero_init]
                  00005c88    00000010     (__TI_cinit_table)

.init_array 
*          0    00000000    00000000     UNINITIALIZED

.binit     0    00000000    00000000     

.data      0    20000000    00002a94     UNINITIALIZED
                  20000000    00002000     oled.obj (.data:screen_buf)
                  20002000    00000400     oled.obj (.data:bmp2)
                  20002400    00000400     oled.obj (.data:bmp)
                  20002800    00000200     Oscill_OLED.obj (.data:Oscill_data_buff)
                  20002a00    00000030     msp432p4xx_driverlib.lib : gpio.o (.data:GPIO_PORT_TO_BASE)
                  20002a30    00000028     exinencoder.obj (.data:timerAcaptureValues)
                  20002a58    0000001c     exinadjust.obj (.data)
                  20002a74    00000008     exinencoder.obj (.data)
                  20002a7c    00000008     exinsystem.obj (.data)
                  20002a84    00000008     oled.obj (.data:tmp$2)
                  20002a8c    00000004     rtsv7M4_T_le_v4SPD16_eabi.lib : errno.c.obj (.data)
                  20002a90    00000004     system_msp432p401r.obj (.data)

.bss       0    20002a94    0000006d     UNINITIALIZED
                  20002a94    00000030     (.common:ADC14_STRUCT)
                  20002ac4    00000018     (.common:oscill1)
                  20002adc    00000008     (.common:encoder_A)
                  20002ae4    00000008     (.common:encoder_B)
                  20002aec    00000008     (.common:encoder_C)
                  20002af4    00000008     (.common:encoder_D)
                  20002afc    00000004     exinsystem.obj (.bss)
                  20002b00    00000001     oled.obj (.bss)

.stack     0    2000fe00    00000200     UNINITIALIZED
                  2000fe00    00000004     rtsv7M4_T_le_v4SPD16_eabi.lib : boot_cortex_m.c.obj (.stack)
                  2000fe04    000001fc     --HOLE--

__llvm_prf_cnts 
*          0    20000000    00000000     UNINITIALIZED

MODULE SUMMARY

       Module                        code    ro data   rw data
       ------                        ----    -------   -------
    .\
       system_msp432p401r.obj        820     0         8      
       startup_msp432p401r_ccs.obj   14      228       0      
       main.obj                      18      0         96     
    +--+-----------------------------+-------+---------+---------+
       Total:                        852     228       104    
                                                              
    .\exinlibs\
       oled.obj                      2012    1000      20498  
       exingpio.obj                  2776    0         0      
       exinADC.obj                   2288    0         0      
       exinuart.obj                  1688    0         0      
       exinsystem.obj                1276    0         24     
       exinencoder.obj               1008    0         160    
       Oscill_OLED.obj               0       0         1072   
       exinadjust.obj                648     0         56     
       exinisr.obj                   700     0         0      
       exinkey.obj                   448     0         0      
       exin_pit.obj                  328     0         0      
    +--+-----------------------------+-------+---------+---------+
       Total:                        13172   1000      21810  
                                                              
    C:/ti/msp/MSP432Ware_3_40_00_25/driverlib/driverlib/MSP432P4xx/ccs/msp432p4xx_driverlib.lib
       gpio.o                        168     0         96     
       interrupt.o                   36      80        0      
    +--+-----------------------------+-------+---------+---------+
       Total:                        204     80        96     
                                                              
    D:\CCS\ccs\tools\compiler\ti-cgt-arm_20.2.1.LTS\lib\rtsv7M4_T_le_v4SPD16_eabi.lib
       _printfi.c.obj                4851    0         0      
       fd_add_t2.asm.obj             438     0         0      
       fd_div_t2.asm.obj             310     0         0      
       s_scalbn.c.obj                272     0         0      
       fd_cmp_t2.asm.obj             268     0         0      
       ctype.c.obj                   0       257       0      
       fd_mul_t2.asm.obj             252     0         0      
       memcpy_t2.asm.obj             156     0         0      
       ull_div_t2.asm.obj            150     0         0      
       memset_t2.asm.obj             122     0         0      
       copy_decompress_lzss.c.obj    104     0         0      
       s_frexp.c.obj                 100     0         0      
       sprintf.c.obj                 98      0         0      
       _ltoa.c.obj                   84      0         0      
       atoi.c.obj                    76      0         0      
       fd_toi_t2.asm.obj             72      0         0      
       autoinit.c.obj                68      0         0      
       fs_tod_t2.asm.obj             56      0         0      
       boot_cortex_m.c.obj           52      0         0      
       i_tofd_t2.asm.obj             46      0         0      
       u_tofd_t2.asm.obj             32      0         0      
       copy_zero_init.c.obj          28      0         0      
       memccpy.c.obj                 28      0         0      
       s_copysign.c.obj              26      0         0      
       strchr.c.obj                  22      0         0      
       strlen.c.obj                  20      0         0      
       wcslen.c.obj                  18      0         0      
       errno.c.obj                   8       0         8      
       copy_decompress_none.c.obj    14      0         0      
       exit.c.obj                    4       0         0      
       pre_init.c.obj                4       0         0      
       div0.asm.obj                  2       0         0      
    +--+-----------------------------+-------+---------+---------+
       Total:                        7781    257       8      
                                                              
       Stack:                        0       0         1024   
       Linker Generated:             0       105       0      
    +--+-----------------------------+-------+---------+---------+
       Grand Total:                  22009   1670      23042  


LINKER GENERATED COPY TABLES

__TI_cinit_table @ 00005c88 records: 2, size/record: 8, table size: 16
	.data: load addr=00005c28, load size=00000045 bytes, run addr=20000000, run size=00002a94 bytes, compression=lzss
	.bss: load addr=00005c80, load size=00000008 bytes, run addr=20002a94, run size=0000006d bytes, compression=zero_init


LINKER GENERATED HANDLER TABLE

__TI_handler_table @ 00005c70 records: 3, size/record: 4, table size: 12
	index: 0, handler: __TI_decompress_lzss
	index: 1, handler: __TI_decompress_none
	index: 2, handler: __TI_zero_init


GLOBAL SYMBOLS: SORTED ALPHABETICALLY BY Name 

address   name                          
-------   ----                          
00001b1d  ADC14_CHAEND_set              
00001851  ADC14_CHA_sel                 
00001965  ADC14_CLK_sel                 
00001d19  ADC14_IRQFG_set               
00001e71  ADC14_IRQHandler              
00001e71  ADC14_IRQHandler              
00001c15  ADC14_MEM_set                 
00001a63  ADC14_PREC_sel                
20002a94  ADC14_STRUCT                  
00001619  ADC14_convert_disable         
0000160d  ADC14_convert_enable          
00001631  ADC14_convert_end             
00001625  ADC14_convert_start           
00001abd  ADC14_init                    
000016db  ADC14_read_data               
00001da5  ADC14_repeatmod_init          
00001e1b  ADC14_repeatmod_rec           
0000163d  ADC14_start                   
000056cf  AES256_IRQHandler             
20002a72  A_flag                        
20002a73  B_flag                        
000056cf  BusFault_Handler              
000056e9  C$$EXIT                       
000056cf  COMP_E0_IRQHandler            
000056cf  COMP_E1_IRQHandler            
000056cf  CS_IRQHandler                 
00002da3  CS_locked                     
00002d99  CS_unlocked                   
00002dab  DCO_set                       
000056cf  DMA_ERR_IRQHandler            
000056cf  DMA_INT0_IRQHandler           
000056cf  DMA_INT1_IRQHandler           
000056cf  DMA_INT2_IRQHandler           
000056cf  DMA_INT3_IRQHandler           
000056cf  DebugMon_Handler              
000056cf  Default_Handler               
000035c1  ENCODER_TEST                  
00002cd7  EUSCIA0_IRQHandler            
00002cd7  EUSCIA0_IRQHandler            
00002ce1  EUSCIA1_IRQHandler            
00002ce1  EUSCIA1_IRQHandler            
00002cf5  EUSCIA2_IRQHandler            
00002cf5  EUSCIA2_IRQHandler            
00002cff  EUSCIA3_IRQHandler            
00002cff  EUSCIA3_IRQHandler            
000056cf  EUSCIB0_IRQHandler            
000056cf  EUSCIB1_IRQHandler            
000056cf  EUSCIB2_IRQHandler            
000056cf  EUSCIB3_IRQHandler            
00003491  Encoder_clr                   
000056ec  F6x8                          
000056cf  FLCTL_IRQHandler              
000056cf  FPU_IRQHandler                
00003455  GET_encoder_dir               
00003419  GET_encoder_num               
000055f9  GPIO_clearInterruptFlag       
000054dd  GPIO_getEnabledInterruptStatus
000056a5  GPIO_getInterruptStatus       
0000553d  GPIO_setAsOutputPin           
00005659  GPIO_setOutputHighOnPin       
00005611  GPIO_setOutputLowOnPin        
000056cf  HardFault_Handler             
00005914  Hzk                           
20002a70  IRQ3_5flag                    
20002a71  IRQ4_6flag                    
00005561  Interrupt_setPriority         
00002e21  MCLK_set                      
000056cf  MemManage_Handler             
000056cf  NMI_Handler                   
00002187  OLED_Clear                    
0000216b  OLED_Display_Off              
0000214f  OLED_Display_On               
000024d5  OLED_DrawBMP                  
00002585  OLED_Init                     
00001efd  OLED_PutPixel                 
00003c4d  OLED_SHOW                     
00002113  OLED_Set_Pos                  
0000241f  OLED_ShowCHinese              
000021f5  OLED_ShowChar                 
000022b9  OLED_ShowNum                  
000023bd  OLED_ShowString               
0000238d  OLED_Showfloat                
00002083  OLED_WR_Byte                  
00001f6d  OLED_pos_clr                  
00003531  OLED_show                     
20002800  Oscill_data_buff              
000056cf  PCM_IRQHandler                
0000468d  PIT_init                      
00003991  PORT1_IRQHandler              
00003991  PORT1_IRQHandler              
000039cf  PORT2_IRQHandler              
000039cf  PORT2_IRQHandler              
00003a35  PORT3_IRQHandler              
00003a35  PORT3_IRQHandler              
00003a87  PORT4_IRQHandler              
00003a87  PORT4_IRQHandler              
00003b01  PORT5_IRQHandler              
00003b01  PORT5_IRQHandler              
00003b67  PORT6_IRQHandler              
00003b67  PORT6_IRQHandler              
000056cf  PSS_IRQHandler                
000056cf  PendSV_Handler                
000056cf  RTC_C_IRQHandler              
000056c3  Reset_Handler                 
00003e53  Rotate_INIT                   
00003e7d  Rotate_adjust_TEST            
00002f41  SMCLK_set                     
000056cf  SVC_Handler                   
000031e7  SysTick_Handler               
000031e7  SysTick_Handler               
20002a90  SystemCoreClock               
0000365d  SystemCoreClockUpdate         
000038d5  SystemInit                    
000056cf  T32_INT1_IRQHandler           
000056cf  T32_INT2_IRQHandler           
000056cf  T32_INTC_IRQHandler           
00003bd3  TA0_0_IRQHandler              
00003bd3  TA0_0_IRQHandler              
000034d5  TA0_N_IRQHandler              
000034d5  TA0_N_IRQHandler              
00003be9  TA1_0_IRQHandler              
00003be9  TA1_0_IRQHandler              
000056cf  TA1_N_IRQHandler              
00003bf5  TA2_0_IRQHandler              
00003bf5  TA2_0_IRQHandler              
000056cf  TA2_N_IRQHandler              
00003c01  TA3_0_IRQHandler              
00003c01  TA3_0_IRQHandler              
000056cf  TA3_N_IRQHandler              
00002955  UART_Baunds_set               
00002849  UART_CLK_sel                  
0000274d  UART_IRQRX_set                
000026d9  UART_IRQ_set                  
000027f5  UART_PIN_sel                  
000027a1  UART_USIC_init                
00002b29  UART_init                     
00002bdd  UART_recv_Byte                
00002b6d  UART_send_Byte                
00002ca1  UART_send_int                 
00002c59  UART_send_short               
00002c2b  UART_send_string              
000056cf  UsageFault_Handler            
4000480c  WDTCTL_SYM                    
000056cf  WDT_A_IRQHandler              
20010000  __STACK_END                   
00000200  __STACK_SIZE                  
00005c88  __TI_CINIT_Base               
00005c98  __TI_CINIT_Limit              
00005c70  __TI_Handler_Table_Base       
00005c7c  __TI_Handler_Table_Limit      
000053ad  __TI_auto_init_nobinit_nopinit
00005151  __TI_decompress_lzss          
000056b5  __TI_decompress_none          
00005273  __TI_ltoa                     
ffffffff  __TI_pprof_out_hndl           
00000bbd  __TI_printfi                  
ffffffff  __TI_prof_data_size           
ffffffff  __TI_prof_data_start          
00000000  __TI_static_base__            
000055a5  __TI_zero_init_nomemset       
00004f5d  __aeabi_cdcmpeq               
00004f5d  __aeabi_cdcmple               
00004fe3  __aeabi_cdrcmple              
00005365  __aeabi_d2iz                  
000044df  __aeabi_dadd                  
00004911  __aeabi_ddiv                  
00004c7d  __aeabi_dmul                  
000044d5  __aeabi_dsub                  
000056dd  __aeabi_errno_addr            
0000546f  __aeabi_f2d                   
0000550d  __aeabi_i2d                   
0000160b  __aeabi_idiv0                 
0000160b  __aeabi_ldiv0                 
00005069  __aeabi_memclr                
00005069  __aeabi_memclr4               
00005069  __aeabi_memclr8               
00004e2b  __aeabi_memcpy                
00004e2b  __aeabi_memcpy4               
00004e2b  __aeabi_memcpy8               
0000506b  __aeabi_memset                
0000506b  __aeabi_memset4               
0000506b  __aeabi_memset8               
00005585  __aeabi_ui2d                  
00004ec7  __aeabi_uldivmod              
ffffffff  __binit__                     
ffffffff  __c_args__                    
UNDEFED   __mpu_init                    
2000fe00  __stack                       
20000000  __start___llvm_prf_cnts       
20000000  __stop___llvm_prf_cnts        
000054a9  _c_int00_noargs               
00005ad4  _ctypes_                      
UNDEFED   _system_post_cinit            
000056e5  _system_pre_init              
000056e9  abort                         
00005319  atoi                          
00003cf7  bianmaqi_tiaocan              
ffffffff  binit                         
20002400  bmp                           
20002000  bmp2                          
000055dd  copysign                      
000055dd  copysignl                     
20002a64  count                         
20002a58  dirf                          
20002adc  encoder_A                     
20002ae4  encoder_B                     
20002aec  encoder_C                     
20002af4  encoder_D                     
0000326d  encoder_IncTypeDef_init       
000032c9  encoder_dirpin_init           
00003371  encoder_init                  
00003321  encoder_interrupt_init        
20002a8c  errno                         
00002d71  error                         
000051b9  frexp                         
000051b9  frexpl                        
000006bf  gpio_clr_GPIOIRQFLG           
0000064d  gpio_disable_IRQ              
000004cd  gpio_disable_Ren              
00000741  gpio_edg_sel                  
000005b5  gpio_enable_IRQ               
0000040d  gpio_enable_Ren               
000008fd  gpio_get                      
00000871  gpio_init                     
00000b1d  gpio_interrupt_INIT           
000009e9  gpio_set                      
000001a5  gpio_set_Asin                 
000000e5  gpio_set_Asout                
00000265  gpio_set_High                 
00000325  gpio_set_Low                  
00000a21  gpio_toggle                   
00000000  interruptVectors              
00004373  key_get                       
00004315  key_init                      
000043cb  key_test                      
00004b6d  ldexp                         
00004b6d  ldexpl                        
00005681  main                          
000055c1  memccpy                       
00004e2b  memcpy                        
00005071  memset                        
0000227f  oled_pow                      
00001fa1  oled_update                   
20002ac4  oscill1                       
20002a5c  page_count                    
00004b6d  scalbn                        
00004b6d  scalbnl                       
20000000  screen_buf                    
00003069  set_DCO_48MH                  
00003101  set_clock_period              
000053f1  sprintf                       
20002a60  start_flag                    
00005641  strchr                        
0000566d  strlen                        
20002a7c  sysc                          
000031c7  system_init                   
000031b9  systic_clr                    
0000320f  systic_delayms                
000031f1  systic_delayus                
00003145  systic_end                    
0000310b  systic_init                   
00003159  systic_read                   
0000312f  systic_start                  
20002a80  systim                        
20002a68  testA                         
20002a6c  testB                         
20002a78  time_counter                  
20002a74  timerAcapturePointer          
20002a30  timerAcaptureValues           
00005693  wcslen                        


GLOBAL SYMBOLS: SORTED BY Symbol Address 

address   name                          
-------   ----                          
00000000  __TI_static_base__            
00000000  interruptVectors              
000000e5  gpio_set_Asout                
000001a5  gpio_set_Asin                 
00000200  __STACK_SIZE                  
00000265  gpio_set_High                 
00000325  gpio_set_Low                  
0000040d  gpio_enable_Ren               
000004cd  gpio_disable_Ren              
000005b5  gpio_enable_IRQ               
0000064d  gpio_disable_IRQ              
000006bf  gpio_clr_GPIOIRQFLG           
00000741  gpio_edg_sel                  
00000871  gpio_init                     
000008fd  gpio_get                      
000009e9  gpio_set                      
00000a21  gpio_toggle                   
00000b1d  gpio_interrupt_INIT           
00000bbd  __TI_printfi                  
0000160b  __aeabi_idiv0                 
0000160b  __aeabi_ldiv0                 
0000160d  ADC14_convert_enable          
00001619  ADC14_convert_disable         
00001625  ADC14_convert_start           
00001631  ADC14_convert_end             
0000163d  ADC14_start                   
000016db  ADC14_read_data               
00001851  ADC14_CHA_sel                 
00001965  ADC14_CLK_sel                 
00001a63  ADC14_PREC_sel                
00001abd  ADC14_init                    
00001b1d  ADC14_CHAEND_set              
00001c15  ADC14_MEM_set                 
00001d19  ADC14_IRQFG_set               
00001da5  ADC14_repeatmod_init          
00001e1b  ADC14_repeatmod_rec           
00001e71  ADC14_IRQHandler              
00001e71  ADC14_IRQHandler              
00001efd  OLED_PutPixel                 
00001f6d  OLED_pos_clr                  
00001fa1  oled_update                   
00002083  OLED_WR_Byte                  
00002113  OLED_Set_Pos                  
0000214f  OLED_Display_On               
0000216b  OLED_Display_Off              
00002187  OLED_Clear                    
000021f5  OLED_ShowChar                 
0000227f  oled_pow                      
000022b9  OLED_ShowNum                  
0000238d  OLED_Showfloat                
000023bd  OLED_ShowString               
0000241f  OLED_ShowCHinese              
000024d5  OLED_DrawBMP                  
00002585  OLED_Init                     
000026d9  UART_IRQ_set                  
0000274d  UART_IRQRX_set                
000027a1  UART_USIC_init                
000027f5  UART_PIN_sel                  
00002849  UART_CLK_sel                  
00002955  UART_Baunds_set               
00002b29  UART_init                     
00002b6d  UART_send_Byte                
00002bdd  UART_recv_Byte                
00002c2b  UART_send_string              
00002c59  UART_send_short               
00002ca1  UART_send_int                 
00002cd7  EUSCIA0_IRQHandler            
00002cd7  EUSCIA0_IRQHandler            
00002ce1  EUSCIA1_IRQHandler            
00002ce1  EUSCIA1_IRQHandler            
00002cf5  EUSCIA2_IRQHandler            
00002cf5  EUSCIA2_IRQHandler            
00002cff  EUSCIA3_IRQHandler            
00002cff  EUSCIA3_IRQHandler            
00002d71  error                         
00002d99  CS_unlocked                   
00002da3  CS_locked                     
00002dab  DCO_set                       
00002e21  MCLK_set                      
00002f41  SMCLK_set                     
00003069  set_DCO_48MH                  
00003101  set_clock_period              
0000310b  systic_init                   
0000312f  systic_start                  
00003145  systic_end                    
00003159  systic_read                   
000031b9  systic_clr                    
000031c7  system_init                   
000031e7  SysTick_Handler               
000031e7  SysTick_Handler               
000031f1  systic_delayus                
0000320f  systic_delayms                
0000326d  encoder_IncTypeDef_init       
000032c9  encoder_dirpin_init           
00003321  encoder_interrupt_init        
00003371  encoder_init                  
00003419  GET_encoder_num               
00003455  GET_encoder_dir               
00003491  Encoder_clr                   
000034d5  TA0_N_IRQHandler              
000034d5  TA0_N_IRQHandler              
00003531  OLED_show                     
000035c1  ENCODER_TEST                  
0000365d  SystemCoreClockUpdate         
000038d5  SystemInit                    
00003991  PORT1_IRQHandler              
00003991  PORT1_IRQHandler              
000039cf  PORT2_IRQHandler              
000039cf  PORT2_IRQHandler              
00003a35  PORT3_IRQHandler              
00003a35  PORT3_IRQHandler              
00003a87  PORT4_IRQHandler              
00003a87  PORT4_IRQHandler              
00003b01  PORT5_IRQHandler              
00003b01  PORT5_IRQHandler              
00003b67  PORT6_IRQHandler              
00003b67  PORT6_IRQHandler              
00003bd3  TA0_0_IRQHandler              
00003bd3  TA0_0_IRQHandler              
00003be9  TA1_0_IRQHandler              
00003be9  TA1_0_IRQHandler              
00003bf5  TA2_0_IRQHandler              
00003bf5  TA2_0_IRQHandler              
00003c01  TA3_0_IRQHandler              
00003c01  TA3_0_IRQHandler              
00003c4d  OLED_SHOW                     
00003cf7  bianmaqi_tiaocan              
00003e53  Rotate_INIT                   
00003e7d  Rotate_adjust_TEST            
00004315  key_init                      
00004373  key_get                       
000043cb  key_test                      
000044d5  __aeabi_dsub                  
000044df  __aeabi_dadd                  
0000468d  PIT_init                      
00004911  __aeabi_ddiv                  
00004b6d  ldexp                         
00004b6d  ldexpl                        
00004b6d  scalbn                        
00004b6d  scalbnl                       
00004c7d  __aeabi_dmul                  
00004e2b  __aeabi_memcpy                
00004e2b  __aeabi_memcpy4               
00004e2b  __aeabi_memcpy8               
00004e2b  memcpy                        
00004ec7  __aeabi_uldivmod              
00004f5d  __aeabi_cdcmpeq               
00004f5d  __aeabi_cdcmple               
00004fe3  __aeabi_cdrcmple              
00005069  __aeabi_memclr                
00005069  __aeabi_memclr4               
00005069  __aeabi_memclr8               
0000506b  __aeabi_memset                
0000506b  __aeabi_memset4               
0000506b  __aeabi_memset8               
00005071  memset                        
00005151  __TI_decompress_lzss          
000051b9  frexp                         
000051b9  frexpl                        
00005273  __TI_ltoa                     
00005319  atoi                          
00005365  __aeabi_d2iz                  
000053ad  __TI_auto_init_nobinit_nopinit
000053f1  sprintf                       
0000546f  __aeabi_f2d                   
000054a9  _c_int00_noargs               
000054dd  GPIO_getEnabledInterruptStatus
0000550d  __aeabi_i2d                   
0000553d  GPIO_setAsOutputPin           
00005561  Interrupt_setPriority         
00005585  __aeabi_ui2d                  
000055a5  __TI_zero_init_nomemset       
000055c1  memccpy                       
000055dd  copysign                      
000055dd  copysignl                     
000055f9  GPIO_clearInterruptFlag       
00005611  GPIO_setOutputLowOnPin        
00005641  strchr                        
00005659  GPIO_setOutputHighOnPin       
0000566d  strlen                        
00005681  main                          
00005693  wcslen                        
000056a5  GPIO_getInterruptStatus       
000056b5  __TI_decompress_none          
000056c3  Reset_Handler                 
000056cf  AES256_IRQHandler             
000056cf  BusFault_Handler              
000056cf  COMP_E0_IRQHandler            
000056cf  COMP_E1_IRQHandler            
000056cf  CS_IRQHandler                 
000056cf  DMA_ERR_IRQHandler            
000056cf  DMA_INT0_IRQHandler           
000056cf  DMA_INT1_IRQHandler           
000056cf  DMA_INT2_IRQHandler           
000056cf  DMA_INT3_IRQHandler           
000056cf  DebugMon_Handler              
000056cf  Default_Handler               
000056cf  EUSCIB0_IRQHandler            
000056cf  EUSCIB1_IRQHandler            
000056cf  EUSCIB2_IRQHandler            
000056cf  EUSCIB3_IRQHandler            
000056cf  FLCTL_IRQHandler              
000056cf  FPU_IRQHandler                
000056cf  HardFault_Handler             
000056cf  MemManage_Handler             
000056cf  NMI_Handler                   
000056cf  PCM_IRQHandler                
000056cf  PSS_IRQHandler                
000056cf  PendSV_Handler                
000056cf  RTC_C_IRQHandler              
000056cf  SVC_Handler                   
000056cf  T32_INT1_IRQHandler           
000056cf  T32_INT2_IRQHandler           
000056cf  T32_INTC_IRQHandler           
000056cf  TA1_N_IRQHandler              
000056cf  TA2_N_IRQHandler              
000056cf  TA3_N_IRQHandler              
000056cf  UsageFault_Handler            
000056cf  WDT_A_IRQHandler              
000056dd  __aeabi_errno_addr            
000056e5  _system_pre_init              
000056e9  C$$EXIT                       
000056e9  abort                         
000056ec  F6x8                          
00005914  Hzk                           
00005ad4  _ctypes_                      
00005c70  __TI_Handler_Table_Base       
00005c7c  __TI_Handler_Table_Limit      
00005c88  __TI_CINIT_Base               
00005c98  __TI_CINIT_Limit              
20000000  __start___llvm_prf_cnts       
20000000  __stop___llvm_prf_cnts        
20000000  screen_buf                    
20002000  bmp2                          
20002400  bmp                           
20002800  Oscill_data_buff              
20002a30  timerAcaptureValues           
20002a58  dirf                          
20002a5c  page_count                    
20002a60  start_flag                    
20002a64  count                         
20002a68  testA                         
20002a6c  testB                         
20002a70  IRQ3_5flag                    
20002a71  IRQ4_6flag                    
20002a72  A_flag                        
20002a73  B_flag                        
20002a74  timerAcapturePointer          
20002a78  time_counter                  
20002a7c  sysc                          
20002a80  systim                        
20002a8c  errno                         
20002a90  SystemCoreClock               
20002a94  ADC14_STRUCT                  
20002ac4  oscill1                       
20002adc  encoder_A                     
20002ae4  encoder_B                     
20002aec  encoder_C                     
20002af4  encoder_D                     
2000fe00  __stack                       
20010000  __STACK_END                   
4000480c  WDTCTL_SYM                    
ffffffff  __TI_pprof_out_hndl           
ffffffff  __TI_prof_data_size           
ffffffff  __TI_prof_data_start          
ffffffff  __binit__                     
ffffffff  __c_args__                    
ffffffff  binit                         
UNDEFED   __mpu_init                    
UNDEFED   _system_post_cinit            

[270 symbols]
