******************************************************************************
                  TI ARM Linker PC v20.2.1                     
******************************************************************************
>> Linked Sun Sep 26 10:25:01 2021

OUTPUT FILE NAME:   <7.Exin_roatekey.out>
ENTRY POINT SYMBOL: "_c_int00_noargs"  address: 000043e1


MEMORY CONFIGURATION

         name            origin    length      used     unused   attr    fill
----------------------  --------  ---------  --------  --------  ----  --------
  MAIN                  00000000   00040000  00004f16  0003b0ea  R  X
  INFO                  00200000   00004000  00000000  00004000  R  X
  SRAM_CODE             01000000   00010000  00002d4d  0000d2b3  RW X
  SRAM_DATA             20000000   00010000  00002d4d  0000d2b3  RW  


SEGMENT ALLOCATION MAP

run origin  load origin   length   init length attrs members
----------  ----------- ---------- ----------- ----- -------
00000000    00000000    00004f18   00004f18    r-x
  00000000    00000000    000000e4   000000e4    r-- .intvecs
  000000e4    000000e4    000047b6   000047b6    r-x .text
  0000489c    0000489c    0000060c   0000060c    r-- .const
  00004ea8    00004ea8    00000070   00000070    r-- .cinit
20000000    20000000    00002b4e   00000000    rw-
  20000000    20000000    00002acb   00000000    rw- .data
  20002acc    20002acc    00000082   00000000    rw- .bss
2000fe00    2000fe00    00000200   00000000    rw-
  2000fe00    2000fe00    00000200   00000000    rw- .stack


SECTION ALLOCATION MAP

 output                                  attributes/
section   page    origin      length       input sections
--------  ----  ----------  ----------   ----------------
.intvecs   0    00000000    000000e4     
                  00000000    000000e4     startup_msp432p401r_ccs.obj (.intvecs:retain)

.text      0    000000e4    000047b6     
                  000000e4    00000a4e     rtsv7M4_T_le_v4SPD16_eabi.lib : _printfi.c.obj (.text:__TI_printfi)
                  00000b32    00000002                                   : div0.asm.obj (.text)
                  00000b34    000007dc     oled.obj (.text)
                  00001310    000003f0     exinencoder.obj (.text)
                  00001700    000003cc     exinADC.obj (.text)
                  00001acc    00000334     system_msp432p401r.obj (.text)
                  00001e00    000002c8     exinisr.obj (.text)
                  000020c8    00000294     exinadjust.obj (.text)
                  0000235c    00000270     rtsv7M4_T_le_v4SPD16_eabi.lib : _printfi.c.obj (.text:_pconv_a)
                  000025cc    00000268     exingpio.obj (.text)
                  00002834    00000240     exinsystem.obj (.text)
                  00002a74    000001d0     rtsv7M4_T_le_v4SPD16_eabi.lib : _printfi.c.obj (.text:_pconv_g)
                  00002c44    000001c0     exinkey.obj (.text)
                  00002e04    000001b6     rtsv7M4_T_le_v4SPD16_eabi.lib : fd_add_t2.asm.obj (.text)
                  00002fba    00000002     --HOLE-- [fill = 0]
                  00002fbc    000001b4     ADS_RCV.obj (.text)
                  00003170    00000184     exinuart.obj (.text)
                  000032f4    00000148     exin_pit.obj (.text)
                  0000343c    0000013c     rtsv7M4_T_le_v4SPD16_eabi.lib : _printfi.c.obj (.text:_pconv_e)
                  00003578    00000136                                   : fd_div_t2.asm.obj (.text)
                  000036ae    00000002     --HOLE-- [fill = 0]
                  000036b0    00000124                                   : _printfi.c.obj (.text:fcvt)
                  000037d4    00000110                                   : s_scalbn.c.obj (.text:scalbn)
                  000038e4    000000fc                                   : fd_mul_t2.asm.obj (.text)
                  000039e0    000000dc     msp432p4xx_driverlib.lib : pcm.o (.text:__PCM_setPowerModeAdvanced)
                  00003abc    000000b1     rtsv7M4_T_le_v4SPD16_eabi.lib : _printfi.c.obj (.text:_ltostr)
                  00003b6d    00000003     --HOLE-- [fill = 0]
                  00003b70    000000b0     msp432p4xx_driverlib.lib : pcm.o (.text:__PCM_setCoreVoltageLevelAdvanced)
                  00003c20    0000009c     rtsv7M4_T_le_v4SPD16_eabi.lib : memcpy_t2.asm.obj (.text)
                  00003cbc    00000096                                   : ull_div_t2.asm.obj (.text)
                  00003d52    00000002     --HOLE-- [fill = 0]
                  00003d54    00000094     msp432p4xx_driverlib.lib : uart.o (.text:UART_initModule)
                  00003de8    00000086     rtsv7M4_T_le_v4SPD16_eabi.lib : fd_cmp_t2.asm.obj (.text:__aeabi_cdcmple)
                  00003e6e    00000086                                   : fd_cmp_t2.asm.obj (.text:__aeabi_cdrcmple)
                  00003ef4    0000007a                                   : memset_t2.asm.obj (.text)
                  00003f6e    0000006e                                   : _printfi.c.obj (.text:_mcpy)
                  00003fdc    00000068                                   : copy_decompress_lzss.c.obj (.text:decompress:lzss:__TI_decompress_lzss)
                  00004044    00000064     msp432p4xx_driverlib.lib : interrupt.o (.text:Interrupt_enableInterrupt)
                  000040a8    00000064     rtsv7M4_T_le_v4SPD16_eabi.lib : s_frexp.c.obj (.text:frexp)
                  0000410c    00000056                                   : _printfi.c.obj (.text:_pconv_f)
                  00004162    00000054                                   : _ltoa.c.obj (.text:__TI_ltoa)
                  000041b6    00000052                                   : _printfi.c.obj (.text:_ecpy)
                  00004208    0000004c                                   : atoi.c.obj (.text:atoi)
                  00004254    00000048     msp432p4xx_driverlib.lib : gpio.o (.text:GPIO_setAsPeripheralModuleFunctionInputPin)
                  0000429c    00000048     rtsv7M4_T_le_v4SPD16_eabi.lib : fd_toi_t2.asm.obj (.text)
                  000042e4    00000044                                   : autoinit.c.obj (.text:__TI_auto_init_nobinit_nopinit:__TI_auto_init_nobinit_nopinit)
                  00004328    00000040                                   : sprintf.c.obj (.text:sprintf)
                  00004368    0000003e                                   : _printfi.c.obj (.text:_fcpy)
                  000043a6    00000038                                   : fs_tod_t2.asm.obj (.text)
                  000043de    00000002     --HOLE-- [fill = 0]
                  000043e0    00000034                                   : boot_cortex_m.c.obj (.text:_c_int00_noargs:_c_int00_noargs)
                  00004414    00000030     msp432p4xx_driverlib.lib : gpio.o (.text:GPIO_getEnabledInterruptStatus)
                  00004444    00000030                              : gpio.o (.text:GPIO_setAsInputPinWithPullUpResistor)
                  00004474    00000030                              : uart.o (.text:UART_getEnabledInterruptStatus)
                  000044a4    0000002e     rtsv7M4_T_le_v4SPD16_eabi.lib : i_tofd_t2.asm.obj (.text)
                  000044d2    00000002     --HOLE-- [fill = 0]
                  000044d4    0000002c     msp432p4xx_driverlib.lib : gpio.o (.text:GPIO_setAsInputPin)
                  00004500    0000002c                              : pcm.o (.text:PCM_getCoreVoltageLevel)
                  0000452c    0000002a                              : pcm.o (.text:PCM_getPowerMode)
                  00004556    00000002     --HOLE-- [fill = 0]
                  00004558    00000028                              : flash.o (.text:FlashCtl_setWaitState)
                  00004580    00000024                              : cs.o (.text:CS_setDCOCenteredFrequency)
                  000045a4    00000024                              : gpio.o (.text:GPIO_setAsOutputPin)
                  000045c8    00000024                              : interrupt.o (.text:Interrupt_setPriority)
                  000045ec    00000024                              : uart.o (.text:UART_disableInterrupt)
                  00004610    00000024                              : uart.o (.text:UART_receiveData)
                  00004634    00000024                              : uart.o (.text:UART_transmitData)
                  00004658    00000020     rtsv7M4_T_le_v4SPD16_eabi.lib : u_tofd_t2.asm.obj (.text)
                  00004678    0000001c                                   : copy_zero_init.c.obj (.text:decompress:ZI:__TI_zero_init_nomemset:__TI_zero_init_nomemset)
                  00004694    0000001c                                   : memccpy.c.obj (.text:memccpy)
                  000046b0    0000001a                                   : s_copysign.c.obj (.text:copysign)
                  000046ca    00000002     --HOLE-- [fill = 0]
                  000046cc    00000018     msp432p4xx_driverlib.lib : gpio.o (.text:GPIO_clearInterruptFlag)
                  000046e4    00000018                              : gpio.o (.text:GPIO_getInputPinValue)
                  000046fc    00000018                              : gpio.o (.text:GPIO_setOutputLowOnPin)
                  00004714    00000018                              : wdt_a.o (.text:WDT_A_holdTimer)
                  0000472c    00000018     rtsv7M4_T_le_v4SPD16_eabi.lib : sprintf.c.obj (.text:_outs)
                  00004744    00000016     msp432p4xx_driverlib.lib : uart.o (.text:UART_enableInterrupt)
                  0000475a    00000016     rtsv7M4_T_le_v4SPD16_eabi.lib : strchr.c.obj (.text:strchr)
                  00004770    00000014     msp432p4xx_driverlib.lib : gpio.o (.text:GPIO_enableInterrupt)
                  00004784    00000014                              : gpio.o (.text:GPIO_setOutputHighOnPin)
                  00004798    00000014                              : gpio.o (.text:GPIO_toggleOutputOnPin)
                  000047ac    00000014                              : sysctl.o (.text:SysCtl_enableSRAMBankRetention)
                  000047c0    00000014     rtsv7M4_T_le_v4SPD16_eabi.lib : strlen.c.obj (.text:strlen)
                  000047d4    00000012     main.obj (.text)
                  000047e6    00000012     rtsv7M4_T_le_v4SPD16_eabi.lib : wcslen.c.obj (.text:wcslen)
                  000047f8    00000010     msp432p4xx_driverlib.lib : gpio.o (.text:GPIO_getInterruptStatus)
                  00004808    00000010                              : interrupt.o (.text:Interrupt_enableMaster)
                  00004818    0000000e                              : uart.o (.text:UART_clearInterruptFlag)
                  00004826    0000000e     rtsv7M4_T_le_v4SPD16_eabi.lib : copy_decompress_none.c.obj (.text:decompress:none:__TI_decompress_none)
                  00004834    0000000e     startup_msp432p401r_ccs.obj (.text)
                  00004842    0000000c     msp432p4xx_driverlib.lib : cpu.o (.text:CPU_cpsie)
                  0000484e    00000002     --HOLE-- [fill = 0]
                  00004850    0000000c                              : pcm.o (.text:PCM_getPowerState)
                  0000485c    0000000c                              : uart.o (.text:UART_enableModule)
                  00004868    0000000a     rtsv7M4_T_le_v4SPD16_eabi.lib : sprintf.c.obj (.text:_outc)
                  00004872    00000008     msp432p4xx_driverlib.lib : pcm.o (.text:PCM_setCoreVoltageLevel)
                  0000487a    00000008                              : pcm.o (.text:PCM_setPowerMode)
                  00004882    00000002     --HOLE-- [fill = 0]
                  00004884    00000008     rtsv7M4_T_le_v4SPD16_eabi.lib : errno.c.obj (.text:__aeabi_errno_addr)
                  0000488c    00000006     msp432p4xx_driverlib.lib : uart.o (.text:UART_getInterruptStatus)
                  00004892    00000004     rtsv7M4_T_le_v4SPD16_eabi.lib : pre_init.c.obj (.text:_system_pre_init)
                  00004896    00000004                                   : exit.c.obj (.text:abort:abort)

.const     0    0000489c    0000060c     
                  0000489c    00000228     oled.obj (.const:F6x8)
                  00004ac4    000001c0     oled.obj (.const:Hzk)
                  00004c84    00000101     rtsv7M4_T_le_v4SPD16_eabi.lib : ctype.c.obj (.const:.string:_ctypes_)
                  00004d85    00000003     --HOLE-- [fill = 0]
                  00004d88    00000050     msp432p4xx_driverlib.lib : interrupt.o (.const:g_pulRegs)
                  00004dd8    00000040                              : interrupt.o (.const)
                  00004e18    00000024     exinuart.obj (.const:UART0)
                  00004e3c    00000024     exinuart.obj (.const:UART2)
                  00004e60    00000024     exinuart.obj (.const:UART3)
                  00004e84    00000024     ADS_RCV.obj (.const:UART3_SET)

.cinit     0    00004ea8    00000070     
                  00004ea8    0000004c     (.cinit..data.load) [load image, compression = lzss]
                  00004ef4    0000000c     (__TI_handler_table)
                  00004f00    00000008     (.cinit..bss.load) [load image, compression = zero_init]
                  00004f08    00000010     (__TI_cinit_table)

.init_array 
*          0    00000000    00000000     UNINITIALIZED

.binit     0    00000000    00000000     

.data      0    20000000    00002acb     UNINITIALIZED
                  20000000    00002000     oled.obj (.data:screen_buf)
                  20002000    00000400     oled.obj (.data:bmp2)
                  20002400    00000400     oled.obj (.data:bmp)
                  20002800    00000200     Oscill_OLED.obj (.data:Oscill_data_buff)
                  20002a00    00000030     msp432p4xx_driverlib.lib : gpio.o (.data:GPIO_PORT_TO_BASE)
                  20002a30    00000028     exinencoder.obj (.data:timerAcaptureValues)
                  20002a58    00000020     exinadjust.obj (.data)
                  20002a78    0000001c     exinADC.obj (.data)
                  20002a94    0000000a     ADS_RCV.obj (.data:ADS_RCV_DATA)
                  20002a9e    00000002     --HOLE--
                  20002aa0    00000008     ADS_RCV.obj (.data)
                  20002aa8    00000008     exinencoder.obj (.data)
                  20002ab0    00000008     exinsystem.obj (.data)
                  20002ab8    00000008     oled.obj (.data:tmp$2)
                  20002ac0    00000004     rtsv7M4_T_le_v4SPD16_eabi.lib : errno.c.obj (.data)
                  20002ac4    00000004     system_msp432p401r.obj (.data)
                  20002ac8    00000003     exinuart.obj (.data)

.bss       0    20002acc    00000082     UNINITIALIZED
                  20002acc    00000018     (.common:oscill1)
                  20002ae4    00000010     (.common:A0results)
                  20002af4    00000010     (.common:A1results)
                  20002b04    00000010     (.common:A2results)
                  20002b14    00000010     (.common:A3results)
                  20002b24    00000008     (.common:encoder_A)
                  20002b2c    00000008     (.common:encoder_B)
                  20002b34    00000008     (.common:encoder_C)
                  20002b3c    00000008     (.common:encoder_D)
                  20002b44    00000004     exinsystem.obj (.bss)
                  20002b48    00000004     (.common:ad_get)
                  20002b4c    00000001     exinADC.obj (.bss)
                  20002b4d    00000001     oled.obj (.bss)

.stack     0    2000fe00    00000200     UNINITIALIZED
                  2000fe00    00000004     rtsv7M4_T_le_v4SPD16_eabi.lib : boot_cortex_m.c.obj (.stack)
                  2000fe04    000001fc     --HOLE--

__llvm_prf_cnts 
*          0    20000000    00000000     UNINITIALIZED

MODULE SUMMARY

       Module                        code    ro data   rw data
       ------                        ----    -------   -------
    .\
       system_msp432p401r.obj        820     0         8      
       startup_msp432p401r_ccs.obj   14      228       0      
       main.obj                      18      0         0      
    +--+-----------------------------+-------+---------+---------+
       Total:                        852     228       8      
                                                              
    .\exinlibs\
       oled.obj                      2012    1000      20498  
       exinencoder.obj               1008    0         160    
       exinADC.obj                   972     0         194    
       Oscill_OLED.obj               0       0         1072   
       exinadjust.obj                660     0         64     
       exinisr.obj                   712     0         0      
       exingpio.obj                  616     0         0      
       exinsystem.obj                576     0         24     
       ADS_RCV.obj                   436     36        36     
       exinuart.obj                  388     108       6      
       exinkey.obj                   448     0         0      
       exin_pit.obj                  328     0         0      
    +--+-----------------------------+-------+---------+---------+
       Total:                        8156    1144      22054  
                                                              
    C:/ti/msp/MSP432Ware_3_40_00_25/driverlib/driverlib/MSP432P4xx/ccs/msp432p4xx_driverlib.lib
       pcm.o                         510     0         0      
       gpio.o                        396     0         96     
       uart.o                        358     0         0      
       interrupt.o                   152     144       0      
       flash.o                       40      0         0      
       cs.o                          36      0         0      
       wdt_a.o                       24      0         0      
       sysctl.o                      20      0         0      
       cpu.o                         12      0         0      
    +--+-----------------------------+-------+---------+---------+
       Total:                        1548    144       96     
                                                              
    D:\CCS\ccs\tools\compiler\ti-cgt-arm_20.2.1.LTS\lib\rtsv7M4_T_le_v4SPD16_eabi.lib
       _printfi.c.obj                4851    0         0      
       fd_add_t2.asm.obj             438     0         0      
       fd_div_t2.asm.obj             310     0         0      
       s_scalbn.c.obj                272     0         0      
       fd_cmp_t2.asm.obj             268     0         0      
       ctype.c.obj                   0       257       0      
       fd_mul_t2.asm.obj             252     0         0      
       memcpy_t2.asm.obj             156     0         0      
       ull_div_t2.asm.obj            150     0         0      
       memset_t2.asm.obj             122     0         0      
       copy_decompress_lzss.c.obj    104     0         0      
       s_frexp.c.obj                 100     0         0      
       sprintf.c.obj                 98      0         0      
       _ltoa.c.obj                   84      0         0      
       atoi.c.obj                    76      0         0      
       fd_toi_t2.asm.obj             72      0         0      
       autoinit.c.obj                68      0         0      
       fs_tod_t2.asm.obj             56      0         0      
       boot_cortex_m.c.obj           52      0         0      
       i_tofd_t2.asm.obj             46      0         0      
       u_tofd_t2.asm.obj             32      0         0      
       copy_zero_init.c.obj          28      0         0      
       memccpy.c.obj                 28      0         0      
       s_copysign.c.obj              26      0         0      
       strchr.c.obj                  22      0         0      
       strlen.c.obj                  20      0         0      
       wcslen.c.obj                  18      0         0      
       errno.c.obj                   8       0         8      
       copy_decompress_none.c.obj    14      0         0      
       exit.c.obj                    4       0         0      
       pre_init.c.obj                4       0         0      
       div0.asm.obj                  2       0         0      
    +--+-----------------------------+-------+---------+---------+
       Total:                        7781    257       8      
                                                              
       Stack:                        0       0         1024   
       Linker Generated:             0       112       0      
    +--+-----------------------------+-------+---------+---------+
       Grand Total:                  18337   1885      23190  


LINKER GENERATED COPY TABLES

__TI_cinit_table @ 00004f08 records: 2, size/record: 8, table size: 16
	.data: load addr=00004ea8, load size=0000004c bytes, run addr=20000000, run size=00002acb bytes, compression=lzss
	.bss: load addr=00004f00, load size=00000008 bytes, run addr=20002acc, run size=00000082 bytes, compression=zero_init


LINKER GENERATED HANDLER TABLE

__TI_handler_table @ 00004ef4 records: 3, size/record: 4, table size: 12
	index: 0, handler: __TI_decompress_lzss
	index: 1, handler: __TI_decompress_none
	index: 2, handler: __TI_zero_init


GLOBAL SYMBOLS: SORTED ALPHABETICALLY BY Name 

address   name                                      
-------   ----                                      
20002ae4  A0results                                 
20002af4  A1results                                 
20002b04  A2results                                 
20002b14  A3results                                 
000017f1  ADC14_IRQHandler                          
000017f1  ADC14_IRQHandler                          
20002a7c  ADC_CA                                    
20002a80  ADC_CB                                    
20002a84  ADC_CC                                    
20002a88  ADC_CD                                    
00001701  ADC_INIT                                  
000019b3  ADC_TEST                                  
0000179d  ADC_mean_filter                           
20002a90  ADC_receive_count                         
00003095  ADS_Get                                   
20002a94  ADS_RCV_DATA                              
20002aa1  ADS_RCV_FLAG                              
000030d7  ADS_RCV_GetData32                         
00002fbd  ADS_RCV_Init                              
20002aa2  ADS_RCV_STATE                             
00004841  AES256_IRQHandler                         
20002a76  A_flag                                    
20002a77  B_flag                                    
00004841  BusFault_Handler                          
00004897  C$$EXIT                                   
00004841  COMP_E0_IRQHandler                        
00004841  COMP_E1_IRQHandler                        
00004843  CPU_cpsie                                 
00004841  CS_IRQHandler                             
00004581  CS_setDCOCenteredFrequency                
00004841  DMA_ERR_IRQHandler                        
00004841  DMA_INT0_IRQHandler                       
00004841  DMA_INT1_IRQHandler                       
00004841  DMA_INT2_IRQHandler                       
00004841  DMA_INT3_IRQHandler                       
00004841  DebugMon_Handler                          
00004841  Default_Handler                           
00001665  ENCODER_TEST                              
00003289  EUSCIA0_IRQHandler                        
00003289  EUSCIA0_IRQHandler                        
00004841  EUSCIA1_IRQHandler                        
000032b7  EUSCIA2_IRQHandler                        
000032b7  EUSCIA2_IRQHandler                        
00003005  EUSCIA3_IRQHandler                        
00003005  EUSCIA3_IRQHandler                        
00004841  EUSCIB0_IRQHandler                        
00004841  EUSCIB1_IRQHandler                        
00004841  EUSCIB2_IRQHandler                        
00004841  EUSCIB3_IRQHandler                        
00001535  Encoder_clr                               
0000489c  F6x8                                      
00004841  FLCTL_IRQHandler                          
00004841  FPU_IRQHandler                            
00004559  FlashCtl_setWaitState                     
00001761  GET_ADC_VALUE                             
000014f9  GET_encoder_dir                           
000014bd  GET_encoder_num                           
000046cd  GPIO_clearInterruptFlag                   
00004771  GPIO_enableInterrupt                      
00004415  GPIO_getEnabledInterruptStatus            
000046e5  GPIO_getInputPinValue                     
000047f9  GPIO_getInterruptStatus                   
000044d5  GPIO_setAsInputPin                        
00004445  GPIO_setAsInputPinWithPullUpResistor      
000045a5  GPIO_setAsOutputPin                       
00004255  GPIO_setAsPeripheralModuleFunctionInputPin
00004785  GPIO_setOutputHighOnPin                   
000046fd  GPIO_setOutputLowOnPin                    
00004799  GPIO_toggleOutputOnPin                    
00004841  HardFault_Handler                         
00004ac4  Hzk                                       
20002a74  IRQ3_5flag                                
20002a75  IRQ4_6flag                                
00004045  Interrupt_enableInterrupt                 
00004809  Interrupt_enableMaster                    
000045c9  Interrupt_setPriority                     
00004841  MemManage_Handler                         
00004841  NMI_Handler                               
00000dbf  OLED_Clear                                
00000da3  OLED_Display_Off                          
00000d87  OLED_Display_On                           
0000110d  OLED_DrawBMP                              
000011bd  OLED_Init                                 
00000b35  OLED_PutPixel                             
000020c9  OLED_SHOW                                 
00000d4b  OLED_Set_Pos                              
00001057  OLED_ShowCHinese                          
00000e2d  OLED_ShowChar                             
00000ef1  OLED_ShowNum                              
00000ff5  OLED_ShowString                           
00000fc5  OLED_Showfloat                            
00000cbb  OLED_WR_Byte                              
00000ba5  OLED_pos_clr                              
000015d5  OLED_show                                 
0000195d  OLED_showADC                              
20002800  Oscill_data_buff                          
00004841  PCM_IRQHandler                            
00004501  PCM_getCoreVoltageLevel                   
0000452d  PCM_getPowerMode                          
00004851  PCM_getPowerState                         
00004873  PCM_setCoreVoltageLevel                   
0000487b  PCM_setPowerMode                          
000032f5  PIT_init                                  
00001e01  PORT1_IRQHandler                          
00001e01  PORT1_IRQHandler                          
00001e3f  PORT2_IRQHandler                          
00001e3f  PORT2_IRQHandler                          
00001ea5  PORT3_IRQHandler                          
00001ea5  PORT3_IRQHandler                          
00001efd  PORT4_IRQHandler                          
00001efd  PORT4_IRQHandler                          
00001f7d  PORT5_IRQHandler                          
00001f7d  PORT5_IRQHandler                          
00001fe3  PORT6_IRQHandler                          
00001fe3  PORT6_IRQHandler                          
00004841  PSS_IRQHandler                            
00004841  PendSV_Handler                            
00004841  RTC_C_IRQHandler                          
20002aa0  R_FLAG                                    
00004835  Reset_Handler                             
000022d7  Rotate_INIT                               
00002301  Rotate_adjust_TEST                        
00004841  SVC_Handler                               
000047ad  SysCtl_enableSRAMBankRetention            
000029dd  SysTick_Handler                           
000029dd  SysTick_Handler                           
20002ac4  SystemCoreClock                           
00001acd  SystemCoreClockUpdate                     
00001d45  SystemInit                                
00004841  T32_INT1_IRQHandler                       
00004841  T32_INT2_IRQHandler                       
00004841  T32_INTC_IRQHandler                       
0000204f  TA0_0_IRQHandler                          
0000204f  TA0_0_IRQHandler                          
00001579  TA0_N_IRQHandler                          
00001579  TA0_N_IRQHandler                          
00002065  TA1_0_IRQHandler                          
00002065  TA1_0_IRQHandler                          
00004841  TA1_N_IRQHandler                          
00002071  TA2_0_IRQHandler                          
00002071  TA2_0_IRQHandler                          
00004841  TA2_N_IRQHandler                          
0000207d  TA3_0_IRQHandler                          
0000207d  TA3_0_IRQHandler                          
00004841  TA3_N_IRQHandler                          
00004e18  UART0                                     
20002aca  UART0_RXDat                               
00003171  UART0_init                                
00004e3c  UART2                                     
20002ac9  UART2_RXDat                               
000031b9  UART2_init                                
00004e60  UART3                                     
20002ac8  UART3_RXDat                               
00004e84  UART3_SET                                 
00003201  UART3_init                                
00004819  UART_clearInterruptFlag                   
000045ed  UART_disableInterrupt                     
00004745  UART_enableInterrupt                      
0000485d  UART_enableModule                         
00004475  UART_getEnabledInterruptStatus            
0000488d  UART_getInterruptStatus                   
00003d55  UART_initModule                           
00004611  UART_receiveData                          
00003279  UART_send_Num                             
00003249  UART_send_string                          
00004635  UART_transmitData                         
00004841  UsageFault_Handler                        
4000480c  WDTCTL_SYM                                
00004841  WDT_A_IRQHandler                          
00004715  WDT_A_holdTimer                           
20010000  __STACK_END                               
00000200  __STACK_SIZE                              
00004f08  __TI_CINIT_Base                           
00004f18  __TI_CINIT_Limit                          
00004ef4  __TI_Handler_Table_Base                   
00004f00  __TI_Handler_Table_Limit                  
000042e5  __TI_auto_init_nobinit_nopinit            
00003fdd  __TI_decompress_lzss                      
00004827  __TI_decompress_none                      
00004163  __TI_ltoa                                 
ffffffff  __TI_pprof_out_hndl                       
000000e5  __TI_printfi                              
ffffffff  __TI_prof_data_size                       
ffffffff  __TI_prof_data_start                      
00000000  __TI_static_base__                        
00004679  __TI_zero_init_nomemset                   
00003de9  __aeabi_cdcmpeq                           
00003de9  __aeabi_cdcmple                           
00003e6f  __aeabi_cdrcmple                          
0000429d  __aeabi_d2iz                              
00002e0f  __aeabi_dadd                              
00003579  __aeabi_ddiv                              
000038e5  __aeabi_dmul                              
00002e05  __aeabi_dsub                              
00004885  __aeabi_errno_addr                        
000043a7  __aeabi_f2d                               
000044a5  __aeabi_i2d                               
00000b33  __aeabi_idiv0                             
00000b33  __aeabi_ldiv0                             
00003ef5  __aeabi_memclr                            
00003ef5  __aeabi_memclr4                           
00003ef5  __aeabi_memclr8                           
00003c21  __aeabi_memcpy                            
00003c21  __aeabi_memcpy4                           
00003c21  __aeabi_memcpy8                           
00003ef7  __aeabi_memset                            
00003ef7  __aeabi_memset4                           
00003ef7  __aeabi_memset8                           
00004659  __aeabi_ui2d                              
00003cbd  __aeabi_uldivmod                          
ffffffff  __binit__                                 
ffffffff  __c_args__                                
UNDEFED   __mpu_init                                
2000fe00  __stack                                   
20000000  __start___llvm_prf_cnts                   
20000000  __stop___llvm_prf_cnts                    
000043e1  _c_int00_noargs                           
00004c84  _ctypes_                                  
UNDEFED   _system_post_cinit                        
00004893  _system_pre_init                          
00004897  abort                                     
20002b48  ad_get                                    
00004209  atoi                                      
00002177  bianmaqi_tiaocan                          
ffffffff  binit                                     
20002400  bmp                                       
20002000  bmp2                                      
000046b1  copysign                                  
000046b1  copysignl                                 
20002a68  count                                     
20002a5c  count_max                                 
20002a58  dirf                                      
20002b24  encoder_A                                 
20002b2c  encoder_B                                 
20002b34  encoder_C                                 
20002b3c  encoder_D                                 
00001311  encoder_IncTypeDef_init                   
0000136d  encoder_dirpin_init                       
00001415  encoder_init                              
000013c5  encoder_interrupt_init                    
20002ac0  errno                                     
00002835  error                                     
000040a9  frexp                                     
000040a9  frexpl                                    
00002783  gpio_INT_EN                               
00002671  gpio_edg_sel                              
00002631  gpio_get                                  
000025cd  gpio_init                                 
000027d7  gpio_interrupt_INIT                       
00002641  gpio_set                                  
00002661  gpio_toggle                               
20002a8c  ii                                        
00000000  interruptVectors                          
00002ca3  key_get                                   
00002c45  key_init                                  
00002cfb  key_test                                  
000037d5  ldexp                                     
000037d5  ldexpl                                    
000047d5  main                                      
00004695  memccpy                                   
00003c21  memcpy                                    
00003efd  memset                                    
00000eb7  oled_pow                                  
00000bd9  oled_update                               
20002acc  oscill1                                   
20002a60  page_count                                
20002a78  receive_success                           
000037d5  scalbn                                    
000037d5  scalbnl                                   
20000000  screen_buf                                
0000285d  set_DCO_48MH                              
000028fd  set_clock_period                          
00004329  sprintf                                   
20002a64  start_flag                                
0000475b  strchr                                    
000047c1  strlen                                    
20002ab0  sysc                                      
000029bd  system_init                               
000029af  systic_clr                                
00002a05  systic_delayms                            
000029e7  systic_delayus                            
00002941  systic_end                                
00002907  systic_init                               
0000294f  systic_read                               
0000292b  systic_start                              
20002ab4  systim                                    
20002a6c  testA                                     
20002a70  testB                                     
20002aac  time_counter                              
20002aa8  timerAcapturePointer                      
20002a30  timerAcaptureValues                       
000047e7  wcslen                                    


GLOBAL SYMBOLS: SORTED BY Symbol Address 

address   name                                      
-------   ----                                      
00000000  __TI_static_base__                        
00000000  interruptVectors                          
000000e5  __TI_printfi                              
00000200  __STACK_SIZE                              
00000b33  __aeabi_idiv0                             
00000b33  __aeabi_ldiv0                             
00000b35  OLED_PutPixel                             
00000ba5  OLED_pos_clr                              
00000bd9  oled_update                               
00000cbb  OLED_WR_Byte                              
00000d4b  OLED_Set_Pos                              
00000d87  OLED_Display_On                           
00000da3  OLED_Display_Off                          
00000dbf  OLED_Clear                                
00000e2d  OLED_ShowChar                             
00000eb7  oled_pow                                  
00000ef1  OLED_ShowNum                              
00000fc5  OLED_Showfloat                            
00000ff5  OLED_ShowString                           
00001057  OLED_ShowCHinese                          
0000110d  OLED_DrawBMP                              
000011bd  OLED_Init                                 
00001311  encoder_IncTypeDef_init                   
0000136d  encoder_dirpin_init                       
000013c5  encoder_interrupt_init                    
00001415  encoder_init                              
000014bd  GET_encoder_num                           
000014f9  GET_encoder_dir                           
00001535  Encoder_clr                               
00001579  TA0_N_IRQHandler                          
00001579  TA0_N_IRQHandler                          
000015d5  OLED_show                                 
00001665  ENCODER_TEST                              
00001701  ADC_INIT                                  
00001761  GET_ADC_VALUE                             
0000179d  ADC_mean_filter                           
000017f1  ADC14_IRQHandler                          
000017f1  ADC14_IRQHandler                          
0000195d  OLED_showADC                              
000019b3  ADC_TEST                                  
00001acd  SystemCoreClockUpdate                     
00001d45  SystemInit                                
00001e01  PORT1_IRQHandler                          
00001e01  PORT1_IRQHandler                          
00001e3f  PORT2_IRQHandler                          
00001e3f  PORT2_IRQHandler                          
00001ea5  PORT3_IRQHandler                          
00001ea5  PORT3_IRQHandler                          
00001efd  PORT4_IRQHandler                          
00001efd  PORT4_IRQHandler                          
00001f7d  PORT5_IRQHandler                          
00001f7d  PORT5_IRQHandler                          
00001fe3  PORT6_IRQHandler                          
00001fe3  PORT6_IRQHandler                          
0000204f  TA0_0_IRQHandler                          
0000204f  TA0_0_IRQHandler                          
00002065  TA1_0_IRQHandler                          
00002065  TA1_0_IRQHandler                          
00002071  TA2_0_IRQHandler                          
00002071  TA2_0_IRQHandler                          
0000207d  TA3_0_IRQHandler                          
0000207d  TA3_0_IRQHandler                          
000020c9  OLED_SHOW                                 
00002177  bianmaqi_tiaocan                          
000022d7  Rotate_INIT                               
00002301  Rotate_adjust_TEST                        
000025cd  gpio_init                                 
00002631  gpio_get                                  
00002641  gpio_set                                  
00002661  gpio_toggle                               
00002671  gpio_edg_sel                              
00002783  gpio_INT_EN                               
000027d7  gpio_interrupt_INIT                       
00002835  error                                     
0000285d  set_DCO_48MH                              
000028fd  set_clock_period                          
00002907  systic_init                               
0000292b  systic_start                              
00002941  systic_end                                
0000294f  systic_read                               
000029af  systic_clr                                
000029bd  system_init                               
000029dd  SysTick_Handler                           
000029dd  SysTick_Handler                           
000029e7  systic_delayus                            
00002a05  systic_delayms                            
00002c45  key_init                                  
00002ca3  key_get                                   
00002cfb  key_test                                  
00002e05  __aeabi_dsub                              
00002e0f  __aeabi_dadd                              
00002fbd  ADS_RCV_Init                              
00003005  EUSCIA3_IRQHandler                        
00003005  EUSCIA3_IRQHandler                        
00003095  ADS_Get                                   
000030d7  ADS_RCV_GetData32                         
00003171  UART0_init                                
000031b9  UART2_init                                
00003201  UART3_init                                
00003249  UART_send_string                          
00003279  UART_send_Num                             
00003289  EUSCIA0_IRQHandler                        
00003289  EUSCIA0_IRQHandler                        
000032b7  EUSCIA2_IRQHandler                        
000032b7  EUSCIA2_IRQHandler                        
000032f5  PIT_init                                  
00003579  __aeabi_ddiv                              
000037d5  ldexp                                     
000037d5  ldexpl                                    
000037d5  scalbn                                    
000037d5  scalbnl                                   
000038e5  __aeabi_dmul                              
00003c21  __aeabi_memcpy                            
00003c21  __aeabi_memcpy4                           
00003c21  __aeabi_memcpy8                           
00003c21  memcpy                                    
00003cbd  __aeabi_uldivmod                          
00003d55  UART_initModule                           
00003de9  __aeabi_cdcmpeq                           
00003de9  __aeabi_cdcmple                           
00003e6f  __aeabi_cdrcmple                          
00003ef5  __aeabi_memclr                            
00003ef5  __aeabi_memclr4                           
00003ef5  __aeabi_memclr8                           
00003ef7  __aeabi_memset                            
00003ef7  __aeabi_memset4                           
00003ef7  __aeabi_memset8                           
00003efd  memset                                    
00003fdd  __TI_decompress_lzss                      
00004045  Interrupt_enableInterrupt                 
000040a9  frexp                                     
000040a9  frexpl                                    
00004163  __TI_ltoa                                 
00004209  atoi                                      
00004255  GPIO_setAsPeripheralModuleFunctionInputPin
0000429d  __aeabi_d2iz                              
000042e5  __TI_auto_init_nobinit_nopinit            
00004329  sprintf                                   
000043a7  __aeabi_f2d                               
000043e1  _c_int00_noargs                           
00004415  GPIO_getEnabledInterruptStatus            
00004445  GPIO_setAsInputPinWithPullUpResistor      
00004475  UART_getEnabledInterruptStatus            
000044a5  __aeabi_i2d                               
000044d5  GPIO_setAsInputPin                        
00004501  PCM_getCoreVoltageLevel                   
0000452d  PCM_getPowerMode                          
00004559  FlashCtl_setWaitState                     
00004581  CS_setDCOCenteredFrequency                
000045a5  GPIO_setAsOutputPin                       
000045c9  Interrupt_setPriority                     
000045ed  UART_disableInterrupt                     
00004611  UART_receiveData                          
00004635  UART_transmitData                         
00004659  __aeabi_ui2d                              
00004679  __TI_zero_init_nomemset                   
00004695  memccpy                                   
000046b1  copysign                                  
000046b1  copysignl                                 
000046cd  GPIO_clearInterruptFlag                   
000046e5  GPIO_getInputPinValue                     
000046fd  GPIO_setOutputLowOnPin                    
00004715  WDT_A_holdTimer                           
00004745  UART_enableInterrupt                      
0000475b  strchr                                    
00004771  GPIO_enableInterrupt                      
00004785  GPIO_setOutputHighOnPin                   
00004799  GPIO_toggleOutputOnPin                    
000047ad  SysCtl_enableSRAMBankRetention            
000047c1  strlen                                    
000047d5  main                                      
000047e7  wcslen                                    
000047f9  GPIO_getInterruptStatus                   
00004809  Interrupt_enableMaster                    
00004819  UART_clearInterruptFlag                   
00004827  __TI_decompress_none                      
00004835  Reset_Handler                             
00004841  AES256_IRQHandler                         
00004841  BusFault_Handler                          
00004841  COMP_E0_IRQHandler                        
00004841  COMP_E1_IRQHandler                        
00004841  CS_IRQHandler                             
00004841  DMA_ERR_IRQHandler                        
00004841  DMA_INT0_IRQHandler                       
00004841  DMA_INT1_IRQHandler                       
00004841  DMA_INT2_IRQHandler                       
00004841  DMA_INT3_IRQHandler                       
00004841  DebugMon_Handler                          
00004841  Default_Handler                           
00004841  EUSCIA1_IRQHandler                        
00004841  EUSCIB0_IRQHandler                        
00004841  EUSCIB1_IRQHandler                        
00004841  EUSCIB2_IRQHandler                        
00004841  EUSCIB3_IRQHandler                        
00004841  FLCTL_IRQHandler                          
00004841  FPU_IRQHandler                            
00004841  HardFault_Handler                         
00004841  MemManage_Handler                         
00004841  NMI_Handler                               
00004841  PCM_IRQHandler                            
00004841  PSS_IRQHandler                            
00004841  PendSV_Handler                            
00004841  RTC_C_IRQHandler                          
00004841  SVC_Handler                               
00004841  T32_INT1_IRQHandler                       
00004841  T32_INT2_IRQHandler                       
00004841  T32_INTC_IRQHandler                       
00004841  TA1_N_IRQHandler                          
00004841  TA2_N_IRQHandler                          
00004841  TA3_N_IRQHandler                          
00004841  UsageFault_Handler                        
00004841  WDT_A_IRQHandler                          
00004843  CPU_cpsie                                 
00004851  PCM_getPowerState                         
0000485d  UART_enableModule                         
00004873  PCM_setCoreVoltageLevel                   
0000487b  PCM_setPowerMode                          
00004885  __aeabi_errno_addr                        
0000488d  UART_getInterruptStatus                   
00004893  _system_pre_init                          
00004897  C$$EXIT                                   
00004897  abort                                     
0000489c  F6x8                                      
00004ac4  Hzk                                       
00004c84  _ctypes_                                  
00004e18  UART0                                     
00004e3c  UART2                                     
00004e60  UART3                                     
00004e84  UART3_SET                                 
00004ef4  __TI_Handler_Table_Base                   
00004f00  __TI_Handler_Table_Limit                  
00004f08  __TI_CINIT_Base                           
00004f18  __TI_CINIT_Limit                          
20000000  __start___llvm_prf_cnts                   
20000000  __stop___llvm_prf_cnts                    
20000000  screen_buf                                
20002000  bmp2                                      
20002400  bmp                                       
20002800  Oscill_data_buff                          
20002a30  timerAcaptureValues                       
20002a58  dirf                                      
20002a5c  count_max                                 
20002a60  page_count                                
20002a64  start_flag                                
20002a68  count                                     
20002a6c  testA                                     
20002a70  testB                                     
20002a74  IRQ3_5flag                                
20002a75  IRQ4_6flag                                
20002a76  A_flag                                    
20002a77  B_flag                                    
20002a78  receive_success                           
20002a7c  ADC_CA                                    
20002a80  ADC_CB                                    
20002a84  ADC_CC                                    
20002a88  ADC_CD                                    
20002a8c  ii                                        
20002a90  ADC_receive_count                         
20002a94  ADS_RCV_DATA                              
20002aa0  R_FLAG                                    
20002aa1  ADS_RCV_FLAG                              
20002aa2  ADS_RCV_STATE                             
20002aa8  timerAcapturePointer                      
20002aac  time_counter                              
20002ab0  sysc                                      
20002ab4  systim                                    
20002ac0  errno                                     
20002ac4  SystemCoreClock                           
20002ac8  UART3_RXDat                               
20002ac9  UART2_RXDat                               
20002aca  UART0_RXDat                               
20002acc  oscill1                                   
20002ae4  A0results                                 
20002af4  A1results                                 
20002b04  A2results                                 
20002b14  A3results                                 
20002b24  encoder_A                                 
20002b2c  encoder_B                                 
20002b34  encoder_C                                 
20002b3c  encoder_D                                 
20002b48  ad_get                                    
2000fe00  __stack                                   
20010000  __STACK_END                               
4000480c  WDTCTL_SYM                                
ffffffff  __TI_pprof_out_hndl                       
ffffffff  __TI_prof_data_size                       
ffffffff  __TI_prof_data_start                      
ffffffff  __binit__                                 
ffffffff  __c_args__                                
ffffffff  binit                                     
UNDEFED   __mpu_init                                
UNDEFED   _system_post_cinit                        

[292 symbols]
