******************************************************************************
                  TI ARM Linker PC v20.2.1                     
******************************************************************************
>> Linked Mon Aug  9 14:06:21 2021

OUTPUT FILE NAME:   <3.Exin_uart.out>
ENTRY POINT SYMBOL: "_c_int00_noargs"  address: 00003e3d


MEMORY CONFIGURATION

         name            origin    length      used     unused   attr    fill
----------------------  --------  ---------  --------  --------  ----  --------
  MAIN                  00000000   00040000  000048f6  0003b70a  R  X
  INFO                  00200000   00004000  00000000  00004000  R  X
  SRAM_CODE             01000000   00010000  00002d39  0000d2c7  RW X
  SRAM_DATA             20000000   00010000  00002d39  0000d2c7  RW  


SEGMENT ALLOCATION MAP

run origin  load origin   length   init length attrs members
----------  ----------- ---------- ----------- ----- -------
00000000    00000000    000048f8   000048f8    r-x
  00000000    00000000    000000e4   000000e4    r-- .intvecs
  000000e4    000000e4    000041ba   000041ba    r-x .text
  000042a0    000042a0    000005e8   000005e8    r-- .const
  00004888    00004888    00000070   00000070    r-- .cinit
20000000    20000000    00002b3a   00000000    rw-
  20000000    20000000    00002ab7   00000000    rw- .data
  20002ab8    20002ab8    00000082   00000000    rw- .bss
2000fe00    2000fe00    00000200   00000000    rw-
  2000fe00    2000fe00    00000200   00000000    rw- .stack


SECTION ALLOCATION MAP

 output                                  attributes/
section   page    origin      length       input sections
--------  ----  ----------  ----------   ----------------
.intvecs   0    00000000    000000e4     
                  00000000    000000e4     startup_msp432p401r_ccs.obj (.intvecs:retain)

.text      0    000000e4    000041ba     
                  000000e4    00000a4e     rtsv7M4_T_le_v4SPD16_eabi.lib : _printfi.c.obj (.text:__TI_printfi)
                  00000b32    00000002                                   : div0.asm.obj (.text)
                  00000b34    000007dc     oled.obj (.text)
                  00001310    000003f0     exinencoder.obj (.text)
                  00001700    000003cc     exinADC.obj (.text)
                  00001acc    00000334     system_msp432p401r.obj (.text)
                  00001e00    000002c8     exinisr.obj (.text)
                  000020c8    00000270     rtsv7M4_T_le_v4SPD16_eabi.lib : _printfi.c.obj (.text:_pconv_a)
                  00002338    00000268     exingpio.obj (.text)
                  000025a0    00000240     exinsystem.obj (.text)
                  000027e0    000001d0     rtsv7M4_T_le_v4SPD16_eabi.lib : _printfi.c.obj (.text:_pconv_g)
                  000029b0    000001b6                                   : fd_add_t2.asm.obj (.text)
                  00002b66    00000002     --HOLE-- [fill = 0]
                  00002b68    000001a8     exinuart.obj (.text)
                  00002d10    00000148     exin_pit.obj (.text)
                  00002e58    0000013c     rtsv7M4_T_le_v4SPD16_eabi.lib : _printfi.c.obj (.text:_pconv_e)
                  00002f94    00000136                                   : fd_div_t2.asm.obj (.text)
                  000030ca    00000002     --HOLE-- [fill = 0]
                  000030cc    00000124                                   : _printfi.c.obj (.text:fcvt)
                  000031f0    00000110                                   : s_scalbn.c.obj (.text:scalbn)
                  00003300    000000fc                                   : fd_mul_t2.asm.obj (.text)
                  000033fc    000000dc     msp432p4xx_driverlib.lib : pcm.o (.text:__PCM_setPowerModeAdvanced)
                  000034d8    000000b1     rtsv7M4_T_le_v4SPD16_eabi.lib : _printfi.c.obj (.text:_ltostr)
                  00003589    00000003     --HOLE-- [fill = 0]
                  0000358c    000000b0     msp432p4xx_driverlib.lib : pcm.o (.text:__PCM_setCoreVoltageLevelAdvanced)
                  0000363c    0000009c     rtsv7M4_T_le_v4SPD16_eabi.lib : memcpy_t2.asm.obj (.text)
                  000036d8    00000096                                   : ull_div_t2.asm.obj (.text)
                  0000376e    00000002     --HOLE-- [fill = 0]
                  00003770    00000094     msp432p4xx_driverlib.lib : uart.o (.text:UART_initModule)
                  00003804    00000086     rtsv7M4_T_le_v4SPD16_eabi.lib : fd_cmp_t2.asm.obj (.text:__aeabi_cdcmple)
                  0000388a    00000086                                   : fd_cmp_t2.asm.obj (.text:__aeabi_cdrcmple)
                  00003910    0000007a                                   : memset_t2.asm.obj (.text)
                  0000398a    0000006e                                   : _printfi.c.obj (.text:_mcpy)
                  000039f8    00000068                                   : copy_decompress_lzss.c.obj (.text:decompress:lzss:__TI_decompress_lzss)
                  00003a60    00000064     msp432p4xx_driverlib.lib : interrupt.o (.text:Interrupt_enableInterrupt)
                  00003ac4    00000064     rtsv7M4_T_le_v4SPD16_eabi.lib : s_frexp.c.obj (.text:frexp)
                  00003b28    00000056                                   : _printfi.c.obj (.text:_pconv_f)
                  00003b7e    00000054                                   : _ltoa.c.obj (.text:__TI_ltoa)
                  00003bd2    00000052                                   : _printfi.c.obj (.text:_ecpy)
                  00003c24    0000004c                                   : atoi.c.obj (.text:atoi)
                  00003c70    00000048     msp432p4xx_driverlib.lib : gpio.o (.text:GPIO_setAsPeripheralModuleFunctionInputPin)
                  00003cb8    00000048     rtsv7M4_T_le_v4SPD16_eabi.lib : fd_toi_t2.asm.obj (.text)
                  00003d00    00000044                                   : autoinit.c.obj (.text:__TI_auto_init_nobinit_nopinit:__TI_auto_init_nobinit_nopinit)
                  00003d44    00000040     main.obj (.text)
                  00003d84    00000040     rtsv7M4_T_le_v4SPD16_eabi.lib : sprintf.c.obj (.text:sprintf)
                  00003dc4    0000003e                                   : _printfi.c.obj (.text:_fcpy)
                  00003e02    00000038                                   : fs_tod_t2.asm.obj (.text)
                  00003e3a    00000002     --HOLE-- [fill = 0]
                  00003e3c    00000034                                   : boot_cortex_m.c.obj (.text:_c_int00_noargs:_c_int00_noargs)
                  00003e70    00000030     msp432p4xx_driverlib.lib : gpio.o (.text:GPIO_getEnabledInterruptStatus)
                  00003ea0    00000030                              : gpio.o (.text:GPIO_setAsInputPinWithPullUpResistor)
                  00003ed0    00000030                              : uart.o (.text:UART_getEnabledInterruptStatus)
                  00003f00    0000002e     rtsv7M4_T_le_v4SPD16_eabi.lib : i_tofd_t2.asm.obj (.text)
                  00003f2e    00000002     --HOLE-- [fill = 0]
                  00003f30    0000002c     msp432p4xx_driverlib.lib : gpio.o (.text:GPIO_setAsInputPin)
                  00003f5c    0000002c                              : pcm.o (.text:PCM_getCoreVoltageLevel)
                  00003f88    0000002a                              : pcm.o (.text:PCM_getPowerMode)
                  00003fb2    00000002     --HOLE-- [fill = 0]
                  00003fb4    00000028                              : flash.o (.text:FlashCtl_setWaitState)
                  00003fdc    00000024                              : gpio.o (.text:GPIO_setAsOutputPin)
                  00004000    00000024                              : interrupt.o (.text:Interrupt_setPriority)
                  00004024    00000024                              : uart.o (.text:UART_receiveData)
                  00004048    00000024                              : uart.o (.text:UART_transmitData)
                  0000406c    00000020     rtsv7M4_T_le_v4SPD16_eabi.lib : u_tofd_t2.asm.obj (.text)
                  0000408c    0000001c                                   : copy_zero_init.c.obj (.text:decompress:ZI:__TI_zero_init_nomemset:__TI_zero_init_nomemset)
                  000040a8    0000001c                                   : memccpy.c.obj (.text:memccpy)
                  000040c4    0000001a                                   : s_copysign.c.obj (.text:copysign)
                  000040de    00000002     --HOLE-- [fill = 0]
                  000040e0    00000018     msp432p4xx_driverlib.lib : gpio.o (.text:GPIO_clearInterruptFlag)
                  000040f8    00000018                              : gpio.o (.text:GPIO_getInputPinValue)
                  00004110    00000018                              : gpio.o (.text:GPIO_setOutputLowOnPin)
                  00004128    00000018                              : wdt_a.o (.text:WDT_A_holdTimer)
                  00004140    00000018     rtsv7M4_T_le_v4SPD16_eabi.lib : sprintf.c.obj (.text:_outs)
                  00004158    00000016     msp432p4xx_driverlib.lib : uart.o (.text:UART_enableInterrupt)
                  0000416e    00000016     rtsv7M4_T_le_v4SPD16_eabi.lib : strchr.c.obj (.text:strchr)
                  00004184    00000014     msp432p4xx_driverlib.lib : gpio.o (.text:GPIO_enableInterrupt)
                  00004198    00000014                              : gpio.o (.text:GPIO_setOutputHighOnPin)
                  000041ac    00000014                              : gpio.o (.text:GPIO_toggleOutputOnPin)
                  000041c0    00000014                              : sysctl.o (.text:SysCtl_enableSRAMBankRetention)
                  000041d4    00000014     rtsv7M4_T_le_v4SPD16_eabi.lib : strlen.c.obj (.text:strlen)
                  000041e8    00000012                                   : wcslen.c.obj (.text:wcslen)
                  000041fa    00000002     --HOLE-- [fill = 0]
                  000041fc    00000010     msp432p4xx_driverlib.lib : gpio.o (.text:GPIO_getInterruptStatus)
                  0000420c    00000010                              : interrupt.o (.text:Interrupt_enableMaster)
                  0000421c    0000000e                              : uart.o (.text:UART_clearInterruptFlag)
                  0000422a    0000000e     rtsv7M4_T_le_v4SPD16_eabi.lib : copy_decompress_none.c.obj (.text:decompress:none:__TI_decompress_none)
                  00004238    0000000e     startup_msp432p401r_ccs.obj (.text)
                  00004246    0000000c     msp432p4xx_driverlib.lib : cpu.o (.text:CPU_cpsie)
                  00004252    00000002     --HOLE-- [fill = 0]
                  00004254    0000000c                              : pcm.o (.text:PCM_getPowerState)
                  00004260    0000000c                              : uart.o (.text:UART_enableModule)
                  0000426c    0000000a     rtsv7M4_T_le_v4SPD16_eabi.lib : sprintf.c.obj (.text:_outc)
                  00004276    00000008     msp432p4xx_driverlib.lib : pcm.o (.text:PCM_setCoreVoltageLevel)
                  0000427e    00000008                              : pcm.o (.text:PCM_setPowerMode)
                  00004286    00000002     --HOLE-- [fill = 0]
                  00004288    00000008     rtsv7M4_T_le_v4SPD16_eabi.lib : errno.c.obj (.text:__aeabi_errno_addr)
                  00004290    00000006     msp432p4xx_driverlib.lib : uart.o (.text:UART_getInterruptStatus)
                  00004296    00000004     rtsv7M4_T_le_v4SPD16_eabi.lib : pre_init.c.obj (.text:_system_pre_init)
                  0000429a    00000004                                   : exit.c.obj (.text:abort:abort)

.const     0    000042a0    000005e8     
                  000042a0    00000228     oled.obj (.const:F6x8)
                  000044c8    000001c0     oled.obj (.const:Hzk)
                  00004688    00000101     rtsv7M4_T_le_v4SPD16_eabi.lib : ctype.c.obj (.const:.string:_ctypes_)
                  00004789    00000003     --HOLE-- [fill = 0]
                  0000478c    00000050     msp432p4xx_driverlib.lib : interrupt.o (.const:g_pulRegs)
                  000047dc    00000040                              : interrupt.o (.const)
                  0000481c    00000024     exinuart.obj (.const:UART0)
                  00004840    00000024     exinuart.obj (.const:UART2)
                  00004864    00000024     exinuart.obj (.const:UART3)

.cinit     0    00004888    00000070     
                  00004888    0000004a     (.cinit..data.load) [load image, compression = lzss]
                  000048d2    00000002     --HOLE-- [fill = 0]
                  000048d4    0000000c     (__TI_handler_table)
                  000048e0    00000008     (.cinit..bss.load) [load image, compression = zero_init]
                  000048e8    00000010     (__TI_cinit_table)

.init_array 
*          0    00000000    00000000     UNINITIALIZED

.binit     0    00000000    00000000     

.data      0    20000000    00002ab7     UNINITIALIZED
                  20000000    00002000     oled.obj (.data:screen_buf)
                  20002000    00000400     oled.obj (.data:bmp2)
                  20002400    00000400     oled.obj (.data:bmp)
                  20002800    00000200     Oscill_OLED.obj (.data:Oscill_data_buff)
                  20002a00    00000030     msp432p4xx_driverlib.lib : gpio.o (.data:GPIO_PORT_TO_BASE)
                  20002a30    00000028     exinencoder.obj (.data:timerAcaptureValues)
                  20002a58    00000020     exinadjust.obj (.data)
                  20002a78    0000001c     exinADC.obj (.data)
                  20002a94    00000008     exinencoder.obj (.data)
                  20002a9c    00000008     exinsystem.obj (.data)
                  20002aa4    00000008     oled.obj (.data:tmp$2)
                  20002aac    00000004     rtsv7M4_T_le_v4SPD16_eabi.lib : errno.c.obj (.data)
                  20002ab0    00000004     system_msp432p401r.obj (.data)
                  20002ab4    00000003     exinuart.obj (.data)

.bss       0    20002ab8    00000082     UNINITIALIZED
                  20002ab8    00000018     (.common:oscill1)
                  20002ad0    00000010     (.common:A0results)
                  20002ae0    00000010     (.common:A1results)
                  20002af0    00000010     (.common:A2results)
                  20002b00    00000010     (.common:A3results)
                  20002b10    00000008     (.common:encoder_A)
                  20002b18    00000008     (.common:encoder_B)
                  20002b20    00000008     (.common:encoder_C)
                  20002b28    00000008     (.common:encoder_D)
                  20002b30    00000004     exinsystem.obj (.bss)
                  20002b34    00000004     (.common:ad_get)
                  20002b38    00000001     exinADC.obj (.bss)
                  20002b39    00000001     oled.obj (.bss)

.stack     0    2000fe00    00000200     UNINITIALIZED
                  2000fe00    00000004     rtsv7M4_T_le_v4SPD16_eabi.lib : boot_cortex_m.c.obj (.stack)
                  2000fe04    000001fc     --HOLE--

__llvm_prf_cnts 
*          0    20000000    00000000     UNINITIALIZED

MODULE SUMMARY

       Module                        code    ro data   rw data
       ------                        ----    -------   -------
    .\
       system_msp432p401r.obj        820     0         8      
       startup_msp432p401r_ccs.obj   14      228       0      
       main.obj                      64      0         0      
    +--+-----------------------------+-------+---------+---------+
       Total:                        898     228       8      
                                                              
    .\exinlibs\
       oled.obj                      2012    1000      20498  
       exinencoder.obj               1008    0         160    
       exinADC.obj                   972     0         194    
       Oscill_OLED.obj               0       0         1072   
       exinisr.obj                   712     0         0      
       exingpio.obj                  616     0         0      
       exinsystem.obj                576     0         24     
       exinuart.obj                  424     108       6      
       exin_pit.obj                  328     0         0      
       exinadjust.obj                0       0         64     
    +--+-----------------------------+-------+---------+---------+
       Total:                        6648    1108      22018  
                                                              
    C:/ti/msp/MSP432Ware_3_40_00_25/driverlib/driverlib/MSP432P4xx/ccs/msp432p4xx_driverlib.lib
       pcm.o                         510     0         0      
       gpio.o                        396     0         96     
       uart.o                        322     0         0      
       interrupt.o                   152     144       0      
       flash.o                       40      0         0      
       wdt_a.o                       24      0         0      
       sysctl.o                      20      0         0      
       cpu.o                         12      0         0      
    +--+-----------------------------+-------+---------+---------+
       Total:                        1476    144       96     
                                                              
    D:\CCS\ccs\tools\compiler\ti-cgt-arm_20.2.1.LTS\lib\rtsv7M4_T_le_v4SPD16_eabi.lib
       _printfi.c.obj                4851    0         0      
       fd_add_t2.asm.obj             438     0         0      
       fd_div_t2.asm.obj             310     0         0      
       s_scalbn.c.obj                272     0         0      
       fd_cmp_t2.asm.obj             268     0         0      
       ctype.c.obj                   0       257       0      
       fd_mul_t2.asm.obj             252     0         0      
       memcpy_t2.asm.obj             156     0         0      
       ull_div_t2.asm.obj            150     0         0      
       memset_t2.asm.obj             122     0         0      
       copy_decompress_lzss.c.obj    104     0         0      
       s_frexp.c.obj                 100     0         0      
       sprintf.c.obj                 98      0         0      
       _ltoa.c.obj                   84      0         0      
       atoi.c.obj                    76      0         0      
       fd_toi_t2.asm.obj             72      0         0      
       autoinit.c.obj                68      0         0      
       fs_tod_t2.asm.obj             56      0         0      
       boot_cortex_m.c.obj           52      0         0      
       i_tofd_t2.asm.obj             46      0         0      
       u_tofd_t2.asm.obj             32      0         0      
       copy_zero_init.c.obj          28      0         0      
       memccpy.c.obj                 28      0         0      
       s_copysign.c.obj              26      0         0      
       strchr.c.obj                  22      0         0      
       strlen.c.obj                  20      0         0      
       wcslen.c.obj                  18      0         0      
       errno.c.obj                   8       0         8      
       copy_decompress_none.c.obj    14      0         0      
       exit.c.obj                    4       0         0      
       pre_init.c.obj                4       0         0      
       div0.asm.obj                  2       0         0      
    +--+-----------------------------+-------+---------+---------+
       Total:                        7781    257       8      
                                                              
       Stack:                        0       0         1024   
       Linker Generated:             0       110       0      
    +--+-----------------------------+-------+---------+---------+
       Grand Total:                  16803   1847      23154  


LINKER GENERATED COPY TABLES

__TI_cinit_table @ 000048e8 records: 2, size/record: 8, table size: 16
	.data: load addr=00004888, load size=0000004a bytes, run addr=20000000, run size=00002ab7 bytes, compression=lzss
	.bss: load addr=000048e0, load size=00000008 bytes, run addr=20002ab8, run size=00000082 bytes, compression=zero_init


LINKER GENERATED HANDLER TABLE

__TI_handler_table @ 000048d4 records: 3, size/record: 4, table size: 12
	index: 0, handler: __TI_decompress_lzss
	index: 1, handler: __TI_decompress_none
	index: 2, handler: __TI_zero_init


GLOBAL SYMBOLS: SORTED ALPHABETICALLY BY Name 

address   name                                      
-------   ----                                      
20002ad0  A0results                                 
20002ae0  A1results                                 
20002af0  A2results                                 
20002b00  A3results                                 
000017f1  ADC14_IRQHandler                          
000017f1  ADC14_IRQHandler                          
20002a7c  ADC_CA                                    
20002a80  ADC_CB                                    
20002a84  ADC_CC                                    
20002a88  ADC_CD                                    
00001701  ADC_INIT                                  
000019b3  ADC_TEST                                  
0000179d  ADC_mean_filter                           
20002a90  ADC_receive_count                         
00004245  AES256_IRQHandler                         
20002a76  A_flag                                    
20002a77  B_flag                                    
00004245  BusFault_Handler                          
0000429b  C$$EXIT                                   
00004245  COMP_E0_IRQHandler                        
00004245  COMP_E1_IRQHandler                        
00004247  CPU_cpsie                                 
00004245  CS_IRQHandler                             
00004245  DMA_ERR_IRQHandler                        
00004245  DMA_INT0_IRQHandler                       
00004245  DMA_INT1_IRQHandler                       
00004245  DMA_INT2_IRQHandler                       
00004245  DMA_INT3_IRQHandler                       
00004245  DebugMon_Handler                          
00004245  Default_Handler                           
00001665  ENCODER_TEST                              
00002c81  EUSCIA0_IRQHandler                        
00002c81  EUSCIA0_IRQHandler                        
00004245  EUSCIA1_IRQHandler                        
00002caf  EUSCIA2_IRQHandler                        
00002caf  EUSCIA2_IRQHandler                        
00002cd1  EUSCIA3_IRQHandler                        
00002cd1  EUSCIA3_IRQHandler                        
00004245  EUSCIB0_IRQHandler                        
00004245  EUSCIB1_IRQHandler                        
00004245  EUSCIB2_IRQHandler                        
00004245  EUSCIB3_IRQHandler                        
00001535  Encoder_clr                               
000042a0  F6x8                                      
00004245  FLCTL_IRQHandler                          
00004245  FPU_IRQHandler                            
00003fb5  FlashCtl_setWaitState                     
00001761  GET_ADC_VALUE                             
000014f9  GET_encoder_dir                           
000014bd  GET_encoder_num                           
000040e1  GPIO_clearInterruptFlag                   
00004185  GPIO_enableInterrupt                      
00003e71  GPIO_getEnabledInterruptStatus            
000040f9  GPIO_getInputPinValue                     
000041fd  GPIO_getInterruptStatus                   
00003f31  GPIO_setAsInputPin                        
00003ea1  GPIO_setAsInputPinWithPullUpResistor      
00003fdd  GPIO_setAsOutputPin                       
00003c71  GPIO_setAsPeripheralModuleFunctionInputPin
00004199  GPIO_setOutputHighOnPin                   
00004111  GPIO_setOutputLowOnPin                    
000041ad  GPIO_toggleOutputOnPin                    
00004245  HardFault_Handler                         
000044c8  Hzk                                       
20002a74  IRQ3_5flag                                
20002a75  IRQ4_6flag                                
00003a61  Interrupt_enableInterrupt                 
0000420d  Interrupt_enableMaster                    
00004001  Interrupt_setPriority                     
00004245  MemManage_Handler                         
00004245  NMI_Handler                               
00000dbf  OLED_Clear                                
00000da3  OLED_Display_Off                          
00000d87  OLED_Display_On                           
0000110d  OLED_DrawBMP                              
000011bd  OLED_Init                                 
00000b35  OLED_PutPixel                             
00000d4b  OLED_Set_Pos                              
00001057  OLED_ShowCHinese                          
00000e2d  OLED_ShowChar                             
00000ef1  OLED_ShowNum                              
00000ff5  OLED_ShowString                           
00000fc5  OLED_Showfloat                            
00000cbb  OLED_WR_Byte                              
00000ba5  OLED_pos_clr                              
000015d5  OLED_show                                 
0000195d  OLED_showADC                              
20002800  Oscill_data_buff                          
00004245  PCM_IRQHandler                            
00003f5d  PCM_getCoreVoltageLevel                   
00003f89  PCM_getPowerMode                          
00004255  PCM_getPowerState                         
00004277  PCM_setCoreVoltageLevel                   
0000427f  PCM_setPowerMode                          
00002d11  PIT_init                                  
00001e01  PORT1_IRQHandler                          
00001e01  PORT1_IRQHandler                          
00001e3f  PORT2_IRQHandler                          
00001e3f  PORT2_IRQHandler                          
00001ea5  PORT3_IRQHandler                          
00001ea5  PORT3_IRQHandler                          
00001efd  PORT4_IRQHandler                          
00001efd  PORT4_IRQHandler                          
00001f7d  PORT5_IRQHandler                          
00001f7d  PORT5_IRQHandler                          
00001fe3  PORT6_IRQHandler                          
00001fe3  PORT6_IRQHandler                          
00004245  PSS_IRQHandler                            
00004245  PendSV_Handler                            
00004245  RTC_C_IRQHandler                          
00004239  Reset_Handler                             
00004245  SVC_Handler                               
000041c1  SysCtl_enableSRAMBankRetention            
00002749  SysTick_Handler                           
00002749  SysTick_Handler                           
20002ab0  SystemCoreClock                           
00001acd  SystemCoreClockUpdate                     
00001d45  SystemInit                                
00004245  T32_INT1_IRQHandler                       
00004245  T32_INT2_IRQHandler                       
00004245  T32_INTC_IRQHandler                       
0000204f  TA0_0_IRQHandler                          
0000204f  TA0_0_IRQHandler                          
00001579  TA0_N_IRQHandler                          
00001579  TA0_N_IRQHandler                          
00002065  TA1_0_IRQHandler                          
00002065  TA1_0_IRQHandler                          
00004245  TA1_N_IRQHandler                          
00002071  TA2_0_IRQHandler                          
00002071  TA2_0_IRQHandler                          
00004245  TA2_N_IRQHandler                          
0000207d  TA3_0_IRQHandler                          
0000207d  TA3_0_IRQHandler                          
00004245  TA3_N_IRQHandler                          
0000481c  UART0                                     
20002ab6  UART0_RXDat                               
00002b69  UART0_init                                
00004840  UART2                                     
20002ab5  UART2_RXDat                               
00002bb1  UART2_init                                
00004864  UART3                                     
20002ab4  UART3_RXDat                               
00002bf9  UART3_init                                
0000421d  UART_clearInterruptFlag                   
00004159  UART_enableInterrupt                      
00004261  UART_enableModule                         
00003ed1  UART_getEnabledInterruptStatus            
00004291  UART_getInterruptStatus                   
00003771  UART_initModule                           
00004025  UART_receiveData                          
00002c71  UART_send_Num                             
00002c41  UART_send_string                          
00004049  UART_transmitData                         
00004245  UsageFault_Handler                        
4000480c  WDTCTL_SYM                                
00004245  WDT_A_IRQHandler                          
00004129  WDT_A_holdTimer                           
20010000  __STACK_END                               
00000200  __STACK_SIZE                              
000048e8  __TI_CINIT_Base                           
000048f8  __TI_CINIT_Limit                          
000048d4  __TI_Handler_Table_Base                   
000048e0  __TI_Handler_Table_Limit                  
00003d01  __TI_auto_init_nobinit_nopinit            
000039f9  __TI_decompress_lzss                      
0000422b  __TI_decompress_none                      
00003b7f  __TI_ltoa                                 
ffffffff  __TI_pprof_out_hndl                       
000000e5  __TI_printfi                              
ffffffff  __TI_prof_data_size                       
ffffffff  __TI_prof_data_start                      
00000000  __TI_static_base__                        
0000408d  __TI_zero_init_nomemset                   
00003805  __aeabi_cdcmpeq                           
00003805  __aeabi_cdcmple                           
0000388b  __aeabi_cdrcmple                          
00003cb9  __aeabi_d2iz                              
000029bb  __aeabi_dadd                              
00002f95  __aeabi_ddiv                              
00003301  __aeabi_dmul                              
000029b1  __aeabi_dsub                              
00004289  __aeabi_errno_addr                        
00003e03  __aeabi_f2d                               
00003f01  __aeabi_i2d                               
00000b33  __aeabi_idiv0                             
00000b33  __aeabi_ldiv0                             
00003911  __aeabi_memclr                            
00003911  __aeabi_memclr4                           
00003911  __aeabi_memclr8                           
0000363d  __aeabi_memcpy                            
0000363d  __aeabi_memcpy4                           
0000363d  __aeabi_memcpy8                           
00003913  __aeabi_memset                            
00003913  __aeabi_memset4                           
00003913  __aeabi_memset8                           
0000406d  __aeabi_ui2d                              
000036d9  __aeabi_uldivmod                          
ffffffff  __binit__                                 
ffffffff  __c_args__                                
UNDEFED   __mpu_init                                
2000fe00  __stack                                   
20000000  __start___llvm_prf_cnts                   
20000000  __stop___llvm_prf_cnts                    
00003e3d  _c_int00_noargs                           
00004688  _ctypes_                                  
UNDEFED   _system_post_cinit                        
00004297  _system_pre_init                          
0000429b  abort                                     
20002b34  ad_get                                    
00003c25  atoi                                      
ffffffff  binit                                     
20002400  bmp                                       
20002000  bmp2                                      
000040c5  copysign                                  
000040c5  copysignl                                 
20002a68  count                                     
20002a5c  count_max                                 
20002a58  dirf                                      
20002b10  encoder_A                                 
20002b18  encoder_B                                 
20002b20  encoder_C                                 
20002b28  encoder_D                                 
00001311  encoder_IncTypeDef_init                   
0000136d  encoder_dirpin_init                       
00001415  encoder_init                              
000013c5  encoder_interrupt_init                    
20002aac  errno                                     
000025a1  error                                     
00003ac5  frexp                                     
00003ac5  frexpl                                    
000024ef  gpio_INT_EN                               
000023dd  gpio_edg_sel                              
0000239d  gpio_get                                  
00002339  gpio_init                                 
00002543  gpio_interrupt_INIT                       
000023ad  gpio_set                                  
000023cd  gpio_toggle                               
20002a8c  ii                                        
00000000  interruptVectors                          
000031f1  ldexp                                     
000031f1  ldexpl                                    
00003d45  main                                      
000040a9  memccpy                                   
0000363d  memcpy                                    
00003919  memset                                    
00000eb7  oled_pow                                  
00000bd9  oled_update                               
20002ab8  oscill1                                   
20002a60  page_count                                
20002a78  receive_success                           
000031f1  scalbn                                    
000031f1  scalbnl                                   
20000000  screen_buf                                
000025c9  set_DCO_48MH                              
00002669  set_clock_period                          
00003d85  sprintf                                   
20002a64  start_flag                                
0000416f  strchr                                    
000041d5  strlen                                    
20002a9c  sysc                                      
00002729  system_init                               
0000271b  systic_clr                                
00002771  systic_delayms                            
00002753  systic_delayus                            
000026ad  systic_end                                
00002673  systic_init                               
000026bb  systic_read                               
00002697  systic_start                              
20002aa0  systim                                    
20002a6c  testA                                     
20002a70  testB                                     
20002a98  time_counter                              
20002a94  timerAcapturePointer                      
20002a30  timerAcaptureValues                       
000041e9  wcslen                                    


GLOBAL SYMBOLS: SORTED BY Symbol Address 

address   name                                      
-------   ----                                      
00000000  __TI_static_base__                        
00000000  interruptVectors                          
000000e5  __TI_printfi                              
00000200  __STACK_SIZE                              
00000b33  __aeabi_idiv0                             
00000b33  __aeabi_ldiv0                             
00000b35  OLED_PutPixel                             
00000ba5  OLED_pos_clr                              
00000bd9  oled_update                               
00000cbb  OLED_WR_Byte                              
00000d4b  OLED_Set_Pos                              
00000d87  OLED_Display_On                           
00000da3  OLED_Display_Off                          
00000dbf  OLED_Clear                                
00000e2d  OLED_ShowChar                             
00000eb7  oled_pow                                  
00000ef1  OLED_ShowNum                              
00000fc5  OLED_Showfloat                            
00000ff5  OLED_ShowString                           
00001057  OLED_ShowCHinese                          
0000110d  OLED_DrawBMP                              
000011bd  OLED_Init                                 
00001311  encoder_IncTypeDef_init                   
0000136d  encoder_dirpin_init                       
000013c5  encoder_interrupt_init                    
00001415  encoder_init                              
000014bd  GET_encoder_num                           
000014f9  GET_encoder_dir                           
00001535  Encoder_clr                               
00001579  TA0_N_IRQHandler                          
00001579  TA0_N_IRQHandler                          
000015d5  OLED_show                                 
00001665  ENCODER_TEST                              
00001701  ADC_INIT                                  
00001761  GET_ADC_VALUE                             
0000179d  ADC_mean_filter                           
000017f1  ADC14_IRQHandler                          
000017f1  ADC14_IRQHandler                          
0000195d  OLED_showADC                              
000019b3  ADC_TEST                                  
00001acd  SystemCoreClockUpdate                     
00001d45  SystemInit                                
00001e01  PORT1_IRQHandler                          
00001e01  PORT1_IRQHandler                          
00001e3f  PORT2_IRQHandler                          
00001e3f  PORT2_IRQHandler                          
00001ea5  PORT3_IRQHandler                          
00001ea5  PORT3_IRQHandler                          
00001efd  PORT4_IRQHandler                          
00001efd  PORT4_IRQHandler                          
00001f7d  PORT5_IRQHandler                          
00001f7d  PORT5_IRQHandler                          
00001fe3  PORT6_IRQHandler                          
00001fe3  PORT6_IRQHandler                          
0000204f  TA0_0_IRQHandler                          
0000204f  TA0_0_IRQHandler                          
00002065  TA1_0_IRQHandler                          
00002065  TA1_0_IRQHandler                          
00002071  TA2_0_IRQHandler                          
00002071  TA2_0_IRQHandler                          
0000207d  TA3_0_IRQHandler                          
0000207d  TA3_0_IRQHandler                          
00002339  gpio_init                                 
0000239d  gpio_get                                  
000023ad  gpio_set                                  
000023cd  gpio_toggle                               
000023dd  gpio_edg_sel                              
000024ef  gpio_INT_EN                               
00002543  gpio_interrupt_INIT                       
000025a1  error                                     
000025c9  set_DCO_48MH                              
00002669  set_clock_period                          
00002673  systic_init                               
00002697  systic_start                              
000026ad  systic_end                                
000026bb  systic_read                               
0000271b  systic_clr                                
00002729  system_init                               
00002749  SysTick_Handler                           
00002749  SysTick_Handler                           
00002753  systic_delayus                            
00002771  systic_delayms                            
000029b1  __aeabi_dsub                              
000029bb  __aeabi_dadd                              
00002b69  UART0_init                                
00002bb1  UART2_init                                
00002bf9  UART3_init                                
00002c41  UART_send_string                          
00002c71  UART_send_Num                             
00002c81  EUSCIA0_IRQHandler                        
00002c81  EUSCIA0_IRQHandler                        
00002caf  EUSCIA2_IRQHandler                        
00002caf  EUSCIA2_IRQHandler                        
00002cd1  EUSCIA3_IRQHandler                        
00002cd1  EUSCIA3_IRQHandler                        
00002d11  PIT_init                                  
00002f95  __aeabi_ddiv                              
000031f1  ldexp                                     
000031f1  ldexpl                                    
000031f1  scalbn                                    
000031f1  scalbnl                                   
00003301  __aeabi_dmul                              
0000363d  __aeabi_memcpy                            
0000363d  __aeabi_memcpy4                           
0000363d  __aeabi_memcpy8                           
0000363d  memcpy                                    
000036d9  __aeabi_uldivmod                          
00003771  UART_initModule                           
00003805  __aeabi_cdcmpeq                           
00003805  __aeabi_cdcmple                           
0000388b  __aeabi_cdrcmple                          
00003911  __aeabi_memclr                            
00003911  __aeabi_memclr4                           
00003911  __aeabi_memclr8                           
00003913  __aeabi_memset                            
00003913  __aeabi_memset4                           
00003913  __aeabi_memset8                           
00003919  memset                                    
000039f9  __TI_decompress_lzss                      
00003a61  Interrupt_enableInterrupt                 
00003ac5  frexp                                     
00003ac5  frexpl                                    
00003b7f  __TI_ltoa                                 
00003c25  atoi                                      
00003c71  GPIO_setAsPeripheralModuleFunctionInputPin
00003cb9  __aeabi_d2iz                              
00003d01  __TI_auto_init_nobinit_nopinit            
00003d45  main                                      
00003d85  sprintf                                   
00003e03  __aeabi_f2d                               
00003e3d  _c_int00_noargs                           
00003e71  GPIO_getEnabledInterruptStatus            
00003ea1  GPIO_setAsInputPinWithPullUpResistor      
00003ed1  UART_getEnabledInterruptStatus            
00003f01  __aeabi_i2d                               
00003f31  GPIO_setAsInputPin                        
00003f5d  PCM_getCoreVoltageLevel                   
00003f89  PCM_getPowerMode                          
00003fb5  FlashCtl_setWaitState                     
00003fdd  GPIO_setAsOutputPin                       
00004001  Interrupt_setPriority                     
00004025  UART_receiveData                          
00004049  UART_transmitData                         
0000406d  __aeabi_ui2d                              
0000408d  __TI_zero_init_nomemset                   
000040a9  memccpy                                   
000040c5  copysign                                  
000040c5  copysignl                                 
000040e1  GPIO_clearInterruptFlag                   
000040f9  GPIO_getInputPinValue                     
00004111  GPIO_setOutputLowOnPin                    
00004129  WDT_A_holdTimer                           
00004159  UART_enableInterrupt                      
0000416f  strchr                                    
00004185  GPIO_enableInterrupt                      
00004199  GPIO_setOutputHighOnPin                   
000041ad  GPIO_toggleOutputOnPin                    
000041c1  SysCtl_enableSRAMBankRetention            
000041d5  strlen                                    
000041e9  wcslen                                    
000041fd  GPIO_getInterruptStatus                   
0000420d  Interrupt_enableMaster                    
0000421d  UART_clearInterruptFlag                   
0000422b  __TI_decompress_none                      
00004239  Reset_Handler                             
00004245  AES256_IRQHandler                         
00004245  BusFault_Handler                          
00004245  COMP_E0_IRQHandler                        
00004245  COMP_E1_IRQHandler                        
00004245  CS_IRQHandler                             
00004245  DMA_ERR_IRQHandler                        
00004245  DMA_INT0_IRQHandler                       
00004245  DMA_INT1_IRQHandler                       
00004245  DMA_INT2_IRQHandler                       
00004245  DMA_INT3_IRQHandler                       
00004245  DebugMon_Handler                          
00004245  Default_Handler                           
00004245  EUSCIA1_IRQHandler                        
00004245  EUSCIB0_IRQHandler                        
00004245  EUSCIB1_IRQHandler                        
00004245  EUSCIB2_IRQHandler                        
00004245  EUSCIB3_IRQHandler                        
00004245  FLCTL_IRQHandler                          
00004245  FPU_IRQHandler                            
00004245  HardFault_Handler                         
00004245  MemManage_Handler                         
00004245  NMI_Handler                               
00004245  PCM_IRQHandler                            
00004245  PSS_IRQHandler                            
00004245  PendSV_Handler                            
00004245  RTC_C_IRQHandler                          
00004245  SVC_Handler                               
00004245  T32_INT1_IRQHandler                       
00004245  T32_INT2_IRQHandler                       
00004245  T32_INTC_IRQHandler                       
00004245  TA1_N_IRQHandler                          
00004245  TA2_N_IRQHandler                          
00004245  TA3_N_IRQHandler                          
00004245  UsageFault_Handler                        
00004245  WDT_A_IRQHandler                          
00004247  CPU_cpsie                                 
00004255  PCM_getPowerState                         
00004261  UART_enableModule                         
00004277  PCM_setCoreVoltageLevel                   
0000427f  PCM_setPowerMode                          
00004289  __aeabi_errno_addr                        
00004291  UART_getInterruptStatus                   
00004297  _system_pre_init                          
0000429b  C$$EXIT                                   
0000429b  abort                                     
000042a0  F6x8                                      
000044c8  Hzk                                       
00004688  _ctypes_                                  
0000481c  UART0                                     
00004840  UART2                                     
00004864  UART3                                     
000048d4  __TI_Handler_Table_Base                   
000048e0  __TI_Handler_Table_Limit                  
000048e8  __TI_CINIT_Base                           
000048f8  __TI_CINIT_Limit                          
20000000  __start___llvm_prf_cnts                   
20000000  __stop___llvm_prf_cnts                    
20000000  screen_buf                                
20002000  bmp2                                      
20002400  bmp                                       
20002800  Oscill_data_buff                          
20002a30  timerAcaptureValues                       
20002a58  dirf                                      
20002a5c  count_max                                 
20002a60  page_count                                
20002a64  start_flag                                
20002a68  count                                     
20002a6c  testA                                     
20002a70  testB                                     
20002a74  IRQ3_5flag                                
20002a75  IRQ4_6flag                                
20002a76  A_flag                                    
20002a77  B_flag                                    
20002a78  receive_success                           
20002a7c  ADC_CA                                    
20002a80  ADC_CB                                    
20002a84  ADC_CC                                    
20002a88  ADC_CD                                    
20002a8c  ii                                        
20002a90  ADC_receive_count                         
20002a94  timerAcapturePointer                      
20002a98  time_counter                              
20002a9c  sysc                                      
20002aa0  systim                                    
20002aac  errno                                     
20002ab0  SystemCoreClock                           
20002ab4  UART3_RXDat                               
20002ab5  UART2_RXDat                               
20002ab6  UART0_RXDat                               
20002ab8  oscill1                                   
20002ad0  A0results                                 
20002ae0  A1results                                 
20002af0  A2results                                 
20002b00  A3results                                 
20002b10  encoder_A                                 
20002b18  encoder_B                                 
20002b20  encoder_C                                 
20002b28  encoder_D                                 
20002b34  ad_get                                    
2000fe00  __stack                                   
20010000  __STACK_END                               
4000480c  WDTCTL_SYM                                
ffffffff  __TI_pprof_out_hndl                       
ffffffff  __TI_prof_data_size                       
ffffffff  __TI_prof_data_start                      
ffffffff  __binit__                                 
ffffffff  __c_args__                                
ffffffff  binit                                     
UNDEFED   __mpu_init                                
UNDEFED   _system_post_cinit                        

[275 symbols]
