******************************************************************************
                  TI ARM Linker PC v20.2.1                     
******************************************************************************
>> Linked Fri Dec 17 23:48:56 2021

OUTPUT FILE NAME:   <12.Exin_gpio.out>
ENTRY POINT SYMBOL: "_c_int00_noargs"  address: 000040ed


MEMORY CONFIGURATION

         name            origin    length      used     unused   attr    fill
----------------------  --------  ---------  --------  --------  ----  --------
  MAIN                  00000000   00040000  00004c2a  0003b3d6  R  X
  INFO                  00200000   00004000  00000000  00004000  R  X
  SRAM_CODE             01000000   00010000  00002cf0  0000d310  RW X
  SRAM_DATA             20000000   00010000  00002cf0  0000d310  RW  


SEGMENT ALLOCATION MAP

run origin  load origin   length   init length attrs members
----------  ----------- ---------- ----------- ----- -------
00000000    00000000    00004c30   00004c30    r-x
  00000000    00000000    000000e4   000000e4    r-- .intvecs
  000000e4    000000e4    000044ca   000044ca    r-x .text
  000045b0    000045b0    0000060c   0000060c    r-- .const
  00004bc0    00004bc0    00000070   00000070    r-- .cinit
20000000    20000000    00002af1   00000000    rw-
  20000000    20000000    00002ab3   00000000    rw- .data
  20002ab4    20002ab4    0000003d   00000000    rw- .bss
2000fe00    2000fe00    00000200   00000000    rw-
  2000fe00    2000fe00    00000200   00000000    rw- .stack


SECTION ALLOCATION MAP

 output                                  attributes/
section   page    origin      length       input sections
--------  ----  ----------  ----------   ----------------
.intvecs   0    00000000    000000e4     
                  00000000    000000e4     startup_msp432p401r_ccs.obj (.intvecs:retain)

.text      0    000000e4    000044ca     
                  000000e4    00000a4e     rtsv7M4_T_le_v4SPD16_eabi.lib : _printfi.c.obj (.text:__TI_printfi)
                  00000b32    00000002                                   : div0.asm.obj (.text)
                  00000b34    000007dc     oled.obj (.text)
                  00001310    00000538     exinADC.obj (.text)
                  00001848    000003f0     exinencoder.obj (.text)
                  00001c38    00000334     system_msp432p401r.obj (.text)
                  00001f6c    000002bc     exinisr.obj (.text)
                  00002228    00000270     rtsv7M4_T_le_v4SPD16_eabi.lib : _printfi.c.obj (.text:_pconv_a)
                  00002498    00000268     exingpio.obj (.text)
                  00002700    00000240     exinsystem.obj (.text)
                  00002940    000001d0     rtsv7M4_T_le_v4SPD16_eabi.lib : _printfi.c.obj (.text:_pconv_g)
                  00002b10    000001b6                                   : fd_add_t2.asm.obj (.text)
                  00002cc6    00000002     --HOLE-- [fill = 0]
                  00002cc8    000001b4     ADS_RCV.obj (.text)
                  00002e7c    00000184     exinuart.obj (.text)
                  00003000    00000148     exin_pit.obj (.text)
                  00003148    0000013c     rtsv7M4_T_le_v4SPD16_eabi.lib : _printfi.c.obj (.text:_pconv_e)
                  00003284    00000136                                   : fd_div_t2.asm.obj (.text)
                  000033ba    00000002     --HOLE-- [fill = 0]
                  000033bc    00000124                                   : _printfi.c.obj (.text:fcvt)
                  000034e0    00000110                                   : s_scalbn.c.obj (.text:scalbn)
                  000035f0    000000fc                                   : fd_mul_t2.asm.obj (.text)
                  000036ec    000000dc     msp432p4xx_driverlib.lib : pcm.o (.text:__PCM_setPowerModeAdvanced)
                  000037c8    000000b1     rtsv7M4_T_le_v4SPD16_eabi.lib : _printfi.c.obj (.text:_ltostr)
                  00003879    00000003     --HOLE-- [fill = 0]
                  0000387c    000000b0     msp432p4xx_driverlib.lib : pcm.o (.text:__PCM_setCoreVoltageLevelAdvanced)
                  0000392c    0000009c     rtsv7M4_T_le_v4SPD16_eabi.lib : memcpy_t2.asm.obj (.text)
                  000039c8    00000096                                   : ull_div_t2.asm.obj (.text)
                  00003a5e    00000002     --HOLE-- [fill = 0]
                  00003a60    00000094     msp432p4xx_driverlib.lib : uart.o (.text:UART_initModule)
                  00003af4    00000086     rtsv7M4_T_le_v4SPD16_eabi.lib : fd_cmp_t2.asm.obj (.text:__aeabi_cdcmple)
                  00003b7a    00000086                                   : fd_cmp_t2.asm.obj (.text:__aeabi_cdrcmple)
                  00003c00    0000007a                                   : memset_t2.asm.obj (.text)
                  00003c7a    0000006e                                   : _printfi.c.obj (.text:_mcpy)
                  00003ce8    00000068                                   : copy_decompress_lzss.c.obj (.text:decompress:lzss:__TI_decompress_lzss)
                  00003d50    00000064     msp432p4xx_driverlib.lib : interrupt.o (.text:Interrupt_enableInterrupt)
                  00003db4    00000064     rtsv7M4_T_le_v4SPD16_eabi.lib : s_frexp.c.obj (.text:frexp)
                  00003e18    00000056                                   : _printfi.c.obj (.text:_pconv_f)
                  00003e6e    00000054                                   : _ltoa.c.obj (.text:__TI_ltoa)
                  00003ec2    00000052                                   : _printfi.c.obj (.text:_ecpy)
                  00003f14    0000004c                                   : atoi.c.obj (.text:atoi)
                  00003f60    00000048     msp432p4xx_driverlib.lib : gpio.o (.text:GPIO_setAsPeripheralModuleFunctionInputPin)
                  00003fa8    00000048     rtsv7M4_T_le_v4SPD16_eabi.lib : fd_toi_t2.asm.obj (.text)
                  00003ff0    00000044                                   : autoinit.c.obj (.text:__TI_auto_init_nobinit_nopinit:__TI_auto_init_nobinit_nopinit)
                  00004034    00000040                                   : sprintf.c.obj (.text:sprintf)
                  00004074    0000003e                                   : _printfi.c.obj (.text:_fcpy)
                  000040b2    00000038                                   : fs_tod_t2.asm.obj (.text)
                  000040ea    00000002     --HOLE-- [fill = 0]
                  000040ec    00000034                                   : boot_cortex_m.c.obj (.text:_c_int00_noargs:_c_int00_noargs)
                  00004120    00000030     msp432p4xx_driverlib.lib : gpio.o (.text:GPIO_getEnabledInterruptStatus)
                  00004150    00000030                              : gpio.o (.text:GPIO_setAsInputPinWithPullUpResistor)
                  00004180    00000030                              : uart.o (.text:UART_getEnabledInterruptStatus)
                  000041b0    0000002e     rtsv7M4_T_le_v4SPD16_eabi.lib : i_tofd_t2.asm.obj (.text)
                  000041de    00000002     --HOLE-- [fill = 0]
                  000041e0    0000002c     msp432p4xx_driverlib.lib : gpio.o (.text:GPIO_setAsInputPin)
                  0000420c    0000002c                              : pcm.o (.text:PCM_getCoreVoltageLevel)
                  00004238    0000002a                              : pcm.o (.text:PCM_getPowerMode)
                  00004262    00000002     --HOLE-- [fill = 0]
                  00004264    00000028                              : flash.o (.text:FlashCtl_setWaitState)
                  0000428c    00000024                              : cs.o (.text:CS_setDCOCenteredFrequency)
                  000042b0    00000024                              : gpio.o (.text:GPIO_setAsOutputPin)
                  000042d4    00000024                              : interrupt.o (.text:Interrupt_setPriority)
                  000042f8    00000024                              : uart.o (.text:UART_disableInterrupt)
                  0000431c    00000024                              : uart.o (.text:UART_receiveData)
                  00004340    00000024                              : uart.o (.text:UART_transmitData)
                  00004364    00000020     rtsv7M4_T_le_v4SPD16_eabi.lib : u_tofd_t2.asm.obj (.text)
                  00004384    0000001c                                   : copy_zero_init.c.obj (.text:decompress:ZI:__TI_zero_init_nomemset:__TI_zero_init_nomemset)
                  000043a0    0000001c                                   : memccpy.c.obj (.text:memccpy)
                  000043bc    0000001a                                   : s_copysign.c.obj (.text:copysign)
                  000043d6    00000002     --HOLE-- [fill = 0]
                  000043d8    00000018     msp432p4xx_driverlib.lib : gpio.o (.text:GPIO_clearInterruptFlag)
                  000043f0    00000018                              : gpio.o (.text:GPIO_getInputPinValue)
                  00004408    00000018                              : gpio.o (.text:GPIO_setOutputLowOnPin)
                  00004420    00000018                              : wdt_a.o (.text:WDT_A_holdTimer)
                  00004438    00000018     rtsv7M4_T_le_v4SPD16_eabi.lib : sprintf.c.obj (.text:_outs)
                  00004450    00000016     msp432p4xx_driverlib.lib : uart.o (.text:UART_enableInterrupt)
                  00004466    00000016     main.obj (.text)
                  0000447c    00000016     rtsv7M4_T_le_v4SPD16_eabi.lib : strchr.c.obj (.text:strchr)
                  00004492    00000002     --HOLE-- [fill = 0]
                  00004494    00000014     msp432p4xx_driverlib.lib : gpio.o (.text:GPIO_enableInterrupt)
                  000044a8    00000014                              : gpio.o (.text:GPIO_setOutputHighOnPin)
                  000044bc    00000014                              : gpio.o (.text:GPIO_toggleOutputOnPin)
                  000044d0    00000014                              : sysctl.o (.text:SysCtl_enableSRAMBankRetention)
                  000044e4    00000014     rtsv7M4_T_le_v4SPD16_eabi.lib : strlen.c.obj (.text:strlen)
                  000044f8    00000012                                   : wcslen.c.obj (.text:wcslen)
                  0000450a    00000002     --HOLE-- [fill = 0]
                  0000450c    00000010     msp432p4xx_driverlib.lib : gpio.o (.text:GPIO_getInterruptStatus)
                  0000451c    00000010                              : interrupt.o (.text:Interrupt_enableMaster)
                  0000452c    0000000e                              : uart.o (.text:UART_clearInterruptFlag)
                  0000453a    0000000e     rtsv7M4_T_le_v4SPD16_eabi.lib : copy_decompress_none.c.obj (.text:decompress:none:__TI_decompress_none)
                  00004548    0000000e     startup_msp432p401r_ccs.obj (.text)
                  00004556    0000000c     msp432p4xx_driverlib.lib : cpu.o (.text:CPU_cpsie)
                  00004562    00000002     --HOLE-- [fill = 0]
                  00004564    0000000c                              : pcm.o (.text:PCM_getPowerState)
                  00004570    0000000c                              : uart.o (.text:UART_enableModule)
                  0000457c    0000000a     rtsv7M4_T_le_v4SPD16_eabi.lib : sprintf.c.obj (.text:_outc)
                  00004586    00000008     msp432p4xx_driverlib.lib : pcm.o (.text:PCM_setCoreVoltageLevel)
                  0000458e    00000008                              : pcm.o (.text:PCM_setPowerMode)
                  00004596    00000002     --HOLE-- [fill = 0]
                  00004598    00000008     rtsv7M4_T_le_v4SPD16_eabi.lib : errno.c.obj (.text:__aeabi_errno_addr)
                  000045a0    00000006     msp432p4xx_driverlib.lib : uart.o (.text:UART_getInterruptStatus)
                  000045a6    00000004     rtsv7M4_T_le_v4SPD16_eabi.lib : pre_init.c.obj (.text:_system_pre_init)
                  000045aa    00000004                                   : exit.c.obj (.text:abort:abort)

.const     0    000045b0    0000060c     
                  000045b0    00000228     oled.obj (.const:F6x8)
                  000047d8    000001c0     oled.obj (.const:Hzk)
                  00004998    00000101     rtsv7M4_T_le_v4SPD16_eabi.lib : ctype.c.obj (.const:.string:_ctypes_)
                  00004a99    00000003     --HOLE-- [fill = 0]
                  00004a9c    00000050     msp432p4xx_driverlib.lib : interrupt.o (.const:g_pulRegs)
                  00004aec    00000040                              : interrupt.o (.const)
                  00004b2c    00000024     exinuart.obj (.const:UART0)
                  00004b50    00000024     exinuart.obj (.const:UART2)
                  00004b74    00000024     exinuart.obj (.const:UART3)
                  00004b98    00000024     ADS_RCV.obj (.const:UART3_SET)

.cinit     0    00004bc0    00000070     
                  00004bc0    0000004b     (.cinit..data.load) [load image, compression = lzss]
                  00004c0b    00000001     --HOLE-- [fill = 0]
                  00004c0c    0000000c     (__TI_handler_table)
                  00004c18    00000008     (.cinit..bss.load) [load image, compression = zero_init]
                  00004c20    00000010     (__TI_cinit_table)

.init_array 
*          0    00000000    00000000     UNINITIALIZED

.binit     0    00000000    00000000     

.data      0    20000000    00002ab3     UNINITIALIZED
                  20000000    00002000     oled.obj (.data:screen_buf)
                  20002000    00000400     oled.obj (.data:bmp2)
                  20002400    00000400     oled.obj (.data:bmp)
                  20002800    00000200     Oscill_OLED.obj (.data:Oscill_data_buff)
                  20002a00    00000030     msp432p4xx_driverlib.lib : gpio.o (.data:GPIO_PORT_TO_BASE)
                  20002a30    00000028     exinencoder.obj (.data:timerAcaptureValues)
                  20002a58    0000001c     exinadjust.obj (.data)
                  20002a74    0000000a     ADS_RCV.obj (.data:ADS_RCV_DATA)
                  20002a7e    00000002     --HOLE--
                  20002a80    00000008     ADS_RCV.obj (.data)
                  20002a88    00000008     exinADC.obj (.data)
                  20002a90    00000008     exinencoder.obj (.data)
                  20002a98    00000008     exinsystem.obj (.data)
                  20002aa0    00000008     oled.obj (.data:tmp$2)
                  20002aa8    00000004     rtsv7M4_T_le_v4SPD16_eabi.lib : errno.c.obj (.data)
                  20002aac    00000004     system_msp432p401r.obj (.data)
                  20002ab0    00000003     exinuart.obj (.data)

.bss       0    20002ab4    0000003d     UNINITIALIZED
                  20002ab4    00000018     (.common:oscill1)
                  20002acc    00000008     (.common:encoder_A)
                  20002ad4    00000008     (.common:encoder_B)
                  20002adc    00000008     (.common:encoder_C)
                  20002ae4    00000008     (.common:encoder_D)
                  20002aec    00000004     exinsystem.obj (.bss)
                  20002af0    00000001     oled.obj (.bss)

.stack     0    2000fe00    00000200     UNINITIALIZED
                  2000fe00    00000004     rtsv7M4_T_le_v4SPD16_eabi.lib : boot_cortex_m.c.obj (.stack)
                  2000fe04    000001fc     --HOLE--

__llvm_prf_cnts 
*          0    20000000    00000000     UNINITIALIZED

MODULE SUMMARY

       Module                        code    ro data   rw data
       ------                        ----    -------   -------
    .\
       system_msp432p401r.obj        820     0         8      
       startup_msp432p401r_ccs.obj   14      228       0      
       main.obj                      22      0         0      
    +--+-----------------------------+-------+---------+---------+
       Total:                        856     228       8      
                                                              
    .\exinlibs\
       oled.obj                      2012    1000      20498  
       exinADC.obj                   1336    0         16     
       exinencoder.obj               1008    0         160    
       Oscill_OLED.obj               0       0         1072   
       exinisr.obj                   700     0         0      
       exingpio.obj                  616     0         0      
       exinsystem.obj                576     0         24     
       ADS_RCV.obj                   436     36        36     
       exinuart.obj                  388     108       6      
       exin_pit.obj                  328     0         0      
       exinadjust.obj                0       0         56     
    +--+-----------------------------+-------+---------+---------+
       Total:                        7400    1144      21868  
                                                              
    C:/ti/msp/MSP432Ware_3_40_00_25/driverlib/driverlib/MSP432P4xx/ccs/msp432p4xx_driverlib.lib
       pcm.o                         510     0         0      
       gpio.o                        396     0         96     
       uart.o                        358     0         0      
       interrupt.o                   152     144       0      
       flash.o                       40      0         0      
       cs.o                          36      0         0      
       wdt_a.o                       24      0         0      
       sysctl.o                      20      0         0      
       cpu.o                         12      0         0      
    +--+-----------------------------+-------+---------+---------+
       Total:                        1548    144       96     
                                                              
    D:\CCS\ccs\tools\compiler\ti-cgt-arm_20.2.1.LTS\lib\rtsv7M4_T_le_v4SPD16_eabi.lib
       _printfi.c.obj                4851    0         0      
       fd_add_t2.asm.obj             438     0         0      
       fd_div_t2.asm.obj             310     0         0      
       s_scalbn.c.obj                272     0         0      
       fd_cmp_t2.asm.obj             268     0         0      
       ctype.c.obj                   0       257       0      
       fd_mul_t2.asm.obj             252     0         0      
       memcpy_t2.asm.obj             156     0         0      
       ull_div_t2.asm.obj            150     0         0      
       memset_t2.asm.obj             122     0         0      
       copy_decompress_lzss.c.obj    104     0         0      
       s_frexp.c.obj                 100     0         0      
       sprintf.c.obj                 98      0         0      
       _ltoa.c.obj                   84      0         0      
       atoi.c.obj                    76      0         0      
       fd_toi_t2.asm.obj             72      0         0      
       autoinit.c.obj                68      0         0      
       fs_tod_t2.asm.obj             56      0         0      
       boot_cortex_m.c.obj           52      0         0      
       i_tofd_t2.asm.obj             46      0         0      
       u_tofd_t2.asm.obj             32      0         0      
       copy_zero_init.c.obj          28      0         0      
       memccpy.c.obj                 28      0         0      
       s_copysign.c.obj              26      0         0      
       strchr.c.obj                  22      0         0      
       strlen.c.obj                  20      0         0      
       wcslen.c.obj                  18      0         0      
       errno.c.obj                   8       0         8      
       copy_decompress_none.c.obj    14      0         0      
       exit.c.obj                    4       0         0      
       pre_init.c.obj                4       0         0      
       div0.asm.obj                  2       0         0      
    +--+-----------------------------+-------+---------+---------+
       Total:                        7781    257       8      
                                                              
       Stack:                        0       0         1024   
       Linker Generated:             0       111       0      
    +--+-----------------------------+-------+---------+---------+
       Grand Total:                  17585   1884      23004  


LINKER GENERATED COPY TABLES

__TI_cinit_table @ 00004c20 records: 2, size/record: 8, table size: 16
	.data: load addr=00004bc0, load size=0000004b bytes, run addr=20000000, run size=00002ab3 bytes, compression=lzss
	.bss: load addr=00004c18, load size=00000008 bytes, run addr=20002ab4, run size=0000003d bytes, compression=zero_init


LINKER GENERATED HANDLER TABLE

__TI_handler_table @ 00004c0c records: 3, size/record: 4, table size: 12
	index: 0, handler: __TI_decompress_lzss
	index: 1, handler: __TI_decompress_none
	index: 2, handler: __TI_zero_init


GLOBAL SYMBOLS: SORTED ALPHABETICALLY BY Name 

address   name                                      
-------   ----                                      
00001555  ADC14_CHA_sel                             
00001669  ADC14_CLK_sel                             
00001805  ADC14_IRQHandler                          
00001805  ADC14_IRQHandler                          
00001767  ADC14_PREC_sel                            
0000131d  ADC14_convert_disable                     
00001311  ADC14_convert_enable                      
00001335  ADC14_convert_end                         
00001329  ADC14_convert_start                       
000017c1  ADC14_init                                
000013df  ADC14_read_data                           
00001341  ADC14_start                               
00002da1  ADS_Get                                   
20002a74  ADS_RCV_DATA                              
20002a81  ADS_RCV_FLAG                              
00002de3  ADS_RCV_GetData32                         
00002cc9  ADS_RCV_Init                              
20002a82  ADS_RCV_STATE                             
00004555  AES256_IRQHandler                         
20002a72  A_flag                                    
20002a73  B_flag                                    
00004555  BusFault_Handler                          
000045ab  C$$EXIT                                   
00004555  COMP_E0_IRQHandler                        
00004555  COMP_E1_IRQHandler                        
20002a88  CONVERT_SUCCESS_FLAG                      
00004557  CPU_cpsie                                 
00004555  CS_IRQHandler                             
0000428d  CS_setDCOCenteredFrequency                
00004555  DMA_ERR_IRQHandler                        
00004555  DMA_INT0_IRQHandler                       
00004555  DMA_INT1_IRQHandler                       
00004555  DMA_INT2_IRQHandler                       
00004555  DMA_INT3_IRQHandler                       
00004555  DebugMon_Handler                          
00004555  Default_Handler                           
00001b9d  ENCODER_TEST                              
00002f95  EUSCIA0_IRQHandler                        
00002f95  EUSCIA0_IRQHandler                        
00004555  EUSCIA1_IRQHandler                        
00002fc3  EUSCIA2_IRQHandler                        
00002fc3  EUSCIA2_IRQHandler                        
00002d11  EUSCIA3_IRQHandler                        
00002d11  EUSCIA3_IRQHandler                        
00004555  EUSCIB0_IRQHandler                        
00004555  EUSCIB1_IRQHandler                        
00004555  EUSCIB2_IRQHandler                        
00004555  EUSCIB3_IRQHandler                        
00001a6d  Encoder_clr                               
000045b0  F6x8                                      
00004555  FLCTL_IRQHandler                          
00004555  FPU_IRQHandler                            
00004265  FlashCtl_setWaitState                     
00001a31  GET_encoder_dir                           
000019f5  GET_encoder_num                           
000043d9  GPIO_clearInterruptFlag                   
00004495  GPIO_enableInterrupt                      
00004121  GPIO_getEnabledInterruptStatus            
000043f1  GPIO_getInputPinValue                     
0000450d  GPIO_getInterruptStatus                   
000041e1  GPIO_setAsInputPin                        
00004151  GPIO_setAsInputPinWithPullUpResistor      
000042b1  GPIO_setAsOutputPin                       
00003f61  GPIO_setAsPeripheralModuleFunctionInputPin
000044a9  GPIO_setOutputHighOnPin                   
00004409  GPIO_setOutputLowOnPin                    
000044bd  GPIO_toggleOutputOnPin                    
00004555  HardFault_Handler                         
000047d8  Hzk                                       
20002a70  IRQ3_5flag                                
20002a71  IRQ4_6flag                                
00003d51  Interrupt_enableInterrupt                 
0000451d  Interrupt_enableMaster                    
000042d5  Interrupt_setPriority                     
00004555  MemManage_Handler                         
00004555  NMI_Handler                               
00000dbf  OLED_Clear                                
00000da3  OLED_Display_Off                          
00000d87  OLED_Display_On                           
0000110d  OLED_DrawBMP                              
000011bd  OLED_Init                                 
00000b35  OLED_PutPixel                             
00000d4b  OLED_Set_Pos                              
00001057  OLED_ShowCHinese                          
00000e2d  OLED_ShowChar                             
00000ef1  OLED_ShowNum                              
00000ff5  OLED_ShowString                           
00000fc5  OLED_Showfloat                            
00000cbb  OLED_WR_Byte                              
00000ba5  OLED_pos_clr                              
00001b0d  OLED_show                                 
20002800  Oscill_data_buff                          
00004555  PCM_IRQHandler                            
0000420d  PCM_getCoreVoltageLevel                   
00004239  PCM_getPowerMode                          
00004565  PCM_getPowerState                         
00004587  PCM_setCoreVoltageLevel                   
0000458f  PCM_setPowerMode                          
00003001  PIT_init                                  
00001f6d  PORT1_IRQHandler                          
00001f6d  PORT1_IRQHandler                          
00001fab  PORT2_IRQHandler                          
00001fab  PORT2_IRQHandler                          
00002011  PORT3_IRQHandler                          
00002011  PORT3_IRQHandler                          
00002063  PORT4_IRQHandler                          
00002063  PORT4_IRQHandler                          
000020dd  PORT5_IRQHandler                          
000020dd  PORT5_IRQHandler                          
00002143  PORT6_IRQHandler                          
00002143  PORT6_IRQHandler                          
00004555  PSS_IRQHandler                            
00004555  PendSV_Handler                            
00004555  RTC_C_IRQHandler                          
20002a80  R_FLAG                                    
00004549  Reset_Handler                             
00004555  SVC_Handler                               
000044d1  SysCtl_enableSRAMBankRetention            
000028a9  SysTick_Handler                           
000028a9  SysTick_Handler                           
20002aac  SystemCoreClock                           
00001c39  SystemCoreClockUpdate                     
00001eb1  SystemInit                                
00004555  T32_INT1_IRQHandler                       
00004555  T32_INT2_IRQHandler                       
00004555  T32_INTC_IRQHandler                       
000021af  TA0_0_IRQHandler                          
000021af  TA0_0_IRQHandler                          
00001ab1  TA0_N_IRQHandler                          
00001ab1  TA0_N_IRQHandler                          
000021c5  TA1_0_IRQHandler                          
000021c5  TA1_0_IRQHandler                          
00004555  TA1_N_IRQHandler                          
000021d1  TA2_0_IRQHandler                          
000021d1  TA2_0_IRQHandler                          
00004555  TA2_N_IRQHandler                          
000021dd  TA3_0_IRQHandler                          
000021dd  TA3_0_IRQHandler                          
00004555  TA3_N_IRQHandler                          
00004b2c  UART0                                     
20002ab2  UART0_RXDat                               
00002e7d  UART0_init                                
00004b50  UART2                                     
20002ab1  UART2_RXDat                               
00002ec5  UART2_init                                
00004b74  UART3                                     
20002ab0  UART3_RXDat                               
00004b98  UART3_SET                                 
00002f0d  UART3_init                                
0000452d  UART_clearInterruptFlag                   
000042f9  UART_disableInterrupt                     
00004451  UART_enableInterrupt                      
00004571  UART_enableModule                         
00004181  UART_getEnabledInterruptStatus            
000045a1  UART_getInterruptStatus                   
00003a61  UART_initModule                           
0000431d  UART_receiveData                          
00002f85  UART_send_Num                             
00002f55  UART_send_string                          
00004341  UART_transmitData                         
00004555  UsageFault_Handler                        
4000480c  WDTCTL_SYM                                
00004555  WDT_A_IRQHandler                          
00004421  WDT_A_holdTimer                           
20010000  __STACK_END                               
00000200  __STACK_SIZE                              
00004c20  __TI_CINIT_Base                           
00004c30  __TI_CINIT_Limit                          
00004c0c  __TI_Handler_Table_Base                   
00004c18  __TI_Handler_Table_Limit                  
00003ff1  __TI_auto_init_nobinit_nopinit            
00003ce9  __TI_decompress_lzss                      
0000453b  __TI_decompress_none                      
00003e6f  __TI_ltoa                                 
ffffffff  __TI_pprof_out_hndl                       
000000e5  __TI_printfi                              
ffffffff  __TI_prof_data_size                       
ffffffff  __TI_prof_data_start                      
00000000  __TI_static_base__                        
00004385  __TI_zero_init_nomemset                   
00003af5  __aeabi_cdcmpeq                           
00003af5  __aeabi_cdcmple                           
00003b7b  __aeabi_cdrcmple                          
00003fa9  __aeabi_d2iz                              
00002b1b  __aeabi_dadd                              
00003285  __aeabi_ddiv                              
000035f1  __aeabi_dmul                              
00002b11  __aeabi_dsub                              
00004599  __aeabi_errno_addr                        
000040b3  __aeabi_f2d                               
000041b1  __aeabi_i2d                               
00000b33  __aeabi_idiv0                             
00000b33  __aeabi_ldiv0                             
00003c01  __aeabi_memclr                            
00003c01  __aeabi_memclr4                           
00003c01  __aeabi_memclr8                           
0000392d  __aeabi_memcpy                            
0000392d  __aeabi_memcpy4                           
0000392d  __aeabi_memcpy8                           
00003c03  __aeabi_memset                            
00003c03  __aeabi_memset4                           
00003c03  __aeabi_memset8                           
00004365  __aeabi_ui2d                              
000039c9  __aeabi_uldivmod                          
ffffffff  __binit__                                 
ffffffff  __c_args__                                
UNDEFED   __mpu_init                                
2000fe00  __stack                                   
20000000  __start___llvm_prf_cnts                   
20000000  __stop___llvm_prf_cnts                    
000040ed  _c_int00_noargs                           
00004998  _ctypes_                                  
UNDEFED   _system_post_cinit                        
000045a7  _system_pre_init                          
000045ab  abort                                     
00003f15  atoi                                      
ffffffff  binit                                     
20002400  bmp                                       
20002000  bmp2                                      
20002a8c  convert_data                              
000043bd  copysign                                  
000043bd  copysignl                                 
20002a64  count                                     
20002a58  dirf                                      
20002acc  encoder_A                                 
20002ad4  encoder_B                                 
20002adc  encoder_C                                 
20002ae4  encoder_D                                 
00001849  encoder_IncTypeDef_init                   
000018a5  encoder_dirpin_init                       
0000194d  encoder_init                              
000018fd  encoder_interrupt_init                    
20002aa8  errno                                     
00002701  error                                     
00003db5  frexp                                     
00003db5  frexpl                                    
0000264f  gpio_INT_EN                               
0000253d  gpio_edg_sel                              
000024fd  gpio_get                                  
00002499  gpio_init                                 
000026a3  gpio_interrupt_INIT                       
0000250d  gpio_set                                  
0000252d  gpio_toggle                               
00000000  interruptVectors                          
000034e1  ldexp                                     
000034e1  ldexpl                                    
00004467  main                                      
000043a1  memccpy                                   
0000392d  memcpy                                    
00003c09  memset                                    
00000eb7  oled_pow                                  
00000bd9  oled_update                               
20002ab4  oscill1                                   
20002a5c  page_count                                
000034e1  scalbn                                    
000034e1  scalbnl                                   
20000000  screen_buf                                
00002729  set_DCO_48MH                              
000027c9  set_clock_period                          
00004035  sprintf                                   
20002a60  start_flag                                
0000447d  strchr                                    
000044e5  strlen                                    
20002a98  sysc                                      
00002889  system_init                               
0000287b  systic_clr                                
000028d1  systic_delayms                            
000028b3  systic_delayus                            
0000280d  systic_end                                
000027d3  systic_init                               
0000281b  systic_read                               
000027f7  systic_start                              
20002a9c  systim                                    
20002a68  testA                                     
20002a6c  testB                                     
20002a94  time_counter                              
20002a90  timerAcapturePointer                      
20002a30  timerAcaptureValues                       
000044f9  wcslen                                    


GLOBAL SYMBOLS: SORTED BY Symbol Address 

address   name                                      
-------   ----                                      
00000000  __TI_static_base__                        
00000000  interruptVectors                          
000000e5  __TI_printfi                              
00000200  __STACK_SIZE                              
00000b33  __aeabi_idiv0                             
00000b33  __aeabi_ldiv0                             
00000b35  OLED_PutPixel                             
00000ba5  OLED_pos_clr                              
00000bd9  oled_update                               
00000cbb  OLED_WR_Byte                              
00000d4b  OLED_Set_Pos                              
00000d87  OLED_Display_On                           
00000da3  OLED_Display_Off                          
00000dbf  OLED_Clear                                
00000e2d  OLED_ShowChar                             
00000eb7  oled_pow                                  
00000ef1  OLED_ShowNum                              
00000fc5  OLED_Showfloat                            
00000ff5  OLED_ShowString                           
00001057  OLED_ShowCHinese                          
0000110d  OLED_DrawBMP                              
000011bd  OLED_Init                                 
00001311  ADC14_convert_enable                      
0000131d  ADC14_convert_disable                     
00001329  ADC14_convert_start                       
00001335  ADC14_convert_end                         
00001341  ADC14_start                               
000013df  ADC14_read_data                           
00001555  ADC14_CHA_sel                             
00001669  ADC14_CLK_sel                             
00001767  ADC14_PREC_sel                            
000017c1  ADC14_init                                
00001805  ADC14_IRQHandler                          
00001805  ADC14_IRQHandler                          
00001849  encoder_IncTypeDef_init                   
000018a5  encoder_dirpin_init                       
000018fd  encoder_interrupt_init                    
0000194d  encoder_init                              
000019f5  GET_encoder_num                           
00001a31  GET_encoder_dir                           
00001a6d  Encoder_clr                               
00001ab1  TA0_N_IRQHandler                          
00001ab1  TA0_N_IRQHandler                          
00001b0d  OLED_show                                 
00001b9d  ENCODER_TEST                              
00001c39  SystemCoreClockUpdate                     
00001eb1  SystemInit                                
00001f6d  PORT1_IRQHandler                          
00001f6d  PORT1_IRQHandler                          
00001fab  PORT2_IRQHandler                          
00001fab  PORT2_IRQHandler                          
00002011  PORT3_IRQHandler                          
00002011  PORT3_IRQHandler                          
00002063  PORT4_IRQHandler                          
00002063  PORT4_IRQHandler                          
000020dd  PORT5_IRQHandler                          
000020dd  PORT5_IRQHandler                          
00002143  PORT6_IRQHandler                          
00002143  PORT6_IRQHandler                          
000021af  TA0_0_IRQHandler                          
000021af  TA0_0_IRQHandler                          
000021c5  TA1_0_IRQHandler                          
000021c5  TA1_0_IRQHandler                          
000021d1  TA2_0_IRQHandler                          
000021d1  TA2_0_IRQHandler                          
000021dd  TA3_0_IRQHandler                          
000021dd  TA3_0_IRQHandler                          
00002499  gpio_init                                 
000024fd  gpio_get                                  
0000250d  gpio_set                                  
0000252d  gpio_toggle                               
0000253d  gpio_edg_sel                              
0000264f  gpio_INT_EN                               
000026a3  gpio_interrupt_INIT                       
00002701  error                                     
00002729  set_DCO_48MH                              
000027c9  set_clock_period                          
000027d3  systic_init                               
000027f7  systic_start                              
0000280d  systic_end                                
0000281b  systic_read                               
0000287b  systic_clr                                
00002889  system_init                               
000028a9  SysTick_Handler                           
000028a9  SysTick_Handler                           
000028b3  systic_delayus                            
000028d1  systic_delayms                            
00002b11  __aeabi_dsub                              
00002b1b  __aeabi_dadd                              
00002cc9  ADS_RCV_Init                              
00002d11  EUSCIA3_IRQHandler                        
00002d11  EUSCIA3_IRQHandler                        
00002da1  ADS_Get                                   
00002de3  ADS_RCV_GetData32                         
00002e7d  UART0_init                                
00002ec5  UART2_init                                
00002f0d  UART3_init                                
00002f55  UART_send_string                          
00002f85  UART_send_Num                             
00002f95  EUSCIA0_IRQHandler                        
00002f95  EUSCIA0_IRQHandler                        
00002fc3  EUSCIA2_IRQHandler                        
00002fc3  EUSCIA2_IRQHandler                        
00003001  PIT_init                                  
00003285  __aeabi_ddiv                              
000034e1  ldexp                                     
000034e1  ldexpl                                    
000034e1  scalbn                                    
000034e1  scalbnl                                   
000035f1  __aeabi_dmul                              
0000392d  __aeabi_memcpy                            
0000392d  __aeabi_memcpy4                           
0000392d  __aeabi_memcpy8                           
0000392d  memcpy                                    
000039c9  __aeabi_uldivmod                          
00003a61  UART_initModule                           
00003af5  __aeabi_cdcmpeq                           
00003af5  __aeabi_cdcmple                           
00003b7b  __aeabi_cdrcmple                          
00003c01  __aeabi_memclr                            
00003c01  __aeabi_memclr4                           
00003c01  __aeabi_memclr8                           
00003c03  __aeabi_memset                            
00003c03  __aeabi_memset4                           
00003c03  __aeabi_memset8                           
00003c09  memset                                    
00003ce9  __TI_decompress_lzss                      
00003d51  Interrupt_enableInterrupt                 
00003db5  frexp                                     
00003db5  frexpl                                    
00003e6f  __TI_ltoa                                 
00003f15  atoi                                      
00003f61  GPIO_setAsPeripheralModuleFunctionInputPin
00003fa9  __aeabi_d2iz                              
00003ff1  __TI_auto_init_nobinit_nopinit            
00004035  sprintf                                   
000040b3  __aeabi_f2d                               
000040ed  _c_int00_noargs                           
00004121  GPIO_getEnabledInterruptStatus            
00004151  GPIO_setAsInputPinWithPullUpResistor      
00004181  UART_getEnabledInterruptStatus            
000041b1  __aeabi_i2d                               
000041e1  GPIO_setAsInputPin                        
0000420d  PCM_getCoreVoltageLevel                   
00004239  PCM_getPowerMode                          
00004265  FlashCtl_setWaitState                     
0000428d  CS_setDCOCenteredFrequency                
000042b1  GPIO_setAsOutputPin                       
000042d5  Interrupt_setPriority                     
000042f9  UART_disableInterrupt                     
0000431d  UART_receiveData                          
00004341  UART_transmitData                         
00004365  __aeabi_ui2d                              
00004385  __TI_zero_init_nomemset                   
000043a1  memccpy                                   
000043bd  copysign                                  
000043bd  copysignl                                 
000043d9  GPIO_clearInterruptFlag                   
000043f1  GPIO_getInputPinValue                     
00004409  GPIO_setOutputLowOnPin                    
00004421  WDT_A_holdTimer                           
00004451  UART_enableInterrupt                      
00004467  main                                      
0000447d  strchr                                    
00004495  GPIO_enableInterrupt                      
000044a9  GPIO_setOutputHighOnPin                   
000044bd  GPIO_toggleOutputOnPin                    
000044d1  SysCtl_enableSRAMBankRetention            
000044e5  strlen                                    
000044f9  wcslen                                    
0000450d  GPIO_getInterruptStatus                   
0000451d  Interrupt_enableMaster                    
0000452d  UART_clearInterruptFlag                   
0000453b  __TI_decompress_none                      
00004549  Reset_Handler                             
00004555  AES256_IRQHandler                         
00004555  BusFault_Handler                          
00004555  COMP_E0_IRQHandler                        
00004555  COMP_E1_IRQHandler                        
00004555  CS_IRQHandler                             
00004555  DMA_ERR_IRQHandler                        
00004555  DMA_INT0_IRQHandler                       
00004555  DMA_INT1_IRQHandler                       
00004555  DMA_INT2_IRQHandler                       
00004555  DMA_INT3_IRQHandler                       
00004555  DebugMon_Handler                          
00004555  Default_Handler                           
00004555  EUSCIA1_IRQHandler                        
00004555  EUSCIB0_IRQHandler                        
00004555  EUSCIB1_IRQHandler                        
00004555  EUSCIB2_IRQHandler                        
00004555  EUSCIB3_IRQHandler                        
00004555  FLCTL_IRQHandler                          
00004555  FPU_IRQHandler                            
00004555  HardFault_Handler                         
00004555  MemManage_Handler                         
00004555  NMI_Handler                               
00004555  PCM_IRQHandler                            
00004555  PSS_IRQHandler                            
00004555  PendSV_Handler                            
00004555  RTC_C_IRQHandler                          
00004555  SVC_Handler                               
00004555  T32_INT1_IRQHandler                       
00004555  T32_INT2_IRQHandler                       
00004555  T32_INTC_IRQHandler                       
00004555  TA1_N_IRQHandler                          
00004555  TA2_N_IRQHandler                          
00004555  TA3_N_IRQHandler                          
00004555  UsageFault_Handler                        
00004555  WDT_A_IRQHandler                          
00004557  CPU_cpsie                                 
00004565  PCM_getPowerState                         
00004571  UART_enableModule                         
00004587  PCM_setCoreVoltageLevel                   
0000458f  PCM_setPowerMode                          
00004599  __aeabi_errno_addr                        
000045a1  UART_getInterruptStatus                   
000045a7  _system_pre_init                          
000045ab  C$$EXIT                                   
000045ab  abort                                     
000045b0  F6x8                                      
000047d8  Hzk                                       
00004998  _ctypes_                                  
00004b2c  UART0                                     
00004b50  UART2                                     
00004b74  UART3                                     
00004b98  UART3_SET                                 
00004c0c  __TI_Handler_Table_Base                   
00004c18  __TI_Handler_Table_Limit                  
00004c20  __TI_CINIT_Base                           
00004c30  __TI_CINIT_Limit                          
20000000  __start___llvm_prf_cnts                   
20000000  __stop___llvm_prf_cnts                    
20000000  screen_buf                                
20002000  bmp2                                      
20002400  bmp                                       
20002800  Oscill_data_buff                          
20002a30  timerAcaptureValues                       
20002a58  dirf                                      
20002a5c  page_count                                
20002a60  start_flag                                
20002a64  count                                     
20002a68  testA                                     
20002a6c  testB                                     
20002a70  IRQ3_5flag                                
20002a71  IRQ4_6flag                                
20002a72  A_flag                                    
20002a73  B_flag                                    
20002a74  ADS_RCV_DATA                              
20002a80  R_FLAG                                    
20002a81  ADS_RCV_FLAG                              
20002a82  ADS_RCV_STATE                             
20002a88  CONVERT_SUCCESS_FLAG                      
20002a8c  convert_data                              
20002a90  timerAcapturePointer                      
20002a94  time_counter                              
20002a98  sysc                                      
20002a9c  systim                                    
20002aa8  errno                                     
20002aac  SystemCoreClock                           
20002ab0  UART3_RXDat                               
20002ab1  UART2_RXDat                               
20002ab2  UART0_RXDat                               
20002ab4  oscill1                                   
20002acc  encoder_A                                 
20002ad4  encoder_B                                 
20002adc  encoder_C                                 
20002ae4  encoder_D                                 
2000fe00  __stack                                   
20010000  __STACK_END                               
4000480c  WDTCTL_SYM                                
ffffffff  __TI_pprof_out_hndl                       
ffffffff  __TI_prof_data_size                       
ffffffff  __TI_prof_data_start                      
ffffffff  __binit__                                 
ffffffff  __c_args__                                
ffffffff  binit                                     
UNDEFED   __mpu_init                                
UNDEFED   _system_post_cinit                        

[279 symbols]
