******************************************************************************
                  TI ARM Linker PC v20.2.1                     
******************************************************************************
>> Linked Thu Dec 23 14:22:32 2021

OUTPUT FILE NAME:   <12.Exin_gpio.out>
ENTRY POINT SYMBOL: "_c_int00_noargs"  address: 00003401


MEMORY CONFIGURATION

         name            origin    length      used     unused   attr    fill
----------------------  --------  ---------  --------  --------  ----  --------
  MAIN                  00000000   00040000  000034d4  0003cb2c  R  X
  INFO                  00200000   00004000  00000000  00004000  R  X
  SRAM_CODE             01000000   00010000  000002b4  0000fd4c  RW X
  SRAM_DATA             20000000   00010000  000002b4  0000fd4c  RW  


SEGMENT ALLOCATION MAP

run origin  load origin   length   init length attrs members
----------  ----------- ---------- ----------- ----- -------
00000000    00000000    000034d8   000034d8    r-x
  00000000    00000000    000000e4   000000e4    r-- .intvecs
  000000e4    000000e4    000033b0   000033b0    r-x .text
  00003498    00003498    00000040   00000040    r-- .cinit
20000000    20000000    000000b4   00000000    rw-
  20000000    20000000    00000060   00000000    rw- .data
  20000060    20000060    00000054   00000000    rw- .bss
2000fe00    2000fe00    00000200   00000000    rw-
  2000fe00    2000fe00    00000200   00000000    rw- .stack


SECTION ALLOCATION MAP

 output                                  attributes/
section   page    origin      length       input sections
--------  ----  ----------  ----------   ----------------
.intvecs   0    00000000    000000e4     
                  00000000    000000e4     startup_msp432p401r_ccs.obj (.intvecs:retain)

.text      0    000000e4    000033b0     
                  000000e4    00000a9c     exingpio.obj (.text)
                  00000b80    000008f0     exinADC.obj (.text)
                  00001470    000006a0     exinuart.obj (.text)
                  00001b10    00000664     exinisr.obj (.text)
                  00002174    000004fc     exinsystem.obj (.text)
                  00002670    0000046c     exinTimerA.obj (.text)
                  00002adc    00000334     system_msp432p401r.obj (.text)
                  00002e10    000001b6     rtsv7M4_T_le_v4SPD16_eabi.lib : fd_add_t2.asm.obj (.text)
                  00002fc6    00000136                                   : fd_div_t2.asm.obj (.text)
                  000030fc    000000fc                                   : fd_mul_t2.asm.obj (.text)
                  000031f8    0000009c                                   : memcpy_t2.asm.obj (.text)
                  00003294    00000068                                   : copy_decompress_lzss.c.obj (.text:decompress:lzss:__TI_decompress_lzss)
                  000032fc    00000048                                   : fd_toi_t2.asm.obj (.text)
                  00003344    00000044                                   : autoinit.c.obj (.text:__TI_auto_init_nobinit_nopinit:__TI_auto_init_nobinit_nopinit)
                  00003388    0000003e     main.obj (.text)
                  000033c6    00000038     rtsv7M4_T_le_v4SPD16_eabi.lib : fs_tod_t2.asm.obj (.text)
                  000033fe    00000002     --HOLE-- [fill = 0]
                  00003400    00000034                                   : boot_cortex_m.c.obj (.text:_c_int00_noargs:_c_int00_noargs)
                  00003434    00000020                                   : u_tofd_t2.asm.obj (.text)
                  00003454    0000001c                                   : copy_zero_init.c.obj (.text:decompress:ZI:__TI_zero_init_nomemset:__TI_zero_init_nomemset)
                  00003470    0000000e                                   : copy_decompress_none.c.obj (.text:decompress:none:__TI_decompress_none)
                  0000347e    0000000e     startup_msp432p401r_ccs.obj (.text)
                  0000348c    00000004     rtsv7M4_T_le_v4SPD16_eabi.lib : pre_init.c.obj (.text:_system_pre_init)
                  00003490    00000004                                   : exit.c.obj (.text:abort:abort)

.cinit     0    00003498    00000040     
                  00003498    00000019     (.cinit..data.load) [load image, compression = lzss]
                  000034b1    00000003     --HOLE-- [fill = 0]
                  000034b4    0000000c     (__TI_handler_table)
                  000034c0    00000008     (.cinit..bss.load) [load image, compression = zero_init]
                  000034c8    00000010     (__TI_cinit_table)

.init_array 
*          0    00000000    00000000     UNINITIALIZED

.binit     0    00000000    00000000     

.data      0    20000000    00000060     UNINITIALIZED
                  20000000    00000038     exinTimerAINT.obj (.data:CCRn_period_val)
                  20000038    0000001c     exinadjust.obj (.data)
                  20000054    00000008     exinsystem.obj (.data)
                  2000005c    00000004     system_msp432p401r.obj (.data)

.bss       0    20000060    00000054     UNINITIALIZED
                  20000060    00000030     (.common:ADC14_STRUCT)
                  20000090    00000008     (.common:encoder_A)
                  20000098    00000008     (.common:encoder_B)
                  200000a0    00000008     (.common:encoder_C)
                  200000a8    00000008     (.common:encoder_D)
                  200000b0    00000004     exinsystem.obj (.bss)

.stack     0    2000fe00    00000200     UNINITIALIZED
                  2000fe00    00000004     rtsv7M4_T_le_v4SPD16_eabi.lib : boot_cortex_m.c.obj (.stack)
                  2000fe04    000001fc     --HOLE--

__llvm_prf_cnts 
*          0    20000000    00000000     UNINITIALIZED

MODULE SUMMARY

       Module                        code    ro data   rw data
       ------                        ----    -------   -------
    .\
       system_msp432p401r.obj        820     0         8      
       startup_msp432p401r_ccs.obj   14      228       0      
       main.obj                      62      0         96     
    +--+-----------------------------+-------+---------+---------+
       Total:                        896     228       104    
                                                              
    .\exinlibs\
       exingpio.obj                  2716    0         0      
       exinADC.obj                   2288    0         0      
       exinuart.obj                  1696    0         0      
       exinisr.obj                   1636    0         0      
       exinsystem.obj                1276    0         24     
       exinTimerA.obj                1132    0         0      
       exinTimerAINT.obj             0       0         112    
       exinencoder.obj               0       0         64     
       exinadjust.obj                0       0         56     
    +--+-----------------------------+-------+---------+---------+
       Total:                        10744   0         256    
                                                              
    D:\CCS\ccs\tools\compiler\ti-cgt-arm_20.2.1.LTS\lib\rtsv7M4_T_le_v4SPD16_eabi.lib
       fd_add_t2.asm.obj             438     0         0      
       fd_div_t2.asm.obj             310     0         0      
       fd_mul_t2.asm.obj             252     0         0      
       memcpy_t2.asm.obj             156     0         0      
       copy_decompress_lzss.c.obj    104     0         0      
       fd_toi_t2.asm.obj             72      0         0      
       autoinit.c.obj                68      0         0      
       fs_tod_t2.asm.obj             56      0         0      
       boot_cortex_m.c.obj           52      0         0      
       u_tofd_t2.asm.obj             32      0         0      
       copy_zero_init.c.obj          28      0         0      
       copy_decompress_none.c.obj    14      0         0      
       exit.c.obj                    4       0         0      
       pre_init.c.obj                4       0         0      
    +--+-----------------------------+-------+---------+---------+
       Total:                        1590    0         0      
                                                              
       Stack:                        0       0         1024   
       Linker Generated:             0       61        0      
    +--+-----------------------------+-------+---------+---------+
       Grand Total:                  13230   289       1384   


LINKER GENERATED COPY TABLES

__TI_cinit_table @ 000034c8 records: 2, size/record: 8, table size: 16
	.data: load addr=00003498, load size=00000019 bytes, run addr=20000000, run size=00000060 bytes, compression=lzss
	.bss: load addr=000034c0, load size=00000008 bytes, run addr=20000060, run size=00000054 bytes, compression=zero_init


LINKER GENERATED HANDLER TABLE

__TI_handler_table @ 000034b4 records: 3, size/record: 4, table size: 12
	index: 0, handler: __TI_decompress_lzss
	index: 1, handler: __TI_decompress_none
	index: 2, handler: __TI_zero_init


GLOBAL SYMBOLS: SORTED ALPHABETICALLY BY Name 

address   name                          
-------   ----                          
00001091  ADC14_CHAEND_set              
00000dc5  ADC14_CHA_sel                 
00000ed9  ADC14_CLK_sel                 
0000128d  ADC14_IRQFG_set               
000013e5  ADC14_IRQHandler              
000013e5  ADC14_IRQHandler              
00001189  ADC14_MEM_set                 
00000fd7  ADC14_PREC_sel                
20000060  ADC14_STRUCT                  
00000b8d  ADC14_convert_disable         
00000b81  ADC14_convert_enable          
00000ba5  ADC14_convert_end             
00000b99  ADC14_convert_start           
00001031  ADC14_init                    
00000c4f  ADC14_read_data               
00001319  ADC14_repeatmod_init          
00001391  ADC14_repeatmod_rec           
00000bb1  ADC14_start                   
0000348b  AES256_IRQHandler             
20000052  A_flag                        
20000053  B_flag                        
0000348b  BusFault_Handler              
00003491  C$$EXIT                       
20000000  CCRn_period_val               
0000348b  COMP_E0_IRQHandler            
0000348b  COMP_E1_IRQHandler            
0000348b  CS_IRQHandler                 
000021a7  CS_locked                     
0000219d  CS_unlocked                   
000021af  DCO_set                       
0000348b  DMA_ERR_IRQHandler            
0000348b  DMA_INT0_IRQHandler           
0000348b  DMA_INT1_IRQHandler           
0000348b  DMA_INT2_IRQHandler           
0000348b  DMA_INT3_IRQHandler           
0000348b  DebugMon_Handler              
0000348b  Default_Handler               
00001a77  EUSCIA0_IRQHandler            
00001a77  EUSCIA0_IRQHandler            
00001a81  EUSCIA1_IRQHandler            
00001a81  EUSCIA1_IRQHandler            
00001a95  EUSCIA2_IRQHandler            
00001a95  EUSCIA2_IRQHandler            
00001a9f  EUSCIA3_IRQHandler            
00001a9f  EUSCIA3_IRQHandler            
0000348b  EUSCIB0_IRQHandler            
0000348b  EUSCIB1_IRQHandler            
0000348b  EUSCIB2_IRQHandler            
0000348b  EUSCIB3_IRQHandler            
0000348b  FLCTL_IRQHandler              
0000348b  FPU_IRQHandler                
0000348b  HardFault_Handler             
20000050  IRQ3_5flag                    
20000051  IRQ4_6flag                    
00002225  MCLK_set                      
0000348b  MemManage_Handler             
0000348b  NMI_Handler                   
0000348b  PCM_IRQHandler                
00001b11  PORT1_IRQHandler              
00001b11  PORT1_IRQHandler              
00001bb7  PORT2_IRQHandler              
00001bb7  PORT2_IRQHandler              
00001c83  PORT3_IRQHandler              
00001c83  PORT3_IRQHandler              
00001d3b  PORT4_IRQHandler              
00001d3b  PORT4_IRQHandler              
00001e19  PORT5_IRQHandler              
00001e19  PORT5_IRQHandler              
00001eed  PORT6_IRQHandler              
00001eed  PORT6_IRQHandler              
0000348b  PSS_IRQHandler                
0000348b  PendSV_Handler                
0000348b  RTC_C_IRQHandler              
0000347f  Reset_Handler                 
00002345  SMCLK_set                     
0000348b  SVC_Handler                   
000025eb  SysTick_Handler               
000025eb  SysTick_Handler               
2000005c  SystemCoreClock               
00002add  SystemCoreClockUpdate         
00002d55  SystemInit                    
0000348b  T32_INT1_IRQHandler           
0000348b  T32_INT2_IRQHandler           
0000348b  T32_INTC_IRQHandler           
00001fc9  TA0_0_IRQHandler              
00001fc9  TA0_0_IRQHandler              
00002003  TA0_N_IRQHandler              
00002003  TA0_N_IRQHandler              
00001fdf  TA1_0_IRQHandler              
00001fdf  TA1_0_IRQHandler              
00002009  TA1_N_IRQHandler              
00002009  TA1_N_IRQHandler              
00001feb  TA2_0_IRQHandler              
00001feb  TA2_0_IRQHandler              
0000200b  TA2_N_IRQHandler              
0000200b  TA2_N_IRQHandler              
00001ff7  TA3_0_IRQHandler              
00001ff7  TA3_0_IRQHandler              
00002021  TA3_N_IRQHandler              
00002021  TA3_N_IRQHandler              
00002a4d  TimerA_CCRVAL_set             
00002717  TimerA_CLK_set                
00002671  TimerA_MOD_sel                
00002823  TimerA_NVIC_IRQ_set           
0000299d  TimerA_disable_CCRnIRQ        
000028df  TimerA_enable_CCRnIRQ         
000016f5  UART_Baunds_set               
000015e9  UART_CLK_sel                  
000014ed  UART_IRQRX_set                
00001471  UART_IRQ_set                  
00001595  UART_PIN_sel                  
00001541  UART_USIC_init                
000018c9  UART_init                     
0000197d  UART_recv_Byte                
0000190d  UART_send_Byte                
00001a41  UART_send_int                 
000019f9  UART_send_short               
000019cb  UART_send_string              
0000348b  UsageFault_Handler            
4000480c  WDTCTL_SYM                    
0000348b  WDT_A_IRQHandler              
20010000  __STACK_END                   
00000200  __STACK_SIZE                  
000034c8  __TI_CINIT_Base               
000034d8  __TI_CINIT_Limit              
000034b4  __TI_Handler_Table_Base       
000034c0  __TI_Handler_Table_Limit      
00003345  __TI_auto_init_nobinit_nopinit
00003295  __TI_decompress_lzss          
00003471  __TI_decompress_none          
ffffffff  __TI_pprof_out_hndl           
ffffffff  __TI_prof_data_size           
ffffffff  __TI_prof_data_start          
00000000  __TI_static_base__            
00003455  __TI_zero_init_nomemset       
000032fd  __aeabi_d2iz                  
00002e1b  __aeabi_dadd                  
00002fc7  __aeabi_ddiv                  
000030fd  __aeabi_dmul                  
00002e11  __aeabi_dsub                  
000033c7  __aeabi_f2d                   
000031f9  __aeabi_memcpy                
000031f9  __aeabi_memcpy4               
000031f9  __aeabi_memcpy8               
00003435  __aeabi_ui2d                  
ffffffff  __binit__                     
ffffffff  __c_args__                    
UNDEFED   __mpu_init                    
2000fe00  __stack                       
20000000  __start___llvm_prf_cnts       
20000000  __stop___llvm_prf_cnts        
00003401  _c_int00_noargs               
UNDEFED   _system_post_cinit            
0000348d  _system_pre_init              
00003491  abort                         
ffffffff  binit                         
20000044  count                         
20000038  dirf                          
20000090  encoder_A                     
20000098  encoder_B                     
200000a0  encoder_C                     
200000a8  encoder_D                     
00002175  error                         
000006bf  gpio_clr_GPIOIRQFLG           
0000064d  gpio_disable_IRQ              
000004cd  gpio_disable_Ren              
00000741  gpio_edg_sel                  
000005b5  gpio_enable_IRQ               
0000040d  gpio_enable_Ren               
00000951  gpio_get                      
000008c1  gpio_init                     
00000861  gpio_interrupt_INIT           
00000a41  gpio_set                      
000001a5  gpio_set_Asin                 
000000e5  gpio_set_Asout                
00000265  gpio_set_High                 
00000325  gpio_set_Low                  
00000a71  gpio_toggle                   
00000000  interruptVectors              
00003389  main                          
000031f9  memcpy                        
2000003c  page_count                    
0000246d  set_DCO_48MH                  
00002505  set_clock_period              
20000040  start_flag                    
20000054  sysc                          
000025cb  system_init                   
000025bd  systic_clr                    
00002613  systic_delayms                
000025f5  systic_delayus                
00002549  systic_end                    
0000250f  systic_init                   
0000255d  systic_read                   
00002533  systic_start                  
20000058  systim                        
20000048  testA                         
2000004c  testB                         


GLOBAL SYMBOLS: SORTED BY Symbol Address 

address   name                          
-------   ----                          
00000000  __TI_static_base__            
00000000  interruptVectors              
000000e5  gpio_set_Asout                
000001a5  gpio_set_Asin                 
00000200  __STACK_SIZE                  
00000265  gpio_set_High                 
00000325  gpio_set_Low                  
0000040d  gpio_enable_Ren               
000004cd  gpio_disable_Ren              
000005b5  gpio_enable_IRQ               
0000064d  gpio_disable_IRQ              
000006bf  gpio_clr_GPIOIRQFLG           
00000741  gpio_edg_sel                  
00000861  gpio_interrupt_INIT           
000008c1  gpio_init                     
00000951  gpio_get                      
00000a41  gpio_set                      
00000a71  gpio_toggle                   
00000b81  ADC14_convert_enable          
00000b8d  ADC14_convert_disable         
00000b99  ADC14_convert_start           
00000ba5  ADC14_convert_end             
00000bb1  ADC14_start                   
00000c4f  ADC14_read_data               
00000dc5  ADC14_CHA_sel                 
00000ed9  ADC14_CLK_sel                 
00000fd7  ADC14_PREC_sel                
00001031  ADC14_init                    
00001091  ADC14_CHAEND_set              
00001189  ADC14_MEM_set                 
0000128d  ADC14_IRQFG_set               
00001319  ADC14_repeatmod_init          
00001391  ADC14_repeatmod_rec           
000013e5  ADC14_IRQHandler              
000013e5  ADC14_IRQHandler              
00001471  UART_IRQ_set                  
000014ed  UART_IRQRX_set                
00001541  UART_USIC_init                
00001595  UART_PIN_sel                  
000015e9  UART_CLK_sel                  
000016f5  UART_Baunds_set               
000018c9  UART_init                     
0000190d  UART_send_Byte                
0000197d  UART_recv_Byte                
000019cb  UART_send_string              
000019f9  UART_send_short               
00001a41  UART_send_int                 
00001a77  EUSCIA0_IRQHandler            
00001a77  EUSCIA0_IRQHandler            
00001a81  EUSCIA1_IRQHandler            
00001a81  EUSCIA1_IRQHandler            
00001a95  EUSCIA2_IRQHandler            
00001a95  EUSCIA2_IRQHandler            
00001a9f  EUSCIA3_IRQHandler            
00001a9f  EUSCIA3_IRQHandler            
00001b11  PORT1_IRQHandler              
00001b11  PORT1_IRQHandler              
00001bb7  PORT2_IRQHandler              
00001bb7  PORT2_IRQHandler              
00001c83  PORT3_IRQHandler              
00001c83  PORT3_IRQHandler              
00001d3b  PORT4_IRQHandler              
00001d3b  PORT4_IRQHandler              
00001e19  PORT5_IRQHandler              
00001e19  PORT5_IRQHandler              
00001eed  PORT6_IRQHandler              
00001eed  PORT6_IRQHandler              
00001fc9  TA0_0_IRQHandler              
00001fc9  TA0_0_IRQHandler              
00001fdf  TA1_0_IRQHandler              
00001fdf  TA1_0_IRQHandler              
00001feb  TA2_0_IRQHandler              
00001feb  TA2_0_IRQHandler              
00001ff7  TA3_0_IRQHandler              
00001ff7  TA3_0_IRQHandler              
00002003  TA0_N_IRQHandler              
00002003  TA0_N_IRQHandler              
00002009  TA1_N_IRQHandler              
00002009  TA1_N_IRQHandler              
0000200b  TA2_N_IRQHandler              
0000200b  TA2_N_IRQHandler              
00002021  TA3_N_IRQHandler              
00002021  TA3_N_IRQHandler              
00002175  error                         
0000219d  CS_unlocked                   
000021a7  CS_locked                     
000021af  DCO_set                       
00002225  MCLK_set                      
00002345  SMCLK_set                     
0000246d  set_DCO_48MH                  
00002505  set_clock_period              
0000250f  systic_init                   
00002533  systic_start                  
00002549  systic_end                    
0000255d  systic_read                   
000025bd  systic_clr                    
000025cb  system_init                   
000025eb  SysTick_Handler               
000025eb  SysTick_Handler               
000025f5  systic_delayus                
00002613  systic_delayms                
00002671  TimerA_MOD_sel                
00002717  TimerA_CLK_set                
00002823  TimerA_NVIC_IRQ_set           
000028df  TimerA_enable_CCRnIRQ         
0000299d  TimerA_disable_CCRnIRQ        
00002a4d  TimerA_CCRVAL_set             
00002add  SystemCoreClockUpdate         
00002d55  SystemInit                    
00002e11  __aeabi_dsub                  
00002e1b  __aeabi_dadd                  
00002fc7  __aeabi_ddiv                  
000030fd  __aeabi_dmul                  
000031f9  __aeabi_memcpy                
000031f9  __aeabi_memcpy4               
000031f9  __aeabi_memcpy8               
000031f9  memcpy                        
00003295  __TI_decompress_lzss          
000032fd  __aeabi_d2iz                  
00003345  __TI_auto_init_nobinit_nopinit
00003389  main                          
000033c7  __aeabi_f2d                   
00003401  _c_int00_noargs               
00003435  __aeabi_ui2d                  
00003455  __TI_zero_init_nomemset       
00003471  __TI_decompress_none          
0000347f  Reset_Handler                 
0000348b  AES256_IRQHandler             
0000348b  BusFault_Handler              
0000348b  COMP_E0_IRQHandler            
0000348b  COMP_E1_IRQHandler            
0000348b  CS_IRQHandler                 
0000348b  DMA_ERR_IRQHandler            
0000348b  DMA_INT0_IRQHandler           
0000348b  DMA_INT1_IRQHandler           
0000348b  DMA_INT2_IRQHandler           
0000348b  DMA_INT3_IRQHandler           
0000348b  DebugMon_Handler              
0000348b  Default_Handler               
0000348b  EUSCIB0_IRQHandler            
0000348b  EUSCIB1_IRQHandler            
0000348b  EUSCIB2_IRQHandler            
0000348b  EUSCIB3_IRQHandler            
0000348b  FLCTL_IRQHandler              
0000348b  FPU_IRQHandler                
0000348b  HardFault_Handler             
0000348b  MemManage_Handler             
0000348b  NMI_Handler                   
0000348b  PCM_IRQHandler                
0000348b  PSS_IRQHandler                
0000348b  PendSV_Handler                
0000348b  RTC_C_IRQHandler              
0000348b  SVC_Handler                   
0000348b  T32_INT1_IRQHandler           
0000348b  T32_INT2_IRQHandler           
0000348b  T32_INTC_IRQHandler           
0000348b  UsageFault_Handler            
0000348b  WDT_A_IRQHandler              
0000348d  _system_pre_init              
00003491  C$$EXIT                       
00003491  abort                         
000034b4  __TI_Handler_Table_Base       
000034c0  __TI_Handler_Table_Limit      
000034c8  __TI_CINIT_Base               
000034d8  __TI_CINIT_Limit              
20000000  CCRn_period_val               
20000000  __start___llvm_prf_cnts       
20000000  __stop___llvm_prf_cnts        
20000038  dirf                          
2000003c  page_count                    
20000040  start_flag                    
20000044  count                         
20000048  testA                         
2000004c  testB                         
20000050  IRQ3_5flag                    
20000051  IRQ4_6flag                    
20000052  A_flag                        
20000053  B_flag                        
20000054  sysc                          
20000058  systim                        
2000005c  SystemCoreClock               
20000060  ADC14_STRUCT                  
20000090  encoder_A                     
20000098  encoder_B                     
200000a0  encoder_C                     
200000a8  encoder_D                     
2000fe00  __stack                       
20010000  __STACK_END                   
4000480c  WDTCTL_SYM                    
ffffffff  __TI_pprof_out_hndl           
ffffffff  __TI_prof_data_size           
ffffffff  __TI_prof_data_start          
ffffffff  __binit__                     
ffffffff  __c_args__                    
ffffffff  binit                         
UNDEFED   __mpu_init                    
UNDEFED   _system_post_cinit            

[197 symbols]
