******************************************************************************
                  TI ARM Linker PC v20.2.1                     
******************************************************************************
>> Linked Mon Dec 20 10:26:49 2021

OUTPUT FILE NAME:   <12.Exin_gpio.out>
ENTRY POINT SYMBOL: "_c_int00_noargs"  address: 00004de9


MEMORY CONFIGURATION

         name            origin    length      used     unused   attr    fill
----------------------  --------  ---------  --------  --------  ----  --------
  MAIN                  00000000   00040000  000056d4  0003a92c  R  X
  INFO                  00200000   00004000  00000000  00004000  R  X
  SRAM_CODE             01000000   00010000  00002d01  0000d2ff  RW X
  SRAM_DATA             20000000   00010000  00002d01  0000d2ff  RW  


SEGMENT ALLOCATION MAP

run origin  load origin   length   init length attrs members
----------  ----------- ---------- ----------- ----- -------
00000000    00000000    000056d8   000056d8    r-x
  00000000    00000000    000000e4   000000e4    r-- .intvecs
  000000e4    000000e4    00005004   00005004    r-x .text
  000050e8    000050e8    0000057c   0000057c    r-- .const
  00005668    00005668    00000070   00000070    r-- .cinit
20000000    20000000    00002b01   00000000    rw-
  20000000    20000000    00002a94   00000000    rw- .data
  20002a94    20002a94    0000006d   00000000    rw- .bss
2000fe00    2000fe00    00000200   00000000    rw-
  2000fe00    2000fe00    00000200   00000000    rw- .stack


SECTION ALLOCATION MAP

 output                                  attributes/
section   page    origin      length       input sections
--------  ----  ----------  ----------   ----------------
.intvecs   0    00000000    000000e4     
                  00000000    000000e4     startup_msp432p401r_ccs.obj (.intvecs:retain)

.text      0    000000e4    00005004     
                  000000e4    00000a4e     rtsv7M4_T_le_v4SPD16_eabi.lib : _printfi.c.obj (.text:__TI_printfi)
                  00000b32    00000002                                   : div0.asm.obj (.text)
                  00000b34    000008f0     exinADC.obj (.text)
                  00001424    000007fc     exingpio.obj (.text)
                  00001c20    000007dc     oled.obj (.text)
                  000023fc    00000698     exinuart.obj (.text)
                  00002a94    000004fc     exinsystem.obj (.text)
                  00002f90    000003f0     exinencoder.obj (.text)
                  00003380    00000334     system_msp432p401r.obj (.text)
                  000036b4    000002bc     exinisr.obj (.text)
                  00003970    00000270     rtsv7M4_T_le_v4SPD16_eabi.lib : _printfi.c.obj (.text:_pconv_a)
                  00003be0    000001d0                                   : _printfi.c.obj (.text:_pconv_g)
                  00003db0    000001b6                                   : fd_add_t2.asm.obj (.text)
                  00003f66    00000002     --HOLE-- [fill = 0]
                  00003f68    00000148     exin_pit.obj (.text)
                  000040b0    0000013c     rtsv7M4_T_le_v4SPD16_eabi.lib : _printfi.c.obj (.text:_pconv_e)
                  000041ec    00000136                                   : fd_div_t2.asm.obj (.text)
                  00004322    00000002     --HOLE-- [fill = 0]
                  00004324    00000124                                   : _printfi.c.obj (.text:fcvt)
                  00004448    00000110                                   : s_scalbn.c.obj (.text:scalbn)
                  00004558    000000fc                                   : fd_mul_t2.asm.obj (.text)
                  00004654    000000b1                                   : _printfi.c.obj (.text:_ltostr)
                  00004705    00000001     --HOLE-- [fill = 0]
                  00004706    0000009c                                   : memcpy_t2.asm.obj (.text)
                  000047a2    00000096                                   : ull_div_t2.asm.obj (.text)
                  00004838    00000086                                   : fd_cmp_t2.asm.obj (.text:__aeabi_cdcmple)
                  000048be    00000086                                   : fd_cmp_t2.asm.obj (.text:__aeabi_cdrcmple)
                  00004944    0000007a                                   : memset_t2.asm.obj (.text)
                  000049be    0000006e                                   : _printfi.c.obj (.text:_mcpy)
                  00004a2c    00000068                                   : copy_decompress_lzss.c.obj (.text:decompress:lzss:__TI_decompress_lzss)
                  00004a94    00000064     msp432p4xx_driverlib.lib : interrupt.o (.text:Interrupt_enableInterrupt)
                  00004af8    00000064     rtsv7M4_T_le_v4SPD16_eabi.lib : s_frexp.c.obj (.text:frexp)
                  00004b5c    00000056                                   : _printfi.c.obj (.text:_pconv_f)
                  00004bb2    00000054                                   : _ltoa.c.obj (.text:__TI_ltoa)
                  00004c06    00000052                                   : _printfi.c.obj (.text:_ecpy)
                  00004c58    0000004c                                   : atoi.c.obj (.text:atoi)
                  00004ca4    00000048                                   : fd_toi_t2.asm.obj (.text)
                  00004cec    00000044                                   : autoinit.c.obj (.text:__TI_auto_init_nobinit_nopinit:__TI_auto_init_nobinit_nopinit)
                  00004d30    00000040                                   : sprintf.c.obj (.text:sprintf)
                  00004d70    0000003e                                   : _printfi.c.obj (.text:_fcpy)
                  00004dae    00000038                                   : fs_tod_t2.asm.obj (.text)
                  00004de6    00000002     --HOLE-- [fill = 0]
                  00004de8    00000034                                   : boot_cortex_m.c.obj (.text:_c_int00_noargs:_c_int00_noargs)
                  00004e1c    00000030     msp432p4xx_driverlib.lib : gpio.o (.text:GPIO_getEnabledInterruptStatus)
                  00004e4c    00000030                              : gpio.o (.text:GPIO_setAsInputPinWithPullUpResistor)
                  00004e7c    0000002e     rtsv7M4_T_le_v4SPD16_eabi.lib : i_tofd_t2.asm.obj (.text)
                  00004eaa    00000002     --HOLE-- [fill = 0]
                  00004eac    00000024     msp432p4xx_driverlib.lib : gpio.o (.text:GPIO_setAsOutputPin)
                  00004ed0    00000024                              : interrupt.o (.text:Interrupt_setPriority)
                  00004ef4    00000020     rtsv7M4_T_le_v4SPD16_eabi.lib : u_tofd_t2.asm.obj (.text)
                  00004f14    0000001c                                   : copy_zero_init.c.obj (.text:decompress:ZI:__TI_zero_init_nomemset:__TI_zero_init_nomemset)
                  00004f30    0000001c                                   : memccpy.c.obj (.text:memccpy)
                  00004f4c    0000001a                                   : s_copysign.c.obj (.text:copysign)
                  00004f66    00000002     --HOLE-- [fill = 0]
                  00004f68    00000018     msp432p4xx_driverlib.lib : gpio.o (.text:GPIO_clearInterruptFlag)
                  00004f80    00000018                              : gpio.o (.text:GPIO_getInputPinValue)
                  00004f98    00000018                              : gpio.o (.text:GPIO_setOutputLowOnPin)
                  00004fb0    00000018                              : wdt_a.o (.text:WDT_A_holdTimer)
                  00004fc8    00000018     rtsv7M4_T_le_v4SPD16_eabi.lib : sprintf.c.obj (.text:_outs)
                  00004fe0    00000016     main.obj (.text)
                  00004ff6    00000016     rtsv7M4_T_le_v4SPD16_eabi.lib : strchr.c.obj (.text:strchr)
                  0000500c    00000014     msp432p4xx_driverlib.lib : gpio.o (.text:GPIO_enableInterrupt)
                  00005020    00000014                              : gpio.o (.text:GPIO_setOutputHighOnPin)
                  00005034    00000014                              : gpio.o (.text:GPIO_toggleOutputOnPin)
                  00005048    00000014                              : sysctl.o (.text:SysCtl_enableSRAMBankRetention)
                  0000505c    00000014     rtsv7M4_T_le_v4SPD16_eabi.lib : strlen.c.obj (.text:strlen)
                  00005070    00000012                                   : wcslen.c.obj (.text:wcslen)
                  00005082    00000002     --HOLE-- [fill = 0]
                  00005084    00000010     msp432p4xx_driverlib.lib : gpio.o (.text:GPIO_getInterruptStatus)
                  00005094    00000010                              : interrupt.o (.text:Interrupt_enableMaster)
                  000050a4    0000000e     rtsv7M4_T_le_v4SPD16_eabi.lib : copy_decompress_none.c.obj (.text:decompress:none:__TI_decompress_none)
                  000050b2    0000000e     startup_msp432p401r_ccs.obj (.text)
                  000050c0    0000000c     msp432p4xx_driverlib.lib : cpu.o (.text:CPU_cpsie)
                  000050cc    0000000a     rtsv7M4_T_le_v4SPD16_eabi.lib : sprintf.c.obj (.text:_outc)
                  000050d6    00000002     --HOLE-- [fill = 0]
                  000050d8    00000008                                   : errno.c.obj (.text:__aeabi_errno_addr)
                  000050e0    00000004                                   : pre_init.c.obj (.text:_system_pre_init)
                  000050e4    00000004                                   : exit.c.obj (.text:abort:abort)

.const     0    000050e8    0000057c     
                  000050e8    00000228     oled.obj (.const:F6x8)
                  00005310    000001c0     oled.obj (.const:Hzk)
                  000054d0    00000101     rtsv7M4_T_le_v4SPD16_eabi.lib : ctype.c.obj (.const:.string:_ctypes_)
                  000055d1    00000003     --HOLE-- [fill = 0]
                  000055d4    00000050     msp432p4xx_driverlib.lib : interrupt.o (.const:g_pulRegs)
                  00005624    00000040                              : interrupt.o (.const)

.cinit     0    00005668    00000070     
                  00005668    00000045     (.cinit..data.load) [load image, compression = lzss]
                  000056ad    00000003     --HOLE-- [fill = 0]
                  000056b0    0000000c     (__TI_handler_table)
                  000056bc    00000004     --HOLE-- [fill = 0]
                  000056c0    00000008     (.cinit..bss.load) [load image, compression = zero_init]
                  000056c8    00000010     (__TI_cinit_table)

.init_array 
*          0    00000000    00000000     UNINITIALIZED

.binit     0    00000000    00000000     

.data      0    20000000    00002a94     UNINITIALIZED
                  20000000    00002000     oled.obj (.data:screen_buf)
                  20002000    00000400     oled.obj (.data:bmp2)
                  20002400    00000400     oled.obj (.data:bmp)
                  20002800    00000200     Oscill_OLED.obj (.data:Oscill_data_buff)
                  20002a00    00000030     msp432p4xx_driverlib.lib : gpio.o (.data:GPIO_PORT_TO_BASE)
                  20002a30    00000028     exinencoder.obj (.data:timerAcaptureValues)
                  20002a58    0000001c     exinadjust.obj (.data)
                  20002a74    00000008     exinencoder.obj (.data)
                  20002a7c    00000008     exinsystem.obj (.data)
                  20002a84    00000008     oled.obj (.data:tmp$2)
                  20002a8c    00000004     rtsv7M4_T_le_v4SPD16_eabi.lib : errno.c.obj (.data)
                  20002a90    00000004     system_msp432p401r.obj (.data)

.bss       0    20002a94    0000006d     UNINITIALIZED
                  20002a94    00000030     (.common:ADC14_STRUCT)
                  20002ac4    00000018     (.common:oscill1)
                  20002adc    00000008     (.common:encoder_A)
                  20002ae4    00000008     (.common:encoder_B)
                  20002aec    00000008     (.common:encoder_C)
                  20002af4    00000008     (.common:encoder_D)
                  20002afc    00000004     exinsystem.obj (.bss)
                  20002b00    00000001     oled.obj (.bss)

.stack     0    2000fe00    00000200     UNINITIALIZED
                  2000fe00    00000004     rtsv7M4_T_le_v4SPD16_eabi.lib : boot_cortex_m.c.obj (.stack)
                  2000fe04    000001fc     --HOLE--

__llvm_prf_cnts 
*          0    20000000    00000000     UNINITIALIZED

MODULE SUMMARY

       Module                        code    ro data   rw data
       ------                        ----    -------   -------
    .\
       system_msp432p401r.obj        820     0         8      
       startup_msp432p401r_ccs.obj   14      228       0      
       main.obj                      22      0         96     
    +--+-----------------------------+-------+---------+---------+
       Total:                        856     228       104    
                                                              
    .\exinlibs\
       oled.obj                      2012    1000      20498  
       exinADC.obj                   2288    0         0      
       exingpio.obj                  2044    0         0      
       exinuart.obj                  1688    0         0      
       exinsystem.obj                1276    0         24     
       exinencoder.obj               1008    0         160    
       Oscill_OLED.obj               0       0         1072   
       exinisr.obj                   700     0         0      
       exin_pit.obj                  328     0         0      
       exinadjust.obj                0       0         56     
    +--+-----------------------------+-------+---------+---------+
       Total:                        11344   1000      21810  
                                                              
    C:/ti/msp/MSP432Ware_3_40_00_25/driverlib/driverlib/MSP432P4xx/ccs/msp432p4xx_driverlib.lib
       gpio.o                        280     0         96     
       interrupt.o                   152     144       0      
       wdt_a.o                       24      0         0      
       sysctl.o                      20      0         0      
       cpu.o                         12      0         0      
    +--+-----------------------------+-------+---------+---------+
       Total:                        488     144       96     
                                                              
    D:\CCS\ccs\tools\compiler\ti-cgt-arm_20.2.1.LTS\lib\rtsv7M4_T_le_v4SPD16_eabi.lib
       _printfi.c.obj                4851    0         0      
       fd_add_t2.asm.obj             438     0         0      
       fd_div_t2.asm.obj             310     0         0      
       s_scalbn.c.obj                272     0         0      
       fd_cmp_t2.asm.obj             268     0         0      
       ctype.c.obj                   0       257       0      
       fd_mul_t2.asm.obj             252     0         0      
       memcpy_t2.asm.obj             156     0         0      
       ull_div_t2.asm.obj            150     0         0      
       memset_t2.asm.obj             122     0         0      
       copy_decompress_lzss.c.obj    104     0         0      
       s_frexp.c.obj                 100     0         0      
       sprintf.c.obj                 98      0         0      
       _ltoa.c.obj                   84      0         0      
       atoi.c.obj                    76      0         0      
       fd_toi_t2.asm.obj             72      0         0      
       autoinit.c.obj                68      0         0      
       fs_tod_t2.asm.obj             56      0         0      
       boot_cortex_m.c.obj           52      0         0      
       i_tofd_t2.asm.obj             46      0         0      
       u_tofd_t2.asm.obj             32      0         0      
       copy_zero_init.c.obj          28      0         0      
       memccpy.c.obj                 28      0         0      
       s_copysign.c.obj              26      0         0      
       strchr.c.obj                  22      0         0      
       strlen.c.obj                  20      0         0      
       wcslen.c.obj                  18      0         0      
       errno.c.obj                   8       0         8      
       copy_decompress_none.c.obj    14      0         0      
       exit.c.obj                    4       0         0      
       pre_init.c.obj                4       0         0      
       div0.asm.obj                  2       0         0      
    +--+-----------------------------+-------+---------+---------+
       Total:                        7781    257       8      
                                                              
       Stack:                        0       0         1024   
       Linker Generated:             0       105       0      
    +--+-----------------------------+-------+---------+---------+
       Grand Total:                  20469   1734      23042  


LINKER GENERATED COPY TABLES

__TI_cinit_table @ 000056c8 records: 2, size/record: 8, table size: 16
	.data: load addr=00005668, load size=00000045 bytes, run addr=20000000, run size=00002a94 bytes, compression=lzss
	.bss: load addr=000056c0, load size=00000008 bytes, run addr=20002a94, run size=0000006d bytes, compression=zero_init


LINKER GENERATED HANDLER TABLE

__TI_handler_table @ 000056b0 records: 3, size/record: 4, table size: 12
	index: 0, handler: __TI_decompress_lzss
	index: 1, handler: __TI_decompress_none
	index: 2, handler: __TI_zero_init


GLOBAL SYMBOLS: SORTED ALPHABETICALLY BY Name 

address   name                                
-------   ----                                
00001045  ADC14_CHAEND_set                    
00000d79  ADC14_CHA_sel                       
00000e8d  ADC14_CLK_sel                       
00001241  ADC14_IRQFG_set                     
00001399  ADC14_IRQHandler                    
00001399  ADC14_IRQHandler                    
0000113d  ADC14_MEM_set                       
00000f8b  ADC14_PREC_sel                      
20002a94  ADC14_STRUCT                        
00000b41  ADC14_convert_disable               
00000b35  ADC14_convert_enable                
00000b59  ADC14_convert_end                   
00000b4d  ADC14_convert_start                 
00000fe5  ADC14_init                          
00000c03  ADC14_read_data                     
000012cd  ADC14_repeatmod_init                
00001343  ADC14_repeatmod_rec                 
00000b65  ADC14_start                         
000050bf  AES256_IRQHandler                   
20002a72  A_flag                              
20002a73  B_flag                              
000050bf  BusFault_Handler                    
000050e5  C$$EXIT                             
000050bf  COMP_E0_IRQHandler                  
000050bf  COMP_E1_IRQHandler                  
000050c1  CPU_cpsie                           
000050bf  CS_IRQHandler                       
00002ac7  CS_locked                           
00002abd  CS_unlocked                         
00002acf  DCO_set                             
000050bf  DMA_ERR_IRQHandler                  
000050bf  DMA_INT0_IRQHandler                 
000050bf  DMA_INT1_IRQHandler                 
000050bf  DMA_INT2_IRQHandler                 
000050bf  DMA_INT3_IRQHandler                 
000050bf  DebugMon_Handler                    
000050bf  Default_Handler                     
000032e5  ENCODER_TEST                        
000029fb  EUSCIA0_IRQHandler                  
000029fb  EUSCIA0_IRQHandler                  
00002a05  EUSCIA1_IRQHandler                  
00002a05  EUSCIA1_IRQHandler                  
00002a19  EUSCIA2_IRQHandler                  
00002a19  EUSCIA2_IRQHandler                  
00002a23  EUSCIA3_IRQHandler                  
00002a23  EUSCIA3_IRQHandler                  
000050bf  EUSCIB0_IRQHandler                  
000050bf  EUSCIB1_IRQHandler                  
000050bf  EUSCIB2_IRQHandler                  
000050bf  EUSCIB3_IRQHandler                  
000031b5  Encoder_clr                         
000050e8  F6x8                                
000050bf  FLCTL_IRQHandler                    
000050bf  FPU_IRQHandler                      
00003179  GET_encoder_dir                     
0000313d  GET_encoder_num                     
00004f69  GPIO_clearInterruptFlag             
0000500d  GPIO_enableInterrupt                
00004e1d  GPIO_getEnabledInterruptStatus      
00004f81  GPIO_getInputPinValue               
00005085  GPIO_getInterruptStatus             
00004e4d  GPIO_setAsInputPinWithPullUpResistor
00004ead  GPIO_setAsOutputPin                 
00005021  GPIO_setOutputHighOnPin             
00004f99  GPIO_setOutputLowOnPin              
00005035  GPIO_toggleOutputOnPin              
000050bf  HardFault_Handler                   
00005310  Hzk                                 
20002a70  IRQ3_5flag                          
20002a71  IRQ4_6flag                          
00004a95  Interrupt_enableInterrupt           
00005095  Interrupt_enableMaster              
00004ed1  Interrupt_setPriority               
00002b45  MCLK_set                            
000050bf  MemManage_Handler                   
000050bf  NMI_Handler                         
00001eab  OLED_Clear                          
00001e8f  OLED_Display_Off                    
00001e73  OLED_Display_On                     
000021f9  OLED_DrawBMP                        
000022a9  OLED_Init                           
00001c21  OLED_PutPixel                       
00001e37  OLED_Set_Pos                        
00002143  OLED_ShowCHinese                    
00001f19  OLED_ShowChar                       
00001fdd  OLED_ShowNum                        
000020e1  OLED_ShowString                     
000020b1  OLED_Showfloat                      
00001da7  OLED_WR_Byte                        
00001c91  OLED_pos_clr                        
00003255  OLED_show                           
20002800  Oscill_data_buff                    
000050bf  PCM_IRQHandler                      
00003f69  PIT_init                            
000036b5  PORT1_IRQHandler                    
000036b5  PORT1_IRQHandler                    
000036f3  PORT2_IRQHandler                    
000036f3  PORT2_IRQHandler                    
00003759  PORT3_IRQHandler                    
00003759  PORT3_IRQHandler                    
000037ab  PORT4_IRQHandler                    
000037ab  PORT4_IRQHandler                    
00003825  PORT5_IRQHandler                    
00003825  PORT5_IRQHandler                    
0000388b  PORT6_IRQHandler                    
0000388b  PORT6_IRQHandler                    
000050bf  PSS_IRQHandler                      
000050bf  PendSV_Handler                      
000050bf  RTC_C_IRQHandler                    
000050b3  Reset_Handler                       
00002c65  SMCLK_set                           
000050bf  SVC_Handler                         
00005049  SysCtl_enableSRAMBankRetention      
00002f0b  SysTick_Handler                     
00002f0b  SysTick_Handler                     
20002a90  SystemCoreClock                     
00003381  SystemCoreClockUpdate               
000035f9  SystemInit                          
000050bf  T32_INT1_IRQHandler                 
000050bf  T32_INT2_IRQHandler                 
000050bf  T32_INTC_IRQHandler                 
000038f7  TA0_0_IRQHandler                    
000038f7  TA0_0_IRQHandler                    
000031f9  TA0_N_IRQHandler                    
000031f9  TA0_N_IRQHandler                    
0000390d  TA1_0_IRQHandler                    
0000390d  TA1_0_IRQHandler                    
000050bf  TA1_N_IRQHandler                    
00003919  TA2_0_IRQHandler                    
00003919  TA2_0_IRQHandler                    
000050bf  TA2_N_IRQHandler                    
00003925  TA3_0_IRQHandler                    
00003925  TA3_0_IRQHandler                    
000050bf  TA3_N_IRQHandler                    
00002679  UART_Baunds_set                     
0000256d  UART_CLK_sel                        
00002471  UART_IRQRX_set                      
000023fd  UART_IRQ_set                        
00002519  UART_PIN_sel                        
000024c5  UART_USIC_init                      
0000284d  UART_init                           
00002901  UART_recv_Byte                      
00002891  UART_send_Byte                      
000029c5  UART_send_int                       
0000297d  UART_send_short                     
0000294f  UART_send_string                    
000050bf  UsageFault_Handler                  
4000480c  WDTCTL_SYM                          
000050bf  WDT_A_IRQHandler                    
00004fb1  WDT_A_holdTimer                     
20010000  __STACK_END                         
00000200  __STACK_SIZE                        
000056c8  __TI_CINIT_Base                     
000056d8  __TI_CINIT_Limit                    
000056b0  __TI_Handler_Table_Base             
000056bc  __TI_Handler_Table_Limit            
00004ced  __TI_auto_init_nobinit_nopinit      
00004a2d  __TI_decompress_lzss                
000050a5  __TI_decompress_none                
00004bb3  __TI_ltoa                           
ffffffff  __TI_pprof_out_hndl                 
000000e5  __TI_printfi                        
ffffffff  __TI_prof_data_size                 
ffffffff  __TI_prof_data_start                
00000000  __TI_static_base__                  
00004f15  __TI_zero_init_nomemset             
00004839  __aeabi_cdcmpeq                     
00004839  __aeabi_cdcmple                     
000048bf  __aeabi_cdrcmple                    
00004ca5  __aeabi_d2iz                        
00003dbb  __aeabi_dadd                        
000041ed  __aeabi_ddiv                        
00004559  __aeabi_dmul                        
00003db1  __aeabi_dsub                        
000050d9  __aeabi_errno_addr                  
00004daf  __aeabi_f2d                         
00004e7d  __aeabi_i2d                         
00000b33  __aeabi_idiv0                       
00000b33  __aeabi_ldiv0                       
00004945  __aeabi_memclr                      
00004945  __aeabi_memclr4                     
00004945  __aeabi_memclr8                     
00004707  __aeabi_memcpy                      
00004707  __aeabi_memcpy4                     
00004707  __aeabi_memcpy8                     
00004947  __aeabi_memset                      
00004947  __aeabi_memset4                     
00004947  __aeabi_memset8                     
00004ef5  __aeabi_ui2d                        
000047a3  __aeabi_uldivmod                    
ffffffff  __binit__                           
ffffffff  __c_args__                          
UNDEFED   __mpu_init                          
2000fe00  __stack                             
20000000  __start___llvm_prf_cnts             
20000000  __stop___llvm_prf_cnts              
00004de9  _c_int00_noargs                     
000054d0  _ctypes_                            
UNDEFED   _system_post_cinit                  
000050e1  _system_pre_init                    
000050e5  abort                               
00004c59  atoi                                
ffffffff  binit                               
20002400  bmp                                 
20002000  bmp2                                
00004f4d  copysign                            
00004f4d  copysignl                           
20002a64  count                               
20002a58  dirf                                
20002adc  encoder_A                           
20002ae4  encoder_B                           
20002aec  encoder_C                           
20002af4  encoder_D                           
00002f91  encoder_IncTypeDef_init             
00002fed  encoder_dirpin_init                 
00003095  encoder_init                        
00003045  encoder_interrupt_init              
20002a8c  errno                               
00002a95  error                               
00004af9  frexp                               
00004af9  frexpl                              
00001b59  gpio_INT_EN                         
000018f5  gpio_disable_IRQ                    
0000180d  gpio_disable_Ren                    
00001981  gpio_edg_sel                        
0000174d  gpio_enable_Ren                     
00001b19  gpio_get                            
00001aa5  gpio_init                           
00001bc5  gpio_interrupt_INIT                 
00001b29  gpio_set                            
000014e5  gpio_set_Asin                       
00001425  gpio_set_Asout                      
000015a5  gpio_set_High                       
00001665  gpio_set_Low                        
00001b49  gpio_toggle                         
00000000  interruptVectors                    
00004449  ldexp                               
00004449  ldexpl                              
00004fe1  main                                
00004f31  memccpy                             
00004707  memcpy                              
0000494d  memset                              
00001fa3  oled_pow                            
00001cc5  oled_update                         
20002ac4  oscill1                             
20002a5c  page_count                          
00004449  scalbn                              
00004449  scalbnl                             
20000000  screen_buf                          
00002d8d  set_DCO_48MH                        
00002e25  set_clock_period                    
00004d31  sprintf                             
20002a60  start_flag                          
00004ff7  strchr                              
0000505d  strlen                              
20002a7c  sysc                                
00002eeb  system_init                         
00002edd  systic_clr                          
00002f33  systic_delayms                      
00002f15  systic_delayus                      
00002e69  systic_end                          
00002e2f  systic_init                         
00002e7d  systic_read                         
00002e53  systic_start                        
20002a80  systim                              
20002a68  testA                               
20002a6c  testB                               
20002a78  time_counter                        
20002a74  timerAcapturePointer                
20002a30  timerAcaptureValues                 
00005071  wcslen                              


GLOBAL SYMBOLS: SORTED BY Symbol Address 

address   name                                
-------   ----                                
00000000  __TI_static_base__                  
00000000  interruptVectors                    
000000e5  __TI_printfi                        
00000200  __STACK_SIZE                        
00000b33  __aeabi_idiv0                       
00000b33  __aeabi_ldiv0                       
00000b35  ADC14_convert_enable                
00000b41  ADC14_convert_disable               
00000b4d  ADC14_convert_start                 
00000b59  ADC14_convert_end                   
00000b65  ADC14_start                         
00000c03  ADC14_read_data                     
00000d79  ADC14_CHA_sel                       
00000e8d  ADC14_CLK_sel                       
00000f8b  ADC14_PREC_sel                      
00000fe5  ADC14_init                          
00001045  ADC14_CHAEND_set                    
0000113d  ADC14_MEM_set                       
00001241  ADC14_IRQFG_set                     
000012cd  ADC14_repeatmod_init                
00001343  ADC14_repeatmod_rec                 
00001399  ADC14_IRQHandler                    
00001399  ADC14_IRQHandler                    
00001425  gpio_set_Asout                      
000014e5  gpio_set_Asin                       
000015a5  gpio_set_High                       
00001665  gpio_set_Low                        
0000174d  gpio_enable_Ren                     
0000180d  gpio_disable_Ren                    
000018f5  gpio_disable_IRQ                    
00001981  gpio_edg_sel                        
00001aa5  gpio_init                           
00001b19  gpio_get                            
00001b29  gpio_set                            
00001b49  gpio_toggle                         
00001b59  gpio_INT_EN                         
00001bc5  gpio_interrupt_INIT                 
00001c21  OLED_PutPixel                       
00001c91  OLED_pos_clr                        
00001cc5  oled_update                         
00001da7  OLED_WR_Byte                        
00001e37  OLED_Set_Pos                        
00001e73  OLED_Display_On                     
00001e8f  OLED_Display_Off                    
00001eab  OLED_Clear                          
00001f19  OLED_ShowChar                       
00001fa3  oled_pow                            
00001fdd  OLED_ShowNum                        
000020b1  OLED_Showfloat                      
000020e1  OLED_ShowString                     
00002143  OLED_ShowCHinese                    
000021f9  OLED_DrawBMP                        
000022a9  OLED_Init                           
000023fd  UART_IRQ_set                        
00002471  UART_IRQRX_set                      
000024c5  UART_USIC_init                      
00002519  UART_PIN_sel                        
0000256d  UART_CLK_sel                        
00002679  UART_Baunds_set                     
0000284d  UART_init                           
00002891  UART_send_Byte                      
00002901  UART_recv_Byte                      
0000294f  UART_send_string                    
0000297d  UART_send_short                     
000029c5  UART_send_int                       
000029fb  EUSCIA0_IRQHandler                  
000029fb  EUSCIA0_IRQHandler                  
00002a05  EUSCIA1_IRQHandler                  
00002a05  EUSCIA1_IRQHandler                  
00002a19  EUSCIA2_IRQHandler                  
00002a19  EUSCIA2_IRQHandler                  
00002a23  EUSCIA3_IRQHandler                  
00002a23  EUSCIA3_IRQHandler                  
00002a95  error                               
00002abd  CS_unlocked                         
00002ac7  CS_locked                           
00002acf  DCO_set                             
00002b45  MCLK_set                            
00002c65  SMCLK_set                           
00002d8d  set_DCO_48MH                        
00002e25  set_clock_period                    
00002e2f  systic_init                         
00002e53  systic_start                        
00002e69  systic_end                          
00002e7d  systic_read                         
00002edd  systic_clr                          
00002eeb  system_init                         
00002f0b  SysTick_Handler                     
00002f0b  SysTick_Handler                     
00002f15  systic_delayus                      
00002f33  systic_delayms                      
00002f91  encoder_IncTypeDef_init             
00002fed  encoder_dirpin_init                 
00003045  encoder_interrupt_init              
00003095  encoder_init                        
0000313d  GET_encoder_num                     
00003179  GET_encoder_dir                     
000031b5  Encoder_clr                         
000031f9  TA0_N_IRQHandler                    
000031f9  TA0_N_IRQHandler                    
00003255  OLED_show                           
000032e5  ENCODER_TEST                        
00003381  SystemCoreClockUpdate               
000035f9  SystemInit                          
000036b5  PORT1_IRQHandler                    
000036b5  PORT1_IRQHandler                    
000036f3  PORT2_IRQHandler                    
000036f3  PORT2_IRQHandler                    
00003759  PORT3_IRQHandler                    
00003759  PORT3_IRQHandler                    
000037ab  PORT4_IRQHandler                    
000037ab  PORT4_IRQHandler                    
00003825  PORT5_IRQHandler                    
00003825  PORT5_IRQHandler                    
0000388b  PORT6_IRQHandler                    
0000388b  PORT6_IRQHandler                    
000038f7  TA0_0_IRQHandler                    
000038f7  TA0_0_IRQHandler                    
0000390d  TA1_0_IRQHandler                    
0000390d  TA1_0_IRQHandler                    
00003919  TA2_0_IRQHandler                    
00003919  TA2_0_IRQHandler                    
00003925  TA3_0_IRQHandler                    
00003925  TA3_0_IRQHandler                    
00003db1  __aeabi_dsub                        
00003dbb  __aeabi_dadd                        
00003f69  PIT_init                            
000041ed  __aeabi_ddiv                        
00004449  ldexp                               
00004449  ldexpl                              
00004449  scalbn                              
00004449  scalbnl                             
00004559  __aeabi_dmul                        
00004707  __aeabi_memcpy                      
00004707  __aeabi_memcpy4                     
00004707  __aeabi_memcpy8                     
00004707  memcpy                              
000047a3  __aeabi_uldivmod                    
00004839  __aeabi_cdcmpeq                     
00004839  __aeabi_cdcmple                     
000048bf  __aeabi_cdrcmple                    
00004945  __aeabi_memclr                      
00004945  __aeabi_memclr4                     
00004945  __aeabi_memclr8                     
00004947  __aeabi_memset                      
00004947  __aeabi_memset4                     
00004947  __aeabi_memset8                     
0000494d  memset                              
00004a2d  __TI_decompress_lzss                
00004a95  Interrupt_enableInterrupt           
00004af9  frexp                               
00004af9  frexpl                              
00004bb3  __TI_ltoa                           
00004c59  atoi                                
00004ca5  __aeabi_d2iz                        
00004ced  __TI_auto_init_nobinit_nopinit      
00004d31  sprintf                             
00004daf  __aeabi_f2d                         
00004de9  _c_int00_noargs                     
00004e1d  GPIO_getEnabledInterruptStatus      
00004e4d  GPIO_setAsInputPinWithPullUpResistor
00004e7d  __aeabi_i2d                         
00004ead  GPIO_setAsOutputPin                 
00004ed1  Interrupt_setPriority               
00004ef5  __aeabi_ui2d                        
00004f15  __TI_zero_init_nomemset             
00004f31  memccpy                             
00004f4d  copysign                            
00004f4d  copysignl                           
00004f69  GPIO_clearInterruptFlag             
00004f81  GPIO_getInputPinValue               
00004f99  GPIO_setOutputLowOnPin              
00004fb1  WDT_A_holdTimer                     
00004fe1  main                                
00004ff7  strchr                              
0000500d  GPIO_enableInterrupt                
00005021  GPIO_setOutputHighOnPin             
00005035  GPIO_toggleOutputOnPin              
00005049  SysCtl_enableSRAMBankRetention      
0000505d  strlen                              
00005071  wcslen                              
00005085  GPIO_getInterruptStatus             
00005095  Interrupt_enableMaster              
000050a5  __TI_decompress_none                
000050b3  Reset_Handler                       
000050bf  AES256_IRQHandler                   
000050bf  BusFault_Handler                    
000050bf  COMP_E0_IRQHandler                  
000050bf  COMP_E1_IRQHandler                  
000050bf  CS_IRQHandler                       
000050bf  DMA_ERR_IRQHandler                  
000050bf  DMA_INT0_IRQHandler                 
000050bf  DMA_INT1_IRQHandler                 
000050bf  DMA_INT2_IRQHandler                 
000050bf  DMA_INT3_IRQHandler                 
000050bf  DebugMon_Handler                    
000050bf  Default_Handler                     
000050bf  EUSCIB0_IRQHandler                  
000050bf  EUSCIB1_IRQHandler                  
000050bf  EUSCIB2_IRQHandler                  
000050bf  EUSCIB3_IRQHandler                  
000050bf  FLCTL_IRQHandler                    
000050bf  FPU_IRQHandler                      
000050bf  HardFault_Handler                   
000050bf  MemManage_Handler                   
000050bf  NMI_Handler                         
000050bf  PCM_IRQHandler                      
000050bf  PSS_IRQHandler                      
000050bf  PendSV_Handler                      
000050bf  RTC_C_IRQHandler                    
000050bf  SVC_Handler                         
000050bf  T32_INT1_IRQHandler                 
000050bf  T32_INT2_IRQHandler                 
000050bf  T32_INTC_IRQHandler                 
000050bf  TA1_N_IRQHandler                    
000050bf  TA2_N_IRQHandler                    
000050bf  TA3_N_IRQHandler                    
000050bf  UsageFault_Handler                  
000050bf  WDT_A_IRQHandler                    
000050c1  CPU_cpsie                           
000050d9  __aeabi_errno_addr                  
000050e1  _system_pre_init                    
000050e5  C$$EXIT                             
000050e5  abort                               
000050e8  F6x8                                
00005310  Hzk                                 
000054d0  _ctypes_                            
000056b0  __TI_Handler_Table_Base             
000056bc  __TI_Handler_Table_Limit            
000056c8  __TI_CINIT_Base                     
000056d8  __TI_CINIT_Limit                    
20000000  __start___llvm_prf_cnts             
20000000  __stop___llvm_prf_cnts              
20000000  screen_buf                          
20002000  bmp2                                
20002400  bmp                                 
20002800  Oscill_data_buff                    
20002a30  timerAcaptureValues                 
20002a58  dirf                                
20002a5c  page_count                          
20002a60  start_flag                          
20002a64  count                               
20002a68  testA                               
20002a6c  testB                               
20002a70  IRQ3_5flag                          
20002a71  IRQ4_6flag                          
20002a72  A_flag                              
20002a73  B_flag                              
20002a74  timerAcapturePointer                
20002a78  time_counter                        
20002a7c  sysc                                
20002a80  systim                              
20002a8c  errno                               
20002a90  SystemCoreClock                     
20002a94  ADC14_STRUCT                        
20002ac4  oscill1                             
20002adc  encoder_A                           
20002ae4  encoder_B                           
20002aec  encoder_C                           
20002af4  encoder_D                           
2000fe00  __stack                             
20010000  __STACK_END                         
4000480c  WDTCTL_SYM                          
ffffffff  __TI_pprof_out_hndl                 
ffffffff  __TI_prof_data_size                 
ffffffff  __TI_prof_data_start                
ffffffff  __binit__                           
ffffffff  __c_args__                          
ffffffff  binit                               
UNDEFED   __mpu_init                          
UNDEFED   _system_post_cinit                  

[271 symbols]
