******************************************************************************
                  TI ARM Linker PC v20.2.1                     
******************************************************************************
>> Linked Sun Sep 26 18:56:21 2021

OUTPUT FILE NAME:   <12.Exin_gpio.out>
ENTRY POINT SYMBOL: "_c_int00_noargs"  address: 00003f8d


MEMORY CONFIGURATION

         name            origin    length      used     unused   attr    fill
----------------------  --------  ---------  --------  --------  ----  --------
  MAIN                  00000000   00040000  00004aca  0003b536  R  X
  INFO                  00200000   00004000  00000000  00004000  R  X
  SRAM_CODE             01000000   00010000  00002d4d  0000d2b3  RW X
  SRAM_DATA             20000000   00010000  00002d4d  0000d2b3  RW  


SEGMENT ALLOCATION MAP

run origin  load origin   length   init length attrs members
----------  ----------- ---------- ----------- ----- -------
00000000    00000000    00004ad0   00004ad0    r-x
  00000000    00000000    000000e4   000000e4    r-- .intvecs
  000000e4    000000e4    0000436a   0000436a    r-x .text
  00004450    00004450    0000060c   0000060c    r-- .const
  00004a60    00004a60    00000070   00000070    r-- .cinit
20000000    20000000    00002b4e   00000000    rw-
  20000000    20000000    00002acb   00000000    rw- .data
  20002acc    20002acc    00000082   00000000    rw- .bss
2000fe00    2000fe00    00000200   00000000    rw-
  2000fe00    2000fe00    00000200   00000000    rw- .stack


SECTION ALLOCATION MAP

 output                                  attributes/
section   page    origin      length       input sections
--------  ----  ----------  ----------   ----------------
.intvecs   0    00000000    000000e4     
                  00000000    000000e4     startup_msp432p401r_ccs.obj (.intvecs:retain)

.text      0    000000e4    0000436a     
                  000000e4    00000a4e     rtsv7M4_T_le_v4SPD16_eabi.lib : _printfi.c.obj (.text:__TI_printfi)
                  00000b32    00000002                                   : div0.asm.obj (.text)
                  00000b34    000007dc     oled.obj (.text)
                  00001310    000003f0     exinencoder.obj (.text)
                  00001700    000003cc     exinADC.obj (.text)
                  00001acc    00000334     system_msp432p401r.obj (.text)
                  00001e00    000002c8     exinisr.obj (.text)
                  000020c8    00000270     rtsv7M4_T_le_v4SPD16_eabi.lib : _printfi.c.obj (.text:_pconv_a)
                  00002338    00000268     exingpio.obj (.text)
                  000025a0    00000240     exinsystem.obj (.text)
                  000027e0    000001d0     rtsv7M4_T_le_v4SPD16_eabi.lib : _printfi.c.obj (.text:_pconv_g)
                  000029b0    000001b6                                   : fd_add_t2.asm.obj (.text)
                  00002b66    00000002     --HOLE-- [fill = 0]
                  00002b68    000001b4     ADS_RCV.obj (.text)
                  00002d1c    00000184     exinuart.obj (.text)
                  00002ea0    00000148     exin_pit.obj (.text)
                  00002fe8    0000013c     rtsv7M4_T_le_v4SPD16_eabi.lib : _printfi.c.obj (.text:_pconv_e)
                  00003124    00000136                                   : fd_div_t2.asm.obj (.text)
                  0000325a    00000002     --HOLE-- [fill = 0]
                  0000325c    00000124                                   : _printfi.c.obj (.text:fcvt)
                  00003380    00000110                                   : s_scalbn.c.obj (.text:scalbn)
                  00003490    000000fc                                   : fd_mul_t2.asm.obj (.text)
                  0000358c    000000dc     msp432p4xx_driverlib.lib : pcm.o (.text:__PCM_setPowerModeAdvanced)
                  00003668    000000b1     rtsv7M4_T_le_v4SPD16_eabi.lib : _printfi.c.obj (.text:_ltostr)
                  00003719    00000003     --HOLE-- [fill = 0]
                  0000371c    000000b0     msp432p4xx_driverlib.lib : pcm.o (.text:__PCM_setCoreVoltageLevelAdvanced)
                  000037cc    0000009c     rtsv7M4_T_le_v4SPD16_eabi.lib : memcpy_t2.asm.obj (.text)
                  00003868    00000096                                   : ull_div_t2.asm.obj (.text)
                  000038fe    00000002     --HOLE-- [fill = 0]
                  00003900    00000094     msp432p4xx_driverlib.lib : uart.o (.text:UART_initModule)
                  00003994    00000086     rtsv7M4_T_le_v4SPD16_eabi.lib : fd_cmp_t2.asm.obj (.text:__aeabi_cdcmple)
                  00003a1a    00000086                                   : fd_cmp_t2.asm.obj (.text:__aeabi_cdrcmple)
                  00003aa0    0000007a                                   : memset_t2.asm.obj (.text)
                  00003b1a    0000006e                                   : _printfi.c.obj (.text:_mcpy)
                  00003b88    00000068                                   : copy_decompress_lzss.c.obj (.text:decompress:lzss:__TI_decompress_lzss)
                  00003bf0    00000064     msp432p4xx_driverlib.lib : interrupt.o (.text:Interrupt_enableInterrupt)
                  00003c54    00000064     rtsv7M4_T_le_v4SPD16_eabi.lib : s_frexp.c.obj (.text:frexp)
                  00003cb8    00000056                                   : _printfi.c.obj (.text:_pconv_f)
                  00003d0e    00000054                                   : _ltoa.c.obj (.text:__TI_ltoa)
                  00003d62    00000052                                   : _printfi.c.obj (.text:_ecpy)
                  00003db4    0000004c                                   : atoi.c.obj (.text:atoi)
                  00003e00    00000048     msp432p4xx_driverlib.lib : gpio.o (.text:GPIO_setAsPeripheralModuleFunctionInputPin)
                  00003e48    00000048     rtsv7M4_T_le_v4SPD16_eabi.lib : fd_toi_t2.asm.obj (.text)
                  00003e90    00000044                                   : autoinit.c.obj (.text:__TI_auto_init_nobinit_nopinit:__TI_auto_init_nobinit_nopinit)
                  00003ed4    00000040                                   : sprintf.c.obj (.text:sprintf)
                  00003f14    0000003e                                   : _printfi.c.obj (.text:_fcpy)
                  00003f52    00000038                                   : fs_tod_t2.asm.obj (.text)
                  00003f8a    00000002     --HOLE-- [fill = 0]
                  00003f8c    00000034                                   : boot_cortex_m.c.obj (.text:_c_int00_noargs:_c_int00_noargs)
                  00003fc0    00000030     msp432p4xx_driverlib.lib : gpio.o (.text:GPIO_getEnabledInterruptStatus)
                  00003ff0    00000030                              : gpio.o (.text:GPIO_setAsInputPinWithPullUpResistor)
                  00004020    00000030                              : uart.o (.text:UART_getEnabledInterruptStatus)
                  00004050    0000002e     rtsv7M4_T_le_v4SPD16_eabi.lib : i_tofd_t2.asm.obj (.text)
                  0000407e    00000002     --HOLE-- [fill = 0]
                  00004080    0000002c     msp432p4xx_driverlib.lib : gpio.o (.text:GPIO_setAsInputPin)
                  000040ac    0000002c                              : pcm.o (.text:PCM_getCoreVoltageLevel)
                  000040d8    0000002a                              : pcm.o (.text:PCM_getPowerMode)
                  00004102    00000002     --HOLE-- [fill = 0]
                  00004104    00000028                              : flash.o (.text:FlashCtl_setWaitState)
                  0000412c    00000024                              : cs.o (.text:CS_setDCOCenteredFrequency)
                  00004150    00000024                              : gpio.o (.text:GPIO_setAsOutputPin)
                  00004174    00000024                              : interrupt.o (.text:Interrupt_setPriority)
                  00004198    00000024                              : uart.o (.text:UART_disableInterrupt)
                  000041bc    00000024                              : uart.o (.text:UART_receiveData)
                  000041e0    00000024                              : uart.o (.text:UART_transmitData)
                  00004204    00000020     rtsv7M4_T_le_v4SPD16_eabi.lib : u_tofd_t2.asm.obj (.text)
                  00004224    0000001c                                   : copy_zero_init.c.obj (.text:decompress:ZI:__TI_zero_init_nomemset:__TI_zero_init_nomemset)
                  00004240    0000001c                                   : memccpy.c.obj (.text:memccpy)
                  0000425c    0000001a                                   : s_copysign.c.obj (.text:copysign)
                  00004276    00000002     --HOLE-- [fill = 0]
                  00004278    00000018     msp432p4xx_driverlib.lib : gpio.o (.text:GPIO_clearInterruptFlag)
                  00004290    00000018                              : gpio.o (.text:GPIO_getInputPinValue)
                  000042a8    00000018                              : gpio.o (.text:GPIO_setOutputLowOnPin)
                  000042c0    00000018                              : wdt_a.o (.text:WDT_A_holdTimer)
                  000042d8    00000018     rtsv7M4_T_le_v4SPD16_eabi.lib : sprintf.c.obj (.text:_outs)
                  000042f0    00000016     msp432p4xx_driverlib.lib : uart.o (.text:UART_enableInterrupt)
                  00004306    00000016     main.obj (.text)
                  0000431c    00000016     rtsv7M4_T_le_v4SPD16_eabi.lib : strchr.c.obj (.text:strchr)
                  00004332    00000002     --HOLE-- [fill = 0]
                  00004334    00000014     msp432p4xx_driverlib.lib : gpio.o (.text:GPIO_enableInterrupt)
                  00004348    00000014                              : gpio.o (.text:GPIO_setOutputHighOnPin)
                  0000435c    00000014                              : gpio.o (.text:GPIO_toggleOutputOnPin)
                  00004370    00000014                              : sysctl.o (.text:SysCtl_enableSRAMBankRetention)
                  00004384    00000014     rtsv7M4_T_le_v4SPD16_eabi.lib : strlen.c.obj (.text:strlen)
                  00004398    00000012                                   : wcslen.c.obj (.text:wcslen)
                  000043aa    00000002     --HOLE-- [fill = 0]
                  000043ac    00000010     msp432p4xx_driverlib.lib : gpio.o (.text:GPIO_getInterruptStatus)
                  000043bc    00000010                              : interrupt.o (.text:Interrupt_enableMaster)
                  000043cc    0000000e                              : uart.o (.text:UART_clearInterruptFlag)
                  000043da    0000000e     rtsv7M4_T_le_v4SPD16_eabi.lib : copy_decompress_none.c.obj (.text:decompress:none:__TI_decompress_none)
                  000043e8    0000000e     startup_msp432p401r_ccs.obj (.text)
                  000043f6    0000000c     msp432p4xx_driverlib.lib : cpu.o (.text:CPU_cpsie)
                  00004402    00000002     --HOLE-- [fill = 0]
                  00004404    0000000c                              : pcm.o (.text:PCM_getPowerState)
                  00004410    0000000c                              : uart.o (.text:UART_enableModule)
                  0000441c    0000000a     rtsv7M4_T_le_v4SPD16_eabi.lib : sprintf.c.obj (.text:_outc)
                  00004426    00000008     msp432p4xx_driverlib.lib : pcm.o (.text:PCM_setCoreVoltageLevel)
                  0000442e    00000008                              : pcm.o (.text:PCM_setPowerMode)
                  00004436    00000002     --HOLE-- [fill = 0]
                  00004438    00000008     rtsv7M4_T_le_v4SPD16_eabi.lib : errno.c.obj (.text:__aeabi_errno_addr)
                  00004440    00000006     msp432p4xx_driverlib.lib : uart.o (.text:UART_getInterruptStatus)
                  00004446    00000004     rtsv7M4_T_le_v4SPD16_eabi.lib : pre_init.c.obj (.text:_system_pre_init)
                  0000444a    00000004                                   : exit.c.obj (.text:abort:abort)

.const     0    00004450    0000060c     
                  00004450    00000228     oled.obj (.const:F6x8)
                  00004678    000001c0     oled.obj (.const:Hzk)
                  00004838    00000101     rtsv7M4_T_le_v4SPD16_eabi.lib : ctype.c.obj (.const:.string:_ctypes_)
                  00004939    00000003     --HOLE-- [fill = 0]
                  0000493c    00000050     msp432p4xx_driverlib.lib : interrupt.o (.const:g_pulRegs)
                  0000498c    00000040                              : interrupt.o (.const)
                  000049cc    00000024     exinuart.obj (.const:UART0)
                  000049f0    00000024     exinuart.obj (.const:UART2)
                  00004a14    00000024     exinuart.obj (.const:UART3)
                  00004a38    00000024     ADS_RCV.obj (.const:UART3_SET)

.cinit     0    00004a60    00000070     
                  00004a60    0000004c     (.cinit..data.load) [load image, compression = lzss]
                  00004aac    0000000c     (__TI_handler_table)
                  00004ab8    00000008     (.cinit..bss.load) [load image, compression = zero_init]
                  00004ac0    00000010     (__TI_cinit_table)

.init_array 
*          0    00000000    00000000     UNINITIALIZED

.binit     0    00000000    00000000     

.data      0    20000000    00002acb     UNINITIALIZED
                  20000000    00002000     oled.obj (.data:screen_buf)
                  20002000    00000400     oled.obj (.data:bmp2)
                  20002400    00000400     oled.obj (.data:bmp)
                  20002800    00000200     Oscill_OLED.obj (.data:Oscill_data_buff)
                  20002a00    00000030     msp432p4xx_driverlib.lib : gpio.o (.data:GPIO_PORT_TO_BASE)
                  20002a30    00000028     exinencoder.obj (.data:timerAcaptureValues)
                  20002a58    00000020     exinadjust.obj (.data)
                  20002a78    0000001c     exinADC.obj (.data)
                  20002a94    0000000a     ADS_RCV.obj (.data:ADS_RCV_DATA)
                  20002a9e    00000002     --HOLE--
                  20002aa0    00000008     ADS_RCV.obj (.data)
                  20002aa8    00000008     exinencoder.obj (.data)
                  20002ab0    00000008     exinsystem.obj (.data)
                  20002ab8    00000008     oled.obj (.data:tmp$2)
                  20002ac0    00000004     rtsv7M4_T_le_v4SPD16_eabi.lib : errno.c.obj (.data)
                  20002ac4    00000004     system_msp432p401r.obj (.data)
                  20002ac8    00000003     exinuart.obj (.data)

.bss       0    20002acc    00000082     UNINITIALIZED
                  20002acc    00000018     (.common:oscill1)
                  20002ae4    00000010     (.common:A0results)
                  20002af4    00000010     (.common:A1results)
                  20002b04    00000010     (.common:A2results)
                  20002b14    00000010     (.common:A3results)
                  20002b24    00000008     (.common:encoder_A)
                  20002b2c    00000008     (.common:encoder_B)
                  20002b34    00000008     (.common:encoder_C)
                  20002b3c    00000008     (.common:encoder_D)
                  20002b44    00000004     exinsystem.obj (.bss)
                  20002b48    00000004     (.common:ad_get)
                  20002b4c    00000001     exinADC.obj (.bss)
                  20002b4d    00000001     oled.obj (.bss)

.stack     0    2000fe00    00000200     UNINITIALIZED
                  2000fe00    00000004     rtsv7M4_T_le_v4SPD16_eabi.lib : boot_cortex_m.c.obj (.stack)
                  2000fe04    000001fc     --HOLE--

__llvm_prf_cnts 
*          0    20000000    00000000     UNINITIALIZED

MODULE SUMMARY

       Module                        code    ro data   rw data
       ------                        ----    -------   -------
    .\
       system_msp432p401r.obj        820     0         8      
       startup_msp432p401r_ccs.obj   14      228       0      
       main.obj                      22      0         0      
    +--+-----------------------------+-------+---------+---------+
       Total:                        856     228       8      
                                                              
    .\exinlibs\
       oled.obj                      2012    1000      20498  
       exinencoder.obj               1008    0         160    
       exinADC.obj                   972     0         194    
       Oscill_OLED.obj               0       0         1072   
       exinisr.obj                   712     0         0      
       exingpio.obj                  616     0         0      
       exinsystem.obj                576     0         24     
       ADS_RCV.obj                   436     36        36     
       exinuart.obj                  388     108       6      
       exin_pit.obj                  328     0         0      
       exinadjust.obj                0       0         64     
    +--+-----------------------------+-------+---------+---------+
       Total:                        7048    1144      22054  
                                                              
    C:/ti/msp/MSP432Ware_3_40_00_25/driverlib/driverlib/MSP432P4xx/ccs/msp432p4xx_driverlib.lib
       pcm.o                         510     0         0      
       gpio.o                        396     0         96     
       uart.o                        358     0         0      
       interrupt.o                   152     144       0      
       flash.o                       40      0         0      
       cs.o                          36      0         0      
       wdt_a.o                       24      0         0      
       sysctl.o                      20      0         0      
       cpu.o                         12      0         0      
    +--+-----------------------------+-------+---------+---------+
       Total:                        1548    144       96     
                                                              
    D:\CCS\ccs\tools\compiler\ti-cgt-arm_20.2.1.LTS\lib\rtsv7M4_T_le_v4SPD16_eabi.lib
       _printfi.c.obj                4851    0         0      
       fd_add_t2.asm.obj             438     0         0      
       fd_div_t2.asm.obj             310     0         0      
       s_scalbn.c.obj                272     0         0      
       fd_cmp_t2.asm.obj             268     0         0      
       ctype.c.obj                   0       257       0      
       fd_mul_t2.asm.obj             252     0         0      
       memcpy_t2.asm.obj             156     0         0      
       ull_div_t2.asm.obj            150     0         0      
       memset_t2.asm.obj             122     0         0      
       copy_decompress_lzss.c.obj    104     0         0      
       s_frexp.c.obj                 100     0         0      
       sprintf.c.obj                 98      0         0      
       _ltoa.c.obj                   84      0         0      
       atoi.c.obj                    76      0         0      
       fd_toi_t2.asm.obj             72      0         0      
       autoinit.c.obj                68      0         0      
       fs_tod_t2.asm.obj             56      0         0      
       boot_cortex_m.c.obj           52      0         0      
       i_tofd_t2.asm.obj             46      0         0      
       u_tofd_t2.asm.obj             32      0         0      
       copy_zero_init.c.obj          28      0         0      
       memccpy.c.obj                 28      0         0      
       s_copysign.c.obj              26      0         0      
       strchr.c.obj                  22      0         0      
       strlen.c.obj                  20      0         0      
       wcslen.c.obj                  18      0         0      
       errno.c.obj                   8       0         8      
       copy_decompress_none.c.obj    14      0         0      
       exit.c.obj                    4       0         0      
       pre_init.c.obj                4       0         0      
       div0.asm.obj                  2       0         0      
    +--+-----------------------------+-------+---------+---------+
       Total:                        7781    257       8      
                                                              
       Stack:                        0       0         1024   
       Linker Generated:             0       112       0      
    +--+-----------------------------+-------+---------+---------+
       Grand Total:                  17233   1885      23190  


LINKER GENERATED COPY TABLES

__TI_cinit_table @ 00004ac0 records: 2, size/record: 8, table size: 16
	.data: load addr=00004a60, load size=0000004c bytes, run addr=20000000, run size=00002acb bytes, compression=lzss
	.bss: load addr=00004ab8, load size=00000008 bytes, run addr=20002acc, run size=00000082 bytes, compression=zero_init


LINKER GENERATED HANDLER TABLE

__TI_handler_table @ 00004aac records: 3, size/record: 4, table size: 12
	index: 0, handler: __TI_decompress_lzss
	index: 1, handler: __TI_decompress_none
	index: 2, handler: __TI_zero_init


GLOBAL SYMBOLS: SORTED ALPHABETICALLY BY Name 

address   name                                      
-------   ----                                      
20002ae4  A0results                                 
20002af4  A1results                                 
20002b04  A2results                                 
20002b14  A3results                                 
000017f1  ADC14_IRQHandler                          
000017f1  ADC14_IRQHandler                          
20002a7c  ADC_CA                                    
20002a80  ADC_CB                                    
20002a84  ADC_CC                                    
20002a88  ADC_CD                                    
00001701  ADC_INIT                                  
000019b3  ADC_TEST                                  
0000179d  ADC_mean_filter                           
20002a90  ADC_receive_count                         
00002c41  ADS_Get                                   
20002a94  ADS_RCV_DATA                              
20002aa1  ADS_RCV_FLAG                              
00002c83  ADS_RCV_GetData32                         
00002b69  ADS_RCV_Init                              
20002aa2  ADS_RCV_STATE                             
000043f5  AES256_IRQHandler                         
20002a76  A_flag                                    
20002a77  B_flag                                    
000043f5  BusFault_Handler                          
0000444b  C$$EXIT                                   
000043f5  COMP_E0_IRQHandler                        
000043f5  COMP_E1_IRQHandler                        
000043f7  CPU_cpsie                                 
000043f5  CS_IRQHandler                             
0000412d  CS_setDCOCenteredFrequency                
000043f5  DMA_ERR_IRQHandler                        
000043f5  DMA_INT0_IRQHandler                       
000043f5  DMA_INT1_IRQHandler                       
000043f5  DMA_INT2_IRQHandler                       
000043f5  DMA_INT3_IRQHandler                       
000043f5  DebugMon_Handler                          
000043f5  Default_Handler                           
00001665  ENCODER_TEST                              
00002e35  EUSCIA0_IRQHandler                        
00002e35  EUSCIA0_IRQHandler                        
000043f5  EUSCIA1_IRQHandler                        
00002e63  EUSCIA2_IRQHandler                        
00002e63  EUSCIA2_IRQHandler                        
00002bb1  EUSCIA3_IRQHandler                        
00002bb1  EUSCIA3_IRQHandler                        
000043f5  EUSCIB0_IRQHandler                        
000043f5  EUSCIB1_IRQHandler                        
000043f5  EUSCIB2_IRQHandler                        
000043f5  EUSCIB3_IRQHandler                        
00001535  Encoder_clr                               
00004450  F6x8                                      
000043f5  FLCTL_IRQHandler                          
000043f5  FPU_IRQHandler                            
00004105  FlashCtl_setWaitState                     
00001761  GET_ADC_VALUE                             
000014f9  GET_encoder_dir                           
000014bd  GET_encoder_num                           
00004279  GPIO_clearInterruptFlag                   
00004335  GPIO_enableInterrupt                      
00003fc1  GPIO_getEnabledInterruptStatus            
00004291  GPIO_getInputPinValue                     
000043ad  GPIO_getInterruptStatus                   
00004081  GPIO_setAsInputPin                        
00003ff1  GPIO_setAsInputPinWithPullUpResistor      
00004151  GPIO_setAsOutputPin                       
00003e01  GPIO_setAsPeripheralModuleFunctionInputPin
00004349  GPIO_setOutputHighOnPin                   
000042a9  GPIO_setOutputLowOnPin                    
0000435d  GPIO_toggleOutputOnPin                    
000043f5  HardFault_Handler                         
00004678  Hzk                                       
20002a74  IRQ3_5flag                                
20002a75  IRQ4_6flag                                
00003bf1  Interrupt_enableInterrupt                 
000043bd  Interrupt_enableMaster                    
00004175  Interrupt_setPriority                     
000043f5  MemManage_Handler                         
000043f5  NMI_Handler                               
00000dbf  OLED_Clear                                
00000da3  OLED_Display_Off                          
00000d87  OLED_Display_On                           
0000110d  OLED_DrawBMP                              
000011bd  OLED_Init                                 
00000b35  OLED_PutPixel                             
00000d4b  OLED_Set_Pos                              
00001057  OLED_ShowCHinese                          
00000e2d  OLED_ShowChar                             
00000ef1  OLED_ShowNum                              
00000ff5  OLED_ShowString                           
00000fc5  OLED_Showfloat                            
00000cbb  OLED_WR_Byte                              
00000ba5  OLED_pos_clr                              
000015d5  OLED_show                                 
0000195d  OLED_showADC                              
20002800  Oscill_data_buff                          
000043f5  PCM_IRQHandler                            
000040ad  PCM_getCoreVoltageLevel                   
000040d9  PCM_getPowerMode                          
00004405  PCM_getPowerState                         
00004427  PCM_setCoreVoltageLevel                   
0000442f  PCM_setPowerMode                          
00002ea1  PIT_init                                  
00001e01  PORT1_IRQHandler                          
00001e01  PORT1_IRQHandler                          
00001e3f  PORT2_IRQHandler                          
00001e3f  PORT2_IRQHandler                          
00001ea5  PORT3_IRQHandler                          
00001ea5  PORT3_IRQHandler                          
00001efd  PORT4_IRQHandler                          
00001efd  PORT4_IRQHandler                          
00001f7d  PORT5_IRQHandler                          
00001f7d  PORT5_IRQHandler                          
00001fe3  PORT6_IRQHandler                          
00001fe3  PORT6_IRQHandler                          
000043f5  PSS_IRQHandler                            
000043f5  PendSV_Handler                            
000043f5  RTC_C_IRQHandler                          
20002aa0  R_FLAG                                    
000043e9  Reset_Handler                             
000043f5  SVC_Handler                               
00004371  SysCtl_enableSRAMBankRetention            
00002749  SysTick_Handler                           
00002749  SysTick_Handler                           
20002ac4  SystemCoreClock                           
00001acd  SystemCoreClockUpdate                     
00001d45  SystemInit                                
000043f5  T32_INT1_IRQHandler                       
000043f5  T32_INT2_IRQHandler                       
000043f5  T32_INTC_IRQHandler                       
0000204f  TA0_0_IRQHandler                          
0000204f  TA0_0_IRQHandler                          
00001579  TA0_N_IRQHandler                          
00001579  TA0_N_IRQHandler                          
00002065  TA1_0_IRQHandler                          
00002065  TA1_0_IRQHandler                          
000043f5  TA1_N_IRQHandler                          
00002071  TA2_0_IRQHandler                          
00002071  TA2_0_IRQHandler                          
000043f5  TA2_N_IRQHandler                          
0000207d  TA3_0_IRQHandler                          
0000207d  TA3_0_IRQHandler                          
000043f5  TA3_N_IRQHandler                          
000049cc  UART0                                     
20002aca  UART0_RXDat                               
00002d1d  UART0_init                                
000049f0  UART2                                     
20002ac9  UART2_RXDat                               
00002d65  UART2_init                                
00004a14  UART3                                     
20002ac8  UART3_RXDat                               
00004a38  UART3_SET                                 
00002dad  UART3_init                                
000043cd  UART_clearInterruptFlag                   
00004199  UART_disableInterrupt                     
000042f1  UART_enableInterrupt                      
00004411  UART_enableModule                         
00004021  UART_getEnabledInterruptStatus            
00004441  UART_getInterruptStatus                   
00003901  UART_initModule                           
000041bd  UART_receiveData                          
00002e25  UART_send_Num                             
00002df5  UART_send_string                          
000041e1  UART_transmitData                         
000043f5  UsageFault_Handler                        
4000480c  WDTCTL_SYM                                
000043f5  WDT_A_IRQHandler                          
000042c1  WDT_A_holdTimer                           
20010000  __STACK_END                               
00000200  __STACK_SIZE                              
00004ac0  __TI_CINIT_Base                           
00004ad0  __TI_CINIT_Limit                          
00004aac  __TI_Handler_Table_Base                   
00004ab8  __TI_Handler_Table_Limit                  
00003e91  __TI_auto_init_nobinit_nopinit            
00003b89  __TI_decompress_lzss                      
000043db  __TI_decompress_none                      
00003d0f  __TI_ltoa                                 
ffffffff  __TI_pprof_out_hndl                       
000000e5  __TI_printfi                              
ffffffff  __TI_prof_data_size                       
ffffffff  __TI_prof_data_start                      
00000000  __TI_static_base__                        
00004225  __TI_zero_init_nomemset                   
00003995  __aeabi_cdcmpeq                           
00003995  __aeabi_cdcmple                           
00003a1b  __aeabi_cdrcmple                          
00003e49  __aeabi_d2iz                              
000029bb  __aeabi_dadd                              
00003125  __aeabi_ddiv                              
00003491  __aeabi_dmul                              
000029b1  __aeabi_dsub                              
00004439  __aeabi_errno_addr                        
00003f53  __aeabi_f2d                               
00004051  __aeabi_i2d                               
00000b33  __aeabi_idiv0                             
00000b33  __aeabi_ldiv0                             
00003aa1  __aeabi_memclr                            
00003aa1  __aeabi_memclr4                           
00003aa1  __aeabi_memclr8                           
000037cd  __aeabi_memcpy                            
000037cd  __aeabi_memcpy4                           
000037cd  __aeabi_memcpy8                           
00003aa3  __aeabi_memset                            
00003aa3  __aeabi_memset4                           
00003aa3  __aeabi_memset8                           
00004205  __aeabi_ui2d                              
00003869  __aeabi_uldivmod                          
ffffffff  __binit__                                 
ffffffff  __c_args__                                
UNDEFED   __mpu_init                                
2000fe00  __stack                                   
20000000  __start___llvm_prf_cnts                   
20000000  __stop___llvm_prf_cnts                    
00003f8d  _c_int00_noargs                           
00004838  _ctypes_                                  
UNDEFED   _system_post_cinit                        
00004447  _system_pre_init                          
0000444b  abort                                     
20002b48  ad_get                                    
00003db5  atoi                                      
ffffffff  binit                                     
20002400  bmp                                       
20002000  bmp2                                      
0000425d  copysign                                  
0000425d  copysignl                                 
20002a68  count                                     
20002a5c  count_max                                 
20002a58  dirf                                      
20002b24  encoder_A                                 
20002b2c  encoder_B                                 
20002b34  encoder_C                                 
20002b3c  encoder_D                                 
00001311  encoder_IncTypeDef_init                   
0000136d  encoder_dirpin_init                       
00001415  encoder_init                              
000013c5  encoder_interrupt_init                    
20002ac0  errno                                     
000025a1  error                                     
00003c55  frexp                                     
00003c55  frexpl                                    
000024ef  gpio_INT_EN                               
000023dd  gpio_edg_sel                              
0000239d  gpio_get                                  
00002339  gpio_init                                 
00002543  gpio_interrupt_INIT                       
000023ad  gpio_set                                  
000023cd  gpio_toggle                               
20002a8c  ii                                        
00000000  interruptVectors                          
00003381  ldexp                                     
00003381  ldexpl                                    
00004307  main                                      
00004241  memccpy                                   
000037cd  memcpy                                    
00003aa9  memset                                    
00000eb7  oled_pow                                  
00000bd9  oled_update                               
20002acc  oscill1                                   
20002a60  page_count                                
20002a78  receive_success                           
00003381  scalbn                                    
00003381  scalbnl                                   
20000000  screen_buf                                
000025c9  set_DCO_48MH                              
00002669  set_clock_period                          
00003ed5  sprintf                                   
20002a64  start_flag                                
0000431d  strchr                                    
00004385  strlen                                    
20002ab0  sysc                                      
00002729  system_init                               
0000271b  systic_clr                                
00002771  systic_delayms                            
00002753  systic_delayus                            
000026ad  systic_end                                
00002673  systic_init                               
000026bb  systic_read                               
00002697  systic_start                              
20002ab4  systim                                    
20002a6c  testA                                     
20002a70  testB                                     
20002aac  time_counter                              
20002aa8  timerAcapturePointer                      
20002a30  timerAcaptureValues                       
00004399  wcslen                                    


GLOBAL SYMBOLS: SORTED BY Symbol Address 

address   name                                      
-------   ----                                      
00000000  __TI_static_base__                        
00000000  interruptVectors                          
000000e5  __TI_printfi                              
00000200  __STACK_SIZE                              
00000b33  __aeabi_idiv0                             
00000b33  __aeabi_ldiv0                             
00000b35  OLED_PutPixel                             
00000ba5  OLED_pos_clr                              
00000bd9  oled_update                               
00000cbb  OLED_WR_Byte                              
00000d4b  OLED_Set_Pos                              
00000d87  OLED_Display_On                           
00000da3  OLED_Display_Off                          
00000dbf  OLED_Clear                                
00000e2d  OLED_ShowChar                             
00000eb7  oled_pow                                  
00000ef1  OLED_ShowNum                              
00000fc5  OLED_Showfloat                            
00000ff5  OLED_ShowString                           
00001057  OLED_ShowCHinese                          
0000110d  OLED_DrawBMP                              
000011bd  OLED_Init                                 
00001311  encoder_IncTypeDef_init                   
0000136d  encoder_dirpin_init                       
000013c5  encoder_interrupt_init                    
00001415  encoder_init                              
000014bd  GET_encoder_num                           
000014f9  GET_encoder_dir                           
00001535  Encoder_clr                               
00001579  TA0_N_IRQHandler                          
00001579  TA0_N_IRQHandler                          
000015d5  OLED_show                                 
00001665  ENCODER_TEST                              
00001701  ADC_INIT                                  
00001761  GET_ADC_VALUE                             
0000179d  ADC_mean_filter                           
000017f1  ADC14_IRQHandler                          
000017f1  ADC14_IRQHandler                          
0000195d  OLED_showADC                              
000019b3  ADC_TEST                                  
00001acd  SystemCoreClockUpdate                     
00001d45  SystemInit                                
00001e01  PORT1_IRQHandler                          
00001e01  PORT1_IRQHandler                          
00001e3f  PORT2_IRQHandler                          
00001e3f  PORT2_IRQHandler                          
00001ea5  PORT3_IRQHandler                          
00001ea5  PORT3_IRQHandler                          
00001efd  PORT4_IRQHandler                          
00001efd  PORT4_IRQHandler                          
00001f7d  PORT5_IRQHandler                          
00001f7d  PORT5_IRQHandler                          
00001fe3  PORT6_IRQHandler                          
00001fe3  PORT6_IRQHandler                          
0000204f  TA0_0_IRQHandler                          
0000204f  TA0_0_IRQHandler                          
00002065  TA1_0_IRQHandler                          
00002065  TA1_0_IRQHandler                          
00002071  TA2_0_IRQHandler                          
00002071  TA2_0_IRQHandler                          
0000207d  TA3_0_IRQHandler                          
0000207d  TA3_0_IRQHandler                          
00002339  gpio_init                                 
0000239d  gpio_get                                  
000023ad  gpio_set                                  
000023cd  gpio_toggle                               
000023dd  gpio_edg_sel                              
000024ef  gpio_INT_EN                               
00002543  gpio_interrupt_INIT                       
000025a1  error                                     
000025c9  set_DCO_48MH                              
00002669  set_clock_period                          
00002673  systic_init                               
00002697  systic_start                              
000026ad  systic_end                                
000026bb  systic_read                               
0000271b  systic_clr                                
00002729  system_init                               
00002749  SysTick_Handler                           
00002749  SysTick_Handler                           
00002753  systic_delayus                            
00002771  systic_delayms                            
000029b1  __aeabi_dsub                              
000029bb  __aeabi_dadd                              
00002b69  ADS_RCV_Init                              
00002bb1  EUSCIA3_IRQHandler                        
00002bb1  EUSCIA3_IRQHandler                        
00002c41  ADS_Get                                   
00002c83  ADS_RCV_GetData32                         
00002d1d  UART0_init                                
00002d65  UART2_init                                
00002dad  UART3_init                                
00002df5  UART_send_string                          
00002e25  UART_send_Num                             
00002e35  EUSCIA0_IRQHandler                        
00002e35  EUSCIA0_IRQHandler                        
00002e63  EUSCIA2_IRQHandler                        
00002e63  EUSCIA2_IRQHandler                        
00002ea1  PIT_init                                  
00003125  __aeabi_ddiv                              
00003381  ldexp                                     
00003381  ldexpl                                    
00003381  scalbn                                    
00003381  scalbnl                                   
00003491  __aeabi_dmul                              
000037cd  __aeabi_memcpy                            
000037cd  __aeabi_memcpy4                           
000037cd  __aeabi_memcpy8                           
000037cd  memcpy                                    
00003869  __aeabi_uldivmod                          
00003901  UART_initModule                           
00003995  __aeabi_cdcmpeq                           
00003995  __aeabi_cdcmple                           
00003a1b  __aeabi_cdrcmple                          
00003aa1  __aeabi_memclr                            
00003aa1  __aeabi_memclr4                           
00003aa1  __aeabi_memclr8                           
00003aa3  __aeabi_memset                            
00003aa3  __aeabi_memset4                           
00003aa3  __aeabi_memset8                           
00003aa9  memset                                    
00003b89  __TI_decompress_lzss                      
00003bf1  Interrupt_enableInterrupt                 
00003c55  frexp                                     
00003c55  frexpl                                    
00003d0f  __TI_ltoa                                 
00003db5  atoi                                      
00003e01  GPIO_setAsPeripheralModuleFunctionInputPin
00003e49  __aeabi_d2iz                              
00003e91  __TI_auto_init_nobinit_nopinit            
00003ed5  sprintf                                   
00003f53  __aeabi_f2d                               
00003f8d  _c_int00_noargs                           
00003fc1  GPIO_getEnabledInterruptStatus            
00003ff1  GPIO_setAsInputPinWithPullUpResistor      
00004021  UART_getEnabledInterruptStatus            
00004051  __aeabi_i2d                               
00004081  GPIO_setAsInputPin                        
000040ad  PCM_getCoreVoltageLevel                   
000040d9  PCM_getPowerMode                          
00004105  FlashCtl_setWaitState                     
0000412d  CS_setDCOCenteredFrequency                
00004151  GPIO_setAsOutputPin                       
00004175  Interrupt_setPriority                     
00004199  UART_disableInterrupt                     
000041bd  UART_receiveData                          
000041e1  UART_transmitData                         
00004205  __aeabi_ui2d                              
00004225  __TI_zero_init_nomemset                   
00004241  memccpy                                   
0000425d  copysign                                  
0000425d  copysignl                                 
00004279  GPIO_clearInterruptFlag                   
00004291  GPIO_getInputPinValue                     
000042a9  GPIO_setOutputLowOnPin                    
000042c1  WDT_A_holdTimer                           
000042f1  UART_enableInterrupt                      
00004307  main                                      
0000431d  strchr                                    
00004335  GPIO_enableInterrupt                      
00004349  GPIO_setOutputHighOnPin                   
0000435d  GPIO_toggleOutputOnPin                    
00004371  SysCtl_enableSRAMBankRetention            
00004385  strlen                                    
00004399  wcslen                                    
000043ad  GPIO_getInterruptStatus                   
000043bd  Interrupt_enableMaster                    
000043cd  UART_clearInterruptFlag                   
000043db  __TI_decompress_none                      
000043e9  Reset_Handler                             
000043f5  AES256_IRQHandler                         
000043f5  BusFault_Handler                          
000043f5  COMP_E0_IRQHandler                        
000043f5  COMP_E1_IRQHandler                        
000043f5  CS_IRQHandler                             
000043f5  DMA_ERR_IRQHandler                        
000043f5  DMA_INT0_IRQHandler                       
000043f5  DMA_INT1_IRQHandler                       
000043f5  DMA_INT2_IRQHandler                       
000043f5  DMA_INT3_IRQHandler                       
000043f5  DebugMon_Handler                          
000043f5  Default_Handler                           
000043f5  EUSCIA1_IRQHandler                        
000043f5  EUSCIB0_IRQHandler                        
000043f5  EUSCIB1_IRQHandler                        
000043f5  EUSCIB2_IRQHandler                        
000043f5  EUSCIB3_IRQHandler                        
000043f5  FLCTL_IRQHandler                          
000043f5  FPU_IRQHandler                            
000043f5  HardFault_Handler                         
000043f5  MemManage_Handler                         
000043f5  NMI_Handler                               
000043f5  PCM_IRQHandler                            
000043f5  PSS_IRQHandler                            
000043f5  PendSV_Handler                            
000043f5  RTC_C_IRQHandler                          
000043f5  SVC_Handler                               
000043f5  T32_INT1_IRQHandler                       
000043f5  T32_INT2_IRQHandler                       
000043f5  T32_INTC_IRQHandler                       
000043f5  TA1_N_IRQHandler                          
000043f5  TA2_N_IRQHandler                          
000043f5  TA3_N_IRQHandler                          
000043f5  UsageFault_Handler                        
000043f5  WDT_A_IRQHandler                          
000043f7  CPU_cpsie                                 
00004405  PCM_getPowerState                         
00004411  UART_enableModule                         
00004427  PCM_setCoreVoltageLevel                   
0000442f  PCM_setPowerMode                          
00004439  __aeabi_errno_addr                        
00004441  UART_getInterruptStatus                   
00004447  _system_pre_init                          
0000444b  C$$EXIT                                   
0000444b  abort                                     
00004450  F6x8                                      
00004678  Hzk                                       
00004838  _ctypes_                                  
000049cc  UART0                                     
000049f0  UART2                                     
00004a14  UART3                                     
00004a38  UART3_SET                                 
00004aac  __TI_Handler_Table_Base                   
00004ab8  __TI_Handler_Table_Limit                  
00004ac0  __TI_CINIT_Base                           
00004ad0  __TI_CINIT_Limit                          
20000000  __start___llvm_prf_cnts                   
20000000  __stop___llvm_prf_cnts                    
20000000  screen_buf                                
20002000  bmp2                                      
20002400  bmp                                       
20002800  Oscill_data_buff                          
20002a30  timerAcaptureValues                       
20002a58  dirf                                      
20002a5c  count_max                                 
20002a60  page_count                                
20002a64  start_flag                                
20002a68  count                                     
20002a6c  testA                                     
20002a70  testB                                     
20002a74  IRQ3_5flag                                
20002a75  IRQ4_6flag                                
20002a76  A_flag                                    
20002a77  B_flag                                    
20002a78  receive_success                           
20002a7c  ADC_CA                                    
20002a80  ADC_CB                                    
20002a84  ADC_CC                                    
20002a88  ADC_CD                                    
20002a8c  ii                                        
20002a90  ADC_receive_count                         
20002a94  ADS_RCV_DATA                              
20002aa0  R_FLAG                                    
20002aa1  ADS_RCV_FLAG                              
20002aa2  ADS_RCV_STATE                             
20002aa8  timerAcapturePointer                      
20002aac  time_counter                              
20002ab0  sysc                                      
20002ab4  systim                                    
20002ac0  errno                                     
20002ac4  SystemCoreClock                           
20002ac8  UART3_RXDat                               
20002ac9  UART2_RXDat                               
20002aca  UART0_RXDat                               
20002acc  oscill1                                   
20002ae4  A0results                                 
20002af4  A1results                                 
20002b04  A2results                                 
20002b14  A3results                                 
20002b24  encoder_A                                 
20002b2c  encoder_B                                 
20002b34  encoder_C                                 
20002b3c  encoder_D                                 
20002b48  ad_get                                    
2000fe00  __stack                                   
20010000  __STACK_END                               
4000480c  WDTCTL_SYM                                
ffffffff  __TI_pprof_out_hndl                       
ffffffff  __TI_prof_data_size                       
ffffffff  __TI_prof_data_start                      
ffffffff  __binit__                                 
ffffffff  __c_args__                                
ffffffff  binit                                     
UNDEFED   __mpu_init                                
UNDEFED   _system_post_cinit                        

[285 symbols]
