******************************************************************************
                  TI ARM Linker PC v20.2.1                     
******************************************************************************
>> Linked Sun Sep 26 18:45:44 2021

OUTPUT FILE NAME:   <10.Exin_oled.out>
ENTRY POINT SYMBOL: "_c_int00_noargs"  address: 000043dd


MEMORY CONFIGURATION

         name            origin    length      used     unused   attr    fill
----------------------  --------  ---------  --------  --------  ----  --------
  MAIN                  00000000   00040000  00004f1a  0003b0e6  R  X
  INFO                  00200000   00004000  00000000  00004000  R  X
  SRAM_CODE             01000000   00010000  00002d4d  0000d2b3  RW X
  SRAM_DATA             20000000   00010000  00002d4d  0000d2b3  RW  


SEGMENT ALLOCATION MAP

run origin  load origin   length   init length attrs members
----------  ----------- ---------- ----------- ----- -------
00000000    00000000    00004f20   00004f20    r-x
  00000000    00000000    000000e4   000000e4    r-- .intvecs
  000000e4    000000e4    000047ba   000047ba    r-x .text
  000048a0    000048a0    0000060c   0000060c    r-- .const
  00004eb0    00004eb0    00000070   00000070    r-- .cinit
20000000    20000000    00002b4e   00000000    rw-
  20000000    20000000    00002acb   00000000    rw- .data
  20002acc    20002acc    00000082   00000000    rw- .bss
2000fe00    2000fe00    00000200   00000000    rw-
  2000fe00    2000fe00    00000200   00000000    rw- .stack


SECTION ALLOCATION MAP

 output                                  attributes/
section   page    origin      length       input sections
--------  ----  ----------  ----------   ----------------
.intvecs   0    00000000    000000e4     
                  00000000    000000e4     startup_msp432p401r_ccs.obj (.intvecs:retain)

.text      0    000000e4    000047ba     
                  000000e4    00000a4e     rtsv7M4_T_le_v4SPD16_eabi.lib : _printfi.c.obj (.text:__TI_printfi)
                  00000b32    00000002                                   : div0.asm.obj (.text)
                  00000b34    000007dc     oled.obj (.text)
                  00001310    000003f0     exinencoder.obj (.text)
                  00001700    000003cc     exinADC.obj (.text)
                  00001acc    00000334     system_msp432p401r.obj (.text)
                  00001e00    000002c8     exinisr.obj (.text)
                  000020c8    00000290     exinadjust.obj (.text)
                  00002358    00000270     rtsv7M4_T_le_v4SPD16_eabi.lib : _printfi.c.obj (.text:_pconv_a)
                  000025c8    00000268     exingpio.obj (.text)
                  00002830    00000240     exinsystem.obj (.text)
                  00002a70    000001d0     rtsv7M4_T_le_v4SPD16_eabi.lib : _printfi.c.obj (.text:_pconv_g)
                  00002c40    000001c0     exinkey.obj (.text)
                  00002e00    000001b6     rtsv7M4_T_le_v4SPD16_eabi.lib : fd_add_t2.asm.obj (.text)
                  00002fb6    00000002     --HOLE-- [fill = 0]
                  00002fb8    000001b4     ADS_RCV.obj (.text)
                  0000316c    00000184     exinuart.obj (.text)
                  000032f0    00000148     exin_pit.obj (.text)
                  00003438    0000013c     rtsv7M4_T_le_v4SPD16_eabi.lib : _printfi.c.obj (.text:_pconv_e)
                  00003574    00000136                                   : fd_div_t2.asm.obj (.text)
                  000036aa    00000002     --HOLE-- [fill = 0]
                  000036ac    00000124                                   : _printfi.c.obj (.text:fcvt)
                  000037d0    00000110                                   : s_scalbn.c.obj (.text:scalbn)
                  000038e0    000000fc                                   : fd_mul_t2.asm.obj (.text)
                  000039dc    000000dc     msp432p4xx_driverlib.lib : pcm.o (.text:__PCM_setPowerModeAdvanced)
                  00003ab8    000000b1     rtsv7M4_T_le_v4SPD16_eabi.lib : _printfi.c.obj (.text:_ltostr)
                  00003b69    00000003     --HOLE-- [fill = 0]
                  00003b6c    000000b0     msp432p4xx_driverlib.lib : pcm.o (.text:__PCM_setCoreVoltageLevelAdvanced)
                  00003c1c    0000009c     rtsv7M4_T_le_v4SPD16_eabi.lib : memcpy_t2.asm.obj (.text)
                  00003cb8    00000096                                   : ull_div_t2.asm.obj (.text)
                  00003d4e    00000002     --HOLE-- [fill = 0]
                  00003d50    00000094     msp432p4xx_driverlib.lib : uart.o (.text:UART_initModule)
                  00003de4    00000086     rtsv7M4_T_le_v4SPD16_eabi.lib : fd_cmp_t2.asm.obj (.text:__aeabi_cdcmple)
                  00003e6a    00000086                                   : fd_cmp_t2.asm.obj (.text:__aeabi_cdrcmple)
                  00003ef0    0000007a                                   : memset_t2.asm.obj (.text)
                  00003f6a    0000006e                                   : _printfi.c.obj (.text:_mcpy)
                  00003fd8    00000068                                   : copy_decompress_lzss.c.obj (.text:decompress:lzss:__TI_decompress_lzss)
                  00004040    00000064     msp432p4xx_driverlib.lib : interrupt.o (.text:Interrupt_enableInterrupt)
                  000040a4    00000064     rtsv7M4_T_le_v4SPD16_eabi.lib : s_frexp.c.obj (.text:frexp)
                  00004108    00000056                                   : _printfi.c.obj (.text:_pconv_f)
                  0000415e    00000054                                   : _ltoa.c.obj (.text:__TI_ltoa)
                  000041b2    00000052                                   : _printfi.c.obj (.text:_ecpy)
                  00004204    0000004c                                   : atoi.c.obj (.text:atoi)
                  00004250    00000048     msp432p4xx_driverlib.lib : gpio.o (.text:GPIO_setAsPeripheralModuleFunctionInputPin)
                  00004298    00000048     rtsv7M4_T_le_v4SPD16_eabi.lib : fd_toi_t2.asm.obj (.text)
                  000042e0    00000044                                   : autoinit.c.obj (.text:__TI_auto_init_nobinit_nopinit:__TI_auto_init_nobinit_nopinit)
                  00004324    00000040                                   : sprintf.c.obj (.text:sprintf)
                  00004364    0000003e                                   : _printfi.c.obj (.text:_fcpy)
                  000043a2    00000038                                   : fs_tod_t2.asm.obj (.text)
                  000043da    00000002     --HOLE-- [fill = 0]
                  000043dc    00000034                                   : boot_cortex_m.c.obj (.text:_c_int00_noargs:_c_int00_noargs)
                  00004410    00000030     msp432p4xx_driverlib.lib : gpio.o (.text:GPIO_getEnabledInterruptStatus)
                  00004440    00000030                              : gpio.o (.text:GPIO_setAsInputPinWithPullUpResistor)
                  00004470    00000030                              : uart.o (.text:UART_getEnabledInterruptStatus)
                  000044a0    0000002e     rtsv7M4_T_le_v4SPD16_eabi.lib : i_tofd_t2.asm.obj (.text)
                  000044ce    00000002     --HOLE-- [fill = 0]
                  000044d0    0000002c     msp432p4xx_driverlib.lib : gpio.o (.text:GPIO_setAsInputPin)
                  000044fc    0000002c                              : pcm.o (.text:PCM_getCoreVoltageLevel)
                  00004528    0000002a                              : pcm.o (.text:PCM_getPowerMode)
                  00004552    00000002     --HOLE-- [fill = 0]
                  00004554    00000028                              : flash.o (.text:FlashCtl_setWaitState)
                  0000457c    00000024                              : cs.o (.text:CS_setDCOCenteredFrequency)
                  000045a0    00000024                              : gpio.o (.text:GPIO_setAsOutputPin)
                  000045c4    00000024                              : interrupt.o (.text:Interrupt_setPriority)
                  000045e8    00000024                              : uart.o (.text:UART_disableInterrupt)
                  0000460c    00000024                              : uart.o (.text:UART_receiveData)
                  00004630    00000024                              : uart.o (.text:UART_transmitData)
                  00004654    00000020     rtsv7M4_T_le_v4SPD16_eabi.lib : u_tofd_t2.asm.obj (.text)
                  00004674    0000001c                                   : copy_zero_init.c.obj (.text:decompress:ZI:__TI_zero_init_nomemset:__TI_zero_init_nomemset)
                  00004690    0000001c                                   : memccpy.c.obj (.text:memccpy)
                  000046ac    0000001a                                   : s_copysign.c.obj (.text:copysign)
                  000046c6    00000002     --HOLE-- [fill = 0]
                  000046c8    00000018     msp432p4xx_driverlib.lib : gpio.o (.text:GPIO_clearInterruptFlag)
                  000046e0    00000018                              : gpio.o (.text:GPIO_getInputPinValue)
                  000046f8    00000018                              : gpio.o (.text:GPIO_setOutputLowOnPin)
                  00004710    00000018                              : wdt_a.o (.text:WDT_A_holdTimer)
                  00004728    00000018     rtsv7M4_T_le_v4SPD16_eabi.lib : sprintf.c.obj (.text:_outs)
                  00004740    00000016     msp432p4xx_driverlib.lib : uart.o (.text:UART_enableInterrupt)
                  00004756    00000016     main.obj (.text)
                  0000476c    00000016     rtsv7M4_T_le_v4SPD16_eabi.lib : strchr.c.obj (.text:strchr)
                  00004782    00000002     --HOLE-- [fill = 0]
                  00004784    00000014     msp432p4xx_driverlib.lib : gpio.o (.text:GPIO_enableInterrupt)
                  00004798    00000014                              : gpio.o (.text:GPIO_setOutputHighOnPin)
                  000047ac    00000014                              : gpio.o (.text:GPIO_toggleOutputOnPin)
                  000047c0    00000014                              : sysctl.o (.text:SysCtl_enableSRAMBankRetention)
                  000047d4    00000014     rtsv7M4_T_le_v4SPD16_eabi.lib : strlen.c.obj (.text:strlen)
                  000047e8    00000012                                   : wcslen.c.obj (.text:wcslen)
                  000047fa    00000002     --HOLE-- [fill = 0]
                  000047fc    00000010     msp432p4xx_driverlib.lib : gpio.o (.text:GPIO_getInterruptStatus)
                  0000480c    00000010                              : interrupt.o (.text:Interrupt_enableMaster)
                  0000481c    0000000e                              : uart.o (.text:UART_clearInterruptFlag)
                  0000482a    0000000e     rtsv7M4_T_le_v4SPD16_eabi.lib : copy_decompress_none.c.obj (.text:decompress:none:__TI_decompress_none)
                  00004838    0000000e     startup_msp432p401r_ccs.obj (.text)
                  00004846    0000000c     msp432p4xx_driverlib.lib : cpu.o (.text:CPU_cpsie)
                  00004852    00000002     --HOLE-- [fill = 0]
                  00004854    0000000c                              : pcm.o (.text:PCM_getPowerState)
                  00004860    0000000c                              : uart.o (.text:UART_enableModule)
                  0000486c    0000000a     rtsv7M4_T_le_v4SPD16_eabi.lib : sprintf.c.obj (.text:_outc)
                  00004876    00000008     msp432p4xx_driverlib.lib : pcm.o (.text:PCM_setCoreVoltageLevel)
                  0000487e    00000008                              : pcm.o (.text:PCM_setPowerMode)
                  00004886    00000002     --HOLE-- [fill = 0]
                  00004888    00000008     rtsv7M4_T_le_v4SPD16_eabi.lib : errno.c.obj (.text:__aeabi_errno_addr)
                  00004890    00000006     msp432p4xx_driverlib.lib : uart.o (.text:UART_getInterruptStatus)
                  00004896    00000004     rtsv7M4_T_le_v4SPD16_eabi.lib : pre_init.c.obj (.text:_system_pre_init)
                  0000489a    00000004                                   : exit.c.obj (.text:abort:abort)

.const     0    000048a0    0000060c     
                  000048a0    00000228     oled.obj (.const:F6x8)
                  00004ac8    000001c0     oled.obj (.const:Hzk)
                  00004c88    00000101     rtsv7M4_T_le_v4SPD16_eabi.lib : ctype.c.obj (.const:.string:_ctypes_)
                  00004d89    00000003     --HOLE-- [fill = 0]
                  00004d8c    00000050     msp432p4xx_driverlib.lib : interrupt.o (.const:g_pulRegs)
                  00004ddc    00000040                              : interrupt.o (.const)
                  00004e1c    00000024     exinuart.obj (.const:UART0)
                  00004e40    00000024     exinuart.obj (.const:UART2)
                  00004e64    00000024     exinuart.obj (.const:UART3)
                  00004e88    00000024     ADS_RCV.obj (.const:UART3_SET)

.cinit     0    00004eb0    00000070     
                  00004eb0    0000004c     (.cinit..data.load) [load image, compression = lzss]
                  00004efc    0000000c     (__TI_handler_table)
                  00004f08    00000008     (.cinit..bss.load) [load image, compression = zero_init]
                  00004f10    00000010     (__TI_cinit_table)

.init_array 
*          0    00000000    00000000     UNINITIALIZED

.binit     0    00000000    00000000     

.data      0    20000000    00002acb     UNINITIALIZED
                  20000000    00002000     oled.obj (.data:screen_buf)
                  20002000    00000400     oled.obj (.data:bmp2)
                  20002400    00000400     oled.obj (.data:bmp)
                  20002800    00000200     Oscill_OLED.obj (.data:Oscill_data_buff)
                  20002a00    00000030     msp432p4xx_driverlib.lib : gpio.o (.data:GPIO_PORT_TO_BASE)
                  20002a30    00000028     exinencoder.obj (.data:timerAcaptureValues)
                  20002a58    00000020     exinadjust.obj (.data)
                  20002a78    0000001c     exinADC.obj (.data)
                  20002a94    0000000a     ADS_RCV.obj (.data:ADS_RCV_DATA)
                  20002a9e    00000002     --HOLE--
                  20002aa0    00000008     ADS_RCV.obj (.data)
                  20002aa8    00000008     exinencoder.obj (.data)
                  20002ab0    00000008     exinsystem.obj (.data)
                  20002ab8    00000008     oled.obj (.data:tmp$2)
                  20002ac0    00000004     rtsv7M4_T_le_v4SPD16_eabi.lib : errno.c.obj (.data)
                  20002ac4    00000004     system_msp432p401r.obj (.data)
                  20002ac8    00000003     exinuart.obj (.data)

.bss       0    20002acc    00000082     UNINITIALIZED
                  20002acc    00000018     (.common:oscill1)
                  20002ae4    00000010     (.common:A0results)
                  20002af4    00000010     (.common:A1results)
                  20002b04    00000010     (.common:A2results)
                  20002b14    00000010     (.common:A3results)
                  20002b24    00000008     (.common:encoder_A)
                  20002b2c    00000008     (.common:encoder_B)
                  20002b34    00000008     (.common:encoder_C)
                  20002b3c    00000008     (.common:encoder_D)
                  20002b44    00000004     exinsystem.obj (.bss)
                  20002b48    00000004     (.common:ad_get)
                  20002b4c    00000001     exinADC.obj (.bss)
                  20002b4d    00000001     oled.obj (.bss)

.stack     0    2000fe00    00000200     UNINITIALIZED
                  2000fe00    00000004     rtsv7M4_T_le_v4SPD16_eabi.lib : boot_cortex_m.c.obj (.stack)
                  2000fe04    000001fc     --HOLE--

__llvm_prf_cnts 
*          0    20000000    00000000     UNINITIALIZED

MODULE SUMMARY

       Module                        code    ro data   rw data
       ------                        ----    -------   -------
    .\
       system_msp432p401r.obj        820     0         8      
       startup_msp432p401r_ccs.obj   14      228       0      
       main.obj                      22      0         0      
    +--+-----------------------------+-------+---------+---------+
       Total:                        856     228       8      
                                                              
    .\exinlibs\
       oled.obj                      2012    1000      20498  
       exinencoder.obj               1008    0         160    
       exinADC.obj                   972     0         194    
       Oscill_OLED.obj               0       0         1072   
       exinadjust.obj                656     0         64     
       exinisr.obj                   712     0         0      
       exingpio.obj                  616     0         0      
       exinsystem.obj                576     0         24     
       ADS_RCV.obj                   436     36        36     
       exinuart.obj                  388     108       6      
       exinkey.obj                   448     0         0      
       exin_pit.obj                  328     0         0      
    +--+-----------------------------+-------+---------+---------+
       Total:                        8152    1144      22054  
                                                              
    C:/ti/msp/MSP432Ware_3_40_00_25/driverlib/driverlib/MSP432P4xx/ccs/msp432p4xx_driverlib.lib
       pcm.o                         510     0         0      
       gpio.o                        396     0         96     
       uart.o                        358     0         0      
       interrupt.o                   152     144       0      
       flash.o                       40      0         0      
       cs.o                          36      0         0      
       wdt_a.o                       24      0         0      
       sysctl.o                      20      0         0      
       cpu.o                         12      0         0      
    +--+-----------------------------+-------+---------+---------+
       Total:                        1548    144       96     
                                                              
    D:\CCS\ccs\tools\compiler\ti-cgt-arm_20.2.1.LTS\lib\rtsv7M4_T_le_v4SPD16_eabi.lib
       _printfi.c.obj                4851    0         0      
       fd_add_t2.asm.obj             438     0         0      
       fd_div_t2.asm.obj             310     0         0      
       s_scalbn.c.obj                272     0         0      
       fd_cmp_t2.asm.obj             268     0         0      
       ctype.c.obj                   0       257       0      
       fd_mul_t2.asm.obj             252     0         0      
       memcpy_t2.asm.obj             156     0         0      
       ull_div_t2.asm.obj            150     0         0      
       memset_t2.asm.obj             122     0         0      
       copy_decompress_lzss.c.obj    104     0         0      
       s_frexp.c.obj                 100     0         0      
       sprintf.c.obj                 98      0         0      
       _ltoa.c.obj                   84      0         0      
       atoi.c.obj                    76      0         0      
       fd_toi_t2.asm.obj             72      0         0      
       autoinit.c.obj                68      0         0      
       fs_tod_t2.asm.obj             56      0         0      
       boot_cortex_m.c.obj           52      0         0      
       i_tofd_t2.asm.obj             46      0         0      
       u_tofd_t2.asm.obj             32      0         0      
       copy_zero_init.c.obj          28      0         0      
       memccpy.c.obj                 28      0         0      
       s_copysign.c.obj              26      0         0      
       strchr.c.obj                  22      0         0      
       strlen.c.obj                  20      0         0      
       wcslen.c.obj                  18      0         0      
       errno.c.obj                   8       0         8      
       copy_decompress_none.c.obj    14      0         0      
       exit.c.obj                    4       0         0      
       pre_init.c.obj                4       0         0      
       div0.asm.obj                  2       0         0      
    +--+-----------------------------+-------+---------+---------+
       Total:                        7781    257       8      
                                                              
       Stack:                        0       0         1024   
       Linker Generated:             0       112       0      
    +--+-----------------------------+-------+---------+---------+
       Grand Total:                  18337   1885      23190  


LINKER GENERATED COPY TABLES

__TI_cinit_table @ 00004f10 records: 2, size/record: 8, table size: 16
	.data: load addr=00004eb0, load size=0000004c bytes, run addr=20000000, run size=00002acb bytes, compression=lzss
	.bss: load addr=00004f08, load size=00000008 bytes, run addr=20002acc, run size=00000082 bytes, compression=zero_init


LINKER GENERATED HANDLER TABLE

__TI_handler_table @ 00004efc records: 3, size/record: 4, table size: 12
	index: 0, handler: __TI_decompress_lzss
	index: 1, handler: __TI_decompress_none
	index: 2, handler: __TI_zero_init


GLOBAL SYMBOLS: SORTED ALPHABETICALLY BY Name 

address   name                                      
-------   ----                                      
20002ae4  A0results                                 
20002af4  A1results                                 
20002b04  A2results                                 
20002b14  A3results                                 
000017f1  ADC14_IRQHandler                          
000017f1  ADC14_IRQHandler                          
20002a7c  ADC_CA                                    
20002a80  ADC_CB                                    
20002a84  ADC_CC                                    
20002a88  ADC_CD                                    
00001701  ADC_INIT                                  
000019b3  ADC_TEST                                  
0000179d  ADC_mean_filter                           
20002a90  ADC_receive_count                         
00003091  ADS_Get                                   
20002a94  ADS_RCV_DATA                              
20002aa1  ADS_RCV_FLAG                              
000030d3  ADS_RCV_GetData32                         
00002fb9  ADS_RCV_Init                              
20002aa2  ADS_RCV_STATE                             
00004845  AES256_IRQHandler                         
20002a76  A_flag                                    
20002a77  B_flag                                    
00004845  BusFault_Handler                          
0000489b  C$$EXIT                                   
00004845  COMP_E0_IRQHandler                        
00004845  COMP_E1_IRQHandler                        
00004847  CPU_cpsie                                 
00004845  CS_IRQHandler                             
0000457d  CS_setDCOCenteredFrequency                
00004845  DMA_ERR_IRQHandler                        
00004845  DMA_INT0_IRQHandler                       
00004845  DMA_INT1_IRQHandler                       
00004845  DMA_INT2_IRQHandler                       
00004845  DMA_INT3_IRQHandler                       
00004845  DebugMon_Handler                          
00004845  Default_Handler                           
00001665  ENCODER_TEST                              
00003285  EUSCIA0_IRQHandler                        
00003285  EUSCIA0_IRQHandler                        
00004845  EUSCIA1_IRQHandler                        
000032b3  EUSCIA2_IRQHandler                        
000032b3  EUSCIA2_IRQHandler                        
00003001  EUSCIA3_IRQHandler                        
00003001  EUSCIA3_IRQHandler                        
00004845  EUSCIB0_IRQHandler                        
00004845  EUSCIB1_IRQHandler                        
00004845  EUSCIB2_IRQHandler                        
00004845  EUSCIB3_IRQHandler                        
00001535  Encoder_clr                               
000048a0  F6x8                                      
00004845  FLCTL_IRQHandler                          
00004845  FPU_IRQHandler                            
00004555  FlashCtl_setWaitState                     
00001761  GET_ADC_VALUE                             
000014f9  GET_encoder_dir                           
000014bd  GET_encoder_num                           
000046c9  GPIO_clearInterruptFlag                   
00004785  GPIO_enableInterrupt                      
00004411  GPIO_getEnabledInterruptStatus            
000046e1  GPIO_getInputPinValue                     
000047fd  GPIO_getInterruptStatus                   
000044d1  GPIO_setAsInputPin                        
00004441  GPIO_setAsInputPinWithPullUpResistor      
000045a1  GPIO_setAsOutputPin                       
00004251  GPIO_setAsPeripheralModuleFunctionInputPin
00004799  GPIO_setOutputHighOnPin                   
000046f9  GPIO_setOutputLowOnPin                    
000047ad  GPIO_toggleOutputOnPin                    
00004845  HardFault_Handler                         
00004ac8  Hzk                                       
20002a74  IRQ3_5flag                                
20002a75  IRQ4_6flag                                
00004041  Interrupt_enableInterrupt                 
0000480d  Interrupt_enableMaster                    
000045c5  Interrupt_setPriority                     
00004845  MemManage_Handler                         
00004845  NMI_Handler                               
00000dbf  OLED_Clear                                
00000da3  OLED_Display_Off                          
00000d87  OLED_Display_On                           
0000110d  OLED_DrawBMP                              
000011bd  OLED_Init                                 
00000b35  OLED_PutPixel                             
000020c9  OLED_SHOW                                 
00000d4b  OLED_Set_Pos                              
00001057  OLED_ShowCHinese                          
00000e2d  OLED_ShowChar                             
00000ef1  OLED_ShowNum                              
00000ff5  OLED_ShowString                           
00000fc5  OLED_Showfloat                            
00000cbb  OLED_WR_Byte                              
00000ba5  OLED_pos_clr                              
000015d5  OLED_show                                 
0000195d  OLED_showADC                              
20002800  Oscill_data_buff                          
00004845  PCM_IRQHandler                            
000044fd  PCM_getCoreVoltageLevel                   
00004529  PCM_getPowerMode                          
00004855  PCM_getPowerState                         
00004877  PCM_setCoreVoltageLevel                   
0000487f  PCM_setPowerMode                          
000032f1  PIT_init                                  
00001e01  PORT1_IRQHandler                          
00001e01  PORT1_IRQHandler                          
00001e3f  PORT2_IRQHandler                          
00001e3f  PORT2_IRQHandler                          
00001ea5  PORT3_IRQHandler                          
00001ea5  PORT3_IRQHandler                          
00001efd  PORT4_IRQHandler                          
00001efd  PORT4_IRQHandler                          
00001f7d  PORT5_IRQHandler                          
00001f7d  PORT5_IRQHandler                          
00001fe3  PORT6_IRQHandler                          
00001fe3  PORT6_IRQHandler                          
00004845  PSS_IRQHandler                            
00004845  PendSV_Handler                            
00004845  RTC_C_IRQHandler                          
20002aa0  R_FLAG                                    
00004839  Reset_Handler                             
000022d7  Rotate_INIT                               
00002301  Rotate_adjust_TEST                        
00004845  SVC_Handler                               
000047c1  SysCtl_enableSRAMBankRetention            
000029d9  SysTick_Handler                           
000029d9  SysTick_Handler                           
20002ac4  SystemCoreClock                           
00001acd  SystemCoreClockUpdate                     
00001d45  SystemInit                                
00004845  T32_INT1_IRQHandler                       
00004845  T32_INT2_IRQHandler                       
00004845  T32_INTC_IRQHandler                       
0000204f  TA0_0_IRQHandler                          
0000204f  TA0_0_IRQHandler                          
00001579  TA0_N_IRQHandler                          
00001579  TA0_N_IRQHandler                          
00002065  TA1_0_IRQHandler                          
00002065  TA1_0_IRQHandler                          
00004845  TA1_N_IRQHandler                          
00002071  TA2_0_IRQHandler                          
00002071  TA2_0_IRQHandler                          
00004845  TA2_N_IRQHandler                          
0000207d  TA3_0_IRQHandler                          
0000207d  TA3_0_IRQHandler                          
00004845  TA3_N_IRQHandler                          
00004e1c  UART0                                     
20002aca  UART0_RXDat                               
0000316d  UART0_init                                
00004e40  UART2                                     
20002ac9  UART2_RXDat                               
000031b5  UART2_init                                
00004e64  UART3                                     
20002ac8  UART3_RXDat                               
00004e88  UART3_SET                                 
000031fd  UART3_init                                
0000481d  UART_clearInterruptFlag                   
000045e9  UART_disableInterrupt                     
00004741  UART_enableInterrupt                      
00004861  UART_enableModule                         
00004471  UART_getEnabledInterruptStatus            
00004891  UART_getInterruptStatus                   
00003d51  UART_initModule                           
0000460d  UART_receiveData                          
00003275  UART_send_Num                             
00003245  UART_send_string                          
00004631  UART_transmitData                         
00004845  UsageFault_Handler                        
4000480c  WDTCTL_SYM                                
00004845  WDT_A_IRQHandler                          
00004711  WDT_A_holdTimer                           
20010000  __STACK_END                               
00000200  __STACK_SIZE                              
00004f10  __TI_CINIT_Base                           
00004f20  __TI_CINIT_Limit                          
00004efc  __TI_Handler_Table_Base                   
00004f08  __TI_Handler_Table_Limit                  
000042e1  __TI_auto_init_nobinit_nopinit            
00003fd9  __TI_decompress_lzss                      
0000482b  __TI_decompress_none                      
0000415f  __TI_ltoa                                 
ffffffff  __TI_pprof_out_hndl                       
000000e5  __TI_printfi                              
ffffffff  __TI_prof_data_size                       
ffffffff  __TI_prof_data_start                      
00000000  __TI_static_base__                        
00004675  __TI_zero_init_nomemset                   
00003de5  __aeabi_cdcmpeq                           
00003de5  __aeabi_cdcmple                           
00003e6b  __aeabi_cdrcmple                          
00004299  __aeabi_d2iz                              
00002e0b  __aeabi_dadd                              
00003575  __aeabi_ddiv                              
000038e1  __aeabi_dmul                              
00002e01  __aeabi_dsub                              
00004889  __aeabi_errno_addr                        
000043a3  __aeabi_f2d                               
000044a1  __aeabi_i2d                               
00000b33  __aeabi_idiv0                             
00000b33  __aeabi_ldiv0                             
00003ef1  __aeabi_memclr                            
00003ef1  __aeabi_memclr4                           
00003ef1  __aeabi_memclr8                           
00003c1d  __aeabi_memcpy                            
00003c1d  __aeabi_memcpy4                           
00003c1d  __aeabi_memcpy8                           
00003ef3  __aeabi_memset                            
00003ef3  __aeabi_memset4                           
00003ef3  __aeabi_memset8                           
00004655  __aeabi_ui2d                              
00003cb9  __aeabi_uldivmod                          
ffffffff  __binit__                                 
ffffffff  __c_args__                                
UNDEFED   __mpu_init                                
2000fe00  __stack                                   
20000000  __start___llvm_prf_cnts                   
20000000  __stop___llvm_prf_cnts                    
000043dd  _c_int00_noargs                           
00004c88  _ctypes_                                  
UNDEFED   _system_post_cinit                        
00004897  _system_pre_init                          
0000489b  abort                                     
20002b48  ad_get                                    
00004205  atoi                                      
00002177  bianmaqi_tiaocan                          
ffffffff  binit                                     
20002400  bmp                                       
20002000  bmp2                                      
000046ad  copysign                                  
000046ad  copysignl                                 
20002a68  count                                     
20002a5c  count_max                                 
20002a58  dirf                                      
20002b24  encoder_A                                 
20002b2c  encoder_B                                 
20002b34  encoder_C                                 
20002b3c  encoder_D                                 
00001311  encoder_IncTypeDef_init                   
0000136d  encoder_dirpin_init                       
00001415  encoder_init                              
000013c5  encoder_interrupt_init                    
20002ac0  errno                                     
00002831  error                                     
000040a5  frexp                                     
000040a5  frexpl                                    
0000277f  gpio_INT_EN                               
0000266d  gpio_edg_sel                              
0000262d  gpio_get                                  
000025c9  gpio_init                                 
000027d3  gpio_interrupt_INIT                       
0000263d  gpio_set                                  
0000265d  gpio_toggle                               
20002a8c  ii                                        
00000000  interruptVectors                          
00002c9f  key_get                                   
00002c41  key_init                                  
00002cf7  key_test                                  
000037d1  ldexp                                     
000037d1  ldexpl                                    
00004757  main                                      
00004691  memccpy                                   
00003c1d  memcpy                                    
00003ef9  memset                                    
00000eb7  oled_pow                                  
00000bd9  oled_update                               
20002acc  oscill1                                   
20002a60  page_count                                
20002a78  receive_success                           
000037d1  scalbn                                    
000037d1  scalbnl                                   
20000000  screen_buf                                
00002859  set_DCO_48MH                              
000028f9  set_clock_period                          
00004325  sprintf                                   
20002a64  start_flag                                
0000476d  strchr                                    
000047d5  strlen                                    
20002ab0  sysc                                      
000029b9  system_init                               
000029ab  systic_clr                                
00002a01  systic_delayms                            
000029e3  systic_delayus                            
0000293d  systic_end                                
00002903  systic_init                               
0000294b  systic_read                               
00002927  systic_start                              
20002ab4  systim                                    
20002a6c  testA                                     
20002a70  testB                                     
20002aac  time_counter                              
20002aa8  timerAcapturePointer                      
20002a30  timerAcaptureValues                       
000047e9  wcslen                                    


GLOBAL SYMBOLS: SORTED BY Symbol Address 

address   name                                      
-------   ----                                      
00000000  __TI_static_base__                        
00000000  interruptVectors                          
000000e5  __TI_printfi                              
00000200  __STACK_SIZE                              
00000b33  __aeabi_idiv0                             
00000b33  __aeabi_ldiv0                             
00000b35  OLED_PutPixel                             
00000ba5  OLED_pos_clr                              
00000bd9  oled_update                               
00000cbb  OLED_WR_Byte                              
00000d4b  OLED_Set_Pos                              
00000d87  OLED_Display_On                           
00000da3  OLED_Display_Off                          
00000dbf  OLED_Clear                                
00000e2d  OLED_ShowChar                             
00000eb7  oled_pow                                  
00000ef1  OLED_ShowNum                              
00000fc5  OLED_Showfloat                            
00000ff5  OLED_ShowString                           
00001057  OLED_ShowCHinese                          
0000110d  OLED_DrawBMP                              
000011bd  OLED_Init                                 
00001311  encoder_IncTypeDef_init                   
0000136d  encoder_dirpin_init                       
000013c5  encoder_interrupt_init                    
00001415  encoder_init                              
000014bd  GET_encoder_num                           
000014f9  GET_encoder_dir                           
00001535  Encoder_clr                               
00001579  TA0_N_IRQHandler                          
00001579  TA0_N_IRQHandler                          
000015d5  OLED_show                                 
00001665  ENCODER_TEST                              
00001701  ADC_INIT                                  
00001761  GET_ADC_VALUE                             
0000179d  ADC_mean_filter                           
000017f1  ADC14_IRQHandler                          
000017f1  ADC14_IRQHandler                          
0000195d  OLED_showADC                              
000019b3  ADC_TEST                                  
00001acd  SystemCoreClockUpdate                     
00001d45  SystemInit                                
00001e01  PORT1_IRQHandler                          
00001e01  PORT1_IRQHandler                          
00001e3f  PORT2_IRQHandler                          
00001e3f  PORT2_IRQHandler                          
00001ea5  PORT3_IRQHandler                          
00001ea5  PORT3_IRQHandler                          
00001efd  PORT4_IRQHandler                          
00001efd  PORT4_IRQHandler                          
00001f7d  PORT5_IRQHandler                          
00001f7d  PORT5_IRQHandler                          
00001fe3  PORT6_IRQHandler                          
00001fe3  PORT6_IRQHandler                          
0000204f  TA0_0_IRQHandler                          
0000204f  TA0_0_IRQHandler                          
00002065  TA1_0_IRQHandler                          
00002065  TA1_0_IRQHandler                          
00002071  TA2_0_IRQHandler                          
00002071  TA2_0_IRQHandler                          
0000207d  TA3_0_IRQHandler                          
0000207d  TA3_0_IRQHandler                          
000020c9  OLED_SHOW                                 
00002177  bianmaqi_tiaocan                          
000022d7  Rotate_INIT                               
00002301  Rotate_adjust_TEST                        
000025c9  gpio_init                                 
0000262d  gpio_get                                  
0000263d  gpio_set                                  
0000265d  gpio_toggle                               
0000266d  gpio_edg_sel                              
0000277f  gpio_INT_EN                               
000027d3  gpio_interrupt_INIT                       
00002831  error                                     
00002859  set_DCO_48MH                              
000028f9  set_clock_period                          
00002903  systic_init                               
00002927  systic_start                              
0000293d  systic_end                                
0000294b  systic_read                               
000029ab  systic_clr                                
000029b9  system_init                               
000029d9  SysTick_Handler                           
000029d9  SysTick_Handler                           
000029e3  systic_delayus                            
00002a01  systic_delayms                            
00002c41  key_init                                  
00002c9f  key_get                                   
00002cf7  key_test                                  
00002e01  __aeabi_dsub                              
00002e0b  __aeabi_dadd                              
00002fb9  ADS_RCV_Init                              
00003001  EUSCIA3_IRQHandler                        
00003001  EUSCIA3_IRQHandler                        
00003091  ADS_Get                                   
000030d3  ADS_RCV_GetData32                         
0000316d  UART0_init                                
000031b5  UART2_init                                
000031fd  UART3_init                                
00003245  UART_send_string                          
00003275  UART_send_Num                             
00003285  EUSCIA0_IRQHandler                        
00003285  EUSCIA0_IRQHandler                        
000032b3  EUSCIA2_IRQHandler                        
000032b3  EUSCIA2_IRQHandler                        
000032f1  PIT_init                                  
00003575  __aeabi_ddiv                              
000037d1  ldexp                                     
000037d1  ldexpl                                    
000037d1  scalbn                                    
000037d1  scalbnl                                   
000038e1  __aeabi_dmul                              
00003c1d  __aeabi_memcpy                            
00003c1d  __aeabi_memcpy4                           
00003c1d  __aeabi_memcpy8                           
00003c1d  memcpy                                    
00003cb9  __aeabi_uldivmod                          
00003d51  UART_initModule                           
00003de5  __aeabi_cdcmpeq                           
00003de5  __aeabi_cdcmple                           
00003e6b  __aeabi_cdrcmple                          
00003ef1  __aeabi_memclr                            
00003ef1  __aeabi_memclr4                           
00003ef1  __aeabi_memclr8                           
00003ef3  __aeabi_memset                            
00003ef3  __aeabi_memset4                           
00003ef3  __aeabi_memset8                           
00003ef9  memset                                    
00003fd9  __TI_decompress_lzss                      
00004041  Interrupt_enableInterrupt                 
000040a5  frexp                                     
000040a5  frexpl                                    
0000415f  __TI_ltoa                                 
00004205  atoi                                      
00004251  GPIO_setAsPeripheralModuleFunctionInputPin
00004299  __aeabi_d2iz                              
000042e1  __TI_auto_init_nobinit_nopinit            
00004325  sprintf                                   
000043a3  __aeabi_f2d                               
000043dd  _c_int00_noargs                           
00004411  GPIO_getEnabledInterruptStatus            
00004441  GPIO_setAsInputPinWithPullUpResistor      
00004471  UART_getEnabledInterruptStatus            
000044a1  __aeabi_i2d                               
000044d1  GPIO_setAsInputPin                        
000044fd  PCM_getCoreVoltageLevel                   
00004529  PCM_getPowerMode                          
00004555  FlashCtl_setWaitState                     
0000457d  CS_setDCOCenteredFrequency                
000045a1  GPIO_setAsOutputPin                       
000045c5  Interrupt_setPriority                     
000045e9  UART_disableInterrupt                     
0000460d  UART_receiveData                          
00004631  UART_transmitData                         
00004655  __aeabi_ui2d                              
00004675  __TI_zero_init_nomemset                   
00004691  memccpy                                   
000046ad  copysign                                  
000046ad  copysignl                                 
000046c9  GPIO_clearInterruptFlag                   
000046e1  GPIO_getInputPinValue                     
000046f9  GPIO_setOutputLowOnPin                    
00004711  WDT_A_holdTimer                           
00004741  UART_enableInterrupt                      
00004757  main                                      
0000476d  strchr                                    
00004785  GPIO_enableInterrupt                      
00004799  GPIO_setOutputHighOnPin                   
000047ad  GPIO_toggleOutputOnPin                    
000047c1  SysCtl_enableSRAMBankRetention            
000047d5  strlen                                    
000047e9  wcslen                                    
000047fd  GPIO_getInterruptStatus                   
0000480d  Interrupt_enableMaster                    
0000481d  UART_clearInterruptFlag                   
0000482b  __TI_decompress_none                      
00004839  Reset_Handler                             
00004845  AES256_IRQHandler                         
00004845  BusFault_Handler                          
00004845  COMP_E0_IRQHandler                        
00004845  COMP_E1_IRQHandler                        
00004845  CS_IRQHandler                             
00004845  DMA_ERR_IRQHandler                        
00004845  DMA_INT0_IRQHandler                       
00004845  DMA_INT1_IRQHandler                       
00004845  DMA_INT2_IRQHandler                       
00004845  DMA_INT3_IRQHandler                       
00004845  DebugMon_Handler                          
00004845  Default_Handler                           
00004845  EUSCIA1_IRQHandler                        
00004845  EUSCIB0_IRQHandler                        
00004845  EUSCIB1_IRQHandler                        
00004845  EUSCIB2_IRQHandler                        
00004845  EUSCIB3_IRQHandler                        
00004845  FLCTL_IRQHandler                          
00004845  FPU_IRQHandler                            
00004845  HardFault_Handler                         
00004845  MemManage_Handler                         
00004845  NMI_Handler                               
00004845  PCM_IRQHandler                            
00004845  PSS_IRQHandler                            
00004845  PendSV_Handler                            
00004845  RTC_C_IRQHandler                          
00004845  SVC_Handler                               
00004845  T32_INT1_IRQHandler                       
00004845  T32_INT2_IRQHandler                       
00004845  T32_INTC_IRQHandler                       
00004845  TA1_N_IRQHandler                          
00004845  TA2_N_IRQHandler                          
00004845  TA3_N_IRQHandler                          
00004845  UsageFault_Handler                        
00004845  WDT_A_IRQHandler                          
00004847  CPU_cpsie                                 
00004855  PCM_getPowerState                         
00004861  UART_enableModule                         
00004877  PCM_setCoreVoltageLevel                   
0000487f  PCM_setPowerMode                          
00004889  __aeabi_errno_addr                        
00004891  UART_getInterruptStatus                   
00004897  _system_pre_init                          
0000489b  C$$EXIT                                   
0000489b  abort                                     
000048a0  F6x8                                      
00004ac8  Hzk                                       
00004c88  _ctypes_                                  
00004e1c  UART0                                     
00004e40  UART2                                     
00004e64  UART3                                     
00004e88  UART3_SET                                 
00004efc  __TI_Handler_Table_Base                   
00004f08  __TI_Handler_Table_Limit                  
00004f10  __TI_CINIT_Base                           
00004f20  __TI_CINIT_Limit                          
20000000  __start___llvm_prf_cnts                   
20000000  __stop___llvm_prf_cnts                    
20000000  screen_buf                                
20002000  bmp2                                      
20002400  bmp                                       
20002800  Oscill_data_buff                          
20002a30  timerAcaptureValues                       
20002a58  dirf                                      
20002a5c  count_max                                 
20002a60  page_count                                
20002a64  start_flag                                
20002a68  count                                     
20002a6c  testA                                     
20002a70  testB                                     
20002a74  IRQ3_5flag                                
20002a75  IRQ4_6flag                                
20002a76  A_flag                                    
20002a77  B_flag                                    
20002a78  receive_success                           
20002a7c  ADC_CA                                    
20002a80  ADC_CB                                    
20002a84  ADC_CC                                    
20002a88  ADC_CD                                    
20002a8c  ii                                        
20002a90  ADC_receive_count                         
20002a94  ADS_RCV_DATA                              
20002aa0  R_FLAG                                    
20002aa1  ADS_RCV_FLAG                              
20002aa2  ADS_RCV_STATE                             
20002aa8  timerAcapturePointer                      
20002aac  time_counter                              
20002ab0  sysc                                      
20002ab4  systim                                    
20002ac0  errno                                     
20002ac4  SystemCoreClock                           
20002ac8  UART3_RXDat                               
20002ac9  UART2_RXDat                               
20002aca  UART0_RXDat                               
20002acc  oscill1                                   
20002ae4  A0results                                 
20002af4  A1results                                 
20002b04  A2results                                 
20002b14  A3results                                 
20002b24  encoder_A                                 
20002b2c  encoder_B                                 
20002b34  encoder_C                                 
20002b3c  encoder_D                                 
20002b48  ad_get                                    
2000fe00  __stack                                   
20010000  __STACK_END                               
4000480c  WDTCTL_SYM                                
ffffffff  __TI_pprof_out_hndl                       
ffffffff  __TI_prof_data_size                       
ffffffff  __TI_prof_data_start                      
ffffffff  __binit__                                 
ffffffff  __c_args__                                
ffffffff  binit                                     
UNDEFED   __mpu_init                                
UNDEFED   _system_post_cinit                        

[292 symbols]
