******************************************************************************
                  TI ARM Linker PC v20.2.1                     
******************************************************************************
>> Linked Wed Mar 30 20:31:54 2022

OUTPUT FILE NAME:   <10.Exin_oled.out>
ENTRY POINT SYMBOL: "_c_int00_noargs"  address: 00005395


MEMORY CONFIGURATION

         name            origin    length      used     unused   attr    fill
----------------------  --------  ---------  --------  --------  ----  --------
  MAIN                  00000000   00040000  00006250  00039db0  R  X
  INFO                  00200000   00004000  00000000  00004000  R  X
  SRAM_CODE             01000000   00010000  000026bc  0000d944  RW X
  SRAM_DATA             20000000   00010000  000026bc  0000d944  RW  


SEGMENT ALLOCATION MAP

run origin  load origin   length   init length attrs members
----------  ----------- ---------- ----------- ----- -------
00000000    00000000    00006250   00006250    r-x
  00000000    00000000    000000e4   000000e4    r-- .intvecs
  000000e4    000000e4    0000538c   0000538c    r-x .text
  00005470    00005470    00000a60   00000a60    r-- .const
  00005ed0    00005ed0    00000380   00000380    r-- .cinit
20000000    20000000    000024bc   00000000    rw-
  20000000    20000000    00002468   00000000    rw- .data
  20002468    20002468    00000054   00000000    rw- .bss
2000fe00    2000fe00    00000200   00000000    rw-
  2000fe00    2000fe00    00000200   00000000    rw- .stack


SECTION ALLOCATION MAP

 output                                  attributes/
section   page    origin      length       input sections
--------  ----  ----------  ----------   ----------------
.intvecs   0    00000000    000000e4     
                  00000000    000000e4     startup_msp432p401r_ccs.obj (.intvecs:retain)

.text      0    000000e4    0000538c     
                  000000e4    00001c20     exinoled.obj (.text)
                  00001d04    00000a9c     exingpio.obj (.text)
                  000027a0    000008f0     exinADC.obj (.text)
                  00003090    00000838     exinuart.obj (.text)
                  000038c8    00000664     exinisr.obj (.text)
                  00003f2c    00000600     exinTimerA.obj (.text)
                  0000452c    000004fc     exinsystem.obj (.text)
                  00004a28    00000334     system_msp432p401r.obj (.text)
                  00004d5c    000001b6     rtsv7M4_T_le_v4SPD16_eabi.lib : fd_add_t2.asm.obj (.text)
                  00004f12    00000136                                   : fd_div_t2.asm.obj (.text)
                  00005048    000000fc                                   : fd_mul_t2.asm.obj (.text)
                  00005144    0000009c                                   : memcpy_t2.asm.obj (.text)
                  000051e0    00000086                                   : fd_cmp_t2.asm.obj (.text:__aeabi_cdrcmple)
                  00005266    00000068                                   : copy_decompress_lzss.c.obj (.text:decompress:lzss:__TI_decompress_lzss)
                  000052ce    00000048                                   : fd_toi_t2.asm.obj (.text)
                  00005316    00000002     --HOLE-- [fill = 0]
                  00005318    00000044                                   : autoinit.c.obj (.text:__TI_auto_init_nobinit_nopinit:__TI_auto_init_nobinit_nopinit)
                  0000535c    00000038                                   : fs_tod_t2.asm.obj (.text)
                  00005394    00000034                                   : boot_cortex_m.c.obj (.text:_c_int00_noargs:_c_int00_noargs)
                  000053c8    0000002e                                   : i_tofd_t2.asm.obj (.text)
                  000053f6    00000020                                   : u_tofd_t2.asm.obj (.text)
                  00005416    0000001c                                   : copy_zero_init.c.obj (.text:decompress:ZI:__TI_zero_init_nomemset:__TI_zero_init_nomemset)
                  00005432    0000001a     main.obj (.text)
                  0000544c    0000000e     rtsv7M4_T_le_v4SPD16_eabi.lib : copy_decompress_none.c.obj (.text:decompress:none:__TI_decompress_none)
                  0000545a    0000000e     startup_msp432p401r_ccs.obj (.text)
                  00005468    00000004     rtsv7M4_T_le_v4SPD16_eabi.lib : pre_init.c.obj (.text:_system_pre_init)
                  0000546c    00000004                                   : exit.c.obj (.text:abort:abort)

.const     0    00005470    00000a60     
                  00005470    000005f0     exinoled.obj (.const:.string:F8x16)
                  00005a60    00000228     exinoled.obj (.const:F6x8)
                  00005c88    00000180     exinoled.obj (.const:Chiness)
                  00005e08    000000a0     exinuart.obj (.const:FP_N)
                  00005ea8    00000028     exinuart.obj (.const:.string:BRS)

.cinit     0    00005ed0    00000380     
                  00005ed0    00000357     (.cinit..data.load) [load image, compression = lzss]
                  00006227    00000001     --HOLE-- [fill = 0]
                  00006228    0000000c     (__TI_handler_table)
                  00006234    00000004     --HOLE-- [fill = 0]
                  00006238    00000008     (.cinit..bss.load) [load image, compression = zero_init]
                  00006240    00000010     (__TI_cinit_table)

.init_array 
*          0    00000000    00000000     UNINITIALIZED

.binit     0    00000000    00000000     

.data      0    20000000    00002468     UNINITIALIZED
                  20000000    00002000     exinoled.obj (.data:bmp_pixel1)
                  20002000    00000400     exinoled.obj (.data:GDDRAM)
                  20002400    00000038     exinTimerAINT.obj (.data:CCRn_period_val)
                  20002438    0000001c     exinadjust.obj (.data)
                  20002454    00000008     exinsystem.obj (.data)
                  2000245c    00000008     exinuart.obj (.data)
                  20002464    00000004     system_msp432p401r.obj (.data)

.bss       0    20002468    00000054     UNINITIALIZED
                  20002468    00000030     (.common:ADC14_STRUCT)
                  20002498    00000008     (.common:encoder_A)
                  200024a0    00000008     (.common:encoder_B)
                  200024a8    00000008     (.common:encoder_C)
                  200024b0    00000008     (.common:encoder_D)
                  200024b8    00000004     exinsystem.obj (.bss)

.stack     0    2000fe00    00000200     UNINITIALIZED
                  2000fe00    00000004     rtsv7M4_T_le_v4SPD16_eabi.lib : boot_cortex_m.c.obj (.stack)
                  2000fe04    000001fc     --HOLE--

__llvm_prf_cnts 
*          0    20000000    00000000     UNINITIALIZED

MODULE SUMMARY

       Module                        code    ro data   rw data
       ------                        ----    -------   -------
    .\
       system_msp432p401r.obj        820     0         8      
       startup_msp432p401r_ccs.obj   14      228       0      
       main.obj                      26      0         96     
    +--+-----------------------------+-------+---------+---------+
       Total:                        860     228       104    
                                                              
    .\exinlibs\
       exinoled.obj                  7200    2456      18432  
       exingpio.obj                  2716    0         0      
       exinuart.obj                  2104    200       16     
       exinADC.obj                   2288    0         0      
       exinisr.obj                   1636    0         0      
       exinTimerA.obj                1536    0         0      
       exinsystem.obj                1276    0         24     
       exinTimerAINT.obj             0       0         112    
       exinencoder.obj               0       0         64     
       exinadjust.obj                0       0         56     
    +--+-----------------------------+-------+---------+---------+
       Total:                        18756   2656      18704  
                                                              
    D:\CCS\ccs\tools\compiler\ti-cgt-arm_20.2.1.LTS\lib\rtsv7M4_T_le_v4SPD16_eabi.lib
       fd_add_t2.asm.obj             438     0         0      
       fd_div_t2.asm.obj             310     0         0      
       fd_mul_t2.asm.obj             252     0         0      
       memcpy_t2.asm.obj             156     0         0      
       fd_cmp_t2.asm.obj             134     0         0      
       copy_decompress_lzss.c.obj    104     0         0      
       fd_toi_t2.asm.obj             72      0         0      
       autoinit.c.obj                68      0         0      
       fs_tod_t2.asm.obj             56      0         0      
       boot_cortex_m.c.obj           52      0         0      
       i_tofd_t2.asm.obj             46      0         0      
       u_tofd_t2.asm.obj             32      0         0      
       copy_zero_init.c.obj          28      0         0      
       copy_decompress_none.c.obj    14      0         0      
       exit.c.obj                    4       0         0      
       pre_init.c.obj                4       0         0      
    +--+-----------------------------+-------+---------+---------+
       Total:                        1770    0         0      
                                                              
       Stack:                        0       0         1024   
       Linker Generated:             0       891       0      
    +--+-----------------------------+-------+---------+---------+
       Grand Total:                  21386   3775      19832  


LINKER GENERATED COPY TABLES

__TI_cinit_table @ 00006240 records: 2, size/record: 8, table size: 16
	.data: load addr=00005ed0, load size=00000357 bytes, run addr=20000000, run size=00002468 bytes, compression=lzss
	.bss: load addr=00006238, load size=00000008 bytes, run addr=20002468, run size=00000054 bytes, compression=zero_init


LINKER GENERATED HANDLER TABLE

__TI_handler_table @ 00006228 records: 3, size/record: 4, table size: 12
	index: 0, handler: __TI_decompress_lzss
	index: 1, handler: __TI_decompress_none
	index: 2, handler: __TI_zero_init


GLOBAL SYMBOLS: SORTED ALPHABETICALLY BY Name 

address   name                          
-------   ----                          
00002cb1  ADC14_CHAEND_set              
000029e5  ADC14_CHA_sel                 
00002af9  ADC14_CLK_sel                 
00002ead  ADC14_IRQFG_set               
00003005  ADC14_IRQHandler              
00003005  ADC14_IRQHandler              
00002da9  ADC14_MEM_set                 
00002bf7  ADC14_PREC_sel                
20002468  ADC14_STRUCT                  
000027ad  ADC14_convert_disable         
000027a1  ADC14_convert_enable          
000027c5  ADC14_convert_end             
000027b9  ADC14_convert_start           
00002c51  ADC14_init                    
0000286f  ADC14_read_data               
00002f39  ADC14_repeatmod_init          
00002fb1  ADC14_repeatmod_rec           
000027d1  ADC14_start                   
00005467  AES256_IRQHandler             
20002452  A_flag                        
20002460  BRCLK                         
00005ea8  BRS                           
20002453  B_flag                        
00005467  BusFault_Handler              
0000546d  C$$EXIT                       
0000443d  CCRn_MOD_sel                  
20002400  CCRn_period_val               
00005467  COMP_E0_IRQHandler            
00005467  COMP_E1_IRQHandler            
00005467  CS_IRQHandler                 
0000455f  CS_locked                     
00004555  CS_unlocked                   
00005c88  Chiness                       
00004567  DCO_set                       
00005467  DMA_ERR_IRQHandler            
00005467  DMA_INT0_IRQHandler           
00005467  DMA_INT1_IRQHandler           
00005467  DMA_INT2_IRQHandler           
00005467  DMA_INT3_IRQHandler           
00005467  DebugMon_Handler              
00005467  Default_Handler               
0000385d  EUSCIA0_IRQHandler            
0000385d  EUSCIA0_IRQHandler            
00003867  EUSCIA1_IRQHandler            
00003867  EUSCIA1_IRQHandler            
00003879  EUSCIA2_IRQHandler            
00003879  EUSCIA2_IRQHandler            
00003889  EUSCIA3_IRQHandler            
00003889  EUSCIA3_IRQHandler            
00005467  EUSCIB0_IRQHandler            
00005467  EUSCIB1_IRQHandler            
00005467  EUSCIB2_IRQHandler            
00005467  EUSCIB3_IRQHandler            
00005a60  F6x8                          
00005470  F8x16                         
00005467  FLCTL_IRQHandler              
00005467  FPU_IRQHandler                
00005e08  FP_N                          
20002000  GDDRAM                        
00001535  GDDRAM_Map_clr                
0000158f  GDDRAM_Map_set                
00005467  HardFault_Handler             
20002450  IRQ3_5flag                    
20002451  IRQ4_6flag                    
000045dd  MCLK_set                      
00005467  MemManage_Handler             
00005467  NMI_Handler                   
0000126f  OLED_Draw_Bmp                 
0000132d  OLED_Draw_BmpPixel            
00000b73  OLED_Draw_Circle              
00000361  OLED_Draw_Pixel               
00000acd  OLED_Draw_Rectangle           
00000479  OLED_Draw_line                
0000151b  OLED_OFF                      
00001505  OLED_ON                       
0000018d  OLED_SPI_configuration        
00000237  OLED_SPI_write_cmd            
0000026f  OLED_SPI_write_data           
000002a7  OLED_SetPos                   
00000c83  OLED_Show_Char                
00001161  OLED_Show_Hanzi               
00000eb1  OLED_Show_Num                 
00000e55  OLED_Show_String              
00000fd9  OLED_Show_float               
00000357  OLED_clr                      
000002df  OLED_fill                     
00001429  OLED_init                     
000015cd  OLED_test                     
00005467  PCM_IRQHandler                
000038c9  PORT1_IRQHandler              
000038c9  PORT1_IRQHandler              
0000396f  PORT2_IRQHandler              
0000396f  PORT2_IRQHandler              
00003a3b  PORT3_IRQHandler              
00003a3b  PORT3_IRQHandler              
00003af3  PORT4_IRQHandler              
00003af3  PORT4_IRQHandler              
00003bd1  PORT5_IRQHandler              
00003bd1  PORT5_IRQHandler              
00003ca5  PORT6_IRQHandler              
00003ca5  PORT6_IRQHandler              
00005467  PSS_IRQHandler                
00005467  PendSV_Handler                
00005467  RTC_C_IRQHandler              
0000545b  Reset_Handler                 
000046fd  SMCLK_set                     
000001cd  SPI_write_byte                
00005467  SVC_Handler                   
000049a3  SysTick_Handler               
000049a3  SysTick_Handler               
20002464  SystemCoreClock               
00004a29  SystemCoreClockUpdate         
00004ca1  SystemInit                    
00005467  T32_INT1_IRQHandler           
00005467  T32_INT2_IRQHandler           
00005467  T32_INTC_IRQHandler           
00003d81  TA0_0_IRQHandler              
00003d81  TA0_0_IRQHandler              
00003dbb  TA0_N_IRQHandler              
00003dbb  TA0_N_IRQHandler              
00003d97  TA1_0_IRQHandler              
00003d97  TA1_0_IRQHandler              
00003dc1  TA1_N_IRQHandler              
00003dc1  TA1_N_IRQHandler              
00003da3  TA2_0_IRQHandler              
00003da3  TA2_0_IRQHandler              
00003dc3  TA2_N_IRQHandler              
00003dc3  TA2_N_IRQHandler              
00003daf  TA3_0_IRQHandler              
00003daf  TA3_0_IRQHandler              
00003dd9  TA3_N_IRQHandler              
00003dd9  TA3_N_IRQHandler              
000043bd  TimerA_CCRVAL_set             
00003fd3  TimerA_CLK_set                
00003f2d  TimerA_MOD_sel                
00004195  TimerA_NVIC_IRQ_set           
0000430d  TimerA_disable_CCRnIRQ        
0000425d  TimerA_enable_CCRnIRQ         
2000245e  UART0_RXDat                   
2000245d  UART2_RXDat                   
2000245c  UART3_RXDat                   
00003301  UART_BRS_val                  
00003421  UART_Baunds_set               
00003209  UART_CLK_sel                  
0000310d  UART_IRQRX_set                
00003091  UART_IRQ_set                  
000031b5  UART_PIN_sel                  
00003161  UART_USIC_init                
00003655  UART_init                     
00003735  UART_recv_Byte                
000036c1  UART_send_Byte                
00003821  UART_send_int                 
000037c5  UART_send_short               
00003789  UART_send_string              
00005467  UsageFault_Handler            
4000480c  WDTCTL_SYM                    
00005467  WDT_A_IRQHandler              
20010000  __STACK_END                   
00000200  __STACK_SIZE                  
00006240  __TI_CINIT_Base               
00006250  __TI_CINIT_Limit              
00006228  __TI_Handler_Table_Base       
00006234  __TI_Handler_Table_Limit      
00005319  __TI_auto_init_nobinit_nopinit
00005267  __TI_decompress_lzss          
0000544d  __TI_decompress_none          
ffffffff  __TI_pprof_out_hndl           
ffffffff  __TI_prof_data_size           
ffffffff  __TI_prof_data_start          
00000000  __TI_static_base__            
00005417  __TI_zero_init_nomemset       
000051e1  __aeabi_cdrcmple              
000052cf  __aeabi_d2iz                  
00004d67  __aeabi_dadd                  
00004f13  __aeabi_ddiv                  
00005049  __aeabi_dmul                  
00004d5d  __aeabi_dsub                  
0000535d  __aeabi_f2d                   
000053c9  __aeabi_i2d                   
00005145  __aeabi_memcpy                
00005145  __aeabi_memcpy4               
00005145  __aeabi_memcpy8               
000053f7  __aeabi_ui2d                  
ffffffff  __binit__                     
ffffffff  __c_args__                    
UNDEFED   __mpu_init                    
2000fe00  __stack                       
20000000  __start___llvm_prf_cnts       
20000000  __stop___llvm_prf_cnts        
00005395  _c_int00_noargs               
UNDEFED   _system_post_cinit            
00005469  _system_pre_init              
0000546d  abort                         
ffffffff  binit                         
20000000  bmp_pixel1                    
20002444  count                         
20002438  dirf                          
20002498  encoder_A                     
200024a0  encoder_B                     
200024a8  encoder_C                     
200024b0  encoder_D                     
0000452d  error                         
000022df  gpio_clr_GPIOIRQFLG           
0000226d  gpio_disable_IRQ              
000020ed  gpio_disable_Ren              
00002361  gpio_edg_sel                  
000021d5  gpio_enable_IRQ               
0000202d  gpio_enable_Ren               
00002571  gpio_get                      
000024e1  gpio_init                     
00002481  gpio_interrupt_INIT           
00002661  gpio_set                      
00001dc5  gpio_set_Asin                 
00001d05  gpio_set_Asout                
00001e85  gpio_set_High                 
00001f45  gpio_set_Low                  
00002691  gpio_toggle                   
00000000  interruptVectors              
00005433  main                          
00005145  memcpy                        
000000e5  num_pow                       
2000243c  page_count                    
00004825  set_DCO_48MH                  
000048bd  set_clock_period              
00000115  sqr                           
20002440  start_flag                    
20002454  sysc                          
00004983  system_init                   
00004975  systic_clr                    
000049cb  systic_delayms                
000049ad  systic_delayus                
00004901  systic_end                    
000048c7  systic_init                   
00004915  systic_read                   
000048eb  systic_start                  
20002458  systim                        
20002448  testA                         
2000244c  testB                         


GLOBAL SYMBOLS: SORTED BY Symbol Address 

address   name                          
-------   ----                          
00000000  __TI_static_base__            
00000000  interruptVectors              
000000e5  num_pow                       
00000115  sqr                           
0000018d  OLED_SPI_configuration        
000001cd  SPI_write_byte                
00000200  __STACK_SIZE                  
00000237  OLED_SPI_write_cmd            
0000026f  OLED_SPI_write_data           
000002a7  OLED_SetPos                   
000002df  OLED_fill                     
00000357  OLED_clr                      
00000361  OLED_Draw_Pixel               
00000479  OLED_Draw_line                
00000acd  OLED_Draw_Rectangle           
00000b73  OLED_Draw_Circle              
00000c83  OLED_Show_Char                
00000e55  OLED_Show_String              
00000eb1  OLED_Show_Num                 
00000fd9  OLED_Show_float               
00001161  OLED_Show_Hanzi               
0000126f  OLED_Draw_Bmp                 
0000132d  OLED_Draw_BmpPixel            
00001429  OLED_init                     
00001505  OLED_ON                       
0000151b  OLED_OFF                      
00001535  GDDRAM_Map_clr                
0000158f  GDDRAM_Map_set                
000015cd  OLED_test                     
00001d05  gpio_set_Asout                
00001dc5  gpio_set_Asin                 
00001e85  gpio_set_High                 
00001f45  gpio_set_Low                  
0000202d  gpio_enable_Ren               
000020ed  gpio_disable_Ren              
000021d5  gpio_enable_IRQ               
0000226d  gpio_disable_IRQ              
000022df  gpio_clr_GPIOIRQFLG           
00002361  gpio_edg_sel                  
00002481  gpio_interrupt_INIT           
000024e1  gpio_init                     
00002571  gpio_get                      
00002661  gpio_set                      
00002691  gpio_toggle                   
000027a1  ADC14_convert_enable          
000027ad  ADC14_convert_disable         
000027b9  ADC14_convert_start           
000027c5  ADC14_convert_end             
000027d1  ADC14_start                   
0000286f  ADC14_read_data               
000029e5  ADC14_CHA_sel                 
00002af9  ADC14_CLK_sel                 
00002bf7  ADC14_PREC_sel                
00002c51  ADC14_init                    
00002cb1  ADC14_CHAEND_set              
00002da9  ADC14_MEM_set                 
00002ead  ADC14_IRQFG_set               
00002f39  ADC14_repeatmod_init          
00002fb1  ADC14_repeatmod_rec           
00003005  ADC14_IRQHandler              
00003005  ADC14_IRQHandler              
00003091  UART_IRQ_set                  
0000310d  UART_IRQRX_set                
00003161  UART_USIC_init                
000031b5  UART_PIN_sel                  
00003209  UART_CLK_sel                  
00003301  UART_BRS_val                  
00003421  UART_Baunds_set               
00003655  UART_init                     
000036c1  UART_send_Byte                
00003735  UART_recv_Byte                
00003789  UART_send_string              
000037c5  UART_send_short               
00003821  UART_send_int                 
0000385d  EUSCIA0_IRQHandler            
0000385d  EUSCIA0_IRQHandler            
00003867  EUSCIA1_IRQHandler            
00003867  EUSCIA1_IRQHandler            
00003879  EUSCIA2_IRQHandler            
00003879  EUSCIA2_IRQHandler            
00003889  EUSCIA3_IRQHandler            
00003889  EUSCIA3_IRQHandler            
000038c9  PORT1_IRQHandler              
000038c9  PORT1_IRQHandler              
0000396f  PORT2_IRQHandler              
0000396f  PORT2_IRQHandler              
00003a3b  PORT3_IRQHandler              
00003a3b  PORT3_IRQHandler              
00003af3  PORT4_IRQHandler              
00003af3  PORT4_IRQHandler              
00003bd1  PORT5_IRQHandler              
00003bd1  PORT5_IRQHandler              
00003ca5  PORT6_IRQHandler              
00003ca5  PORT6_IRQHandler              
00003d81  TA0_0_IRQHandler              
00003d81  TA0_0_IRQHandler              
00003d97  TA1_0_IRQHandler              
00003d97  TA1_0_IRQHandler              
00003da3  TA2_0_IRQHandler              
00003da3  TA2_0_IRQHandler              
00003daf  TA3_0_IRQHandler              
00003daf  TA3_0_IRQHandler              
00003dbb  TA0_N_IRQHandler              
00003dbb  TA0_N_IRQHandler              
00003dc1  TA1_N_IRQHandler              
00003dc1  TA1_N_IRQHandler              
00003dc3  TA2_N_IRQHandler              
00003dc3  TA2_N_IRQHandler              
00003dd9  TA3_N_IRQHandler              
00003dd9  TA3_N_IRQHandler              
00003f2d  TimerA_MOD_sel                
00003fd3  TimerA_CLK_set                
00004195  TimerA_NVIC_IRQ_set           
0000425d  TimerA_enable_CCRnIRQ         
0000430d  TimerA_disable_CCRnIRQ        
000043bd  TimerA_CCRVAL_set             
0000443d  CCRn_MOD_sel                  
0000452d  error                         
00004555  CS_unlocked                   
0000455f  CS_locked                     
00004567  DCO_set                       
000045dd  MCLK_set                      
000046fd  SMCLK_set                     
00004825  set_DCO_48MH                  
000048bd  set_clock_period              
000048c7  systic_init                   
000048eb  systic_start                  
00004901  systic_end                    
00004915  systic_read                   
00004975  systic_clr                    
00004983  system_init                   
000049a3  SysTick_Handler               
000049a3  SysTick_Handler               
000049ad  systic_delayus                
000049cb  systic_delayms                
00004a29  SystemCoreClockUpdate         
00004ca1  SystemInit                    
00004d5d  __aeabi_dsub                  
00004d67  __aeabi_dadd                  
00004f13  __aeabi_ddiv                  
00005049  __aeabi_dmul                  
00005145  __aeabi_memcpy                
00005145  __aeabi_memcpy4               
00005145  __aeabi_memcpy8               
00005145  memcpy                        
000051e1  __aeabi_cdrcmple              
00005267  __TI_decompress_lzss          
000052cf  __aeabi_d2iz                  
00005319  __TI_auto_init_nobinit_nopinit
0000535d  __aeabi_f2d                   
00005395  _c_int00_noargs               
000053c9  __aeabi_i2d                   
000053f7  __aeabi_ui2d                  
00005417  __TI_zero_init_nomemset       
00005433  main                          
0000544d  __TI_decompress_none          
0000545b  Reset_Handler                 
00005467  AES256_IRQHandler             
00005467  BusFault_Handler              
00005467  COMP_E0_IRQHandler            
00005467  COMP_E1_IRQHandler            
00005467  CS_IRQHandler                 
00005467  DMA_ERR_IRQHandler            
00005467  DMA_INT0_IRQHandler           
00005467  DMA_INT1_IRQHandler           
00005467  DMA_INT2_IRQHandler           
00005467  DMA_INT3_IRQHandler           
00005467  DebugMon_Handler              
00005467  Default_Handler               
00005467  EUSCIB0_IRQHandler            
00005467  EUSCIB1_IRQHandler            
00005467  EUSCIB2_IRQHandler            
00005467  EUSCIB3_IRQHandler            
00005467  FLCTL_IRQHandler              
00005467  FPU_IRQHandler                
00005467  HardFault_Handler             
00005467  MemManage_Handler             
00005467  NMI_Handler                   
00005467  PCM_IRQHandler                
00005467  PSS_IRQHandler                
00005467  PendSV_Handler                
00005467  RTC_C_IRQHandler              
00005467  SVC_Handler                   
00005467  T32_INT1_IRQHandler           
00005467  T32_INT2_IRQHandler           
00005467  T32_INTC_IRQHandler           
00005467  UsageFault_Handler            
00005467  WDT_A_IRQHandler              
00005469  _system_pre_init              
0000546d  C$$EXIT                       
0000546d  abort                         
00005470  F8x16                         
00005a60  F6x8                          
00005c88  Chiness                       
00005e08  FP_N                          
00005ea8  BRS                           
00006228  __TI_Handler_Table_Base       
00006234  __TI_Handler_Table_Limit      
00006240  __TI_CINIT_Base               
00006250  __TI_CINIT_Limit              
20000000  __start___llvm_prf_cnts       
20000000  __stop___llvm_prf_cnts        
20000000  bmp_pixel1                    
20002000  GDDRAM                        
20002400  CCRn_period_val               
20002438  dirf                          
2000243c  page_count                    
20002440  start_flag                    
20002444  count                         
20002448  testA                         
2000244c  testB                         
20002450  IRQ3_5flag                    
20002451  IRQ4_6flag                    
20002452  A_flag                        
20002453  B_flag                        
20002454  sysc                          
20002458  systim                        
2000245c  UART3_RXDat                   
2000245d  UART2_RXDat                   
2000245e  UART0_RXDat                   
20002460  BRCLK                         
20002464  SystemCoreClock               
20002468  ADC14_STRUCT                  
20002498  encoder_A                     
200024a0  encoder_B                     
200024a8  encoder_C                     
200024b0  encoder_D                     
2000fe00  __stack                       
20010000  __STACK_END                   
4000480c  WDTCTL_SYM                    
ffffffff  __TI_pprof_out_hndl           
ffffffff  __TI_prof_data_size           
ffffffff  __TI_prof_data_start          
ffffffff  __binit__                     
ffffffff  __c_args__                    
ffffffff  binit                         
UNDEFED   __mpu_init                    
UNDEFED   _system_post_cinit            

[238 symbols]
