******************************************************************************
                  TI ARM Linker PC v20.2.1                     
******************************************************************************
>> Linked Thu Dec 23 14:25:24 2021

OUTPUT FILE NAME:   <11.Exin_key.out>
ENTRY POINT SYMBOL: "_c_int00_noargs"  address: 000054d1


MEMORY CONFIGURATION

         name            origin    length      used     unused   attr    fill
----------------------  --------  ---------  --------  --------  ----  --------
  MAIN                  00000000   00040000  00005c05  0003a3fb  R  X
  INFO                  00200000   00004000  00000000  00004000  R  X
  SRAM_CODE             01000000   00010000  00002d09  0000d2f7  RW X
  SRAM_DATA             20000000   00010000  00002d09  0000d2f7  RW  


SEGMENT ALLOCATION MAP

run origin  load origin   length   init length attrs members
----------  ----------- ---------- ----------- ----- -------
00000000    00000000    00005c08   00005c08    r-x
  00000000    00000000    000000e4   000000e4    r-- .intvecs
  000000e4    000000e4    000055d0   000055d0    r-x .text
  000056b4    000056b4    000004e9   000004e9    r-- .const
  00005ba0    00005ba0    00000068   00000068    r-- .cinit
20000000    20000000    00002b09   00000000    rw-
  20000000    20000000    00002a9c   00000000    rw- .data
  20002a9c    20002a9c    0000006d   00000000    rw- .bss
2000fe00    2000fe00    00000200   00000000    rw-
  2000fe00    2000fe00    00000200   00000000    rw- .stack


SECTION ALLOCATION MAP

 output                                  attributes/
section   page    origin      length       input sections
--------  ----  ----------  ----------   ----------------
.intvecs   0    00000000    000000e4     
                  00000000    000000e4     startup_msp432p401r_ccs.obj (.intvecs:retain)

.text      0    000000e4    000055d0     
                  000000e4    00000a9c     exingpio.obj (.text)
                  00000b80    00000a4e     rtsv7M4_T_le_v4SPD16_eabi.lib : _printfi.c.obj (.text:__TI_printfi)
                  000015ce    00000002                                   : div0.asm.obj (.text)
                  000015d0    000008f0     exinADC.obj (.text)
                  00001ec0    000007dc     oled.obj (.text)
                  0000269c    000006a0     exinuart.obj (.text)
                  00002d3c    0000066c     exinisr.obj (.text)
                  000033a8    000004fc     exinsystem.obj (.text)
                  000038a4    0000046c     exinTimerA.obj (.text)
                  00003d10    00000334     system_msp432p401r.obj (.text)
                  00004044    00000270     rtsv7M4_T_le_v4SPD16_eabi.lib : _printfi.c.obj (.text:_pconv_a)
                  000042b4    000001d0                                   : _printfi.c.obj (.text:_pconv_g)
                  00004484    000001c0     exinkey.obj (.text)
                  00004644    000001b6     rtsv7M4_T_le_v4SPD16_eabi.lib : fd_add_t2.asm.obj (.text)
                  000047fa    00000002     --HOLE-- [fill = 0]
                  000047fc    0000013c                                   : _printfi.c.obj (.text:_pconv_e)
                  00004938    00000136                                   : fd_div_t2.asm.obj (.text)
                  00004a6e    00000002     --HOLE-- [fill = 0]
                  00004a70    00000124                                   : _printfi.c.obj (.text:fcvt)
                  00004b94    00000110                                   : s_scalbn.c.obj (.text:scalbn)
                  00004ca4    000000fc                                   : fd_mul_t2.asm.obj (.text)
                  00004da0    000000b1                                   : _printfi.c.obj (.text:_ltostr)
                  00004e51    00000001     --HOLE-- [fill = 0]
                  00004e52    0000009c                                   : memcpy_t2.asm.obj (.text)
                  00004eee    00000096                                   : ull_div_t2.asm.obj (.text)
                  00004f84    00000086                                   : fd_cmp_t2.asm.obj (.text:__aeabi_cdcmple)
                  0000500a    00000086                                   : fd_cmp_t2.asm.obj (.text:__aeabi_cdrcmple)
                  00005090    0000007a                                   : memset_t2.asm.obj (.text)
                  0000510a    0000006e                                   : _printfi.c.obj (.text:_mcpy)
                  00005178    00000068                                   : copy_decompress_lzss.c.obj (.text:decompress:lzss:__TI_decompress_lzss)
                  000051e0    00000064                                   : s_frexp.c.obj (.text:frexp)
                  00005244    00000056                                   : _printfi.c.obj (.text:_pconv_f)
                  0000529a    00000054                                   : _ltoa.c.obj (.text:__TI_ltoa)
                  000052ee    00000052                                   : _printfi.c.obj (.text:_ecpy)
                  00005340    0000004c                                   : atoi.c.obj (.text:atoi)
                  0000538c    00000048                                   : fd_toi_t2.asm.obj (.text)
                  000053d4    00000044                                   : autoinit.c.obj (.text:__TI_auto_init_nobinit_nopinit:__TI_auto_init_nobinit_nopinit)
                  00005418    00000040                                   : sprintf.c.obj (.text:sprintf)
                  00005458    0000003e                                   : _printfi.c.obj (.text:_fcpy)
                  00005496    00000038                                   : fs_tod_t2.asm.obj (.text)
                  000054ce    00000002     --HOLE-- [fill = 0]
                  000054d0    00000034                                   : boot_cortex_m.c.obj (.text:_c_int00_noargs:_c_int00_noargs)
                  00005504    00000032     main.obj (.text)
                  00005536    0000002e     rtsv7M4_T_le_v4SPD16_eabi.lib : i_tofd_t2.asm.obj (.text)
                  00005564    00000024     msp432p4xx_driverlib.lib : gpio.o (.text:GPIO_setAsOutputPin)
                  00005588    00000020     rtsv7M4_T_le_v4SPD16_eabi.lib : u_tofd_t2.asm.obj (.text)
                  000055a8    0000001c                                   : copy_zero_init.c.obj (.text:decompress:ZI:__TI_zero_init_nomemset:__TI_zero_init_nomemset)
                  000055c4    0000001c                                   : memccpy.c.obj (.text:memccpy)
                  000055e0    0000001a                                   : s_copysign.c.obj (.text:copysign)
                  000055fa    00000002     --HOLE-- [fill = 0]
                  000055fc    00000018     msp432p4xx_driverlib.lib : gpio.o (.text:GPIO_setOutputLowOnPin)
                  00005614    00000018     rtsv7M4_T_le_v4SPD16_eabi.lib : sprintf.c.obj (.text:_outs)
                  0000562c    00000016                                   : strchr.c.obj (.text:strchr)
                  00005642    00000002     --HOLE-- [fill = 0]
                  00005644    00000014     msp432p4xx_driverlib.lib : gpio.o (.text:GPIO_setOutputHighOnPin)
                  00005658    00000014     rtsv7M4_T_le_v4SPD16_eabi.lib : strlen.c.obj (.text:strlen)
                  0000566c    00000012                                   : wcslen.c.obj (.text:wcslen)
                  0000567e    0000000e                                   : copy_decompress_none.c.obj (.text:decompress:none:__TI_decompress_none)
                  0000568c    0000000e     startup_msp432p401r_ccs.obj (.text)
                  0000569a    0000000a     rtsv7M4_T_le_v4SPD16_eabi.lib : sprintf.c.obj (.text:_outc)
                  000056a4    00000008                                   : errno.c.obj (.text:__aeabi_errno_addr)
                  000056ac    00000004                                   : pre_init.c.obj (.text:_system_pre_init)
                  000056b0    00000004                                   : exit.c.obj (.text:abort:abort)

.const     0    000056b4    000004e9     
                  000056b4    00000228     oled.obj (.const:F6x8)
                  000058dc    000001c0     oled.obj (.const:Hzk)
                  00005a9c    00000101     rtsv7M4_T_le_v4SPD16_eabi.lib : ctype.c.obj (.const:.string:_ctypes_)

.cinit     0    00005ba0    00000068     
                  00005ba0    00000042     (.cinit..data.load) [load image, compression = lzss]
                  00005be2    00000002     --HOLE-- [fill = 0]
                  00005be4    0000000c     (__TI_handler_table)
                  00005bf0    00000008     (.cinit..bss.load) [load image, compression = zero_init]
                  00005bf8    00000010     (__TI_cinit_table)

.init_array 
*          0    00000000    00000000     UNINITIALIZED

.binit     0    00000000    00000000     

.data      0    20000000    00002a9c     UNINITIALIZED
                  20000000    00002000     oled.obj (.data:screen_buf)
                  20002000    00000400     oled.obj (.data:bmp2)
                  20002400    00000400     oled.obj (.data:bmp)
                  20002800    00000200     Oscill_OLED.obj (.data:Oscill_data_buff)
                  20002a00    00000038     exinTimerAINT.obj (.data:CCRn_period_val)
                  20002a38    00000030     msp432p4xx_driverlib.lib : gpio.o (.data:GPIO_PORT_TO_BASE)
                  20002a68    0000001c     exinadjust.obj (.data)
                  20002a84    00000008     exinsystem.obj (.data)
                  20002a8c    00000008     oled.obj (.data:tmp$2)
                  20002a94    00000004     rtsv7M4_T_le_v4SPD16_eabi.lib : errno.c.obj (.data)
                  20002a98    00000004     system_msp432p401r.obj (.data)

.bss       0    20002a9c    0000006d     UNINITIALIZED
                  20002a9c    00000030     (.common:ADC14_STRUCT)
                  20002acc    00000018     (.common:oscill1)
                  20002ae4    00000008     (.common:encoder_A)
                  20002aec    00000008     (.common:encoder_B)
                  20002af4    00000008     (.common:encoder_C)
                  20002afc    00000008     (.common:encoder_D)
                  20002b04    00000004     exinsystem.obj (.bss)
                  20002b08    00000001     oled.obj (.bss)

.stack     0    2000fe00    00000200     UNINITIALIZED
                  2000fe00    00000004     rtsv7M4_T_le_v4SPD16_eabi.lib : boot_cortex_m.c.obj (.stack)
                  2000fe04    000001fc     --HOLE--

__llvm_prf_cnts 
*          0    20000000    00000000     UNINITIALIZED

MODULE SUMMARY

       Module                        code    ro data   rw data
       ------                        ----    -------   -------
    .\
       system_msp432p401r.obj        820     0         8      
       startup_msp432p401r_ccs.obj   14      228       0      
       main.obj                      50      0         96     
    +--+-----------------------------+-------+---------+---------+
       Total:                        884     228       104    
                                                              
    .\exinlibs\
       oled.obj                      2012    1000      20498  
       exingpio.obj                  2716    0         0      
       exinADC.obj                   2288    0         0      
       exinuart.obj                  1696    0         0      
       exinisr.obj                   1644    0         0      
       exinsystem.obj                1276    0         24     
       exinTimerA.obj                1132    0         0      
       Oscill_OLED.obj               0       0         1072   
       exinkey.obj                   448     0         0      
       exinTimerAINT.obj             0       0         112    
       exinencoder.obj               0       0         64     
       exinadjust.obj                0       0         56     
    +--+-----------------------------+-------+---------+---------+
       Total:                        13212   1000      21826  
                                                              
    C:/ti/msp/MSP432Ware_3_40_00_25/driverlib/driverlib/MSP432P4xx/ccs/msp432p4xx_driverlib.lib
       gpio.o                        80      0         96     
    +--+-----------------------------+-------+---------+---------+
       Total:                        80      0         96     
                                                              
    D:\CCS\ccs\tools\compiler\ti-cgt-arm_20.2.1.LTS\lib\rtsv7M4_T_le_v4SPD16_eabi.lib
       _printfi.c.obj                4851    0         0      
       fd_add_t2.asm.obj             438     0         0      
       fd_div_t2.asm.obj             310     0         0      
       s_scalbn.c.obj                272     0         0      
       fd_cmp_t2.asm.obj             268     0         0      
       ctype.c.obj                   0       257       0      
       fd_mul_t2.asm.obj             252     0         0      
       memcpy_t2.asm.obj             156     0         0      
       ull_div_t2.asm.obj            150     0         0      
       memset_t2.asm.obj             122     0         0      
       copy_decompress_lzss.c.obj    104     0         0      
       s_frexp.c.obj                 100     0         0      
       sprintf.c.obj                 98      0         0      
       _ltoa.c.obj                   84      0         0      
       atoi.c.obj                    76      0         0      
       fd_toi_t2.asm.obj             72      0         0      
       autoinit.c.obj                68      0         0      
       fs_tod_t2.asm.obj             56      0         0      
       boot_cortex_m.c.obj           52      0         0      
       i_tofd_t2.asm.obj             46      0         0      
       u_tofd_t2.asm.obj             32      0         0      
       copy_zero_init.c.obj          28      0         0      
       memccpy.c.obj                 28      0         0      
       s_copysign.c.obj              26      0         0      
       strchr.c.obj                  22      0         0      
       strlen.c.obj                  20      0         0      
       wcslen.c.obj                  18      0         0      
       errno.c.obj                   8       0         8      
       copy_decompress_none.c.obj    14      0         0      
       exit.c.obj                    4       0         0      
       pre_init.c.obj                4       0         0      
       div0.asm.obj                  2       0         0      
    +--+-----------------------------+-------+---------+---------+
       Total:                        7781    257       8      
                                                              
       Stack:                        0       0         1024   
       Linker Generated:             0       102       0      
    +--+-----------------------------+-------+---------+---------+
       Grand Total:                  21957   1587      23058  


LINKER GENERATED COPY TABLES

__TI_cinit_table @ 00005bf8 records: 2, size/record: 8, table size: 16
	.data: load addr=00005ba0, load size=00000042 bytes, run addr=20000000, run size=00002a9c bytes, compression=lzss
	.bss: load addr=00005bf0, load size=00000008 bytes, run addr=20002a9c, run size=0000006d bytes, compression=zero_init


LINKER GENERATED HANDLER TABLE

__TI_handler_table @ 00005be4 records: 3, size/record: 4, table size: 12
	index: 0, handler: __TI_decompress_lzss
	index: 1, handler: __TI_decompress_none
	index: 2, handler: __TI_zero_init


GLOBAL SYMBOLS: SORTED ALPHABETICALLY BY Name 

address   name                          
-------   ----                          
00001ae1  ADC14_CHAEND_set              
00001815  ADC14_CHA_sel                 
00001929  ADC14_CLK_sel                 
00001cdd  ADC14_IRQFG_set               
00001e35  ADC14_IRQHandler              
00001e35  ADC14_IRQHandler              
00001bd9  ADC14_MEM_set                 
00001a27  ADC14_PREC_sel                
20002a9c  ADC14_STRUCT                  
000015dd  ADC14_convert_disable         
000015d1  ADC14_convert_enable          
000015f5  ADC14_convert_end             
000015e9  ADC14_convert_start           
00001a81  ADC14_init                    
0000169f  ADC14_read_data               
00001d69  ADC14_repeatmod_init          
00001de1  ADC14_repeatmod_rec           
00001601  ADC14_start                   
00005699  AES256_IRQHandler             
20002a82  A_flag                        
20002a83  B_flag                        
00005699  BusFault_Handler              
000056b1  C$$EXIT                       
20002a00  CCRn_period_val               
00005699  COMP_E0_IRQHandler            
00005699  COMP_E1_IRQHandler            
00005699  CS_IRQHandler                 
000033db  CS_locked                     
000033d1  CS_unlocked                   
000033e3  DCO_set                       
00005699  DMA_ERR_IRQHandler            
00005699  DMA_INT0_IRQHandler           
00005699  DMA_INT1_IRQHandler           
00005699  DMA_INT2_IRQHandler           
00005699  DMA_INT3_IRQHandler           
00005699  DebugMon_Handler              
00005699  Default_Handler               
00002ca3  EUSCIA0_IRQHandler            
00002ca3  EUSCIA0_IRQHandler            
00002cad  EUSCIA1_IRQHandler            
00002cad  EUSCIA1_IRQHandler            
00002cc1  EUSCIA2_IRQHandler            
00002cc1  EUSCIA2_IRQHandler            
00002ccb  EUSCIA3_IRQHandler            
00002ccb  EUSCIA3_IRQHandler            
00005699  EUSCIB0_IRQHandler            
00005699  EUSCIB1_IRQHandler            
00005699  EUSCIB2_IRQHandler            
00005699  EUSCIB3_IRQHandler            
000056b4  F6x8                          
00005699  FLCTL_IRQHandler              
00005699  FPU_IRQHandler                
00005565  GPIO_setAsOutputPin           
00005645  GPIO_setOutputHighOnPin       
000055fd  GPIO_setOutputLowOnPin        
00005699  HardFault_Handler             
000058dc  Hzk                           
20002a80  IRQ3_5flag                    
20002a81  IRQ4_6flag                    
00003459  MCLK_set                      
00005699  MemManage_Handler             
00005699  NMI_Handler                   
0000214b  OLED_Clear                    
0000212f  OLED_Display_Off              
00002113  OLED_Display_On               
00002499  OLED_DrawBMP                  
00002549  OLED_Init                     
00001ec1  OLED_PutPixel                 
000020d7  OLED_Set_Pos                  
000023e3  OLED_ShowCHinese              
000021b9  OLED_ShowChar                 
0000227d  OLED_ShowNum                  
00002381  OLED_ShowString               
00002351  OLED_Showfloat                
00002047  OLED_WR_Byte                  
00001f31  OLED_pos_clr                  
20002800  Oscill_data_buff              
00005699  PCM_IRQHandler                
00002d3d  PORT1_IRQHandler              
00002d3d  PORT1_IRQHandler              
00002de7  PORT2_IRQHandler              
00002de7  PORT2_IRQHandler              
00002eb3  PORT3_IRQHandler              
00002eb3  PORT3_IRQHandler              
00002f6b  PORT4_IRQHandler              
00002f6b  PORT4_IRQHandler              
00003049  PORT5_IRQHandler              
00003049  PORT5_IRQHandler              
0000311d  PORT6_IRQHandler              
0000311d  PORT6_IRQHandler              
00005699  PSS_IRQHandler                
00005699  PendSV_Handler                
00005699  RTC_C_IRQHandler              
0000568d  Reset_Handler                 
00003579  SMCLK_set                     
00005699  SVC_Handler                   
0000381f  SysTick_Handler               
0000381f  SysTick_Handler               
20002a98  SystemCoreClock               
00003d11  SystemCoreClockUpdate         
00003f89  SystemInit                    
00005699  T32_INT1_IRQHandler           
00005699  T32_INT2_IRQHandler           
00005699  T32_INTC_IRQHandler           
000031f9  TA0_0_IRQHandler              
000031f9  TA0_0_IRQHandler              
00003239  TA0_N_IRQHandler              
00003239  TA0_N_IRQHandler              
0000320f  TA1_0_IRQHandler              
0000320f  TA1_0_IRQHandler              
0000323b  TA1_N_IRQHandler              
0000323b  TA1_N_IRQHandler              
0000321b  TA2_0_IRQHandler              
0000321b  TA2_0_IRQHandler              
0000323d  TA2_N_IRQHandler              
0000323d  TA2_N_IRQHandler              
00003227  TA3_0_IRQHandler              
00003227  TA3_0_IRQHandler              
00003255  TA3_N_IRQHandler              
00003255  TA3_N_IRQHandler              
00003c81  TimerA_CCRVAL_set             
0000394b  TimerA_CLK_set                
000038a5  TimerA_MOD_sel                
00003a57  TimerA_NVIC_IRQ_set           
00003bd1  TimerA_disable_CCRnIRQ        
00003b13  TimerA_enable_CCRnIRQ         
00002921  UART_Baunds_set               
00002815  UART_CLK_sel                  
00002719  UART_IRQRX_set                
0000269d  UART_IRQ_set                  
000027c1  UART_PIN_sel                  
0000276d  UART_USIC_init                
00002af5  UART_init                     
00002ba9  UART_recv_Byte                
00002b39  UART_send_Byte                
00002c6d  UART_send_int                 
00002c25  UART_send_short               
00002bf7  UART_send_string              
00005699  UsageFault_Handler            
4000480c  WDTCTL_SYM                    
00005699  WDT_A_IRQHandler              
20010000  __STACK_END                   
00000200  __STACK_SIZE                  
00005bf8  __TI_CINIT_Base               
00005c08  __TI_CINIT_Limit              
00005be4  __TI_Handler_Table_Base       
00005bf0  __TI_Handler_Table_Limit      
000053d5  __TI_auto_init_nobinit_nopinit
00005179  __TI_decompress_lzss          
0000567f  __TI_decompress_none          
0000529b  __TI_ltoa                     
ffffffff  __TI_pprof_out_hndl           
00000b81  __TI_printfi                  
ffffffff  __TI_prof_data_size           
ffffffff  __TI_prof_data_start          
00000000  __TI_static_base__            
000055a9  __TI_zero_init_nomemset       
00004f85  __aeabi_cdcmpeq               
00004f85  __aeabi_cdcmple               
0000500b  __aeabi_cdrcmple              
0000538d  __aeabi_d2iz                  
0000464f  __aeabi_dadd                  
00004939  __aeabi_ddiv                  
00004ca5  __aeabi_dmul                  
00004645  __aeabi_dsub                  
000056a5  __aeabi_errno_addr            
00005497  __aeabi_f2d                   
00005537  __aeabi_i2d                   
000015cf  __aeabi_idiv0                 
000015cf  __aeabi_ldiv0                 
00005091  __aeabi_memclr                
00005091  __aeabi_memclr4               
00005091  __aeabi_memclr8               
00004e53  __aeabi_memcpy                
00004e53  __aeabi_memcpy4               
00004e53  __aeabi_memcpy8               
00005093  __aeabi_memset                
00005093  __aeabi_memset4               
00005093  __aeabi_memset8               
00005589  __aeabi_ui2d                  
00004eef  __aeabi_uldivmod              
ffffffff  __binit__                     
ffffffff  __c_args__                    
UNDEFED   __mpu_init                    
2000fe00  __stack                       
20000000  __start___llvm_prf_cnts       
20000000  __stop___llvm_prf_cnts        
000054d1  _c_int00_noargs               
00005a9c  _ctypes_                      
UNDEFED   _system_post_cinit            
000056ad  _system_pre_init              
000056b1  abort                         
00005341  atoi                          
ffffffff  binit                         
20002400  bmp                           
20002000  bmp2                          
000055e1  copysign                      
000055e1  copysignl                     
20002a74  count                         
20002a68  dirf                          
20002ae4  encoder_A                     
20002aec  encoder_B                     
20002af4  encoder_C                     
20002afc  encoder_D                     
20002a94  errno                         
000033a9  error                         
000051e1  frexp                         
000051e1  frexpl                        
000006bf  gpio_clr_GPIOIRQFLG           
0000064d  gpio_disable_IRQ              
000004cd  gpio_disable_Ren              
00000741  gpio_edg_sel                  
000005b5  gpio_enable_IRQ               
0000040d  gpio_enable_Ren               
00000951  gpio_get                      
000008c1  gpio_init                     
00000861  gpio_interrupt_INIT           
00000a41  gpio_set                      
000001a5  gpio_set_Asin                 
000000e5  gpio_set_Asout                
00000265  gpio_set_High                 
00000325  gpio_set_Low                  
00000a71  gpio_toggle                   
00000000  interruptVectors              
000044e3  key_get                       
00004485  key_init                      
0000453b  key_test                      
00004b95  ldexp                         
00004b95  ldexpl                        
00005505  main                          
000055c5  memccpy                       
00004e53  memcpy                        
00005099  memset                        
00002243  oled_pow                      
00001f65  oled_update                   
20002acc  oscill1                       
20002a6c  page_count                    
00004b95  scalbn                        
00004b95  scalbnl                       
20000000  screen_buf                    
000036a1  set_DCO_48MH                  
00003739  set_clock_period              
00005419  sprintf                       
20002a70  start_flag                    
0000562d  strchr                        
00005659  strlen                        
20002a84  sysc                          
000037ff  system_init                   
000037f1  systic_clr                    
00003847  systic_delayms                
00003829  systic_delayus                
0000377d  systic_end                    
00003743  systic_init                   
00003791  systic_read                   
00003767  systic_start                  
20002a88  systim                        
20002a78  testA                         
20002a7c  testB                         
0000566d  wcslen                        


GLOBAL SYMBOLS: SORTED BY Symbol Address 

address   name                          
-------   ----                          
00000000  __TI_static_base__            
00000000  interruptVectors              
000000e5  gpio_set_Asout                
000001a5  gpio_set_Asin                 
00000200  __STACK_SIZE                  
00000265  gpio_set_High                 
00000325  gpio_set_Low                  
0000040d  gpio_enable_Ren               
000004cd  gpio_disable_Ren              
000005b5  gpio_enable_IRQ               
0000064d  gpio_disable_IRQ              
000006bf  gpio_clr_GPIOIRQFLG           
00000741  gpio_edg_sel                  
00000861  gpio_interrupt_INIT           
000008c1  gpio_init                     
00000951  gpio_get                      
00000a41  gpio_set                      
00000a71  gpio_toggle                   
00000b81  __TI_printfi                  
000015cf  __aeabi_idiv0                 
000015cf  __aeabi_ldiv0                 
000015d1  ADC14_convert_enable          
000015dd  ADC14_convert_disable         
000015e9  ADC14_convert_start           
000015f5  ADC14_convert_end             
00001601  ADC14_start                   
0000169f  ADC14_read_data               
00001815  ADC14_CHA_sel                 
00001929  ADC14_CLK_sel                 
00001a27  ADC14_PREC_sel                
00001a81  ADC14_init                    
00001ae1  ADC14_CHAEND_set              
00001bd9  ADC14_MEM_set                 
00001cdd  ADC14_IRQFG_set               
00001d69  ADC14_repeatmod_init          
00001de1  ADC14_repeatmod_rec           
00001e35  ADC14_IRQHandler              
00001e35  ADC14_IRQHandler              
00001ec1  OLED_PutPixel                 
00001f31  OLED_pos_clr                  
00001f65  oled_update                   
00002047  OLED_WR_Byte                  
000020d7  OLED_Set_Pos                  
00002113  OLED_Display_On               
0000212f  OLED_Display_Off              
0000214b  OLED_Clear                    
000021b9  OLED_ShowChar                 
00002243  oled_pow                      
0000227d  OLED_ShowNum                  
00002351  OLED_Showfloat                
00002381  OLED_ShowString               
000023e3  OLED_ShowCHinese              
00002499  OLED_DrawBMP                  
00002549  OLED_Init                     
0000269d  UART_IRQ_set                  
00002719  UART_IRQRX_set                
0000276d  UART_USIC_init                
000027c1  UART_PIN_sel                  
00002815  UART_CLK_sel                  
00002921  UART_Baunds_set               
00002af5  UART_init                     
00002b39  UART_send_Byte                
00002ba9  UART_recv_Byte                
00002bf7  UART_send_string              
00002c25  UART_send_short               
00002c6d  UART_send_int                 
00002ca3  EUSCIA0_IRQHandler            
00002ca3  EUSCIA0_IRQHandler            
00002cad  EUSCIA1_IRQHandler            
00002cad  EUSCIA1_IRQHandler            
00002cc1  EUSCIA2_IRQHandler            
00002cc1  EUSCIA2_IRQHandler            
00002ccb  EUSCIA3_IRQHandler            
00002ccb  EUSCIA3_IRQHandler            
00002d3d  PORT1_IRQHandler              
00002d3d  PORT1_IRQHandler              
00002de7  PORT2_IRQHandler              
00002de7  PORT2_IRQHandler              
00002eb3  PORT3_IRQHandler              
00002eb3  PORT3_IRQHandler              
00002f6b  PORT4_IRQHandler              
00002f6b  PORT4_IRQHandler              
00003049  PORT5_IRQHandler              
00003049  PORT5_IRQHandler              
0000311d  PORT6_IRQHandler              
0000311d  PORT6_IRQHandler              
000031f9  TA0_0_IRQHandler              
000031f9  TA0_0_IRQHandler              
0000320f  TA1_0_IRQHandler              
0000320f  TA1_0_IRQHandler              
0000321b  TA2_0_IRQHandler              
0000321b  TA2_0_IRQHandler              
00003227  TA3_0_IRQHandler              
00003227  TA3_0_IRQHandler              
00003239  TA0_N_IRQHandler              
00003239  TA0_N_IRQHandler              
0000323b  TA1_N_IRQHandler              
0000323b  TA1_N_IRQHandler              
0000323d  TA2_N_IRQHandler              
0000323d  TA2_N_IRQHandler              
00003255  TA3_N_IRQHandler              
00003255  TA3_N_IRQHandler              
000033a9  error                         
000033d1  CS_unlocked                   
000033db  CS_locked                     
000033e3  DCO_set                       
00003459  MCLK_set                      
00003579  SMCLK_set                     
000036a1  set_DCO_48MH                  
00003739  set_clock_period              
00003743  systic_init                   
00003767  systic_start                  
0000377d  systic_end                    
00003791  systic_read                   
000037f1  systic_clr                    
000037ff  system_init                   
0000381f  SysTick_Handler               
0000381f  SysTick_Handler               
00003829  systic_delayus                
00003847  systic_delayms                
000038a5  TimerA_MOD_sel                
0000394b  TimerA_CLK_set                
00003a57  TimerA_NVIC_IRQ_set           
00003b13  TimerA_enable_CCRnIRQ         
00003bd1  TimerA_disable_CCRnIRQ        
00003c81  TimerA_CCRVAL_set             
00003d11  SystemCoreClockUpdate         
00003f89  SystemInit                    
00004485  key_init                      
000044e3  key_get                       
0000453b  key_test                      
00004645  __aeabi_dsub                  
0000464f  __aeabi_dadd                  
00004939  __aeabi_ddiv                  
00004b95  ldexp                         
00004b95  ldexpl                        
00004b95  scalbn                        
00004b95  scalbnl                       
00004ca5  __aeabi_dmul                  
00004e53  __aeabi_memcpy                
00004e53  __aeabi_memcpy4               
00004e53  __aeabi_memcpy8               
00004e53  memcpy                        
00004eef  __aeabi_uldivmod              
00004f85  __aeabi_cdcmpeq               
00004f85  __aeabi_cdcmple               
0000500b  __aeabi_cdrcmple              
00005091  __aeabi_memclr                
00005091  __aeabi_memclr4               
00005091  __aeabi_memclr8               
00005093  __aeabi_memset                
00005093  __aeabi_memset4               
00005093  __aeabi_memset8               
00005099  memset                        
00005179  __TI_decompress_lzss          
000051e1  frexp                         
000051e1  frexpl                        
0000529b  __TI_ltoa                     
00005341  atoi                          
0000538d  __aeabi_d2iz                  
000053d5  __TI_auto_init_nobinit_nopinit
00005419  sprintf                       
00005497  __aeabi_f2d                   
000054d1  _c_int00_noargs               
00005505  main                          
00005537  __aeabi_i2d                   
00005565  GPIO_setAsOutputPin           
00005589  __aeabi_ui2d                  
000055a9  __TI_zero_init_nomemset       
000055c5  memccpy                       
000055e1  copysign                      
000055e1  copysignl                     
000055fd  GPIO_setOutputLowOnPin        
0000562d  strchr                        
00005645  GPIO_setOutputHighOnPin       
00005659  strlen                        
0000566d  wcslen                        
0000567f  __TI_decompress_none          
0000568d  Reset_Handler                 
00005699  AES256_IRQHandler             
00005699  BusFault_Handler              
00005699  COMP_E0_IRQHandler            
00005699  COMP_E1_IRQHandler            
00005699  CS_IRQHandler                 
00005699  DMA_ERR_IRQHandler            
00005699  DMA_INT0_IRQHandler           
00005699  DMA_INT1_IRQHandler           
00005699  DMA_INT2_IRQHandler           
00005699  DMA_INT3_IRQHandler           
00005699  DebugMon_Handler              
00005699  Default_Handler               
00005699  EUSCIB0_IRQHandler            
00005699  EUSCIB1_IRQHandler            
00005699  EUSCIB2_IRQHandler            
00005699  EUSCIB3_IRQHandler            
00005699  FLCTL_IRQHandler              
00005699  FPU_IRQHandler                
00005699  HardFault_Handler             
00005699  MemManage_Handler             
00005699  NMI_Handler                   
00005699  PCM_IRQHandler                
00005699  PSS_IRQHandler                
00005699  PendSV_Handler                
00005699  RTC_C_IRQHandler              
00005699  SVC_Handler                   
00005699  T32_INT1_IRQHandler           
00005699  T32_INT2_IRQHandler           
00005699  T32_INTC_IRQHandler           
00005699  UsageFault_Handler            
00005699  WDT_A_IRQHandler              
000056a5  __aeabi_errno_addr            
000056ad  _system_pre_init              
000056b1  C$$EXIT                       
000056b1  abort                         
000056b4  F6x8                          
000058dc  Hzk                           
00005a9c  _ctypes_                      
00005be4  __TI_Handler_Table_Base       
00005bf0  __TI_Handler_Table_Limit      
00005bf8  __TI_CINIT_Base               
00005c08  __TI_CINIT_Limit              
20000000  __start___llvm_prf_cnts       
20000000  __stop___llvm_prf_cnts        
20000000  screen_buf                    
20002000  bmp2                          
20002400  bmp                           
20002800  Oscill_data_buff              
20002a00  CCRn_period_val               
20002a68  dirf                          
20002a6c  page_count                    
20002a70  start_flag                    
20002a74  count                         
20002a78  testA                         
20002a7c  testB                         
20002a80  IRQ3_5flag                    
20002a81  IRQ4_6flag                    
20002a82  A_flag                        
20002a83  B_flag                        
20002a84  sysc                          
20002a88  systim                        
20002a94  errno                         
20002a98  SystemCoreClock               
20002a9c  ADC14_STRUCT                  
20002acc  oscill1                       
20002ae4  encoder_A                     
20002aec  encoder_B                     
20002af4  encoder_C                     
20002afc  encoder_D                     
2000fe00  __stack                       
20010000  __STACK_END                   
4000480c  WDTCTL_SYM                    
ffffffff  __TI_pprof_out_hndl           
ffffffff  __TI_prof_data_size           
ffffffff  __TI_prof_data_start          
ffffffff  __binit__                     
ffffffff  __c_args__                    
ffffffff  binit                         
UNDEFED   __mpu_init                    
UNDEFED   _system_post_cinit            

[259 symbols]
