<?xml version="1.0" encoding="ISO-8859-1" ?>
<link_info>
   <banner>TI ARM Linker PC v20.2.1.LTS</banner>
   <copyright>Copyright (c) 1996-2018 Texas Instruments Incorporated</copyright>
   <link_time>0x61bcb15d</link_time>
   <link_errors>0x0</link_errors>
   <output_file>11.Exin_key.out</output_file>
   <entry_point>
      <name>_c_int00_noargs</name>
      <address>0x42b9</address>
   </entry_point>
   <input_file_list>
      <input_file id="fl-2">
         <path>.\</path>
         <kind>object</kind>
         <file>main.obj</file>
         <name>main.obj</name>
      </input_file>
      <input_file id="fl-3">
         <path>.\</path>
         <kind>object</kind>
         <file>startup_msp432p401r_ccs.obj</file>
         <name>startup_msp432p401r_ccs.obj</name>
      </input_file>
      <input_file id="fl-4">
         <path>.\</path>
         <kind>object</kind>
         <file>system_msp432p401r.obj</file>
         <name>system_msp432p401r.obj</name>
      </input_file>
      <input_file id="fl-5">
         <path>.\exinlibs\</path>
         <kind>object</kind>
         <file>ADS1292.obj</file>
         <name>ADS1292.obj</name>
      </input_file>
      <input_file id="fl-6">
         <path>.\exinlibs\</path>
         <kind>object</kind>
         <file>ADS_RCV.obj</file>
         <name>ADS_RCV.obj</name>
      </input_file>
      <input_file id="fl-7">
         <path>.\exinlibs\</path>
         <kind>object</kind>
         <file>LMT70RD.obj</file>
         <name>LMT70RD.obj</name>
      </input_file>
      <input_file id="fl-8">
         <path>.\exinlibs\</path>
         <kind>object</kind>
         <file>OV_RCV.obj</file>
         <name>OV_RCV.obj</name>
      </input_file>
      <input_file id="fl-9">
         <path>.\exinlibs\</path>
         <kind>object</kind>
         <file>Oscill_OLED.obj</file>
         <name>Oscill_OLED.obj</name>
      </input_file>
      <input_file id="fl-a">
         <path>.\exinlibs\</path>
         <kind>object</kind>
         <file>exinADC.obj</file>
         <name>exinADC.obj</name>
      </input_file>
      <input_file id="fl-b">
         <path>.\exinlibs\</path>
         <kind>object</kind>
         <file>exinADC0832.obj</file>
         <name>exinADC0832.obj</name>
      </input_file>
      <input_file id="fl-c">
         <path>.\exinlibs\</path>
         <kind>object</kind>
         <file>exinHC_SR04.obj</file>
         <name>exinHC_SR04.obj</name>
      </input_file>
      <input_file id="fl-d">
         <path>.\exinlibs\</path>
         <kind>object</kind>
         <file>exinIIC.obj</file>
         <name>exinIIC.obj</name>
      </input_file>
      <input_file id="fl-e">
         <path>.\exinlibs\</path>
         <kind>object</kind>
         <file>exinMPU6050.obj</file>
         <name>exinMPU6050.obj</name>
      </input_file>
      <input_file id="fl-f">
         <path>.\exinlibs\</path>
         <kind>object</kind>
         <file>exin_library_map_guide.obj</file>
         <name>exin_library_map_guide.obj</name>
      </input_file>
      <input_file id="fl-10">
         <path>.\exinlibs\</path>
         <kind>object</kind>
         <file>exin_pit.obj</file>
         <name>exin_pit.obj</name>
      </input_file>
      <input_file id="fl-11">
         <path>.\exinlibs\</path>
         <kind>object</kind>
         <file>exinadjust.obj</file>
         <name>exinadjust.obj</name>
      </input_file>
      <input_file id="fl-12">
         <path>.\exinlibs\</path>
         <kind>object</kind>
         <file>exineeprom.obj</file>
         <name>exineeprom.obj</name>
      </input_file>
      <input_file id="fl-13">
         <path>.\exinlibs\</path>
         <kind>object</kind>
         <file>exinencoder.obj</file>
         <name>exinencoder.obj</name>
      </input_file>
      <input_file id="fl-14">
         <path>.\exinlibs\</path>
         <kind>object</kind>
         <file>exingpio.obj</file>
         <name>exingpio.obj</name>
      </input_file>
      <input_file id="fl-15">
         <path>.\exinlibs\</path>
         <kind>object</kind>
         <file>exinisr.obj</file>
         <name>exinisr.obj</name>
      </input_file>
      <input_file id="fl-16">
         <path>.\exinlibs\</path>
         <kind>object</kind>
         <file>exinkey.obj</file>
         <name>exinkey.obj</name>
      </input_file>
      <input_file id="fl-17">
         <path>.\exinlibs\</path>
         <kind>object</kind>
         <file>exinmotor.obj</file>
         <name>exinmotor.obj</name>
      </input_file>
      <input_file id="fl-18">
         <path>.\exinlibs\</path>
         <kind>object</kind>
         <file>exinpwm.obj</file>
         <name>exinpwm.obj</name>
      </input_file>
      <input_file id="fl-19">
         <path>.\exinlibs\</path>
         <kind>object</kind>
         <file>exinsteer.obj</file>
         <name>exinsteer.obj</name>
      </input_file>
      <input_file id="fl-1a">
         <path>.\exinlibs\</path>
         <kind>object</kind>
         <file>exinsystem.obj</file>
         <name>exinsystem.obj</name>
      </input_file>
      <input_file id="fl-1b">
         <path>.\exinlibs\</path>
         <kind>object</kind>
         <file>exinuart.obj</file>
         <name>exinuart.obj</name>
      </input_file>
      <input_file id="fl-1c">
         <path>.\exinlibs\</path>
         <kind>object</kind>
         <file>oled.obj</file>
         <name>oled.obj</name>
      </input_file>
      <input_file id="fl-1d">
         <path>.\exinlibs\</path>
         <kind>object</kind>
         <file>serial.obj</file>
         <name>serial.obj</name>
      </input_file>
      <input_file id="fl-22">
         <kind>object</kind>
         <file>&lt;internal&gt;</file>
         <name>&lt;internal&gt;</name>
      </input_file>
      <input_file id="fl-d8">
         <path>D:\CCS\ccs\tools\compiler\ti-cgt-arm_20.2.1.LTS\lib\</path>
         <kind>archive</kind>
         <file>rtsv7M4_T_le_v4SPD16_eabi.lib</file>
         <name>e_sqrt.c.obj</name>
      </input_file>
      <input_file id="fl-d9">
         <path>D:\CCS\ccs\tools\compiler\ti-cgt-arm_20.2.1.LTS\lib\</path>
         <kind>archive</kind>
         <file>rtsv7M4_T_le_v4SPD16_eabi.lib</file>
         <name>s_atan.c.obj</name>
      </input_file>
      <input_file id="fl-da">
         <path>D:\CCS\ccs\tools\compiler\ti-cgt-arm_20.2.1.LTS\lib\</path>
         <kind>archive</kind>
         <file>rtsv7M4_T_le_v4SPD16_eabi.lib</file>
         <name>sprintf.c.obj</name>
      </input_file>
      <input_file id="fl-db">
         <path>D:\CCS\ccs\tools\compiler\ti-cgt-arm_20.2.1.LTS\lib\</path>
         <kind>archive</kind>
         <file>rtsv7M4_T_le_v4SPD16_eabi.lib</file>
         <name>memset_t2.asm.obj</name>
      </input_file>
      <input_file id="fl-dc">
         <path>D:\CCS\ccs\tools\compiler\ti-cgt-arm_20.2.1.LTS\lib\</path>
         <kind>archive</kind>
         <file>rtsv7M4_T_le_v4SPD16_eabi.lib</file>
         <name>fd_add_t2.asm.obj</name>
      </input_file>
      <input_file id="fl-dd">
         <path>D:\CCS\ccs\tools\compiler\ti-cgt-arm_20.2.1.LTS\lib\</path>
         <kind>archive</kind>
         <file>rtsv7M4_T_le_v4SPD16_eabi.lib</file>
         <name>fd_cmp_t2.asm.obj</name>
      </input_file>
      <input_file id="fl-de">
         <path>D:\CCS\ccs\tools\compiler\ti-cgt-arm_20.2.1.LTS\lib\</path>
         <kind>archive</kind>
         <file>rtsv7M4_T_le_v4SPD16_eabi.lib</file>
         <name>fd_div_t2.asm.obj</name>
      </input_file>
      <input_file id="fl-df">
         <path>D:\CCS\ccs\tools\compiler\ti-cgt-arm_20.2.1.LTS\lib\</path>
         <kind>archive</kind>
         <file>rtsv7M4_T_le_v4SPD16_eabi.lib</file>
         <name>fd_mul_t2.asm.obj</name>
      </input_file>
      <input_file id="fl-e0">
         <path>D:\CCS\ccs\tools\compiler\ti-cgt-arm_20.2.1.LTS\lib\</path>
         <kind>archive</kind>
         <file>rtsv7M4_T_le_v4SPD16_eabi.lib</file>
         <name>fd_toi_t2.asm.obj</name>
      </input_file>
      <input_file id="fl-e1">
         <path>D:\CCS\ccs\tools\compiler\ti-cgt-arm_20.2.1.LTS\lib\</path>
         <kind>archive</kind>
         <file>rtsv7M4_T_le_v4SPD16_eabi.lib</file>
         <name>fd_tos_t2.asm.obj</name>
      </input_file>
      <input_file id="fl-e2">
         <path>D:\CCS\ccs\tools\compiler\ti-cgt-arm_20.2.1.LTS\lib\</path>
         <kind>archive</kind>
         <file>rtsv7M4_T_le_v4SPD16_eabi.lib</file>
         <name>fs_tod_t2.asm.obj</name>
      </input_file>
      <input_file id="fl-e3">
         <path>D:\CCS\ccs\tools\compiler\ti-cgt-arm_20.2.1.LTS\lib\</path>
         <kind>archive</kind>
         <file>rtsv7M4_T_le_v4SPD16_eabi.lib</file>
         <name>i_tofd_t2.asm.obj</name>
      </input_file>
      <input_file id="fl-e4">
         <path>D:\CCS\ccs\tools\compiler\ti-cgt-arm_20.2.1.LTS\lib\</path>
         <kind>archive</kind>
         <file>rtsv7M4_T_le_v4SPD16_eabi.lib</file>
         <name>memcpy_t2.asm.obj</name>
      </input_file>
      <input_file id="fl-e5">
         <path>D:\CCS\ccs\tools\compiler\ti-cgt-arm_20.2.1.LTS\lib\</path>
         <kind>archive</kind>
         <file>rtsv7M4_T_le_v4SPD16_eabi.lib</file>
         <name>u_tofd_t2.asm.obj</name>
      </input_file>
      <input_file id="fl-e6">
         <path>D:\CCS\ccs\tools\compiler\ti-cgt-arm_20.2.1.LTS\lib\</path>
         <kind>archive</kind>
         <file>rtsv7M4_T_le_v4SPD16_eabi.lib</file>
         <name>copy_zero_init.c.obj</name>
      </input_file>
      <input_file id="fl-e7">
         <path>D:\CCS\ccs\tools\compiler\ti-cgt-arm_20.2.1.LTS\lib\</path>
         <kind>archive</kind>
         <file>rtsv7M4_T_le_v4SPD16_eabi.lib</file>
         <name>copy_decompress_none.c.obj</name>
      </input_file>
      <input_file id="fl-e8">
         <path>D:\CCS\ccs\tools\compiler\ti-cgt-arm_20.2.1.LTS\lib\</path>
         <kind>archive</kind>
         <file>rtsv7M4_T_le_v4SPD16_eabi.lib</file>
         <name>copy_decompress_lzss.c.obj</name>
      </input_file>
      <input_file id="fl-e9">
         <path>D:\CCS\ccs\tools\compiler\ti-cgt-arm_20.2.1.LTS\lib\</path>
         <kind>archive</kind>
         <file>rtsv7M4_T_le_v4SPD16_eabi.lib</file>
         <name>errno.c.obj</name>
      </input_file>
      <input_file id="fl-ea">
         <path>D:\CCS\ccs\tools\compiler\ti-cgt-arm_20.2.1.LTS\lib\</path>
         <kind>archive</kind>
         <file>rtsv7M4_T_le_v4SPD16_eabi.lib</file>
         <name>boot_cortex_m.c.obj</name>
      </input_file>
      <input_file id="fl-eb">
         <path>D:\CCS\ccs\tools\compiler\ti-cgt-arm_20.2.1.LTS\lib\</path>
         <kind>archive</kind>
         <file>rtsv7M4_T_le_v4SPD16_eabi.lib</file>
         <name>_printfi.c.obj</name>
      </input_file>
      <input_file id="fl-ec">
         <path>D:\CCS\ccs\tools\compiler\ti-cgt-arm_20.2.1.LTS\lib\</path>
         <kind>archive</kind>
         <file>rtsv7M4_T_le_v4SPD16_eabi.lib</file>
         <name>ull_div_t2.asm.obj</name>
      </input_file>
      <input_file id="fl-ed">
         <path>D:\CCS\ccs\tools\compiler\ti-cgt-arm_20.2.1.LTS\lib\</path>
         <kind>archive</kind>
         <file>rtsv7M4_T_le_v4SPD16_eabi.lib</file>
         <name>autoinit.c.obj</name>
      </input_file>
      <input_file id="fl-ee">
         <path>D:\CCS\ccs\tools\compiler\ti-cgt-arm_20.2.1.LTS\lib\</path>
         <kind>archive</kind>
         <file>rtsv7M4_T_le_v4SPD16_eabi.lib</file>
         <name>pre_init.c.obj</name>
      </input_file>
      <input_file id="fl-ef">
         <path>D:\CCS\ccs\tools\compiler\ti-cgt-arm_20.2.1.LTS\lib\</path>
         <kind>archive</kind>
         <file>rtsv7M4_T_le_v4SPD16_eabi.lib</file>
         <name>cpy_tbl.c.obj</name>
      </input_file>
      <input_file id="fl-f0">
         <path>D:\CCS\ccs\tools\compiler\ti-cgt-arm_20.2.1.LTS\lib\</path>
         <kind>archive</kind>
         <file>rtsv7M4_T_le_v4SPD16_eabi.lib</file>
         <name>exit.c.obj</name>
      </input_file>
      <input_file id="fl-f1">
         <path>D:\CCS\ccs\tools\compiler\ti-cgt-arm_20.2.1.LTS\lib\</path>
         <kind>archive</kind>
         <file>rtsv7M4_T_le_v4SPD16_eabi.lib</file>
         <name>_lock.c.obj</name>
      </input_file>
      <input_file id="fl-f2">
         <path>D:\CCS\ccs\tools\compiler\ti-cgt-arm_20.2.1.LTS\lib\</path>
         <kind>archive</kind>
         <file>rtsv7M4_T_le_v4SPD16_eabi.lib</file>
         <name>_ltoa.c.obj</name>
      </input_file>
      <input_file id="fl-f3">
         <path>D:\CCS\ccs\tools\compiler\ti-cgt-arm_20.2.1.LTS\lib\</path>
         <kind>archive</kind>
         <file>rtsv7M4_T_le_v4SPD16_eabi.lib</file>
         <name>args_main.c.obj</name>
      </input_file>
      <input_file id="fl-f4">
         <path>D:\CCS\ccs\tools\compiler\ti-cgt-arm_20.2.1.LTS\lib\</path>
         <kind>archive</kind>
         <file>rtsv7M4_T_le_v4SPD16_eabi.lib</file>
         <name>atoi.c.obj</name>
      </input_file>
      <input_file id="fl-f5">
         <path>D:\CCS\ccs\tools\compiler\ti-cgt-arm_20.2.1.LTS\lib\</path>
         <kind>archive</kind>
         <file>rtsv7M4_T_le_v4SPD16_eabi.lib</file>
         <name>ctype.c.obj</name>
      </input_file>
      <input_file id="fl-f6">
         <path>D:\CCS\ccs\tools\compiler\ti-cgt-arm_20.2.1.LTS\lib\</path>
         <kind>archive</kind>
         <file>rtsv7M4_T_le_v4SPD16_eabi.lib</file>
         <name>memccpy.c.obj</name>
      </input_file>
      <input_file id="fl-f7">
         <path>D:\CCS\ccs\tools\compiler\ti-cgt-arm_20.2.1.LTS\lib\</path>
         <kind>archive</kind>
         <file>rtsv7M4_T_le_v4SPD16_eabi.lib</file>
         <name>strchr.c.obj</name>
      </input_file>
      <input_file id="fl-f8">
         <path>D:\CCS\ccs\tools\compiler\ti-cgt-arm_20.2.1.LTS\lib\</path>
         <kind>archive</kind>
         <file>rtsv7M4_T_le_v4SPD16_eabi.lib</file>
         <name>strlen.c.obj</name>
      </input_file>
      <input_file id="fl-f9">
         <path>D:\CCS\ccs\tools\compiler\ti-cgt-arm_20.2.1.LTS\lib\</path>
         <kind>archive</kind>
         <file>rtsv7M4_T_le_v4SPD16_eabi.lib</file>
         <name>s_frexp.c.obj</name>
      </input_file>
      <input_file id="fl-fa">
         <path>D:\CCS\ccs\tools\compiler\ti-cgt-arm_20.2.1.LTS\lib\</path>
         <kind>archive</kind>
         <file>rtsv7M4_T_le_v4SPD16_eabi.lib</file>
         <name>s_scalbn.c.obj</name>
      </input_file>
      <input_file id="fl-fb">
         <path>D:\CCS\ccs\tools\compiler\ti-cgt-arm_20.2.1.LTS\lib\</path>
         <kind>archive</kind>
         <file>rtsv7M4_T_le_v4SPD16_eabi.lib</file>
         <name>wcslen.c.obj</name>
      </input_file>
      <input_file id="fl-fc">
         <path>D:\CCS\ccs\tools\compiler\ti-cgt-arm_20.2.1.LTS\lib\</path>
         <kind>archive</kind>
         <file>rtsv7M4_T_le_v4SPD16_eabi.lib</file>
         <name>div0.asm.obj</name>
      </input_file>
      <input_file id="fl-fd">
         <path>D:\CCS\ccs\tools\compiler\ti-cgt-arm_20.2.1.LTS\lib\</path>
         <kind>archive</kind>
         <file>rtsv7M4_T_le_v4SPD16_eabi.lib</file>
         <name>s_copysign.c.obj</name>
      </input_file>
      <input_file id="fl-fe">
         <path>C:\ti\msp\MSP432Ware_3_40_00_25\driverlib\driverlib\MSP432P4xx\ccs\</path>
         <kind>archive</kind>
         <file>msp432p4xx_driverlib.lib</file>
         <name>cs.o</name>
      </input_file>
      <input_file id="fl-ff">
         <path>C:\ti\msp\MSP432Ware_3_40_00_25\driverlib\driverlib\MSP432P4xx\ccs\</path>
         <kind>archive</kind>
         <file>msp432p4xx_driverlib.lib</file>
         <name>flash.o</name>
      </input_file>
      <input_file id="fl-100">
         <path>C:\ti\msp\MSP432Ware_3_40_00_25\driverlib\driverlib\MSP432P4xx\ccs\</path>
         <kind>archive</kind>
         <file>msp432p4xx_driverlib.lib</file>
         <name>gpio.o</name>
      </input_file>
      <input_file id="fl-101">
         <path>C:\ti\msp\MSP432Ware_3_40_00_25\driverlib\driverlib\MSP432P4xx\ccs\</path>
         <kind>archive</kind>
         <file>msp432p4xx_driverlib.lib</file>
         <name>interrupt.o</name>
      </input_file>
      <input_file id="fl-102">
         <path>C:\ti\msp\MSP432Ware_3_40_00_25\driverlib\driverlib\MSP432P4xx\ccs\</path>
         <kind>archive</kind>
         <file>msp432p4xx_driverlib.lib</file>
         <name>pcm.o</name>
      </input_file>
      <input_file id="fl-103">
         <path>C:\ti\msp\MSP432Ware_3_40_00_25\driverlib\driverlib\MSP432P4xx\ccs\</path>
         <kind>archive</kind>
         <file>msp432p4xx_driverlib.lib</file>
         <name>rtc_c.o</name>
      </input_file>
      <input_file id="fl-104">
         <path>C:\ti\msp\MSP432Ware_3_40_00_25\driverlib\driverlib\MSP432P4xx\ccs\</path>
         <kind>archive</kind>
         <file>msp432p4xx_driverlib.lib</file>
         <name>sysctl.o</name>
      </input_file>
      <input_file id="fl-105">
         <path>C:\ti\msp\MSP432Ware_3_40_00_25\driverlib\driverlib\MSP432P4xx\ccs\</path>
         <kind>archive</kind>
         <file>msp432p4xx_driverlib.lib</file>
         <name>uart.o</name>
      </input_file>
      <input_file id="fl-106">
         <path>C:\ti\msp\MSP432Ware_3_40_00_25\driverlib\driverlib\MSP432P4xx\ccs\</path>
         <kind>archive</kind>
         <file>msp432p4xx_driverlib.lib</file>
         <name>wdt_a.o</name>
      </input_file>
      <input_file id="fl-107">
         <path>C:\ti\msp\MSP432Ware_3_40_00_25\driverlib\driverlib\MSP432P4xx\ccs\</path>
         <kind>archive</kind>
         <file>msp432p4xx_driverlib.lib</file>
         <name>cpu.o</name>
      </input_file>
   </input_file_list>
   <object_component_list>
      <object_component id="oc-26">
         <name>.intvecs:retain</name>
         <load_address>0x0</load_address>
         <run_address>0x0</run_address>
         <size>0xe4</size>
         <input_file_ref idref="fl-3"/>
      </object_component>
      <object_component id="oc-2b0">
         <name>.text:__TI_printfi</name>
         <load_address>0xe4</load_address>
         <run_address>0xe4</run_address>
         <size>0xa4e</size>
         <input_file_ref idref="fl-eb"/>
      </object_component>
      <object_component id="oc-49e">
         <name>.text</name>
         <load_address>0xb32</load_address>
         <run_address>0xb32</run_address>
         <size>0x2</size>
         <input_file_ref idref="fl-fc"/>
      </object_component>
      <object_component id="oc-10d">
         <name>.text</name>
         <load_address>0xb34</load_address>
         <run_address>0xb34</run_address>
         <size>0x7dc</size>
         <input_file_ref idref="fl-1c"/>
      </object_component>
      <object_component id="oc-8b">
         <name>.text</name>
         <load_address>0x1310</load_address>
         <run_address>0x1310</run_address>
         <size>0x538</size>
         <input_file_ref idref="fl-a"/>
      </object_component>
      <object_component id="oc-79">
         <name>.text</name>
         <load_address>0x1848</load_address>
         <run_address>0x1848</run_address>
         <size>0x3f0</size>
         <input_file_ref idref="fl-13"/>
      </object_component>
      <object_component id="oc-c9">
         <name>.text</name>
         <load_address>0x1c38</load_address>
         <run_address>0x1c38</run_address>
         <size>0x334</size>
         <input_file_ref idref="fl-4"/>
      </object_component>
      <object_component id="oc-73">
         <name>.text</name>
         <load_address>0x1f6c</load_address>
         <run_address>0x1f6c</run_address>
         <size>0x2c8</size>
         <input_file_ref idref="fl-15"/>
      </object_component>
      <object_component id="oc-38a">
         <name>.text:_pconv_a</name>
         <load_address>0x2234</load_address>
         <run_address>0x2234</run_address>
         <size>0x270</size>
         <input_file_ref idref="fl-eb"/>
      </object_component>
      <object_component id="oc-f7">
         <name>.text</name>
         <load_address>0x24a4</load_address>
         <run_address>0x24a4</run_address>
         <size>0x268</size>
         <input_file_ref idref="fl-14"/>
      </object_component>
      <object_component id="oc-6d">
         <name>.text</name>
         <load_address>0x270c</load_address>
         <run_address>0x270c</run_address>
         <size>0x240</size>
         <input_file_ref idref="fl-1a"/>
      </object_component>
      <object_component id="oc-378">
         <name>.text:_pconv_g</name>
         <load_address>0x294c</load_address>
         <run_address>0x294c</run_address>
         <size>0x1d0</size>
         <input_file_ref idref="fl-eb"/>
      </object_component>
      <object_component id="oc-1b7">
         <name>.text</name>
         <load_address>0x2b1c</load_address>
         <run_address>0x2b1c</run_address>
         <size>0x1c0</size>
         <input_file_ref idref="fl-16"/>
      </object_component>
      <object_component id="oc-42a">
         <name>.text</name>
         <load_address>0x2cdc</load_address>
         <run_address>0x2cdc</run_address>
         <size>0x1b6</size>
         <input_file_ref idref="fl-dc"/>
      </object_component>
      <object_component id="oc-85">
         <name>.text</name>
         <load_address>0x2e94</load_address>
         <run_address>0x2e94</run_address>
         <size>0x1b4</size>
         <input_file_ref idref="fl-6"/>
      </object_component>
      <object_component id="oc-7f">
         <name>.text</name>
         <load_address>0x3048</load_address>
         <run_address>0x3048</run_address>
         <size>0x184</size>
         <input_file_ref idref="fl-1b"/>
      </object_component>
      <object_component id="oc-119">
         <name>.text</name>
         <load_address>0x31cc</load_address>
         <run_address>0x31cc</run_address>
         <size>0x148</size>
         <input_file_ref idref="fl-10"/>
      </object_component>
      <object_component id="oc-384">
         <name>.text:_pconv_e</name>
         <load_address>0x3314</load_address>
         <run_address>0x3314</run_address>
         <size>0x13c</size>
         <input_file_ref idref="fl-eb"/>
      </object_component>
      <object_component id="oc-d5">
         <name>.text</name>
         <load_address>0x3450</load_address>
         <run_address>0x3450</run_address>
         <size>0x136</size>
         <input_file_ref idref="fl-de"/>
      </object_component>
      <object_component id="oc-43c">
         <name>.text:fcvt</name>
         <load_address>0x3588</load_address>
         <run_address>0x3588</run_address>
         <size>0x124</size>
         <input_file_ref idref="fl-eb"/>
      </object_component>
      <object_component id="oc-450">
         <name>.text:scalbn</name>
         <load_address>0x36ac</load_address>
         <run_address>0x36ac</run_address>
         <size>0x110</size>
         <input_file_ref idref="fl-fa"/>
      </object_component>
      <object_component id="oc-415">
         <name>.text</name>
         <load_address>0x37bc</load_address>
         <run_address>0x37bc</run_address>
         <size>0xfc</size>
         <input_file_ref idref="fl-df"/>
      </object_component>
      <object_component id="oc-47f">
         <name>.text:__PCM_setPowerModeAdvanced</name>
         <load_address>0x38b8</load_address>
         <run_address>0x38b8</run_address>
         <size>0xdc</size>
         <input_file_ref idref="fl-102"/>
      </object_component>
      <object_component id="oc-36d">
         <name>.text:_ltostr</name>
         <load_address>0x3994</load_address>
         <run_address>0x3994</run_address>
         <size>0xb1</size>
         <input_file_ref idref="fl-eb"/>
      </object_component>
      <object_component id="oc-2d0">
         <name>.text:__PCM_setCoreVoltageLevelAdvanced</name>
         <load_address>0x3a48</load_address>
         <run_address>0x3a48</run_address>
         <size>0xb0</size>
         <input_file_ref idref="fl-102"/>
      </object_component>
      <object_component id="oc-37">
         <name>.text</name>
         <load_address>0x3af8</load_address>
         <run_address>0x3af8</run_address>
         <size>0x9c</size>
         <input_file_ref idref="fl-e4"/>
      </object_component>
      <object_component id="oc-40e">
         <name>.text</name>
         <load_address>0x3b94</load_address>
         <run_address>0x3b94</run_address>
         <size>0x96</size>
         <input_file_ref idref="fl-ec"/>
      </object_component>
      <object_component id="oc-13d">
         <name>.text:UART_initModule</name>
         <load_address>0x3c2c</load_address>
         <run_address>0x3c2c</run_address>
         <size>0x94</size>
         <input_file_ref idref="fl-105"/>
      </object_component>
      <object_component id="oc-373">
         <name>.text:__aeabi_cdcmple</name>
         <load_address>0x3cc0</load_address>
         <run_address>0x3cc0</run_address>
         <size>0x86</size>
         <input_file_ref idref="fl-dd"/>
      </object_component>
      <object_component id="oc-41a">
         <name>.text:__aeabi_cdrcmple</name>
         <load_address>0x3d46</load_address>
         <run_address>0x3d46</run_address>
         <size>0x86</size>
         <input_file_ref idref="fl-dd"/>
      </object_component>
      <object_component id="oc-ab">
         <name>.text</name>
         <load_address>0x3dcc</load_address>
         <run_address>0x3dcc</run_address>
         <size>0x7a</size>
         <input_file_ref idref="fl-db"/>
      </object_component>
      <object_component id="oc-435">
         <name>.text:_mcpy</name>
         <load_address>0x3e46</load_address>
         <run_address>0x3e46</run_address>
         <size>0x6e</size>
         <input_file_ref idref="fl-eb"/>
      </object_component>
      <object_component id="oc-17">
         <name>.text:decompress:lzss:__TI_decompress_lzss</name>
         <load_address>0x3eb4</load_address>
         <run_address>0x3eb4</run_address>
         <size>0x68</size>
         <input_file_ref idref="fl-e8"/>
      </object_component>
      <object_component id="oc-14f">
         <name>.text:Interrupt_enableInterrupt</name>
         <load_address>0x3f1c</load_address>
         <run_address>0x3f1c</run_address>
         <size>0x64</size>
         <input_file_ref idref="fl-101"/>
      </object_component>
      <object_component id="oc-44a">
         <name>.text:frexp</name>
         <load_address>0x3f80</load_address>
         <run_address>0x3f80</run_address>
         <size>0x64</size>
         <input_file_ref idref="fl-f9"/>
      </object_component>
      <object_component id="oc-37e">
         <name>.text:_pconv_f</name>
         <load_address>0x3fe4</load_address>
         <run_address>0x3fe4</run_address>
         <size>0x56</size>
         <input_file_ref idref="fl-eb"/>
      </object_component>
      <object_component id="oc-41f">
         <name>.text:__TI_ltoa</name>
         <load_address>0x403a</load_address>
         <run_address>0x403a</run_address>
         <size>0x54</size>
         <input_file_ref idref="fl-f2"/>
      </object_component>
      <object_component id="oc-42f">
         <name>.text:_ecpy</name>
         <load_address>0x408e</load_address>
         <run_address>0x408e</run_address>
         <size>0x52</size>
         <input_file_ref idref="fl-eb"/>
      </object_component>
      <object_component id="oc-367">
         <name>.text:atoi</name>
         <load_address>0x40e0</load_address>
         <run_address>0x40e0</run_address>
         <size>0x4c</size>
         <input_file_ref idref="fl-f4"/>
      </object_component>
      <object_component id="oc-137">
         <name>.text:GPIO_setAsPeripheralModuleFunctionInputPin</name>
         <load_address>0x412c</load_address>
         <run_address>0x412c</run_address>
         <size>0x48</size>
         <input_file_ref idref="fl-100"/>
      </object_component>
      <object_component id="oc-da">
         <name>.text</name>
         <load_address>0x4174</load_address>
         <run_address>0x4174</run_address>
         <size>0x48</size>
         <input_file_ref idref="fl-e0"/>
      </object_component>
      <object_component id="oc-1ca">
         <name>.text:__TI_auto_init_nobinit_nopinit:__TI_auto_init_nobinit_nopinit</name>
         <load_address>0x41bc</load_address>
         <run_address>0x41bc</run_address>
         <size>0x44</size>
         <input_file_ref idref="fl-ed"/>
      </object_component>
      <object_component id="oc-113">
         <name>.text:sprintf</name>
         <load_address>0x4200</load_address>
         <run_address>0x4200</run_address>
         <size>0x40</size>
         <input_file_ref idref="fl-da"/>
      </object_component>
      <object_component id="oc-442">
         <name>.text:_fcpy</name>
         <load_address>0x4240</load_address>
         <run_address>0x4240</run_address>
         <size>0x3e</size>
         <input_file_ref idref="fl-eb"/>
      </object_component>
      <object_component id="oc-2a1">
         <name>.text</name>
         <load_address>0x427e</load_address>
         <run_address>0x427e</run_address>
         <size>0x38</size>
         <input_file_ref idref="fl-e2"/>
      </object_component>
      <object_component id="oc-55">
         <name>.text:_c_int00_noargs:_c_int00_noargs</name>
         <load_address>0x42b8</load_address>
         <run_address>0x42b8</run_address>
         <size>0x34</size>
         <input_file_ref idref="fl-ea"/>
      </object_component>
      <object_component id="oc-b7">
         <name>.text</name>
         <load_address>0x42ec</load_address>
         <run_address>0x42ec</run_address>
         <size>0x32</size>
         <input_file_ref idref="fl-2"/>
      </object_component>
      <object_component id="oc-eb">
         <name>.text:GPIO_getEnabledInterruptStatus</name>
         <load_address>0x4320</load_address>
         <run_address>0x4320</run_address>
         <size>0x30</size>
         <input_file_ref idref="fl-100"/>
      </object_component>
      <object_component id="oc-260">
         <name>.text:GPIO_setAsInputPinWithPullUpResistor</name>
         <load_address>0x4350</load_address>
         <run_address>0x4350</run_address>
         <size>0x30</size>
         <input_file_ref idref="fl-100"/>
      </object_component>
      <object_component id="oc-15b">
         <name>.text:UART_getEnabledInterruptStatus</name>
         <load_address>0x4380</load_address>
         <run_address>0x4380</run_address>
         <size>0x30</size>
         <input_file_ref idref="fl-105"/>
      </object_component>
      <object_component id="oc-425">
         <name>.text</name>
         <load_address>0x43b0</load_address>
         <run_address>0x43b0</run_address>
         <size>0x2e</size>
         <input_file_ref idref="fl-e3"/>
      </object_component>
      <object_component id="oc-248">
         <name>.text:GPIO_setAsInputPin</name>
         <load_address>0x43e0</load_address>
         <run_address>0x43e0</run_address>
         <size>0x2c</size>
         <input_file_ref idref="fl-100"/>
      </object_component>
      <object_component id="oc-3bf">
         <name>.text:PCM_getCoreVoltageLevel</name>
         <load_address>0x440c</load_address>
         <run_address>0x440c</run_address>
         <size>0x2c</size>
         <input_file_ref idref="fl-102"/>
      </object_component>
      <object_component id="oc-3b9">
         <name>.text:PCM_getPowerMode</name>
         <load_address>0x4438</load_address>
         <run_address>0x4438</run_address>
         <size>0x2a</size>
         <input_file_ref idref="fl-102"/>
      </object_component>
      <object_component id="oc-12b">
         <name>.text:FlashCtl_setWaitState</name>
         <load_address>0x4464</load_address>
         <run_address>0x4464</run_address>
         <size>0x28</size>
         <input_file_ref idref="fl-ff"/>
      </object_component>
      <object_component id="oc-181">
         <name>.text:CS_setDCOCenteredFrequency</name>
         <load_address>0x448c</load_address>
         <run_address>0x448c</run_address>
         <size>0x24</size>
         <input_file_ref idref="fl-fe"/>
      </object_component>
      <object_component id="oc-236">
         <name>.text:GPIO_setAsOutputPin</name>
         <load_address>0x44b0</load_address>
         <run_address>0x44b0</run_address>
         <size>0x24</size>
         <input_file_ref idref="fl-100"/>
      </object_component>
      <object_component id="oc-107">
         <name>.text:Interrupt_setPriority</name>
         <load_address>0x44d4</load_address>
         <run_address>0x44d4</run_address>
         <size>0x24</size>
         <input_file_ref idref="fl-101"/>
      </object_component>
      <object_component id="oc-187">
         <name>.text:UART_disableInterrupt</name>
         <load_address>0x44f8</load_address>
         <run_address>0x44f8</run_address>
         <size>0x24</size>
         <input_file_ref idref="fl-105"/>
      </object_component>
      <object_component id="oc-167">
         <name>.text:UART_receiveData</name>
         <load_address>0x451c</load_address>
         <run_address>0x451c</run_address>
         <size>0x24</size>
         <input_file_ref idref="fl-105"/>
      </object_component>
      <object_component id="oc-155">
         <name>.text:UART_transmitData</name>
         <load_address>0x4540</load_address>
         <run_address>0x4540</run_address>
         <size>0x24</size>
         <input_file_ref idref="fl-105"/>
      </object_component>
      <object_component id="oc-d0">
         <name>.text</name>
         <load_address>0x4564</load_address>
         <run_address>0x4564</run_address>
         <size>0x20</size>
         <input_file_ref idref="fl-e5"/>
      </object_component>
      <object_component id="oc-43">
         <name>.text:decompress:ZI:__TI_zero_init_nomemset:__TI_zero_init_nomemset</name>
         <load_address>0x4584</load_address>
         <run_address>0x4584</run_address>
         <size>0x1c</size>
         <input_file_ref idref="fl-e6"/>
      </object_component>
      <object_component id="oc-390">
         <name>.text:memccpy</name>
         <load_address>0x45a0</load_address>
         <run_address>0x45a0</run_address>
         <size>0x1c</size>
         <input_file_ref idref="fl-f6"/>
      </object_component>
      <object_component id="oc-4b5">
         <name>.text:copysign</name>
         <load_address>0x45bc</load_address>
         <run_address>0x45bc</run_address>
         <size>0x1a</size>
         <input_file_ref idref="fl-fd"/>
      </object_component>
      <object_component id="oc-f1">
         <name>.text:GPIO_clearInterruptFlag</name>
         <load_address>0x45d8</load_address>
         <run_address>0x45d8</run_address>
         <size>0x18</size>
         <input_file_ref idref="fl-100"/>
      </object_component>
      <object_component id="oc-24e">
         <name>.text:GPIO_getInputPinValue</name>
         <load_address>0x45f0</load_address>
         <run_address>0x45f0</run_address>
         <size>0x18</size>
         <input_file_ref idref="fl-100"/>
      </object_component>
      <object_component id="oc-242">
         <name>.text:GPIO_setOutputLowOnPin</name>
         <load_address>0x4608</load_address>
         <run_address>0x4608</run_address>
         <size>0x18</size>
         <input_file_ref idref="fl-100"/>
      </object_component>
      <object_component id="oc-25a">
         <name>.text:WDT_A_holdTimer</name>
         <load_address>0x4620</load_address>
         <run_address>0x4620</run_address>
         <size>0x18</size>
         <input_file_ref idref="fl-106"/>
      </object_component>
      <object_component id="oc-2b6">
         <name>.text:_outs</name>
         <load_address>0x4638</load_address>
         <run_address>0x4638</run_address>
         <size>0x18</size>
         <input_file_ref idref="fl-da"/>
      </object_component>
      <object_component id="oc-149">
         <name>.text:UART_enableInterrupt</name>
         <load_address>0x4650</load_address>
         <run_address>0x4650</run_address>
         <size>0x16</size>
         <input_file_ref idref="fl-105"/>
      </object_component>
      <object_component id="oc-456">
         <name>.text:strchr</name>
         <load_address>0x4666</load_address>
         <run_address>0x4666</run_address>
         <size>0x16</size>
         <input_file_ref idref="fl-f7"/>
      </object_component>
      <object_component id="oc-266">
         <name>.text:GPIO_enableInterrupt</name>
         <load_address>0x467c</load_address>
         <run_address>0x467c</run_address>
         <size>0x14</size>
         <input_file_ref idref="fl-100"/>
      </object_component>
      <object_component id="oc-23c">
         <name>.text:GPIO_setOutputHighOnPin</name>
         <load_address>0x4690</load_address>
         <run_address>0x4690</run_address>
         <size>0x14</size>
         <input_file_ref idref="fl-100"/>
      </object_component>
      <object_component id="oc-254">
         <name>.text:GPIO_toggleOutputOnPin</name>
         <load_address>0x46a4</load_address>
         <run_address>0x46a4</run_address>
         <size>0x14</size>
         <input_file_ref idref="fl-100"/>
      </object_component>
      <object_component id="oc-26c">
         <name>.text:SysCtl_enableSRAMBankRetention</name>
         <load_address>0x46b8</load_address>
         <run_address>0x46b8</run_address>
         <size>0x14</size>
         <input_file_ref idref="fl-104"/>
      </object_component>
      <object_component id="oc-361">
         <name>.text:strlen</name>
         <load_address>0x46cc</load_address>
         <run_address>0x46cc</run_address>
         <size>0x14</size>
         <input_file_ref idref="fl-f8"/>
      </object_component>
      <object_component id="oc-396">
         <name>.text:wcslen</name>
         <load_address>0x46e0</load_address>
         <run_address>0x46e0</run_address>
         <size>0x12</size>
         <input_file_ref idref="fl-fb"/>
      </object_component>
      <object_component id="oc-225">
         <name>.text:GPIO_getInterruptStatus</name>
         <load_address>0x46f4</load_address>
         <run_address>0x46f4</run_address>
         <size>0x10</size>
         <input_file_ref idref="fl-100"/>
      </object_component>
      <object_component id="oc-272">
         <name>.text:Interrupt_enableMaster</name>
         <load_address>0x4704</load_address>
         <run_address>0x4704</run_address>
         <size>0x10</size>
         <input_file_ref idref="fl-101"/>
      </object_component>
      <object_component id="oc-161">
         <name>.text:UART_clearInterruptFlag</name>
         <load_address>0x4714</load_address>
         <run_address>0x4714</run_address>
         <size>0xe</size>
         <input_file_ref idref="fl-105"/>
      </object_component>
      <object_component id="oc-1d">
         <name>.text:decompress:none:__TI_decompress_none</name>
         <load_address>0x4722</load_address>
         <run_address>0x4722</run_address>
         <size>0xe</size>
         <input_file_ref idref="fl-e7"/>
      </object_component>
      <object_component id="oc-67">
         <name>.text</name>
         <load_address>0x4730</load_address>
         <run_address>0x4730</run_address>
         <size>0xe</size>
         <input_file_ref idref="fl-3"/>
      </object_component>
      <object_component id="oc-340">
         <name>.text:CPU_cpsie</name>
         <load_address>0x473e</load_address>
         <run_address>0x473e</run_address>
         <size>0xc</size>
         <input_file_ref idref="fl-107"/>
      </object_component>
      <object_component id="oc-3c5">
         <name>.text:PCM_getPowerState</name>
         <load_address>0x474c</load_address>
         <run_address>0x474c</run_address>
         <size>0xc</size>
         <input_file_ref idref="fl-102"/>
      </object_component>
      <object_component id="oc-143">
         <name>.text:UART_enableModule</name>
         <load_address>0x4758</load_address>
         <run_address>0x4758</run_address>
         <size>0xc</size>
         <input_file_ref idref="fl-105"/>
      </object_component>
      <object_component id="oc-2bc">
         <name>.text:_outc</name>
         <load_address>0x4764</load_address>
         <run_address>0x4764</run_address>
         <size>0xa</size>
         <input_file_ref idref="fl-da"/>
      </object_component>
      <object_component id="oc-131">
         <name>.text:PCM_setCoreVoltageLevel</name>
         <load_address>0x476e</load_address>
         <run_address>0x476e</run_address>
         <size>0x8</size>
         <input_file_ref idref="fl-102"/>
      </object_component>
      <object_component id="oc-3cb">
         <name>.text:PCM_setPowerMode</name>
         <load_address>0x4776</load_address>
         <run_address>0x4776</run_address>
         <size>0x8</size>
         <input_file_ref idref="fl-102"/>
      </object_component>
      <object_component id="oc-39c">
         <name>.text:__aeabi_errno_addr</name>
         <load_address>0x4780</load_address>
         <run_address>0x4780</run_address>
         <size>0x8</size>
         <input_file_ref idref="fl-e9"/>
      </object_component>
      <object_component id="oc-2e1">
         <name>.text:UART_getInterruptStatus</name>
         <load_address>0x4788</load_address>
         <run_address>0x4788</run_address>
         <size>0x6</size>
         <input_file_ref idref="fl-105"/>
      </object_component>
      <object_component id="oc-b1">
         <name>.text:_system_pre_init</name>
         <load_address>0x478e</load_address>
         <run_address>0x478e</run_address>
         <size>0x4</size>
         <input_file_ref idref="fl-ee"/>
      </object_component>
      <object_component id="oc-1be">
         <name>.text:abort:abort</name>
         <load_address>0x4792</load_address>
         <run_address>0x4792</run_address>
         <size>0x4</size>
         <input_file_ref idref="fl-f0"/>
      </object_component>
      <object_component id="oc-2a6">
         <name>.const:F6x8</name>
         <load_address>0x4798</load_address>
         <run_address>0x4798</run_address>
         <size>0x228</size>
         <input_file_ref idref="fl-1c"/>
      </object_component>
      <object_component id="oc-2aa">
         <name>.const:Hzk</name>
         <load_address>0x49c0</load_address>
         <run_address>0x49c0</run_address>
         <size>0x1c0</size>
         <input_file_ref idref="fl-1c"/>
      </object_component>
      <object_component id="oc-409">
         <name>.const:.string:_ctypes_</name>
         <load_address>0x4b80</load_address>
         <run_address>0x4b80</run_address>
         <size>0x101</size>
         <input_file_ref idref="fl-f5"/>
      </object_component>
      <object_component id="oc-28c">
         <name>.const:g_pulRegs</name>
         <load_address>0x4c84</load_address>
         <run_address>0x4c84</run_address>
         <size>0x50</size>
         <input_file_ref idref="fl-101"/>
      </object_component>
      <object_component id="oc-2dc">
         <name>.const</name>
         <load_address>0x4cd4</load_address>
         <run_address>0x4cd4</run_address>
         <size>0x40</size>
         <input_file_ref idref="fl-101"/>
      </object_component>
      <object_component id="oc-16d">
         <name>.const:UART0</name>
         <load_address>0x4d14</load_address>
         <run_address>0x4d14</run_address>
         <size>0x24</size>
         <input_file_ref idref="fl-1b"/>
      </object_component>
      <object_component id="oc-170">
         <name>.const:UART2</name>
         <load_address>0x4d38</load_address>
         <run_address>0x4d38</run_address>
         <size>0x24</size>
         <input_file_ref idref="fl-1b"/>
      </object_component>
      <object_component id="oc-173">
         <name>.const:UART3</name>
         <load_address>0x4d5c</load_address>
         <run_address>0x4d5c</run_address>
         <size>0x24</size>
         <input_file_ref idref="fl-1b"/>
      </object_component>
      <object_component id="oc-18d">
         <name>.const:UART3_SET</name>
         <load_address>0x4d80</load_address>
         <run_address>0x4d80</run_address>
         <size>0x24</size>
         <input_file_ref idref="fl-6"/>
      </object_component>
      <object_component id="oc-514">
         <name>.cinit..data.load</name>
         <load_address>0x4da8</load_address>
         <run_address>0x4da8</run_address>
         <size>0x4b</size>
      </object_component>
      <object_component id="oc-512">
         <name>__TI_handler_table</name>
         <load_address>0x4df4</load_address>
         <run_address>0x4df4</run_address>
         <size>0xc</size>
      </object_component>
      <object_component id="oc-515">
         <name>.cinit..bss.load</name>
         <load_address>0x4e00</load_address>
         <run_address>0x4e00</run_address>
         <size>0x8</size>
      </object_component>
      <object_component id="oc-513">
         <name>__TI_cinit_table</name>
         <load_address>0x4e08</load_address>
         <run_address>0x4e08</run_address>
         <size>0x10</size>
      </object_component>
      <object_component id="oc-4e6">
         <name>.binit</name>
         <load_address>0x0</load_address>
         <run_address>0x0</run_address>
         <size>0x0</size>
      </object_component>
      <object_component id="oc-1fc">
         <name>.data</name>
         <load_address>0x20002aac</load_address>
         <run_address>0x20002aac</run_address>
         <size>0x4</size>
         <input_file_ref idref="fl-4"/>
      </object_component>
      <object_component id="oc-193">
         <name>.data</name>
         <load_address>0x20002a80</load_address>
         <run_address>0x20002a80</run_address>
         <size>0x8</size>
         <input_file_ref idref="fl-6"/>
      </object_component>
      <object_component id="oc-190">
         <name>.data:ADS_RCV_DATA</name>
         <load_address>0x20002a74</load_address>
         <run_address>0x20002a74</run_address>
         <size>0xa</size>
         <input_file_ref idref="fl-6"/>
      </object_component>
      <object_component id="oc-29e">
         <name>.data:Oscill_data_buff</name>
         <load_address>0x20002800</load_address>
         <run_address>0x20002800</run_address>
         <size>0x200</size>
         <input_file_ref idref="fl-9"/>
      </object_component>
      <object_component id="oc-197">
         <name>.data</name>
         <load_address>0x20002a88</load_address>
         <run_address>0x20002a88</run_address>
         <size>0x8</size>
         <input_file_ref idref="fl-a"/>
      </object_component>
      <object_component id="oc-100">
         <name>.data</name>
         <load_address>0x20002a58</load_address>
         <run_address>0x20002a58</run_address>
         <size>0x1c</size>
         <input_file_ref idref="fl-11"/>
      </object_component>
      <object_component id="oc-122">
         <name>.data:timerAcaptureValues</name>
         <load_address>0x20002a30</load_address>
         <run_address>0x20002a30</run_address>
         <size>0x28</size>
         <input_file_ref idref="fl-13"/>
      </object_component>
      <object_component id="oc-11f">
         <name>.data</name>
         <load_address>0x20002a90</load_address>
         <run_address>0x20002a90</run_address>
         <size>0x8</size>
         <input_file_ref idref="fl-13"/>
      </object_component>
      <object_component id="oc-e0">
         <name>.data</name>
         <load_address>0x20002a98</load_address>
         <run_address>0x20002a98</run_address>
         <size>0x8</size>
         <input_file_ref idref="fl-1a"/>
      </object_component>
      <object_component id="oc-176">
         <name>.data</name>
         <load_address>0x20002ab0</load_address>
         <run_address>0x20002ab0</run_address>
         <size>0x3</size>
         <input_file_ref idref="fl-1b"/>
      </object_component>
      <object_component id="oc-292">
         <name>.data:screen_buf</name>
         <load_address>0x20000000</load_address>
         <run_address>0x20000000</run_address>
         <size>0x2000</size>
         <input_file_ref idref="fl-1c"/>
      </object_component>
      <object_component id="oc-295">
         <name>.data:bmp</name>
         <load_address>0x20002400</load_address>
         <run_address>0x20002400</run_address>
         <size>0x400</size>
         <input_file_ref idref="fl-1c"/>
      </object_component>
      <object_component id="oc-298">
         <name>.data:bmp2</name>
         <load_address>0x20002000</load_address>
         <run_address>0x20002000</run_address>
         <size>0x400</size>
         <input_file_ref idref="fl-1c"/>
      </object_component>
      <object_component id="oc-2a9">
         <name>.data:tmp$2</name>
         <load_address>0x20002aa0</load_address>
         <run_address>0x20002aa0</run_address>
         <size>0x8</size>
         <input_file_ref idref="fl-1c"/>
      </object_component>
      <object_component id="oc-466">
         <name>.data</name>
         <load_address>0x20002aa8</load_address>
         <run_address>0x20002aa8</run_address>
         <size>0x4</size>
         <input_file_ref idref="fl-e9"/>
      </object_component>
      <object_component id="oc-22b">
         <name>.data:GPIO_PORT_TO_BASE</name>
         <load_address>0x20002a00</load_address>
         <run_address>0x20002a00</run_address>
         <size>0x30</size>
         <input_file_ref idref="fl-100"/>
      </object_component>
      <object_component id="oc-df">
         <name>.bss</name>
         <uninitialized>true</uninitialized>
         <run_address>0x20002aec</run_address>
         <size>0x4</size>
         <input_file_ref idref="fl-1a"/>
      </object_component>
      <object_component id="oc-291">
         <name>.bss</name>
         <uninitialized>true</uninitialized>
         <run_address>0x20002af0</run_address>
         <size>0x1</size>
         <input_file_ref idref="fl-1c"/>
      </object_component>
      <object_component id="oc-29b">
         <name>.common:oscill1</name>
         <uninitialized>true</uninitialized>
         <run_address>0x20002ab4</run_address>
         <size>0x18</size>
      </object_component>
      <object_component id="oc-103">
         <name>.common:encoder_A</name>
         <uninitialized>true</uninitialized>
         <run_address>0x20002acc</run_address>
         <size>0x8</size>
      </object_component>
      <object_component id="oc-fd">
         <name>.common:encoder_B</name>
         <uninitialized>true</uninitialized>
         <run_address>0x20002ad4</run_address>
         <size>0x8</size>
      </object_component>
      <object_component id="oc-105">
         <name>.common:encoder_C</name>
         <uninitialized>true</uninitialized>
         <run_address>0x20002adc</run_address>
         <size>0x8</size>
      </object_component>
      <object_component id="oc-104">
         <name>.common:encoder_D</name>
         <uninitialized>true</uninitialized>
         <run_address>0x20002ae4</run_address>
         <size>0x8</size>
      </object_component>
      <object_component id="oc-29">
         <name>.stack</name>
         <uninitialized>true</uninitialized>
         <run_address>0x2000fe00</run_address>
         <size>0x4</size>
         <input_file_ref idref="fl-ea"/>
      </object_component>
      <object_component id="oc-517">
         <name>.stack</name>
         <uninitialized>true</uninitialized>
         <run_address>0x2000fe00</run_address>
         <size>0x0</size>
      </object_component>
      <object_component id="oc-306">
         <name>.debug_info</name>
         <load_address>0x0</load_address>
         <run_address>0x0</run_address>
         <size>0x79f</size>
         <input_file_ref idref="fl-2"/>
      </object_component>
      <object_component id="oc-b8">
         <name>.debug_info</name>
         <load_address>0x79f</load_address>
         <run_address>0x79f</run_address>
         <size>0x165</size>
         <input_file_ref idref="fl-2"/>
      </object_component>
      <object_component id="oc-27e">
         <name>.debug_info</name>
         <load_address>0x904</load_address>
         <run_address>0x904</run_address>
         <size>0x71</size>
         <input_file_ref idref="fl-2"/>
      </object_component>
      <object_component id="oc-216">
         <name>.debug_info</name>
         <load_address>0x975</load_address>
         <run_address>0x975</run_address>
         <size>0x120</size>
         <input_file_ref idref="fl-2"/>
      </object_component>
      <object_component id="oc-285">
         <name>.debug_info</name>
         <load_address>0xa95</load_address>
         <run_address>0xa95</run_address>
         <size>0x5a</size>
         <input_file_ref idref="fl-2"/>
      </object_component>
      <object_component id="oc-19b">
         <name>.debug_info</name>
         <load_address>0xaef</load_address>
         <run_address>0xaef</run_address>
         <size>0x189</size>
         <input_file_ref idref="fl-2"/>
      </object_component>
      <object_component id="oc-126">
         <name>.debug_info</name>
         <load_address>0xc78</load_address>
         <run_address>0xc78</run_address>
         <size>0x99</size>
         <input_file_ref idref="fl-2"/>
      </object_component>
      <object_component id="oc-1a2">
         <name>.debug_info</name>
         <load_address>0xd11</load_address>
         <run_address>0xd11</run_address>
         <size>0x26b</size>
         <input_file_ref idref="fl-2"/>
      </object_component>
      <object_component id="oc-20c">
         <name>.debug_info</name>
         <load_address>0xf7c</load_address>
         <run_address>0xf7c</run_address>
         <size>0x1055</size>
         <input_file_ref idref="fl-2"/>
      </object_component>
      <object_component id="oc-207">
         <name>.debug_info</name>
         <load_address>0x1fd1</load_address>
         <run_address>0x1fd1</run_address>
         <size>0x37e2</size>
         <input_file_ref idref="fl-2"/>
      </object_component>
      <object_component id="oc-353">
         <name>.debug_info</name>
         <load_address>0x57b3</load_address>
         <run_address>0x57b3</run_address>
         <size>0xae</size>
         <input_file_ref idref="fl-2"/>
      </object_component>
      <object_component id="oc-32">
         <name>.debug_info</name>
         <load_address>0x5861</load_address>
         <run_address>0x5861</run_address>
         <size>0x84</size>
         <input_file_ref idref="fl-2"/>
      </object_component>
      <object_component id="oc-220">
         <name>.debug_info</name>
         <load_address>0x58e5</load_address>
         <run_address>0x58e5</run_address>
         <size>0x2a4</size>
         <input_file_ref idref="fl-2"/>
      </object_component>
      <object_component id="oc-279">
         <name>.debug_info</name>
         <load_address>0x5b89</load_address>
         <run_address>0x5b89</run_address>
         <size>0xef</size>
         <input_file_ref idref="fl-2"/>
      </object_component>
      <object_component id="oc-e6">
         <name>.debug_info</name>
         <load_address>0x5c78</load_address>
         <run_address>0x5c78</run_address>
         <size>0xbb</size>
         <input_file_ref idref="fl-2"/>
      </object_component>
      <object_component id="oc-211">
         <name>.debug_info</name>
         <load_address>0x5d33</load_address>
         <run_address>0x5d33</run_address>
         <size>0x87</size>
         <input_file_ref idref="fl-2"/>
      </object_component>
      <object_component id="oc-2c4">
         <name>.debug_info</name>
         <load_address>0x5dba</load_address>
         <run_address>0x5dba</run_address>
         <size>0x2c</size>
         <input_file_ref idref="fl-2"/>
      </object_component>
      <object_component id="oc-2f4">
         <name>.debug_info</name>
         <load_address>0x5de6</load_address>
         <run_address>0x5de6</run_address>
         <size>0xee</size>
         <input_file_ref idref="fl-2"/>
      </object_component>
      <object_component id="oc-21b">
         <name>.debug_info</name>
         <load_address>0x5ed4</load_address>
         <run_address>0x5ed4</run_address>
         <size>0xf7</size>
         <input_file_ref idref="fl-2"/>
      </object_component>
      <object_component id="oc-93">
         <name>.debug_info</name>
         <load_address>0x5fcb</load_address>
         <run_address>0x5fcb</run_address>
         <size>0x2bd</size>
         <input_file_ref idref="fl-3"/>
      </object_component>
      <object_component id="oc-27">
         <name>.debug_info</name>
         <load_address>0x6288</load_address>
         <run_address>0x6288</run_address>
         <size>0xe9</size>
         <input_file_ref idref="fl-3"/>
      </object_component>
      <object_component id="oc-69">
         <name>.debug_info</name>
         <load_address>0x6371</load_address>
         <run_address>0x6371</run_address>
         <size>0x1b0</size>
         <input_file_ref idref="fl-3"/>
      </object_component>
      <object_component id="oc-1fd">
         <name>.debug_info</name>
         <load_address>0x6521</load_address>
         <run_address>0x6521</run_address>
         <size>0xe2</size>
         <input_file_ref idref="fl-4"/>
      </object_component>
      <object_component id="oc-cc">
         <name>.debug_info</name>
         <load_address>0x6603</load_address>
         <run_address>0x6603</run_address>
         <size>0x254</size>
         <input_file_ref idref="fl-4"/>
      </object_component>
      <object_component id="oc-2ff">
         <name>.debug_info</name>
         <load_address>0x6857</load_address>
         <run_address>0x6857</run_address>
         <size>0x890</size>
         <input_file_ref idref="fl-6"/>
      </object_component>
      <object_component id="oc-194">
         <name>.debug_info</name>
         <load_address>0x70e7</load_address>
         <run_address>0x70e7</run_address>
         <size>0x122</size>
         <input_file_ref idref="fl-6"/>
      </object_component>
      <object_component id="oc-191">
         <name>.debug_info</name>
         <load_address>0x7209</load_address>
         <run_address>0x7209</run_address>
         <size>0xda</size>
         <input_file_ref idref="fl-6"/>
      </object_component>
      <object_component id="oc-18e">
         <name>.debug_info</name>
         <load_address>0x72e3</load_address>
         <run_address>0x72e3</run_address>
         <size>0xd4</size>
         <input_file_ref idref="fl-6"/>
      </object_component>
      <object_component id="oc-86">
         <name>.debug_info</name>
         <load_address>0x73b7</load_address>
         <run_address>0x73b7</run_address>
         <size>0x4a1</size>
         <input_file_ref idref="fl-6"/>
      </object_component>
      <object_component id="oc-17c">
         <name>.debug_info</name>
         <load_address>0x7858</load_address>
         <run_address>0x7858</run_address>
         <size>0x8b</size>
         <input_file_ref idref="fl-6"/>
      </object_component>
      <object_component id="oc-29c">
         <name>.debug_info</name>
         <load_address>0x78e3</load_address>
         <run_address>0x78e3</run_address>
         <size>0x7be</size>
         <input_file_ref idref="fl-9"/>
      </object_component>
      <object_component id="oc-29f">
         <name>.debug_info</name>
         <load_address>0x80a1</load_address>
         <run_address>0x80a1</run_address>
         <size>0xe6</size>
         <input_file_ref idref="fl-9"/>
      </object_component>
      <object_component id="oc-198">
         <name>.debug_info</name>
         <load_address>0x8187</load_address>
         <run_address>0x8187</run_address>
         <size>0x113</size>
         <input_file_ref idref="fl-a"/>
      </object_component>
      <object_component id="oc-8c">
         <name>.debug_info</name>
         <load_address>0x829a</load_address>
         <run_address>0x829a</run_address>
         <size>0x894</size>
         <input_file_ref idref="fl-a"/>
      </object_component>
      <object_component id="oc-11a">
         <name>.debug_info</name>
         <load_address>0x8b2e</load_address>
         <run_address>0x8b2e</run_address>
         <size>0x15a</size>
         <input_file_ref idref="fl-10"/>
      </object_component>
      <object_component id="oc-101">
         <name>.debug_info</name>
         <load_address>0x8c88</load_address>
         <run_address>0x8c88</run_address>
         <size>0x1ec</size>
         <input_file_ref idref="fl-11"/>
      </object_component>
      <object_component id="oc-fe">
         <name>.debug_info</name>
         <load_address>0x8e74</load_address>
         <run_address>0x8e74</run_address>
         <size>0x938</size>
         <input_file_ref idref="fl-13"/>
      </object_component>
      <object_component id="oc-123">
         <name>.debug_info</name>
         <load_address>0x97ac</load_address>
         <run_address>0x97ac</run_address>
         <size>0xec</size>
         <input_file_ref idref="fl-13"/>
      </object_component>
      <object_component id="oc-120">
         <name>.debug_info</name>
         <load_address>0x9898</load_address>
         <run_address>0x9898</run_address>
         <size>0x117</size>
         <input_file_ref idref="fl-13"/>
      </object_component>
      <object_component id="oc-7a">
         <name>.debug_info</name>
         <load_address>0x99af</load_address>
         <run_address>0x99af</run_address>
         <size>0x8db</size>
         <input_file_ref idref="fl-13"/>
      </object_component>
      <object_component id="oc-fa">
         <name>.debug_info</name>
         <load_address>0xa28a</load_address>
         <run_address>0xa28a</run_address>
         <size>0xa71</size>
         <input_file_ref idref="fl-14"/>
      </object_component>
      <object_component id="oc-75">
         <name>.debug_info</name>
         <load_address>0xacfb</load_address>
         <run_address>0xacfb</run_address>
         <size>0x76a</size>
         <input_file_ref idref="fl-15"/>
      </object_component>
      <object_component id="oc-1b8">
         <name>.debug_info</name>
         <load_address>0xb465</load_address>
         <run_address>0xb465</run_address>
         <size>0x42e</size>
         <input_file_ref idref="fl-16"/>
      </object_component>
      <object_component id="oc-e4">
         <name>.debug_info</name>
         <load_address>0xb893</load_address>
         <run_address>0xb893</run_address>
         <size>0x6b2</size>
         <input_file_ref idref="fl-1a"/>
      </object_component>
      <object_component id="oc-e1">
         <name>.debug_info</name>
         <load_address>0xbf45</load_address>
         <run_address>0xbf45</run_address>
         <size>0xea</size>
         <input_file_ref idref="fl-1a"/>
      </object_component>
      <object_component id="oc-6e">
         <name>.debug_info</name>
         <load_address>0xc02f</load_address>
         <run_address>0xc02f</run_address>
         <size>0x782</size>
         <input_file_ref idref="fl-1a"/>
      </object_component>
      <object_component id="oc-17a">
         <name>.debug_info</name>
         <load_address>0xc7b1</load_address>
         <run_address>0xc7b1</run_address>
         <size>0x9cd</size>
         <input_file_ref idref="fl-1b"/>
      </object_component>
      <object_component id="oc-177">
         <name>.debug_info</name>
         <load_address>0xd17e</load_address>
         <run_address>0xd17e</run_address>
         <size>0x127</size>
         <input_file_ref idref="fl-1b"/>
      </object_component>
      <object_component id="oc-16e">
         <name>.debug_info</name>
         <load_address>0xd2a5</load_address>
         <run_address>0xd2a5</run_address>
         <size>0xcd</size>
         <input_file_ref idref="fl-1b"/>
      </object_component>
      <object_component id="oc-171">
         <name>.debug_info</name>
         <load_address>0xd372</load_address>
         <run_address>0xd372</run_address>
         <size>0xcd</size>
         <input_file_ref idref="fl-1b"/>
      </object_component>
      <object_component id="oc-174">
         <name>.debug_info</name>
         <load_address>0xd43f</load_address>
         <run_address>0xd43f</run_address>
         <size>0xcd</size>
         <input_file_ref idref="fl-1b"/>
      </object_component>
      <object_component id="oc-83">
         <name>.debug_info</name>
         <load_address>0xd50c</load_address>
         <run_address>0xd50c</run_address>
         <size>0x8d8</size>
         <input_file_ref idref="fl-1b"/>
      </object_component>
      <object_component id="oc-2ae">
         <name>.debug_info</name>
         <load_address>0xdde4</load_address>
         <run_address>0xdde4</run_address>
         <size>0x8a8</size>
         <input_file_ref idref="fl-1c"/>
      </object_component>
      <object_component id="oc-2a7">
         <name>.debug_info</name>
         <load_address>0xe68c</load_address>
         <run_address>0xe68c</run_address>
         <size>0xc7</size>
         <input_file_ref idref="fl-1c"/>
      </object_component>
      <object_component id="oc-2ab">
         <name>.debug_info</name>
         <load_address>0xe753</load_address>
         <run_address>0xe753</run_address>
         <size>0xc5</size>
         <input_file_ref idref="fl-1c"/>
      </object_component>
      <object_component id="oc-293">
         <name>.debug_info</name>
         <load_address>0xe818</load_address>
         <run_address>0xe818</run_address>
         <size>0xd3</size>
         <input_file_ref idref="fl-1c"/>
      </object_component>
      <object_component id="oc-296">
         <name>.debug_info</name>
         <load_address>0xe8eb</load_address>
         <run_address>0xe8eb</run_address>
         <size>0xc5</size>
         <input_file_ref idref="fl-1c"/>
      </object_component>
      <object_component id="oc-299">
         <name>.debug_info</name>
         <load_address>0xe9b0</load_address>
         <run_address>0xe9b0</run_address>
         <size>0xc7</size>
         <input_file_ref idref="fl-1c"/>
      </object_component>
      <object_component id="oc-10e">
         <name>.debug_info</name>
         <load_address>0xea77</load_address>
         <run_address>0xea77</run_address>
         <size>0x124e</size>
         <input_file_ref idref="fl-1c"/>
      </object_component>
      <object_component id="oc-2c3">
         <name>.debug_info</name>
         <load_address>0xfcc5</load_address>
         <run_address>0xfcc5</run_address>
         <size>0x333</size>
         <input_file_ref idref="fl-da"/>
      </object_component>
      <object_component id="oc-115">
         <name>.debug_info</name>
         <load_address>0xfff8</load_address>
         <run_address>0xfff8</run_address>
         <size>0x1d1</size>
         <input_file_ref idref="fl-da"/>
      </object_component>
      <object_component id="oc-2b7">
         <name>.debug_info</name>
         <load_address>0x101c9</load_address>
         <run_address>0x101c9</run_address>
         <size>0x18d</size>
         <input_file_ref idref="fl-da"/>
      </object_component>
      <object_component id="oc-2bd">
         <name>.debug_info</name>
         <load_address>0x10356</load_address>
         <run_address>0x10356</run_address>
         <size>0x16d</size>
         <input_file_ref idref="fl-da"/>
      </object_component>
      <object_component id="oc-46d">
         <name>.debug_info</name>
         <load_address>0x104c3</load_address>
         <run_address>0x104c3</run_address>
         <size>0x2c</size>
         <input_file_ref idref="fl-da"/>
      </object_component>
      <object_component id="oc-ac">
         <name>.debug_info</name>
         <load_address>0x104ef</load_address>
         <run_address>0x104ef</run_address>
         <size>0x147</size>
         <input_file_ref idref="fl-db"/>
      </object_component>
      <object_component id="oc-42b">
         <name>.debug_info</name>
         <load_address>0x10636</load_address>
         <run_address>0x10636</run_address>
         <size>0x14c</size>
         <input_file_ref idref="fl-dc"/>
      </object_component>
      <object_component id="oc-375">
         <name>.debug_info</name>
         <load_address>0x10782</load_address>
         <run_address>0x10782</run_address>
         <size>0x128</size>
         <input_file_ref idref="fl-dd"/>
      </object_component>
      <object_component id="oc-41b">
         <name>.debug_info</name>
         <load_address>0x108aa</load_address>
         <run_address>0x108aa</run_address>
         <size>0x12a</size>
         <input_file_ref idref="fl-dd"/>
      </object_component>
      <object_component id="oc-d6">
         <name>.debug_info</name>
         <load_address>0x109d4</load_address>
         <run_address>0x109d4</run_address>
         <size>0x13a</size>
         <input_file_ref idref="fl-de"/>
      </object_component>
      <object_component id="oc-416">
         <name>.debug_info</name>
         <load_address>0x10b0e</load_address>
         <run_address>0x10b0e</run_address>
         <size>0x13a</size>
         <input_file_ref idref="fl-df"/>
      </object_component>
      <object_component id="oc-db">
         <name>.debug_info</name>
         <load_address>0x10c48</load_address>
         <run_address>0x10c48</run_address>
         <size>0x12e</size>
         <input_file_ref idref="fl-e0"/>
      </object_component>
      <object_component id="oc-2a2">
         <name>.debug_info</name>
         <load_address>0x10d76</load_address>
         <run_address>0x10d76</run_address>
         <size>0x12c</size>
         <input_file_ref idref="fl-e2"/>
      </object_component>
      <object_component id="oc-428">
         <name>.debug_info</name>
         <load_address>0x10ea2</load_address>
         <run_address>0x10ea2</run_address>
         <size>0x12c</size>
         <input_file_ref idref="fl-e3"/>
      </object_component>
      <object_component id="oc-38">
         <name>.debug_info</name>
         <load_address>0x10fce</load_address>
         <run_address>0x10fce</run_address>
         <size>0x119</size>
         <input_file_ref idref="fl-e4"/>
      </object_component>
      <object_component id="oc-d3">
         <name>.debug_info</name>
         <load_address>0x110e7</load_address>
         <run_address>0x110e7</run_address>
         <size>0x12e</size>
         <input_file_ref idref="fl-e5"/>
      </object_component>
      <object_component id="oc-aa">
         <name>.debug_info</name>
         <load_address>0x11215</load_address>
         <run_address>0x11215</run_address>
         <size>0x2d4</size>
         <input_file_ref idref="fl-e6"/>
      </object_component>
      <object_component id="oc-45">
         <name>.debug_info</name>
         <load_address>0x114e9</load_address>
         <run_address>0x114e9</run_address>
         <size>0x1d2</size>
         <input_file_ref idref="fl-e6"/>
      </object_component>
      <object_component id="oc-a5">
         <name>.debug_info</name>
         <load_address>0x116bb</load_address>
         <run_address>0x116bb</run_address>
         <size>0x46</size>
         <input_file_ref idref="fl-e6"/>
      </object_component>
      <object_component id="oc-1ae">
         <name>.debug_info</name>
         <load_address>0x11701</load_address>
         <run_address>0x11701</run_address>
         <size>0x2c</size>
         <input_file_ref idref="fl-e6"/>
      </object_component>
      <object_component id="oc-42">
         <name>.debug_info</name>
         <load_address>0x1172d</load_address>
         <run_address>0x1172d</run_address>
         <size>0x2a8</size>
         <input_file_ref idref="fl-e7"/>
      </object_component>
      <object_component id="oc-1e">
         <name>.debug_info</name>
         <load_address>0x119d5</load_address>
         <run_address>0x119d5</run_address>
         <size>0x1ea</size>
         <input_file_ref idref="fl-e7"/>
      </object_component>
      <object_component id="oc-3d">
         <name>.debug_info</name>
         <load_address>0x11bbf</load_address>
         <run_address>0x11bbf</run_address>
         <size>0x46</size>
         <input_file_ref idref="fl-e7"/>
      </object_component>
      <object_component id="oc-9d">
         <name>.debug_info</name>
         <load_address>0x11c05</load_address>
         <run_address>0x11c05</run_address>
         <size>0x2c</size>
         <input_file_ref idref="fl-e7"/>
      </object_component>
      <object_component id="oc-9b">
         <name>.debug_info</name>
         <load_address>0x11c31</load_address>
         <run_address>0x11c31</run_address>
         <size>0x29e</size>
         <input_file_ref idref="fl-e8"/>
      </object_component>
      <object_component id="oc-18">
         <name>.debug_info</name>
         <load_address>0x11ecf</load_address>
         <run_address>0x11ecf</run_address>
         <size>0x250</size>
         <input_file_ref idref="fl-e8"/>
      </object_component>
      <object_component id="oc-2d">
         <name>.debug_info</name>
         <load_address>0x1211f</load_address>
         <run_address>0x1211f</run_address>
         <size>0x60</size>
         <input_file_ref idref="fl-e8"/>
      </object_component>
      <object_component id="oc-1a7">
         <name>.debug_info</name>
         <load_address>0x1217f</load_address>
         <run_address>0x1217f</run_address>
         <size>0x46</size>
         <input_file_ref idref="fl-e8"/>
      </object_component>
      <object_component id="oc-96">
         <name>.debug_info</name>
         <load_address>0x121c5</load_address>
         <run_address>0x121c5</run_address>
         <size>0x39</size>
         <input_file_ref idref="fl-e8"/>
      </object_component>
      <object_component id="oc-46a">
         <name>.debug_info</name>
         <load_address>0x121fe</load_address>
         <run_address>0x121fe</run_address>
         <size>0x289</size>
         <input_file_ref idref="fl-e9"/>
      </object_component>
      <object_component id="oc-467">
         <name>.debug_info</name>
         <load_address>0x12487</load_address>
         <run_address>0x12487</run_address>
         <size>0x10e</size>
         <input_file_ref idref="fl-e9"/>
      </object_component>
      <object_component id="oc-3a0">
         <name>.debug_info</name>
         <load_address>0x12595</load_address>
         <run_address>0x12595</run_address>
         <size>0x14e</size>
         <input_file_ref idref="fl-e9"/>
      </object_component>
      <object_component id="oc-2a">
         <name>.debug_info</name>
         <load_address>0x126e3</load_address>
         <run_address>0x126e3</run_address>
         <size>0x10b</size>
         <input_file_ref idref="fl-ea"/>
      </object_component>
      <object_component id="oc-56">
         <name>.debug_info</name>
         <load_address>0x127ee</load_address>
         <run_address>0x127ee</run_address>
         <size>0x1a9</size>
         <input_file_ref idref="fl-ea"/>
      </object_component>
      <object_component id="oc-3a3">
         <name>.debug_info</name>
         <load_address>0x12997</load_address>
         <run_address>0x12997</run_address>
         <size>0x590</size>
         <input_file_ref idref="fl-eb"/>
      </object_component>
      <object_component id="oc-36f">
         <name>.debug_info</name>
         <load_address>0x12f27</load_address>
         <run_address>0x12f27</run_address>
         <size>0x21e</size>
         <input_file_ref idref="fl-eb"/>
      </object_component>
      <object_component id="oc-432">
         <name>.debug_info</name>
         <load_address>0x13145</load_address>
         <run_address>0x13145</run_address>
         <size>0x1b3</size>
         <input_file_ref idref="fl-eb"/>
      </object_component>
      <object_component id="oc-438">
         <name>.debug_info</name>
         <load_address>0x132f8</load_address>
         <run_address>0x132f8</run_address>
         <size>0x21b</size>
         <input_file_ref idref="fl-eb"/>
      </object_component>
      <object_component id="oc-37b">
         <name>.debug_info</name>
         <load_address>0x13513</load_address>
         <run_address>0x13513</run_address>
         <size>0x3c0</size>
         <input_file_ref idref="fl-eb"/>
      </object_component>
      <object_component id="oc-43f">
         <name>.debug_info</name>
         <load_address>0x138d3</load_address>
         <run_address>0x138d3</run_address>
         <size>0x30a</size>
         <input_file_ref idref="fl-eb"/>
      </object_component>
      <object_component id="oc-446">
         <name>.debug_info</name>
         <load_address>0x13bdd</load_address>
         <run_address>0x13bdd</run_address>
         <size>0x215</size>
         <input_file_ref idref="fl-eb"/>
      </object_component>
      <object_component id="oc-381">
         <name>.debug_info</name>
         <load_address>0x13df2</load_address>
         <run_address>0x13df2</run_address>
         <size>0x215</size>
         <input_file_ref idref="fl-eb"/>
      </object_component>
      <object_component id="oc-388">
         <name>.debug_info</name>
         <load_address>0x14007</load_address>
         <run_address>0x14007</run_address>
         <size>0x304</size>
         <input_file_ref idref="fl-eb"/>
      </object_component>
      <object_component id="oc-38d">
         <name>.debug_info</name>
         <load_address>0x1430b</load_address>
         <run_address>0x1430b</run_address>
         <size>0x4b5</size>
         <input_file_ref idref="fl-eb"/>
      </object_component>
      <object_component id="oc-2b4">
         <name>.debug_info</name>
         <load_address>0x147c0</load_address>
         <run_address>0x147c0</run_address>
         <size>0x5f4</size>
         <input_file_ref idref="fl-eb"/>
      </object_component>
      <object_component id="oc-3a4">
         <name>.debug_info</name>
         <load_address>0x14db4</load_address>
         <run_address>0x14db4</run_address>
         <size>0x86</size>
         <input_file_ref idref="fl-eb"/>
      </object_component>
      <object_component id="oc-472">
         <name>.debug_info</name>
         <load_address>0x14e3a</load_address>
         <run_address>0x14e3a</run_address>
         <size>0x39</size>
         <input_file_ref idref="fl-eb"/>
      </object_component>
      <object_component id="oc-4cc">
         <name>.debug_info</name>
         <load_address>0x14e73</load_address>
         <run_address>0x14e73</run_address>
         <size>0xb6</size>
         <input_file_ref idref="fl-eb"/>
      </object_component>
      <object_component id="oc-477">
         <name>.debug_info</name>
         <load_address>0x14f29</load_address>
         <run_address>0x14f29</run_address>
         <size>0x46</size>
         <input_file_ref idref="fl-eb"/>
      </object_component>
      <object_component id="oc-3a9">
         <name>.debug_info</name>
         <load_address>0x14f6f</load_address>
         <run_address>0x14f6f</run_address>
         <size>0x46</size>
         <input_file_ref idref="fl-eb"/>
      </object_component>
      <object_component id="oc-411">
         <name>.debug_info</name>
         <load_address>0x14fb5</load_address>
         <run_address>0x14fb5</run_address>
         <size>0x134</size>
         <input_file_ref idref="fl-ec"/>
      </object_component>
      <object_component id="oc-314">
         <name>.debug_info</name>
         <load_address>0x150e9</load_address>
         <run_address>0x150e9</run_address>
         <size>0x4b3</size>
         <input_file_ref idref="fl-ed"/>
      </object_component>
      <object_component id="oc-1cb">
         <name>.debug_info</name>
         <load_address>0x1559c</load_address>
         <run_address>0x1559c</run_address>
         <size>0x1a6</size>
         <input_file_ref idref="fl-ed"/>
      </object_component>
      <object_component id="oc-3f3">
         <name>.debug_info</name>
[...]
         <name>sprintf</name>
         <value>0x4201</value>
         <object_component_ref idref="oc-113"/>
      </symbol>
      <symbol id="sm-49c">
         <name>__aeabi_memset</name>
         <value>0x3dcf</value>
         <object_component_ref idref="oc-ab"/>
      </symbol>
      <symbol id="sm-49d">
         <name>memset</name>
         <value>0x3dd5</value>
         <object_component_ref idref="oc-ab"/>
      </symbol>
      <symbol id="sm-49e">
         <name>__aeabi_memset8</name>
         <value>0x3dcf</value>
         <object_component_ref idref="oc-ab"/>
      </symbol>
      <symbol id="sm-49f">
         <name>__aeabi_memset4</name>
         <value>0x3dcf</value>
         <object_component_ref idref="oc-ab"/>
      </symbol>
      <symbol id="sm-4a0">
         <name>__aeabi_memclr8</name>
         <value>0x3dcd</value>
         <object_component_ref idref="oc-ab"/>
      </symbol>
      <symbol id="sm-4a1">
         <name>__aeabi_memclr4</name>
         <value>0x3dcd</value>
         <object_component_ref idref="oc-ab"/>
      </symbol>
      <symbol id="sm-4a2">
         <name>__aeabi_memclr</name>
         <value>0x3dcd</value>
         <object_component_ref idref="oc-ab"/>
      </symbol>
      <symbol id="sm-4b9">
         <name>__aeabi_dsub</name>
         <value>0x2cdd</value>
         <object_component_ref idref="oc-42a"/>
      </symbol>
      <symbol id="sm-4ba">
         <name>__aeabi_dadd</name>
         <value>0x2ce7</value>
         <object_component_ref idref="oc-42a"/>
      </symbol>
      <symbol id="sm-4dc">
         <name>__aeabi_cdcmpeq</name>
         <value>0x3cc1</value>
         <object_component_ref idref="oc-373"/>
      </symbol>
      <symbol id="sm-4dd">
         <name>__aeabi_cdcmple</name>
         <value>0x3cc1</value>
         <object_component_ref idref="oc-373"/>
      </symbol>
      <symbol id="sm-4de">
         <name>__aeabi_cdrcmple</name>
         <value>0x3d47</value>
         <object_component_ref idref="oc-41a"/>
      </symbol>
      <symbol id="sm-4f2">
         <name>__aeabi_ddiv</name>
         <value>0x3451</value>
         <object_component_ref idref="oc-d5"/>
      </symbol>
      <symbol id="sm-4fd">
         <name>__aeabi_dmul</name>
         <value>0x37bd</value>
         <object_component_ref idref="oc-415"/>
      </symbol>
      <symbol id="sm-507">
         <name>__aeabi_d2iz</name>
         <value>0x4175</value>
         <object_component_ref idref="oc-da"/>
      </symbol>
      <symbol id="sm-513">
         <name>__aeabi_f2d</name>
         <value>0x427f</value>
         <object_component_ref idref="oc-2a1"/>
      </symbol>
      <symbol id="sm-51d">
         <name>__aeabi_i2d</name>
         <value>0x43b1</value>
         <object_component_ref idref="oc-425"/>
      </symbol>
      <symbol id="sm-538">
         <name>memcpy</name>
         <value>0x3af9</value>
         <object_component_ref idref="oc-37"/>
      </symbol>
      <symbol id="sm-539">
         <name>__aeabi_memcpy</name>
         <value>0x3af9</value>
         <object_component_ref idref="oc-37"/>
      </symbol>
      <symbol id="sm-53a">
         <name>__aeabi_memcpy8</name>
         <value>0x3af9</value>
         <object_component_ref idref="oc-37"/>
      </symbol>
      <symbol id="sm-53b">
         <name>__aeabi_memcpy4</name>
         <value>0x3af9</value>
         <object_component_ref idref="oc-37"/>
      </symbol>
      <symbol id="sm-545">
         <name>__aeabi_ui2d</name>
         <value>0x4565</value>
         <object_component_ref idref="oc-d0"/>
      </symbol>
      <symbol id="sm-55e">
         <name>__TI_zero_init_nomemset</name>
         <value>0x4585</value>
         <object_component_ref idref="oc-43"/>
      </symbol>
      <symbol id="sm-575">
         <name>__TI_decompress_none</name>
         <value>0x4723</value>
         <object_component_ref idref="oc-1d"/>
      </symbol>
      <symbol id="sm-598">
         <name>__TI_decompress_lzss</name>
         <value>0x3eb5</value>
         <object_component_ref idref="oc-17"/>
      </symbol>
      <symbol id="sm-5ae">
         <name>__aeabi_errno_addr</name>
         <value>0x4781</value>
         <object_component_ref idref="oc-39c"/>
      </symbol>
      <symbol id="sm-5af">
         <name>errno</name>
         <value>0x20002aa8</value>
         <object_component_ref idref="oc-466"/>
      </symbol>
      <symbol id="sm-5c2">
         <name>__stack</name>
         <value>0x2000fe00</value>
         <object_component_ref idref="oc-29"/>
      </symbol>
      <symbol id="sm-5c3">
         <name>_c_int00_noargs</name>
         <value>0x42b9</value>
         <object_component_ref idref="oc-55"/>
      </symbol>
      <symbol id="sm-728">
         <name>__TI_printfi</name>
         <value>0xe5</value>
         <object_component_ref idref="oc-2b0"/>
      </symbol>
      <symbol id="sm-735">
         <name>__aeabi_uldivmod</name>
         <value>0x3b95</value>
         <object_component_ref idref="oc-40e"/>
      </symbol>
      <symbol id="sm-75d">
         <name>__TI_auto_init_nobinit_nopinit</name>
         <value>0x41bd</value>
         <object_component_ref idref="oc-1ca"/>
      </symbol>
      <symbol id="sm-767">
         <name>_system_pre_init</name>
         <value>0x478f</value>
         <object_component_ref idref="oc-b1"/>
      </symbol>
      <symbol id="sm-773">
         <name>C$$EXIT</name>
         <value>0x4793</value>
         <object_component_ref idref="oc-1be"/>
      </symbol>
      <symbol id="sm-774">
         <name>abort</name>
         <value>0x4793</value>
         <object_component_ref idref="oc-1be"/>
      </symbol>
      <symbol id="sm-784">
         <name>__TI_ltoa</name>
         <value>0x403b</value>
         <object_component_ref idref="oc-41f"/>
      </symbol>
      <symbol id="sm-79b">
         <name>atoi</name>
         <value>0x40e1</value>
         <object_component_ref idref="oc-367"/>
      </symbol>
      <symbol id="sm-7a6">
         <name>_ctypes_</name>
         <value>0x4b80</value>
         <object_component_ref idref="oc-409"/>
      </symbol>
      <symbol id="sm-7b6">
         <name>memccpy</name>
         <value>0x45a1</value>
         <object_component_ref idref="oc-390"/>
      </symbol>
      <symbol id="sm-7c6">
         <name>strchr</name>
         <value>0x4667</value>
         <object_component_ref idref="oc-456"/>
      </symbol>
      <symbol id="sm-7d4">
         <name>strlen</name>
         <value>0x46cd</value>
         <object_component_ref idref="oc-361"/>
      </symbol>
      <symbol id="sm-7f4">
         <name>frexpl</name>
         <value>0x3f81</value>
         <object_component_ref idref="oc-44a"/>
      </symbol>
      <symbol id="sm-7f5">
         <name>frexp</name>
         <value>0x3f81</value>
         <object_component_ref idref="oc-44a"/>
      </symbol>
      <symbol id="sm-812">
         <name>scalbn</name>
         <value>0x36ad</value>
         <object_component_ref idref="oc-450"/>
      </symbol>
      <symbol id="sm-813">
         <name>scalbnl</name>
         <value>0x36ad</value>
         <object_component_ref idref="oc-450"/>
      </symbol>
      <symbol id="sm-814">
         <name>ldexpl</name>
         <value>0x36ad</value>
         <object_component_ref idref="oc-450"/>
      </symbol>
      <symbol id="sm-815">
         <name>ldexp</name>
         <value>0x36ad</value>
         <object_component_ref idref="oc-450"/>
      </symbol>
      <symbol id="sm-82e">
         <name>wcslen</name>
         <value>0x46e1</value>
         <object_component_ref idref="oc-396"/>
      </symbol>
      <symbol id="sm-838">
         <name>__aeabi_idiv0</name>
         <value>0xb33</value>
         <object_component_ref idref="oc-49e"/>
      </symbol>
      <symbol id="sm-839">
         <name>__aeabi_ldiv0</name>
         <value>0xb33</value>
         <object_component_ref idref="oc-49e"/>
      </symbol>
      <symbol id="sm-843">
         <name>copysign</name>
         <value>0x45bd</value>
         <object_component_ref idref="oc-4b5"/>
      </symbol>
      <symbol id="sm-844">
         <name>copysignl</name>
         <value>0x45bd</value>
         <object_component_ref idref="oc-4b5"/>
      </symbol>
      <symbol id="sm-864">
         <name>CS_setDCOCenteredFrequency</name>
         <value>0x448d</value>
         <object_component_ref idref="oc-181"/>
      </symbol>
      <symbol id="sm-875">
         <name>FlashCtl_setWaitState</name>
         <value>0x4465</value>
         <object_component_ref idref="oc-12b"/>
      </symbol>
      <symbol id="sm-901">
         <name>GPIO_setAsInputPin</name>
         <value>0x43e1</value>
         <object_component_ref idref="oc-248"/>
      </symbol>
      <symbol id="sm-902">
         <name>GPIO_setOutputHighOnPin</name>
         <value>0x4691</value>
         <object_component_ref idref="oc-23c"/>
      </symbol>
      <symbol id="sm-903">
         <name>GPIO_setAsInputPinWithPullUpResistor</name>
         <value>0x4351</value>
         <object_component_ref idref="oc-260"/>
      </symbol>
      <symbol id="sm-904">
         <name>GPIO_getInterruptStatus</name>
         <value>0x46f5</value>
         <object_component_ref idref="oc-225"/>
      </symbol>
      <symbol id="sm-905">
         <name>GPIO_enableInterrupt</name>
         <value>0x467d</value>
         <object_component_ref idref="oc-266"/>
      </symbol>
      <symbol id="sm-906">
         <name>GPIO_getEnabledInterruptStatus</name>
         <value>0x4321</value>
         <object_component_ref idref="oc-eb"/>
      </symbol>
      <symbol id="sm-907">
         <name>GPIO_setAsOutputPin</name>
         <value>0x44b1</value>
         <object_component_ref idref="oc-236"/>
      </symbol>
      <symbol id="sm-908">
         <name>GPIO_setOutputLowOnPin</name>
         <value>0x4609</value>
         <object_component_ref idref="oc-242"/>
      </symbol>
      <symbol id="sm-909">
         <name>GPIO_clearInterruptFlag</name>
         <value>0x45d9</value>
         <object_component_ref idref="oc-f1"/>
      </symbol>
      <symbol id="sm-90a">
         <name>GPIO_toggleOutputOnPin</name>
         <value>0x46a5</value>
         <object_component_ref idref="oc-254"/>
      </symbol>
      <symbol id="sm-90b">
         <name>GPIO_getInputPinValue</name>
         <value>0x45f1</value>
         <object_component_ref idref="oc-24e"/>
      </symbol>
      <symbol id="sm-90c">
         <name>GPIO_setAsPeripheralModuleFunctionInputPin</name>
         <value>0x412d</value>
         <object_component_ref idref="oc-137"/>
      </symbol>
      <symbol id="sm-94d">
         <name>Interrupt_setPriority</name>
         <value>0x44d5</value>
         <object_component_ref idref="oc-107"/>
      </symbol>
      <symbol id="sm-94e">
         <name>Interrupt_enableMaster</name>
         <value>0x4705</value>
         <object_component_ref idref="oc-272"/>
      </symbol>
      <symbol id="sm-94f">
         <name>Interrupt_enableInterrupt</name>
         <value>0x3f1d</value>
         <object_component_ref idref="oc-14f"/>
      </symbol>
      <symbol id="sm-9b5">
         <name>PCM_setCoreVoltageLevel</name>
         <value>0x476f</value>
         <object_component_ref idref="oc-131"/>
      </symbol>
      <symbol id="sm-9b6">
         <name>PCM_getCoreVoltageLevel</name>
         <value>0x440d</value>
         <object_component_ref idref="oc-3bf"/>
      </symbol>
      <symbol id="sm-9b7">
         <name>PCM_getPowerMode</name>
         <value>0x4439</value>
         <object_component_ref idref="oc-3b9"/>
      </symbol>
      <symbol id="sm-9b8">
         <name>PCM_getPowerState</name>
         <value>0x474d</value>
         <object_component_ref idref="oc-3c5"/>
      </symbol>
      <symbol id="sm-9b9">
         <name>PCM_setPowerMode</name>
         <value>0x4777</value>
         <object_component_ref idref="oc-3cb"/>
      </symbol>
      <symbol id="sm-9ca">
         <name>SysCtl_enableSRAMBankRetention</name>
         <value>0x46b9</value>
         <object_component_ref idref="oc-26c"/>
      </symbol>
      <symbol id="sm-a2b">
         <name>UART_enableInterrupt</name>
         <value>0x4651</value>
         <object_component_ref idref="oc-149"/>
      </symbol>
      <symbol id="sm-a2c">
         <name>UART_receiveData</name>
         <value>0x451d</value>
         <object_component_ref idref="oc-167"/>
      </symbol>
      <symbol id="sm-a2d">
         <name>UART_enableModule</name>
         <value>0x4759</value>
         <object_component_ref idref="oc-143"/>
      </symbol>
      <symbol id="sm-a2e">
         <name>UART_getEnabledInterruptStatus</name>
         <value>0x4381</value>
         <object_component_ref idref="oc-15b"/>
      </symbol>
      <symbol id="sm-a2f">
         <name>UART_transmitData</name>
         <value>0x4541</value>
         <object_component_ref idref="oc-155"/>
      </symbol>
      <symbol id="sm-a30">
         <name>UART_getInterruptStatus</name>
         <value>0x4789</value>
         <object_component_ref idref="oc-2e1"/>
      </symbol>
      <symbol id="sm-a31">
         <name>UART_initModule</name>
         <value>0x3c2d</value>
         <object_component_ref idref="oc-13d"/>
      </symbol>
      <symbol id="sm-a32">
         <name>UART_clearInterruptFlag</name>
         <value>0x4715</value>
         <object_component_ref idref="oc-161"/>
      </symbol>
      <symbol id="sm-a33">
         <name>UART_disableInterrupt</name>
         <value>0x44f9</value>
         <object_component_ref idref="oc-187"/>
      </symbol>
      <symbol id="sm-a3f">
         <name>WDT_A_holdTimer</name>
         <value>0x4621</value>
         <object_component_ref idref="oc-25a"/>
      </symbol>
      <symbol id="sm-a49">
         <name>CPU_cpsie</name>
         <value>0x473f</value>
         <object_component_ref idref="oc-340"/>
      </symbol>
      <symbol id="sm-a4a">
         <name>__TI_static_base__</name>
         <value>0x0</value>
      </symbol>
      <symbol id="sm-a4d">
         <name>__mpu_init</name>
         <value>0x0</value>
      </symbol>
      <symbol id="sm-a4e">
         <name>_system_post_cinit</name>
         <value>0x0</value>
      </symbol>
      <symbol id="sm-a4f">
         <name>NMI_Handler</name>
         <value>0x473d</value>
      </symbol>
      <symbol id="sm-a50">
         <name>HardFault_Handler</name>
         <value>0x473d</value>
      </symbol>
      <symbol id="sm-a51">
         <name>MemManage_Handler</name>
         <value>0x473d</value>
      </symbol>
      <symbol id="sm-a52">
         <name>BusFault_Handler</name>
         <value>0x473d</value>
      </symbol>
      <symbol id="sm-a53">
         <name>UsageFault_Handler</name>
         <value>0x473d</value>
      </symbol>
      <symbol id="sm-a54">
         <name>SVC_Handler</name>
         <value>0x473d</value>
      </symbol>
      <symbol id="sm-a55">
         <name>DebugMon_Handler</name>
         <value>0x473d</value>
      </symbol>
      <symbol id="sm-a56">
         <name>PendSV_Handler</name>
         <value>0x473d</value>
      </symbol>
      <symbol id="sm-a57">
         <name>SysTick_Handler</name>
         <value>0x28b5</value>
      </symbol>
      <symbol id="sm-a58">
         <name>PSS_IRQHandler</name>
         <value>0x473d</value>
      </symbol>
      <symbol id="sm-a59">
         <name>CS_IRQHandler</name>
         <value>0x473d</value>
      </symbol>
      <symbol id="sm-a5a">
         <name>PCM_IRQHandler</name>
         <value>0x473d</value>
      </symbol>
      <symbol id="sm-a5b">
         <name>WDT_A_IRQHandler</name>
         <value>0x473d</value>
      </symbol>
      <symbol id="sm-a5c">
         <name>FPU_IRQHandler</name>
         <value>0x473d</value>
      </symbol>
      <symbol id="sm-a5d">
         <name>FLCTL_IRQHandler</name>
         <value>0x473d</value>
      </symbol>
      <symbol id="sm-a5e">
         <name>COMP_E0_IRQHandler</name>
         <value>0x473d</value>
      </symbol>
      <symbol id="sm-a5f">
         <name>COMP_E1_IRQHandler</name>
         <value>0x473d</value>
      </symbol>
      <symbol id="sm-a60">
         <name>TA0_0_IRQHandler</name>
         <value>0x21b9</value>
      </symbol>
      <symbol id="sm-a61">
         <name>TA0_N_IRQHandler</name>
         <value>0x1ab1</value>
      </symbol>
      <symbol id="sm-a62">
         <name>TA1_0_IRQHandler</name>
         <value>0x21cf</value>
      </symbol>
      <symbol id="sm-a63">
         <name>TA1_N_IRQHandler</name>
         <value>0x473d</value>
      </symbol>
      <symbol id="sm-a64">
         <name>TA2_0_IRQHandler</name>
         <value>0x21db</value>
      </symbol>
      <symbol id="sm-a65">
         <name>TA2_N_IRQHandler</name>
         <value>0x473d</value>
      </symbol>
      <symbol id="sm-a66">
         <name>TA3_0_IRQHandler</name>
         <value>0x21e7</value>
      </symbol>
      <symbol id="sm-a67">
         <name>TA3_N_IRQHandler</name>
         <value>0x473d</value>
      </symbol>
      <symbol id="sm-a68">
         <name>EUSCIA0_IRQHandler</name>
         <value>0x3161</value>
      </symbol>
      <symbol id="sm-a69">
         <name>EUSCIA1_IRQHandler</name>
         <value>0x473d</value>
      </symbol>
      <symbol id="sm-a6a">
         <name>EUSCIA2_IRQHandler</name>
         <value>0x318f</value>
      </symbol>
      <symbol id="sm-a6b">
         <name>EUSCIA3_IRQHandler</name>
         <value>0x2edd</value>
      </symbol>
      <symbol id="sm-a6c">
         <name>EUSCIB0_IRQHandler</name>
         <value>0x473d</value>
      </symbol>
      <symbol id="sm-a6d">
         <name>EUSCIB1_IRQHandler</name>
         <value>0x473d</value>
      </symbol>
      <symbol id="sm-a6e">
         <name>EUSCIB2_IRQHandler</name>
         <value>0x473d</value>
      </symbol>
      <symbol id="sm-a6f">
         <name>EUSCIB3_IRQHandler</name>
         <value>0x473d</value>
      </symbol>
      <symbol id="sm-a70">
         <name>ADC14_IRQHandler</name>
         <value>0x1805</value>
      </symbol>
      <symbol id="sm-a71">
         <name>T32_INT1_IRQHandler</name>
         <value>0x473d</value>
      </symbol>
      <symbol id="sm-a72">
         <name>T32_INT2_IRQHandler</name>
         <value>0x473d</value>
      </symbol>
      <symbol id="sm-a73">
         <name>T32_INTC_IRQHandler</name>
         <value>0x473d</value>
      </symbol>
      <symbol id="sm-a74">
         <name>AES256_IRQHandler</name>
         <value>0x473d</value>
      </symbol>
      <symbol id="sm-a75">
         <name>RTC_C_IRQHandler</name>
         <value>0x473d</value>
      </symbol>
      <symbol id="sm-a76">
         <name>DMA_ERR_IRQHandler</name>
         <value>0x473d</value>
      </symbol>
      <symbol id="sm-a77">
         <name>DMA_INT3_IRQHandler</name>
         <value>0x473d</value>
      </symbol>
      <symbol id="sm-a78">
         <name>DMA_INT2_IRQHandler</name>
         <value>0x473d</value>
      </symbol>
      <symbol id="sm-a79">
         <name>DMA_INT1_IRQHandler</name>
         <value>0x473d</value>
      </symbol>
      <symbol id="sm-a7a">
         <name>DMA_INT0_IRQHandler</name>
         <value>0x473d</value>
      </symbol>
      <symbol id="sm-a7b">
         <name>PORT1_IRQHandler</name>
         <value>0x1f6d</value>
      </symbol>
      <symbol id="sm-a7c">
         <name>PORT2_IRQHandler</name>
         <value>0x1fb5</value>
      </symbol>
      <symbol id="sm-a7d">
         <name>PORT3_IRQHandler</name>
         <value>0x201b</value>
      </symbol>
      <symbol id="sm-a7e">
         <name>PORT4_IRQHandler</name>
         <value>0x206d</value>
      </symbol>
      <symbol id="sm-a7f">
         <name>PORT5_IRQHandler</name>
         <value>0x20e7</value>
      </symbol>
      <symbol id="sm-a80">
         <name>PORT6_IRQHandler</name>
         <value>0x214d</value>
      </symbol>
   </symbol_table>
   <title>Link successful</title>
</link_info>
