******************************************************************************
                  TI ARM Linker PC v20.2.1                     
******************************************************************************
>> Linked Sat Dec 18 19:51:18 2021

OUTPUT FILE NAME:   <9.Exin_Buzzer.out>
ENTRY POINT SYMBOL: "_c_int00_noargs"  address: 000044a5


MEMORY CONFIGURATION

         name            origin    length      used     unused   attr    fill
----------------------  --------  ---------  --------  --------  ----  --------
  MAIN                  00000000   00040000  00004ff2  0003b00e  R  X
  INFO                  00200000   00004000  00000000  00004000  R  X
  SRAM_CODE             01000000   00010000  00002d18  0000d2e8  RW X
  SRAM_DATA             20000000   00010000  00002d18  0000d2e8  RW  


SEGMENT ALLOCATION MAP

run origin  load origin   length   init length attrs members
----------  ----------- ---------- ----------- ----- -------
00000000    00000000    00004ff8   00004ff8    r-x
  00000000    00000000    000000e4   000000e4    r-- .intvecs
  000000e4    000000e4    00004892   00004892    r-x .text
  00004978    00004978    0000060c   0000060c    r-- .const
  00004f88    00004f88    00000070   00000070    r-- .cinit
20000000    20000000    00002b19   00000000    rw-
  20000000    20000000    00002aab   00000000    rw- .data
  20002aac    20002aac    0000006d   00000000    rw- .bss
2000fe00    2000fe00    00000200   00000000    rw-
  2000fe00    2000fe00    00000200   00000000    rw- .stack


SECTION ALLOCATION MAP

 output                                  attributes/
section   page    origin      length       input sections
--------  ----  ----------  ----------   ----------------
.intvecs   0    00000000    000000e4     
                  00000000    000000e4     startup_msp432p401r_ccs.obj (.intvecs:retain)

.text      0    000000e4    00004892     
                  000000e4    00000a4e     rtsv7M4_T_le_v4SPD16_eabi.lib : _printfi.c.obj (.text:__TI_printfi)
                  00000b32    00000002                                   : div0.asm.obj (.text)
                  00000b34    000008f0     exinADC.obj (.text)
                  00001424    000007dc     oled.obj (.text)
                  00001c00    000003f0     exinencoder.obj (.text)
                  00001ff0    00000334     system_msp432p401r.obj (.text)
                  00002324    000002bc     exinisr.obj (.text)
                  000025e0    00000270     rtsv7M4_T_le_v4SPD16_eabi.lib : _printfi.c.obj (.text:_pconv_a)
                  00002850    00000268     exingpio.obj (.text)
                  00002ab8    00000240     exinsystem.obj (.text)
                  00002cf8    000001d0     rtsv7M4_T_le_v4SPD16_eabi.lib : _printfi.c.obj (.text:_pconv_g)
                  00002ec8    000001b6                                   : fd_add_t2.asm.obj (.text)
                  0000307e    00000002     --HOLE-- [fill = 0]
                  00003080    000001b4     ADS_RCV.obj (.text)
                  00003234    00000184     exinuart.obj (.text)
                  000033b8    00000148     exin_pit.obj (.text)
                  00003500    0000013c     rtsv7M4_T_le_v4SPD16_eabi.lib : _printfi.c.obj (.text:_pconv_e)
                  0000363c    00000136                                   : fd_div_t2.asm.obj (.text)
                  00003772    00000002     --HOLE-- [fill = 0]
                  00003774    00000124                                   : _printfi.c.obj (.text:fcvt)
                  00003898    00000110                                   : s_scalbn.c.obj (.text:scalbn)
                  000039a8    000000fc                                   : fd_mul_t2.asm.obj (.text)
                  00003aa4    000000dc     msp432p4xx_driverlib.lib : pcm.o (.text:__PCM_setPowerModeAdvanced)
                  00003b80    000000b1     rtsv7M4_T_le_v4SPD16_eabi.lib : _printfi.c.obj (.text:_ltostr)
                  00003c31    00000003     --HOLE-- [fill = 0]
                  00003c34    000000b0     msp432p4xx_driverlib.lib : pcm.o (.text:__PCM_setCoreVoltageLevelAdvanced)
                  00003ce4    0000009c     rtsv7M4_T_le_v4SPD16_eabi.lib : memcpy_t2.asm.obj (.text)
                  00003d80    00000096                                   : ull_div_t2.asm.obj (.text)
                  00003e16    00000002     --HOLE-- [fill = 0]
                  00003e18    00000094     msp432p4xx_driverlib.lib : uart.o (.text:UART_initModule)
                  00003eac    00000086     rtsv7M4_T_le_v4SPD16_eabi.lib : fd_cmp_t2.asm.obj (.text:__aeabi_cdcmple)
                  00003f32    00000086                                   : fd_cmp_t2.asm.obj (.text:__aeabi_cdrcmple)
                  00003fb8    0000007a                                   : memset_t2.asm.obj (.text)
                  00004032    0000006e                                   : _printfi.c.obj (.text:_mcpy)
                  000040a0    00000068                                   : copy_decompress_lzss.c.obj (.text:decompress:lzss:__TI_decompress_lzss)
                  00004108    00000064     msp432p4xx_driverlib.lib : interrupt.o (.text:Interrupt_enableInterrupt)
                  0000416c    00000064     rtsv7M4_T_le_v4SPD16_eabi.lib : s_frexp.c.obj (.text:frexp)
                  000041d0    00000056                                   : _printfi.c.obj (.text:_pconv_f)
                  00004226    00000054                                   : _ltoa.c.obj (.text:__TI_ltoa)
                  0000427a    00000052                                   : _printfi.c.obj (.text:_ecpy)
                  000042cc    0000004c                                   : atoi.c.obj (.text:atoi)
                  00004318    00000048     msp432p4xx_driverlib.lib : gpio.o (.text:GPIO_setAsPeripheralModuleFunctionInputPin)
                  00004360    00000048     rtsv7M4_T_le_v4SPD16_eabi.lib : fd_toi_t2.asm.obj (.text)
                  000043a8    00000044                                   : autoinit.c.obj (.text:__TI_auto_init_nobinit_nopinit:__TI_auto_init_nobinit_nopinit)
                  000043ec    00000040                                   : sprintf.c.obj (.text:sprintf)
                  0000442c    0000003e                                   : _printfi.c.obj (.text:_fcpy)
                  0000446a    00000038                                   : fs_tod_t2.asm.obj (.text)
                  000044a2    00000002     --HOLE-- [fill = 0]
                  000044a4    00000034                                   : boot_cortex_m.c.obj (.text:_c_int00_noargs:_c_int00_noargs)
                  000044d8    00000030     msp432p4xx_driverlib.lib : gpio.o (.text:GPIO_getEnabledInterruptStatus)
                  00004508    00000030                              : gpio.o (.text:GPIO_setAsInputPinWithPullUpResistor)
                  00004538    00000030                              : uart.o (.text:UART_getEnabledInterruptStatus)
                  00004568    0000002e     rtsv7M4_T_le_v4SPD16_eabi.lib : i_tofd_t2.asm.obj (.text)
                  00004596    00000002     --HOLE-- [fill = 0]
                  00004598    0000002c     msp432p4xx_driverlib.lib : gpio.o (.text:GPIO_setAsInputPin)
                  000045c4    0000002c                              : pcm.o (.text:PCM_getCoreVoltageLevel)
                  000045f0    0000002a                              : pcm.o (.text:PCM_getPowerMode)
                  0000461a    00000002     --HOLE-- [fill = 0]
                  0000461c    00000028                              : flash.o (.text:FlashCtl_setWaitState)
                  00004644    00000028     main.obj (.text)
                  0000466c    00000024     msp432p4xx_driverlib.lib : cs.o (.text:CS_setDCOCenteredFrequency)
                  00004690    00000024                              : gpio.o (.text:GPIO_setAsOutputPin)
                  000046b4    00000024                              : interrupt.o (.text:Interrupt_setPriority)
                  000046d8    00000024                              : uart.o (.text:UART_disableInterrupt)
                  000046fc    00000024                              : uart.o (.text:UART_receiveData)
                  00004720    00000024                              : uart.o (.text:UART_transmitData)
                  00004744    00000020     rtsv7M4_T_le_v4SPD16_eabi.lib : u_tofd_t2.asm.obj (.text)
                  00004764    0000001c                                   : copy_zero_init.c.obj (.text:decompress:ZI:__TI_zero_init_nomemset:__TI_zero_init_nomemset)
                  00004780    0000001c                                   : memccpy.c.obj (.text:memccpy)
                  0000479c    0000001a                                   : s_copysign.c.obj (.text:copysign)
                  000047b6    00000002     --HOLE-- [fill = 0]
                  000047b8    00000018     msp432p4xx_driverlib.lib : gpio.o (.text:GPIO_clearInterruptFlag)
                  000047d0    00000018                              : gpio.o (.text:GPIO_getInputPinValue)
                  000047e8    00000018                              : gpio.o (.text:GPIO_setOutputLowOnPin)
                  00004800    00000018                              : wdt_a.o (.text:WDT_A_holdTimer)
                  00004818    00000018     rtsv7M4_T_le_v4SPD16_eabi.lib : sprintf.c.obj (.text:_outs)
                  00004830    00000016     msp432p4xx_driverlib.lib : uart.o (.text:UART_enableInterrupt)
                  00004846    00000016     rtsv7M4_T_le_v4SPD16_eabi.lib : strchr.c.obj (.text:strchr)
                  0000485c    00000014     msp432p4xx_driverlib.lib : gpio.o (.text:GPIO_enableInterrupt)
                  00004870    00000014                              : gpio.o (.text:GPIO_setOutputHighOnPin)
                  00004884    00000014                              : gpio.o (.text:GPIO_toggleOutputOnPin)
                  00004898    00000014                              : sysctl.o (.text:SysCtl_enableSRAMBankRetention)
                  000048ac    00000014     rtsv7M4_T_le_v4SPD16_eabi.lib : strlen.c.obj (.text:strlen)
                  000048c0    00000012                                   : wcslen.c.obj (.text:wcslen)
                  000048d2    00000002     --HOLE-- [fill = 0]
                  000048d4    00000010     msp432p4xx_driverlib.lib : gpio.o (.text:GPIO_getInterruptStatus)
                  000048e4    00000010                              : interrupt.o (.text:Interrupt_enableMaster)
                  000048f4    0000000e                              : uart.o (.text:UART_clearInterruptFlag)
                  00004902    0000000e     rtsv7M4_T_le_v4SPD16_eabi.lib : copy_decompress_none.c.obj (.text:decompress:none:__TI_decompress_none)
                  00004910    0000000e     startup_msp432p401r_ccs.obj (.text)
                  0000491e    0000000c     msp432p4xx_driverlib.lib : cpu.o (.text:CPU_cpsie)
                  0000492a    00000002     --HOLE-- [fill = 0]
                  0000492c    0000000c                              : pcm.o (.text:PCM_getPowerState)
                  00004938    0000000c                              : uart.o (.text:UART_enableModule)
                  00004944    0000000a     rtsv7M4_T_le_v4SPD16_eabi.lib : sprintf.c.obj (.text:_outc)
                  0000494e    00000008     msp432p4xx_driverlib.lib : pcm.o (.text:PCM_setCoreVoltageLevel)
                  00004956    00000008                              : pcm.o (.text:PCM_setPowerMode)
                  0000495e    00000002     --HOLE-- [fill = 0]
                  00004960    00000008     rtsv7M4_T_le_v4SPD16_eabi.lib : errno.c.obj (.text:__aeabi_errno_addr)
                  00004968    00000006     msp432p4xx_driverlib.lib : uart.o (.text:UART_getInterruptStatus)
                  0000496e    00000004     rtsv7M4_T_le_v4SPD16_eabi.lib : pre_init.c.obj (.text:_system_pre_init)
                  00004972    00000004                                   : exit.c.obj (.text:abort:abort)

.const     0    00004978    0000060c     
                  00004978    00000228     oled.obj (.const:F6x8)
                  00004ba0    000001c0     oled.obj (.const:Hzk)
                  00004d60    00000101     rtsv7M4_T_le_v4SPD16_eabi.lib : ctype.c.obj (.const:.string:_ctypes_)
                  00004e61    00000003     --HOLE-- [fill = 0]
                  00004e64    00000050     msp432p4xx_driverlib.lib : interrupt.o (.const:g_pulRegs)
                  00004eb4    00000040                              : interrupt.o (.const)
                  00004ef4    00000024     exinuart.obj (.const:UART0)
                  00004f18    00000024     exinuart.obj (.const:UART2)
                  00004f3c    00000024     exinuart.obj (.const:UART3)
                  00004f60    00000024     ADS_RCV.obj (.const:UART3_SET)

.cinit     0    00004f88    00000070     
                  00004f88    00000049     (.cinit..data.load) [load image, compression = lzss]
                  00004fd1    00000003     --HOLE-- [fill = 0]
                  00004fd4    0000000c     (__TI_handler_table)
                  00004fe0    00000008     (.cinit..bss.load) [load image, compression = zero_init]
                  00004fe8    00000010     (__TI_cinit_table)

.init_array 
*          0    00000000    00000000     UNINITIALIZED

.binit     0    00000000    00000000     

.data      0    20000000    00002aab     UNINITIALIZED
                  20000000    00002000     oled.obj (.data:screen_buf)
                  20002000    00000400     oled.obj (.data:bmp2)
                  20002400    00000400     oled.obj (.data:bmp)
                  20002800    00000200     Oscill_OLED.obj (.data:Oscill_data_buff)
                  20002a00    00000030     msp432p4xx_driverlib.lib : gpio.o (.data:GPIO_PORT_TO_BASE)
                  20002a30    00000028     exinencoder.obj (.data:timerAcaptureValues)
                  20002a58    0000001c     exinadjust.obj (.data)
                  20002a74    0000000a     ADS_RCV.obj (.data:ADS_RCV_DATA)
                  20002a7e    00000002     --HOLE--
                  20002a80    00000008     ADS_RCV.obj (.data)
                  20002a88    00000008     exinencoder.obj (.data)
                  20002a90    00000008     exinsystem.obj (.data)
                  20002a98    00000008     oled.obj (.data:tmp$2)
                  20002aa0    00000004     rtsv7M4_T_le_v4SPD16_eabi.lib : errno.c.obj (.data)
                  20002aa4    00000004     system_msp432p401r.obj (.data)
                  20002aa8    00000003     exinuart.obj (.data)

.bss       0    20002aac    0000006d     UNINITIALIZED
                  20002aac    00000030     (.common:ADC14_STRUCT)
                  20002adc    00000018     (.common:oscill1)
                  20002af4    00000008     (.common:encoder_A)
                  20002afc    00000008     (.common:encoder_B)
                  20002b04    00000008     (.common:encoder_C)
                  20002b0c    00000008     (.common:encoder_D)
                  20002b14    00000004     exinsystem.obj (.bss)
                  20002b18    00000001     oled.obj (.bss)

.stack     0    2000fe00    00000200     UNINITIALIZED
                  2000fe00    00000004     rtsv7M4_T_le_v4SPD16_eabi.lib : boot_cortex_m.c.obj (.stack)
                  2000fe04    000001fc     --HOLE--

__llvm_prf_cnts 
*          0    20000000    00000000     UNINITIALIZED

MODULE SUMMARY

       Module                        code    ro data   rw data
       ------                        ----    -------   -------
    .\
       system_msp432p401r.obj        820     0         8      
       startup_msp432p401r_ccs.obj   14      228       0      
       main.obj                      40      0         96     
    +--+-----------------------------+-------+---------+---------+
       Total:                        874     228       104    
                                                              
    .\exinlibs\
       oled.obj                      2012    1000      20498  
       exinADC.obj                   2288    0         0      
       exinencoder.obj               1008    0         160    
       Oscill_OLED.obj               0       0         1072   
       exinisr.obj                   700     0         0      
       exingpio.obj                  616     0         0      
       exinsystem.obj                576     0         24     
       ADS_RCV.obj                   436     36        36     
       exinuart.obj                  388     108       6      
       exin_pit.obj                  328     0         0      
       exinadjust.obj                0       0         56     
    +--+-----------------------------+-------+---------+---------+
       Total:                        8352    1144      21852  
                                                              
    C:/ti/msp/MSP432Ware_3_40_00_25/driverlib/driverlib/MSP432P4xx/ccs/msp432p4xx_driverlib.lib
       pcm.o                         510     0         0      
       gpio.o                        396     0         96     
       uart.o                        358     0         0      
       interrupt.o                   152     144       0      
       flash.o                       40      0         0      
       cs.o                          36      0         0      
       wdt_a.o                       24      0         0      
       sysctl.o                      20      0         0      
       cpu.o                         12      0         0      
    +--+-----------------------------+-------+---------+---------+
       Total:                        1548    144       96     
                                                              
    D:\CCS\ccs\tools\compiler\ti-cgt-arm_20.2.1.LTS\lib\rtsv7M4_T_le_v4SPD16_eabi.lib
       _printfi.c.obj                4851    0         0      
       fd_add_t2.asm.obj             438     0         0      
       fd_div_t2.asm.obj             310     0         0      
       s_scalbn.c.obj                272     0         0      
       fd_cmp_t2.asm.obj             268     0         0      
       ctype.c.obj                   0       257       0      
       fd_mul_t2.asm.obj             252     0         0      
       memcpy_t2.asm.obj             156     0         0      
       ull_div_t2.asm.obj            150     0         0      
       memset_t2.asm.obj             122     0         0      
       copy_decompress_lzss.c.obj    104     0         0      
       s_frexp.c.obj                 100     0         0      
       sprintf.c.obj                 98      0         0      
       _ltoa.c.obj                   84      0         0      
       atoi.c.obj                    76      0         0      
       fd_toi_t2.asm.obj             72      0         0      
       autoinit.c.obj                68      0         0      
       fs_tod_t2.asm.obj             56      0         0      
       boot_cortex_m.c.obj           52      0         0      
       i_tofd_t2.asm.obj             46      0         0      
       u_tofd_t2.asm.obj             32      0         0      
       copy_zero_init.c.obj          28      0         0      
       memccpy.c.obj                 28      0         0      
       s_copysign.c.obj              26      0         0      
       strchr.c.obj                  22      0         0      
       strlen.c.obj                  20      0         0      
       wcslen.c.obj                  18      0         0      
       errno.c.obj                   8       0         8      
       copy_decompress_none.c.obj    14      0         0      
       exit.c.obj                    4       0         0      
       pre_init.c.obj                4       0         0      
       div0.asm.obj                  2       0         0      
    +--+-----------------------------+-------+---------+---------+
       Total:                        7781    257       8      
                                                              
       Stack:                        0       0         1024   
       Linker Generated:             0       109       0      
    +--+-----------------------------+-------+---------+---------+
       Grand Total:                  18555   1882      23084  


LINKER GENERATED COPY TABLES

__TI_cinit_table @ 00004fe8 records: 2, size/record: 8, table size: 16
	.data: load addr=00004f88, load size=00000049 bytes, run addr=20000000, run size=00002aab bytes, compression=lzss
	.bss: load addr=00004fe0, load size=00000008 bytes, run addr=20002aac, run size=0000006d bytes, compression=zero_init


LINKER GENERATED HANDLER TABLE

__TI_handler_table @ 00004fd4 records: 3, size/record: 4, table size: 12
	index: 0, handler: __TI_decompress_lzss
	index: 1, handler: __TI_decompress_none
	index: 2, handler: __TI_zero_init


GLOBAL SYMBOLS: SORTED ALPHABETICALLY BY Name 

address   name                                      
-------   ----                                      
00001045  ADC14_CHAEND_set                          
00000d79  ADC14_CHA_sel                             
00000e8d  ADC14_CLK_sel                             
00001241  ADC14_IRQFG_set                           
00001399  ADC14_IRQHandler                          
00001399  ADC14_IRQHandler                          
0000113d  ADC14_MEM_set                             
00000f8b  ADC14_PREC_sel                            
20002aac  ADC14_STRUCT                              
00000b41  ADC14_convert_disable                     
00000b35  ADC14_convert_enable                      
00000b59  ADC14_convert_end                         
00000b4d  ADC14_convert_start                       
00000fe5  ADC14_init                                
00000c03  ADC14_read_data                           
000012cd  ADC14_repeatmod_init                      
00001343  ADC14_repeatmod_rec                       
00000b65  ADC14_start                               
00003159  ADS_Get                                   
20002a74  ADS_RCV_DATA                              
20002a81  ADS_RCV_FLAG                              
0000319b  ADS_RCV_GetData32                         
00003081  ADS_RCV_Init                              
20002a82  ADS_RCV_STATE                             
0000491d  AES256_IRQHandler                         
20002a72  A_flag                                    
20002a73  B_flag                                    
0000491d  BusFault_Handler                          
00004973  C$$EXIT                                   
0000491d  COMP_E0_IRQHandler                        
0000491d  COMP_E1_IRQHandler                        
0000491f  CPU_cpsie                                 
0000491d  CS_IRQHandler                             
0000466d  CS_setDCOCenteredFrequency                
0000491d  DMA_ERR_IRQHandler                        
0000491d  DMA_INT0_IRQHandler                       
0000491d  DMA_INT1_IRQHandler                       
0000491d  DMA_INT2_IRQHandler                       
0000491d  DMA_INT3_IRQHandler                       
0000491d  DebugMon_Handler                          
0000491d  Default_Handler                           
00001f55  ENCODER_TEST                              
0000334d  EUSCIA0_IRQHandler                        
0000334d  EUSCIA0_IRQHandler                        
0000491d  EUSCIA1_IRQHandler                        
0000337b  EUSCIA2_IRQHandler                        
0000337b  EUSCIA2_IRQHandler                        
000030c9  EUSCIA3_IRQHandler                        
000030c9  EUSCIA3_IRQHandler                        
0000491d  EUSCIB0_IRQHandler                        
0000491d  EUSCIB1_IRQHandler                        
0000491d  EUSCIB2_IRQHandler                        
0000491d  EUSCIB3_IRQHandler                        
00001e25  Encoder_clr                               
00004978  F6x8                                      
0000491d  FLCTL_IRQHandler                          
0000491d  FPU_IRQHandler                            
0000461d  FlashCtl_setWaitState                     
00001de9  GET_encoder_dir                           
00001dad  GET_encoder_num                           
000047b9  GPIO_clearInterruptFlag                   
0000485d  GPIO_enableInterrupt                      
000044d9  GPIO_getEnabledInterruptStatus            
000047d1  GPIO_getInputPinValue                     
000048d5  GPIO_getInterruptStatus                   
00004599  GPIO_setAsInputPin                        
00004509  GPIO_setAsInputPinWithPullUpResistor      
00004691  GPIO_setAsOutputPin                       
00004319  GPIO_setAsPeripheralModuleFunctionInputPin
00004871  GPIO_setOutputHighOnPin                   
000047e9  GPIO_setOutputLowOnPin                    
00004885  GPIO_toggleOutputOnPin                    
0000491d  HardFault_Handler                         
00004ba0  Hzk                                       
20002a70  IRQ3_5flag                                
20002a71  IRQ4_6flag                                
00004109  Interrupt_enableInterrupt                 
000048e5  Interrupt_enableMaster                    
000046b5  Interrupt_setPriority                     
0000491d  MemManage_Handler                         
0000491d  NMI_Handler                               
000016af  OLED_Clear                                
00001693  OLED_Display_Off                          
00001677  OLED_Display_On                           
000019fd  OLED_DrawBMP                              
00001aad  OLED_Init                                 
00001425  OLED_PutPixel                             
0000163b  OLED_Set_Pos                              
00001947  OLED_ShowCHinese                          
0000171d  OLED_ShowChar                             
000017e1  OLED_ShowNum                              
000018e5  OLED_ShowString                           
000018b5  OLED_Showfloat                            
000015ab  OLED_WR_Byte                              
00001495  OLED_pos_clr                              
00001ec5  OLED_show                                 
20002800  Oscill_data_buff                          
0000491d  PCM_IRQHandler                            
000045c5  PCM_getCoreVoltageLevel                   
000045f1  PCM_getPowerMode                          
0000492d  PCM_getPowerState                         
0000494f  PCM_setCoreVoltageLevel                   
00004957  PCM_setPowerMode                          
000033b9  PIT_init                                  
00002325  PORT1_IRQHandler                          
00002325  PORT1_IRQHandler                          
00002363  PORT2_IRQHandler                          
00002363  PORT2_IRQHandler                          
000023c9  PORT3_IRQHandler                          
000023c9  PORT3_IRQHandler                          
0000241b  PORT4_IRQHandler                          
0000241b  PORT4_IRQHandler                          
00002495  PORT5_IRQHandler                          
00002495  PORT5_IRQHandler                          
000024fb  PORT6_IRQHandler                          
000024fb  PORT6_IRQHandler                          
0000491d  PSS_IRQHandler                            
0000491d  PendSV_Handler                            
0000491d  RTC_C_IRQHandler                          
20002a80  R_FLAG                                    
00004911  Reset_Handler                             
0000491d  SVC_Handler                               
00004899  SysCtl_enableSRAMBankRetention            
00002c61  SysTick_Handler                           
00002c61  SysTick_Handler                           
20002aa4  SystemCoreClock                           
00001ff1  SystemCoreClockUpdate                     
00002269  SystemInit                                
0000491d  T32_INT1_IRQHandler                       
0000491d  T32_INT2_IRQHandler                       
0000491d  T32_INTC_IRQHandler                       
00002567  TA0_0_IRQHandler                          
00002567  TA0_0_IRQHandler                          
00001e69  TA0_N_IRQHandler                          
00001e69  TA0_N_IRQHandler                          
0000257d  TA1_0_IRQHandler                          
0000257d  TA1_0_IRQHandler                          
0000491d  TA1_N_IRQHandler                          
00002589  TA2_0_IRQHandler                          
00002589  TA2_0_IRQHandler                          
0000491d  TA2_N_IRQHandler                          
00002595  TA3_0_IRQHandler                          
00002595  TA3_0_IRQHandler                          
0000491d  TA3_N_IRQHandler                          
00004ef4  UART0                                     
20002aaa  UART0_RXDat                               
00003235  UART0_init                                
00004f18  UART2                                     
20002aa9  UART2_RXDat                               
0000327d  UART2_init                                
00004f3c  UART3                                     
20002aa8  UART3_RXDat                               
00004f60  UART3_SET                                 
000032c5  UART3_init                                
000048f5  UART_clearInterruptFlag                   
000046d9  UART_disableInterrupt                     
00004831  UART_enableInterrupt                      
00004939  UART_enableModule                         
00004539  UART_getEnabledInterruptStatus            
00004969  UART_getInterruptStatus                   
00003e19  UART_initModule                           
000046fd  UART_receiveData                          
0000333d  UART_send_Num                             
0000330d  UART_send_string                          
00004721  UART_transmitData                         
0000491d  UsageFault_Handler                        
4000480c  WDTCTL_SYM                                
0000491d  WDT_A_IRQHandler                          
00004801  WDT_A_holdTimer                           
20010000  __STACK_END                               
00000200  __STACK_SIZE                              
00004fe8  __TI_CINIT_Base                           
00004ff8  __TI_CINIT_Limit                          
00004fd4  __TI_Handler_Table_Base                   
00004fe0  __TI_Handler_Table_Limit                  
000043a9  __TI_auto_init_nobinit_nopinit            
000040a1  __TI_decompress_lzss                      
00004903  __TI_decompress_none                      
00004227  __TI_ltoa                                 
ffffffff  __TI_pprof_out_hndl                       
000000e5  __TI_printfi                              
ffffffff  __TI_prof_data_size                       
ffffffff  __TI_prof_data_start                      
00000000  __TI_static_base__                        
00004765  __TI_zero_init_nomemset                   
00003ead  __aeabi_cdcmpeq                           
00003ead  __aeabi_cdcmple                           
00003f33  __aeabi_cdrcmple                          
00004361  __aeabi_d2iz                              
00002ed3  __aeabi_dadd                              
0000363d  __aeabi_ddiv                              
000039a9  __aeabi_dmul                              
00002ec9  __aeabi_dsub                              
00004961  __aeabi_errno_addr                        
0000446b  __aeabi_f2d                               
00004569  __aeabi_i2d                               
00000b33  __aeabi_idiv0                             
00000b33  __aeabi_ldiv0                             
00003fb9  __aeabi_memclr                            
00003fb9  __aeabi_memclr4                           
00003fb9  __aeabi_memclr8                           
00003ce5  __aeabi_memcpy                            
00003ce5  __aeabi_memcpy4                           
00003ce5  __aeabi_memcpy8                           
00003fbb  __aeabi_memset                            
00003fbb  __aeabi_memset4                           
00003fbb  __aeabi_memset8                           
00004745  __aeabi_ui2d                              
00003d81  __aeabi_uldivmod                          
ffffffff  __binit__                                 
ffffffff  __c_args__                                
UNDEFED   __mpu_init                                
2000fe00  __stack                                   
20000000  __start___llvm_prf_cnts                   
20000000  __stop___llvm_prf_cnts                    
000044a5  _c_int00_noargs                           
00004d60  _ctypes_                                  
UNDEFED   _system_post_cinit                        
0000496f  _system_pre_init                          
00004973  abort                                     
000042cd  atoi                                      
ffffffff  binit                                     
20002400  bmp                                       
20002000  bmp2                                      
0000479d  copysign                                  
0000479d  copysignl                                 
20002a64  count                                     
20002a58  dirf                                      
20002af4  encoder_A                                 
20002afc  encoder_B                                 
20002b04  encoder_C                                 
20002b0c  encoder_D                                 
00001c01  encoder_IncTypeDef_init                   
00001c5d  encoder_dirpin_init                       
00001d05  encoder_init                              
00001cb5  encoder_interrupt_init                    
20002aa0  errno                                     
00002ab9  error                                     
0000416d  frexp                                     
0000416d  frexpl                                    
00002a07  gpio_INT_EN                               
000028f5  gpio_edg_sel                              
000028b5  gpio_get                                  
00002851  gpio_init                                 
00002a5b  gpio_interrupt_INIT                       
000028c5  gpio_set                                  
000028e5  gpio_toggle                               
00000000  interruptVectors                          
00003899  ldexp                                     
00003899  ldexpl                                    
00004645  main                                      
00004781  memccpy                                   
00003ce5  memcpy                                    
00003fc1  memset                                    
000017a7  oled_pow                                  
000014c9  oled_update                               
20002adc  oscill1                                   
20002a5c  page_count                                
00003899  scalbn                                    
00003899  scalbnl                                   
20000000  screen_buf                                
00002ae1  set_DCO_48MH                              
00002b81  set_clock_period                          
000043ed  sprintf                                   
20002a60  start_flag                                
00004847  strchr                                    
000048ad  strlen                                    
20002a90  sysc                                      
00002c41  system_init                               
00002c33  systic_clr                                
00002c89  systic_delayms                            
00002c6b  systic_delayus                            
00002bc5  systic_end                                
00002b8b  systic_init                               
00002bd3  systic_read                               
00002baf  systic_start                              
20002a94  systim                                    
20002a68  testA                                     
20002a6c  testB                                     
20002a8c  time_counter                              
20002a88  timerAcapturePointer                      
20002a30  timerAcaptureValues                       
000048c1  wcslen                                    


GLOBAL SYMBOLS: SORTED BY Symbol Address 

address   name                                      
-------   ----                                      
00000000  __TI_static_base__                        
00000000  interruptVectors                          
000000e5  __TI_printfi                              
00000200  __STACK_SIZE                              
00000b33  __aeabi_idiv0                             
00000b33  __aeabi_ldiv0                             
00000b35  ADC14_convert_enable                      
00000b41  ADC14_convert_disable                     
00000b4d  ADC14_convert_start                       
00000b59  ADC14_convert_end                         
00000b65  ADC14_start                               
00000c03  ADC14_read_data                           
00000d79  ADC14_CHA_sel                             
00000e8d  ADC14_CLK_sel                             
00000f8b  ADC14_PREC_sel                            
00000fe5  ADC14_init                                
00001045  ADC14_CHAEND_set                          
0000113d  ADC14_MEM_set                             
00001241  ADC14_IRQFG_set                           
000012cd  ADC14_repeatmod_init                      
00001343  ADC14_repeatmod_rec                       
00001399  ADC14_IRQHandler                          
00001399  ADC14_IRQHandler                          
00001425  OLED_PutPixel                             
00001495  OLED_pos_clr                              
000014c9  oled_update                               
000015ab  OLED_WR_Byte                              
0000163b  OLED_Set_Pos                              
00001677  OLED_Display_On                           
00001693  OLED_Display_Off                          
000016af  OLED_Clear                                
0000171d  OLED_ShowChar                             
000017a7  oled_pow                                  
000017e1  OLED_ShowNum                              
000018b5  OLED_Showfloat                            
000018e5  OLED_ShowString                           
00001947  OLED_ShowCHinese                          
000019fd  OLED_DrawBMP                              
00001aad  OLED_Init                                 
00001c01  encoder_IncTypeDef_init                   
00001c5d  encoder_dirpin_init                       
00001cb5  encoder_interrupt_init                    
00001d05  encoder_init                              
00001dad  GET_encoder_num                           
00001de9  GET_encoder_dir                           
00001e25  Encoder_clr                               
00001e69  TA0_N_IRQHandler                          
00001e69  TA0_N_IRQHandler                          
00001ec5  OLED_show                                 
00001f55  ENCODER_TEST                              
00001ff1  SystemCoreClockUpdate                     
00002269  SystemInit                                
00002325  PORT1_IRQHandler                          
00002325  PORT1_IRQHandler                          
00002363  PORT2_IRQHandler                          
00002363  PORT2_IRQHandler                          
000023c9  PORT3_IRQHandler                          
000023c9  PORT3_IRQHandler                          
0000241b  PORT4_IRQHandler                          
0000241b  PORT4_IRQHandler                          
00002495  PORT5_IRQHandler                          
00002495  PORT5_IRQHandler                          
000024fb  PORT6_IRQHandler                          
000024fb  PORT6_IRQHandler                          
00002567  TA0_0_IRQHandler                          
00002567  TA0_0_IRQHandler                          
0000257d  TA1_0_IRQHandler                          
0000257d  TA1_0_IRQHandler                          
00002589  TA2_0_IRQHandler                          
00002589  TA2_0_IRQHandler                          
00002595  TA3_0_IRQHandler                          
00002595  TA3_0_IRQHandler                          
00002851  gpio_init                                 
000028b5  gpio_get                                  
000028c5  gpio_set                                  
000028e5  gpio_toggle                               
000028f5  gpio_edg_sel                              
00002a07  gpio_INT_EN                               
00002a5b  gpio_interrupt_INIT                       
00002ab9  error                                     
00002ae1  set_DCO_48MH                              
00002b81  set_clock_period                          
00002b8b  systic_init                               
00002baf  systic_start                              
00002bc5  systic_end                                
00002bd3  systic_read                               
00002c33  systic_clr                                
00002c41  system_init                               
00002c61  SysTick_Handler                           
00002c61  SysTick_Handler                           
00002c6b  systic_delayus                            
00002c89  systic_delayms                            
00002ec9  __aeabi_dsub                              
00002ed3  __aeabi_dadd                              
00003081  ADS_RCV_Init                              
000030c9  EUSCIA3_IRQHandler                        
000030c9  EUSCIA3_IRQHandler                        
00003159  ADS_Get                                   
0000319b  ADS_RCV_GetData32                         
00003235  UART0_init                                
0000327d  UART2_init                                
000032c5  UART3_init                                
0000330d  UART_send_string                          
0000333d  UART_send_Num                             
0000334d  EUSCIA0_IRQHandler                        
0000334d  EUSCIA0_IRQHandler                        
0000337b  EUSCIA2_IRQHandler                        
0000337b  EUSCIA2_IRQHandler                        
000033b9  PIT_init                                  
0000363d  __aeabi_ddiv                              
00003899  ldexp                                     
00003899  ldexpl                                    
00003899  scalbn                                    
00003899  scalbnl                                   
000039a9  __aeabi_dmul                              
00003ce5  __aeabi_memcpy                            
00003ce5  __aeabi_memcpy4                           
00003ce5  __aeabi_memcpy8                           
00003ce5  memcpy                                    
00003d81  __aeabi_uldivmod                          
00003e19  UART_initModule                           
00003ead  __aeabi_cdcmpeq                           
00003ead  __aeabi_cdcmple                           
00003f33  __aeabi_cdrcmple                          
00003fb9  __aeabi_memclr                            
00003fb9  __aeabi_memclr4                           
00003fb9  __aeabi_memclr8                           
00003fbb  __aeabi_memset                            
00003fbb  __aeabi_memset4                           
00003fbb  __aeabi_memset8                           
00003fc1  memset                                    
000040a1  __TI_decompress_lzss                      
00004109  Interrupt_enableInterrupt                 
0000416d  frexp                                     
0000416d  frexpl                                    
00004227  __TI_ltoa                                 
000042cd  atoi                                      
00004319  GPIO_setAsPeripheralModuleFunctionInputPin
00004361  __aeabi_d2iz                              
000043a9  __TI_auto_init_nobinit_nopinit            
000043ed  sprintf                                   
0000446b  __aeabi_f2d                               
000044a5  _c_int00_noargs                           
000044d9  GPIO_getEnabledInterruptStatus            
00004509  GPIO_setAsInputPinWithPullUpResistor      
00004539  UART_getEnabledInterruptStatus            
00004569  __aeabi_i2d                               
00004599  GPIO_setAsInputPin                        
000045c5  PCM_getCoreVoltageLevel                   
000045f1  PCM_getPowerMode                          
0000461d  FlashCtl_setWaitState                     
00004645  main                                      
0000466d  CS_setDCOCenteredFrequency                
00004691  GPIO_setAsOutputPin                       
000046b5  Interrupt_setPriority                     
000046d9  UART_disableInterrupt                     
000046fd  UART_receiveData                          
00004721  UART_transmitData                         
00004745  __aeabi_ui2d                              
00004765  __TI_zero_init_nomemset                   
00004781  memccpy                                   
0000479d  copysign                                  
0000479d  copysignl                                 
000047b9  GPIO_clearInterruptFlag                   
000047d1  GPIO_getInputPinValue                     
000047e9  GPIO_setOutputLowOnPin                    
00004801  WDT_A_holdTimer                           
00004831  UART_enableInterrupt                      
00004847  strchr                                    
0000485d  GPIO_enableInterrupt                      
00004871  GPIO_setOutputHighOnPin                   
00004885  GPIO_toggleOutputOnPin                    
00004899  SysCtl_enableSRAMBankRetention            
000048ad  strlen                                    
000048c1  wcslen                                    
000048d5  GPIO_getInterruptStatus                   
000048e5  Interrupt_enableMaster                    
000048f5  UART_clearInterruptFlag                   
00004903  __TI_decompress_none                      
00004911  Reset_Handler                             
0000491d  AES256_IRQHandler                         
0000491d  BusFault_Handler                          
0000491d  COMP_E0_IRQHandler                        
0000491d  COMP_E1_IRQHandler                        
0000491d  CS_IRQHandler                             
0000491d  DMA_ERR_IRQHandler                        
0000491d  DMA_INT0_IRQHandler                       
0000491d  DMA_INT1_IRQHandler                       
0000491d  DMA_INT2_IRQHandler                       
0000491d  DMA_INT3_IRQHandler                       
0000491d  DebugMon_Handler                          
0000491d  Default_Handler                           
0000491d  EUSCIA1_IRQHandler                        
0000491d  EUSCIB0_IRQHandler                        
0000491d  EUSCIB1_IRQHandler                        
0000491d  EUSCIB2_IRQHandler                        
0000491d  EUSCIB3_IRQHandler                        
0000491d  FLCTL_IRQHandler                          
0000491d  FPU_IRQHandler                            
0000491d  HardFault_Handler                         
0000491d  MemManage_Handler                         
0000491d  NMI_Handler                               
0000491d  PCM_IRQHandler                            
0000491d  PSS_IRQHandler                            
0000491d  PendSV_Handler                            
0000491d  RTC_C_IRQHandler                          
0000491d  SVC_Handler                               
0000491d  T32_INT1_IRQHandler                       
0000491d  T32_INT2_IRQHandler                       
0000491d  T32_INTC_IRQHandler                       
0000491d  TA1_N_IRQHandler                          
0000491d  TA2_N_IRQHandler                          
0000491d  TA3_N_IRQHandler                          
0000491d  UsageFault_Handler                        
0000491d  WDT_A_IRQHandler                          
0000491f  CPU_cpsie                                 
0000492d  PCM_getPowerState                         
00004939  UART_enableModule                         
0000494f  PCM_setCoreVoltageLevel                   
00004957  PCM_setPowerMode                          
00004961  __aeabi_errno_addr                        
00004969  UART_getInterruptStatus                   
0000496f  _system_pre_init                          
00004973  C$$EXIT                                   
00004973  abort                                     
00004978  F6x8                                      
00004ba0  Hzk                                       
00004d60  _ctypes_                                  
00004ef4  UART0                                     
00004f18  UART2                                     
00004f3c  UART3                                     
00004f60  UART3_SET                                 
00004fd4  __TI_Handler_Table_Base                   
00004fe0  __TI_Handler_Table_Limit                  
00004fe8  __TI_CINIT_Base                           
00004ff8  __TI_CINIT_Limit                          
20000000  __start___llvm_prf_cnts                   
20000000  __stop___llvm_prf_cnts                    
20000000  screen_buf                                
20002000  bmp2                                      
20002400  bmp                                       
20002800  Oscill_data_buff                          
20002a30  timerAcaptureValues                       
20002a58  dirf                                      
20002a5c  page_count                                
20002a60  start_flag                                
20002a64  count                                     
20002a68  testA                                     
20002a6c  testB                                     
20002a70  IRQ3_5flag                                
20002a71  IRQ4_6flag                                
20002a72  A_flag                                    
20002a73  B_flag                                    
20002a74  ADS_RCV_DATA                              
20002a80  R_FLAG                                    
20002a81  ADS_RCV_FLAG                              
20002a82  ADS_RCV_STATE                             
20002a88  timerAcapturePointer                      
20002a8c  time_counter                              
20002a90  sysc                                      
20002a94  systim                                    
20002aa0  errno                                     
20002aa4  SystemCoreClock                           
20002aa8  UART3_RXDat                               
20002aa9  UART2_RXDat                               
20002aaa  UART0_RXDat                               
20002aac  ADC14_STRUCT                              
20002adc  oscill1                                   
20002af4  encoder_A                                 
20002afc  encoder_B                                 
20002b04  encoder_C                                 
20002b0c  encoder_D                                 
2000fe00  __stack                                   
20010000  __STACK_END                               
4000480c  WDTCTL_SYM                                
ffffffff  __TI_pprof_out_hndl                       
ffffffff  __TI_prof_data_size                       
ffffffff  __TI_prof_data_start                      
ffffffff  __binit__                                 
ffffffff  __c_args__                                
ffffffff  binit                                     
UNDEFED   __mpu_init                                
UNDEFED   _system_post_cinit                        

[283 symbols]
