******************************************************************************
                  TI ARM Linker PC v20.2.1                     
******************************************************************************
>> Linked Mon Aug  9 14:13:29 2021

OUTPUT FILE NAME:   <4.Exin_motor.out>
ENTRY POINT SYMBOL: "_c_int00_noargs"  address: 00004555


MEMORY CONFIGURATION

         name            origin    length      used     unused   attr    fill
----------------------  --------  ---------  --------  --------  ----  --------
  MAIN                  00000000   00040000  0000508a  0003af76  R  X
  INFO                  00200000   00004000  00000000  00004000  R  X
  SRAM_CODE             01000000   00010000  00002d51  0000d2af  RW X
  SRAM_DATA             20000000   00010000  00002d51  0000d2af  RW  


SEGMENT ALLOCATION MAP

run origin  load origin   length   init length attrs members
----------  ----------- ---------- ----------- ----- -------
00000000    00000000    00005090   00005090    r-x
  00000000    00000000    000000e4   000000e4    r-- .intvecs
  000000e4    000000e4    0000492a   0000492a    r-x .text
  00004a10    00004a10    0000060c   0000060c    r-- .const
  00005020    00005020    00000070   00000070    r-- .cinit
20000000    20000000    00002b52   00000000    rw-
  20000000    20000000    00002acf   00000000    rw- .data
  20002ad0    20002ad0    00000082   00000000    rw- .bss
2000fe00    2000fe00    00000200   00000000    rw-
  2000fe00    2000fe00    00000200   00000000    rw- .stack


SECTION ALLOCATION MAP

 output                                  attributes/
section   page    origin      length       input sections
--------  ----  ----------  ----------   ----------------
.intvecs   0    00000000    000000e4     
                  00000000    000000e4     startup_msp432p401r_ccs.obj (.intvecs:retain)

.text      0    000000e4    0000492a     
                  000000e4    00000a4e     rtsv7M4_T_le_v4SPD16_eabi.lib : _printfi.c.obj (.text:__TI_printfi)
                  00000b32    00000002                                   : div0.asm.obj (.text)
                  00000b34    000007dc     oled.obj (.text)
                  00001310    000003f0     exinencoder.obj (.text)
                  00001700    000003cc     exinADC.obj (.text)
                  00001acc    00000340     exinpwm.obj (.text)
                  00001e0c    00000334     system_msp432p401r.obj (.text)
                  00002140    000002c8     exinisr.obj (.text)
                  00002408    00000288     exinmotor.obj (.text)
                  00002690    00000270     rtsv7M4_T_le_v4SPD16_eabi.lib : _printfi.c.obj (.text:_pconv_a)
                  00002900    00000268     exingpio.obj (.text)
                  00002b68    00000240     exinsystem.obj (.text)
                  00002da8    000001d0     rtsv7M4_T_le_v4SPD16_eabi.lib : _printfi.c.obj (.text:_pconv_g)
                  00002f78    000001b6                                   : fd_add_t2.asm.obj (.text)
                  0000312e    00000002     --HOLE-- [fill = 0]
                  00003130    000001b4     ADS_RCV.obj (.text)
                  000032e4    00000184     exinuart.obj (.text)
                  00003468    00000148     exin_pit.obj (.text)
                  000035b0    0000013c     rtsv7M4_T_le_v4SPD16_eabi.lib : _printfi.c.obj (.text:_pconv_e)
                  000036ec    00000136                                   : fd_div_t2.asm.obj (.text)
                  00003822    00000002     --HOLE-- [fill = 0]
                  00003824    00000124                                   : _printfi.c.obj (.text:fcvt)
                  00003948    00000110                                   : s_scalbn.c.obj (.text:scalbn)
                  00003a58    000000fc                                   : fd_mul_t2.asm.obj (.text)
                  00003b54    000000dc     msp432p4xx_driverlib.lib : pcm.o (.text:__PCM_setPowerModeAdvanced)
                  00003c30    000000b1     rtsv7M4_T_le_v4SPD16_eabi.lib : _printfi.c.obj (.text:_ltostr)
                  00003ce1    00000003     --HOLE-- [fill = 0]
                  00003ce4    000000b0     msp432p4xx_driverlib.lib : pcm.o (.text:__PCM_setCoreVoltageLevelAdvanced)
                  00003d94    0000009c     rtsv7M4_T_le_v4SPD16_eabi.lib : memcpy_t2.asm.obj (.text)
                  00003e30    00000096                                   : ull_div_t2.asm.obj (.text)
                  00003ec6    00000002     --HOLE-- [fill = 0]
                  00003ec8    00000094     msp432p4xx_driverlib.lib : uart.o (.text:UART_initModule)
                  00003f5c    00000086     rtsv7M4_T_le_v4SPD16_eabi.lib : fd_cmp_t2.asm.obj (.text:__aeabi_cdcmple)
                  00003fe2    00000086                                   : fd_cmp_t2.asm.obj (.text:__aeabi_cdrcmple)
                  00004068    0000007a                                   : memset_t2.asm.obj (.text)
                  000040e2    0000006e                                   : _printfi.c.obj (.text:_mcpy)
                  00004150    00000068                                   : copy_decompress_lzss.c.obj (.text:decompress:lzss:__TI_decompress_lzss)
                  000041b8    00000064     msp432p4xx_driverlib.lib : interrupt.o (.text:Interrupt_enableInterrupt)
                  0000421c    00000064     rtsv7M4_T_le_v4SPD16_eabi.lib : s_frexp.c.obj (.text:frexp)
                  00004280    00000056                                   : _printfi.c.obj (.text:_pconv_f)
                  000042d6    00000054                                   : _ltoa.c.obj (.text:__TI_ltoa)
                  0000432a    00000052                                   : _printfi.c.obj (.text:_ecpy)
                  0000437c    0000004c                                   : atoi.c.obj (.text:atoi)
                  000043c8    00000048     msp432p4xx_driverlib.lib : gpio.o (.text:GPIO_setAsPeripheralModuleFunctionInputPin)
                  00004410    00000048     rtsv7M4_T_le_v4SPD16_eabi.lib : fd_toi_t2.asm.obj (.text)
                  00004458    00000044                                   : autoinit.c.obj (.text:__TI_auto_init_nobinit_nopinit:__TI_auto_init_nobinit_nopinit)
                  0000449c    00000040                                   : sprintf.c.obj (.text:sprintf)
                  000044dc    0000003e                                   : _printfi.c.obj (.text:_fcpy)
                  0000451a    00000038                                   : fs_tod_t2.asm.obj (.text)
                  00004552    00000002     --HOLE-- [fill = 0]
                  00004554    00000034                                   : boot_cortex_m.c.obj (.text:_c_int00_noargs:_c_int00_noargs)
                  00004588    00000030     msp432p4xx_driverlib.lib : gpio.o (.text:GPIO_getEnabledInterruptStatus)
                  000045b8    00000030                              : gpio.o (.text:GPIO_setAsInputPinWithPullUpResistor)
                  000045e8    00000030                              : uart.o (.text:UART_getEnabledInterruptStatus)
                  00004618    0000002e     rtsv7M4_T_le_v4SPD16_eabi.lib : i_tofd_t2.asm.obj (.text)
                  00004646    00000002     --HOLE-- [fill = 0]
                  00004648    0000002c     msp432p4xx_driverlib.lib : gpio.o (.text:GPIO_setAsInputPin)
                  00004674    0000002c                              : pcm.o (.text:PCM_getCoreVoltageLevel)
                  000046a0    0000002a                              : pcm.o (.text:PCM_getPowerMode)
                  000046ca    00000002     --HOLE-- [fill = 0]
                  000046cc    00000028                              : flash.o (.text:FlashCtl_setWaitState)
                  000046f4    00000024                              : cs.o (.text:CS_setDCOCenteredFrequency)
                  00004718    00000024                              : gpio.o (.text:GPIO_setAsOutputPin)
                  0000473c    00000024                              : interrupt.o (.text:Interrupt_setPriority)
                  00004760    00000024                              : uart.o (.text:UART_disableInterrupt)
                  00004784    00000024                              : uart.o (.text:UART_receiveData)
                  000047a8    00000024                              : uart.o (.text:UART_transmitData)
                  000047cc    00000020     rtsv7M4_T_le_v4SPD16_eabi.lib : u_tofd_t2.asm.obj (.text)
                  000047ec    0000001c                                   : copy_zero_init.c.obj (.text:decompress:ZI:__TI_zero_init_nomemset:__TI_zero_init_nomemset)
                  00004808    0000001c                                   : memccpy.c.obj (.text:memccpy)
                  00004824    0000001a                                   : s_copysign.c.obj (.text:copysign)
                  0000483e    00000002     --HOLE-- [fill = 0]
                  00004840    00000018     msp432p4xx_driverlib.lib : gpio.o (.text:GPIO_clearInterruptFlag)
                  00004858    00000018                              : gpio.o (.text:GPIO_getInputPinValue)
                  00004870    00000018                              : gpio.o (.text:GPIO_setOutputLowOnPin)
                  00004888    00000018                              : wdt_a.o (.text:WDT_A_holdTimer)
                  000048a0    00000018     rtsv7M4_T_le_v4SPD16_eabi.lib : sprintf.c.obj (.text:_outs)
                  000048b8    00000016     msp432p4xx_driverlib.lib : uart.o (.text:UART_enableInterrupt)
                  000048ce    00000016     rtsv7M4_T_le_v4SPD16_eabi.lib : strchr.c.obj (.text:strchr)
                  000048e4    00000014     msp432p4xx_driverlib.lib : gpio.o (.text:GPIO_enableInterrupt)
                  000048f8    00000014                              : gpio.o (.text:GPIO_setOutputHighOnPin)
                  0000490c    00000014                              : gpio.o (.text:GPIO_toggleOutputOnPin)
                  00004920    00000014                              : sysctl.o (.text:SysCtl_enableSRAMBankRetention)
                  00004934    00000014     rtsv7M4_T_le_v4SPD16_eabi.lib : strlen.c.obj (.text:strlen)
                  00004948    00000012     main.obj (.text)
                  0000495a    00000012     rtsv7M4_T_le_v4SPD16_eabi.lib : wcslen.c.obj (.text:wcslen)
                  0000496c    00000010     msp432p4xx_driverlib.lib : gpio.o (.text:GPIO_getInterruptStatus)
                  0000497c    00000010                              : interrupt.o (.text:Interrupt_enableMaster)
                  0000498c    0000000e                              : uart.o (.text:UART_clearInterruptFlag)
                  0000499a    0000000e     rtsv7M4_T_le_v4SPD16_eabi.lib : copy_decompress_none.c.obj (.text:decompress:none:__TI_decompress_none)
                  000049a8    0000000e     startup_msp432p401r_ccs.obj (.text)
                  000049b6    0000000c     msp432p4xx_driverlib.lib : cpu.o (.text:CPU_cpsie)
                  000049c2    00000002     --HOLE-- [fill = 0]
                  000049c4    0000000c                              : pcm.o (.text:PCM_getPowerState)
                  000049d0    0000000c                              : uart.o (.text:UART_enableModule)
                  000049dc    0000000a     rtsv7M4_T_le_v4SPD16_eabi.lib : sprintf.c.obj (.text:_outc)
                  000049e6    00000008     msp432p4xx_driverlib.lib : pcm.o (.text:PCM_setCoreVoltageLevel)
                  000049ee    00000008                              : pcm.o (.text:PCM_setPowerMode)
                  000049f6    00000002     --HOLE-- [fill = 0]
                  000049f8    00000008     rtsv7M4_T_le_v4SPD16_eabi.lib : errno.c.obj (.text:__aeabi_errno_addr)
                  00004a00    00000006     msp432p4xx_driverlib.lib : uart.o (.text:UART_getInterruptStatus)
                  00004a06    00000004     rtsv7M4_T_le_v4SPD16_eabi.lib : pre_init.c.obj (.text:_system_pre_init)
                  00004a0a    00000004                                   : exit.c.obj (.text:abort:abort)

.const     0    00004a10    0000060c     
                  00004a10    00000228     oled.obj (.const:F6x8)
                  00004c38    000001c0     oled.obj (.const:Hzk)
                  00004df8    00000101     rtsv7M4_T_le_v4SPD16_eabi.lib : ctype.c.obj (.const:.string:_ctypes_)
                  00004ef9    00000003     --HOLE-- [fill = 0]
                  00004efc    00000050     msp432p4xx_driverlib.lib : interrupt.o (.const:g_pulRegs)
                  00004f4c    00000040                              : interrupt.o (.const)
                  00004f8c    00000024     exinuart.obj (.const:UART0)
                  00004fb0    00000024     exinuart.obj (.const:UART2)
                  00004fd4    00000024     exinuart.obj (.const:UART3)
                  00004ff8    00000024     ADS_RCV.obj (.const:UART3_SET)

.cinit     0    00005020    00000070     
                  00005020    0000004c     (.cinit..data.load) [load image, compression = lzss]
                  0000506c    0000000c     (__TI_handler_table)
                  00005078    00000008     (.cinit..bss.load) [load image, compression = zero_init]
                  00005080    00000010     (__TI_cinit_table)

.init_array 
*          0    00000000    00000000     UNINITIALIZED

.binit     0    00000000    00000000     

.data      0    20000000    00002acf     UNINITIALIZED
                  20000000    00002000     oled.obj (.data:screen_buf)
                  20002000    00000400     oled.obj (.data:bmp2)
                  20002400    00000400     oled.obj (.data:bmp)
                  20002800    00000200     Oscill_OLED.obj (.data:Oscill_data_buff)
                  20002a00    00000030     msp432p4xx_driverlib.lib : gpio.o (.data:GPIO_PORT_TO_BASE)
                  20002a30    00000028     exinencoder.obj (.data:timerAcaptureValues)
                  20002a58    00000020     exinadjust.obj (.data)
                  20002a78    0000001c     exinADC.obj (.data)
                  20002a94    0000000a     ADS_RCV.obj (.data:ADS_RCV_DATA)
                  20002a9e    00000002     --HOLE--
                  20002aa0    00000008     ADS_RCV.obj (.data)
                  20002aa8    00000008     exinencoder.obj (.data)
                  20002ab0    00000008     exinsystem.obj (.data)
                  20002ab8    00000008     oled.obj (.data:tmp$2)
                  20002ac0    00000004     exinpwm.obj (.data)
                  20002ac4    00000004     rtsv7M4_T_le_v4SPD16_eabi.lib : errno.c.obj (.data)
                  20002ac8    00000004     system_msp432p401r.obj (.data)
                  20002acc    00000003     exinuart.obj (.data)

.bss       0    20002ad0    00000082     UNINITIALIZED
                  20002ad0    00000018     (.common:oscill1)
                  20002ae8    00000010     (.common:A0results)
                  20002af8    00000010     (.common:A1results)
                  20002b08    00000010     (.common:A2results)
                  20002b18    00000010     (.common:A3results)
                  20002b28    00000008     (.common:encoder_A)
                  20002b30    00000008     (.common:encoder_B)
                  20002b38    00000008     (.common:encoder_C)
                  20002b40    00000008     (.common:encoder_D)
                  20002b48    00000004     exinsystem.obj (.bss)
                  20002b4c    00000004     (.common:ad_get)
                  20002b50    00000001     exinADC.obj (.bss)
                  20002b51    00000001     oled.obj (.bss)

.stack     0    2000fe00    00000200     UNINITIALIZED
                  2000fe00    00000004     rtsv7M4_T_le_v4SPD16_eabi.lib : boot_cortex_m.c.obj (.stack)
                  2000fe04    000001fc     --HOLE--

__llvm_prf_cnts 
*          0    20000000    00000000     UNINITIALIZED

MODULE SUMMARY

       Module                        code    ro data   rw data
       ------                        ----    -------   -------
    .\
       system_msp432p401r.obj        820     0         8      
       startup_msp432p401r_ccs.obj   14      228       0      
       main.obj                      18      0         0      
    +--+-----------------------------+-------+---------+---------+
       Total:                        852     228       8      
                                                              
    .\exinlibs\
       oled.obj                      2012    1000      20498  
       exinencoder.obj               1008    0         160    
       exinADC.obj                   972     0         194    
       Oscill_OLED.obj               0       0         1072   
       exinpwm.obj                   832     0         8      
       exinisr.obj                   712     0         0      
       exinmotor.obj                 648     0         0      
       exingpio.obj                  616     0         0      
       exinsystem.obj                576     0         24     
       ADS_RCV.obj                   436     36        36     
       exinuart.obj                  388     108       6      
       exin_pit.obj                  328     0         0      
       exinadjust.obj                0       0         64     
    +--+-----------------------------+-------+---------+---------+
       Total:                        8528    1144      22062  
                                                              
    C:/ti/msp/MSP432Ware_3_40_00_25/driverlib/driverlib/MSP432P4xx/ccs/msp432p4xx_driverlib.lib
       pcm.o                         510     0         0      
       gpio.o                        396     0         96     
       uart.o                        358     0         0      
       interrupt.o                   152     144       0      
       flash.o                       40      0         0      
       cs.o                          36      0         0      
       wdt_a.o                       24      0         0      
       sysctl.o                      20      0         0      
       cpu.o                         12      0         0      
    +--+-----------------------------+-------+---------+---------+
       Total:                        1548    144       96     
                                                              
    D:\CCS\ccs\tools\compiler\ti-cgt-arm_20.2.1.LTS\lib\rtsv7M4_T_le_v4SPD16_eabi.lib
       _printfi.c.obj                4851    0         0      
       fd_add_t2.asm.obj             438     0         0      
       fd_div_t2.asm.obj             310     0         0      
       s_scalbn.c.obj                272     0         0      
       fd_cmp_t2.asm.obj             268     0         0      
       ctype.c.obj                   0       257       0      
       fd_mul_t2.asm.obj             252     0         0      
       memcpy_t2.asm.obj             156     0         0      
       ull_div_t2.asm.obj            150     0         0      
       memset_t2.asm.obj             122     0         0      
       copy_decompress_lzss.c.obj    104     0         0      
       s_frexp.c.obj                 100     0         0      
       sprintf.c.obj                 98      0         0      
       _ltoa.c.obj                   84      0         0      
       atoi.c.obj                    76      0         0      
       fd_toi_t2.asm.obj             72      0         0      
       autoinit.c.obj                68      0         0      
       fs_tod_t2.asm.obj             56      0         0      
       boot_cortex_m.c.obj           52      0         0      
       i_tofd_t2.asm.obj             46      0         0      
       u_tofd_t2.asm.obj             32      0         0      
       copy_zero_init.c.obj          28      0         0      
       memccpy.c.obj                 28      0         0      
       s_copysign.c.obj              26      0         0      
       strchr.c.obj                  22      0         0      
       strlen.c.obj                  20      0         0      
       wcslen.c.obj                  18      0         0      
       errno.c.obj                   8       0         8      
       copy_decompress_none.c.obj    14      0         0      
       exit.c.obj                    4       0         0      
       pre_init.c.obj                4       0         0      
       div0.asm.obj                  2       0         0      
    +--+-----------------------------+-------+---------+---------+
       Total:                        7781    257       8      
                                                              
       Stack:                        0       0         1024   
       Linker Generated:             0       112       0      
    +--+-----------------------------+-------+---------+---------+
       Grand Total:                  18709   1885      23198  


LINKER GENERATED COPY TABLES

__TI_cinit_table @ 00005080 records: 2, size/record: 8, table size: 16
	.data: load addr=00005020, load size=0000004c bytes, run addr=20000000, run size=00002acf bytes, compression=lzss
	.bss: load addr=00005078, load size=00000008 bytes, run addr=20002ad0, run size=00000082 bytes, compression=zero_init


LINKER GENERATED HANDLER TABLE

__TI_handler_table @ 0000506c records: 3, size/record: 4, table size: 12
	index: 0, handler: __TI_decompress_lzss
	index: 1, handler: __TI_decompress_none
	index: 2, handler: __TI_zero_init


GLOBAL SYMBOLS: SORTED ALPHABETICALLY BY Name 

address   name                                      
-------   ----                                      
20002ae8  A0results                                 
20002af8  A1results                                 
20002b08  A2results                                 
20002b18  A3results                                 
000017f1  ADC14_IRQHandler                          
000017f1  ADC14_IRQHandler                          
20002a7c  ADC_CA                                    
20002a80  ADC_CB                                    
20002a84  ADC_CC                                    
20002a88  ADC_CD                                    
00001701  ADC_INIT                                  
000019b3  ADC_TEST                                  
0000179d  ADC_mean_filter                           
20002a90  ADC_receive_count                         
00003209  ADS_Get                                   
20002a94  ADS_RCV_DATA                              
20002aa1  ADS_RCV_FLAG                              
0000324b  ADS_RCV_GetData32                         
00003131  ADS_RCV_Init                              
20002aa2  ADS_RCV_STATE                             
000049b5  AES256_IRQHandler                         
20002a76  A_flag                                    
20002a77  B_flag                                    
000049b5  BusFault_Handler                          
00004a0b  C$$EXIT                                   
000049b5  COMP_E0_IRQHandler                        
000049b5  COMP_E1_IRQHandler                        
000049b7  CPU_cpsie                                 
000049b5  CS_IRQHandler                             
000046f5  CS_setDCOCenteredFrequency                
000049b5  DMA_ERR_IRQHandler                        
000049b5  DMA_INT0_IRQHandler                       
000049b5  DMA_INT1_IRQHandler                       
000049b5  DMA_INT2_IRQHandler                       
000049b5  DMA_INT3_IRQHandler                       
000049b5  DebugMon_Handler                          
000049b5  Default_Handler                           
00001665  ENCODER_TEST                              
000033fd  EUSCIA0_IRQHandler                        
000033fd  EUSCIA0_IRQHandler                        
000049b5  EUSCIA1_IRQHandler                        
0000342b  EUSCIA2_IRQHandler                        
0000342b  EUSCIA2_IRQHandler                        
00003179  EUSCIA3_IRQHandler                        
00003179  EUSCIA3_IRQHandler                        
000049b5  EUSCIB0_IRQHandler                        
000049b5  EUSCIB1_IRQHandler                        
000049b5  EUSCIB2_IRQHandler                        
000049b5  EUSCIB3_IRQHandler                        
00001535  Encoder_clr                               
00004a10  F6x8                                      
000049b5  FLCTL_IRQHandler                          
000049b5  FPU_IRQHandler                            
000046cd  FlashCtl_setWaitState                     
00001761  GET_ADC_VALUE                             
000014f9  GET_encoder_dir                           
000014bd  GET_encoder_num                           
00004841  GPIO_clearInterruptFlag                   
000048e5  GPIO_enableInterrupt                      
00004589  GPIO_getEnabledInterruptStatus            
00004859  GPIO_getInputPinValue                     
0000496d  GPIO_getInterruptStatus                   
00004649  GPIO_setAsInputPin                        
000045b9  GPIO_setAsInputPinWithPullUpResistor      
00004719  GPIO_setAsOutputPin                       
000043c9  GPIO_setAsPeripheralModuleFunctionInputPin
000048f9  GPIO_setOutputHighOnPin                   
00004871  GPIO_setOutputLowOnPin                    
0000490d  GPIO_toggleOutputOnPin                    
000049b5  HardFault_Handler                         
00004c38  Hzk                                       
20002a74  IRQ3_5flag                                
20002a75  IRQ4_6flag                                
000041b9  Interrupt_enableInterrupt                 
0000497d  Interrupt_enableMaster                    
0000473d  Interrupt_setPriority                     
0000265f  MOTOR_TEST                                
000049b5  MemManage_Handler                         
00002461  Motor_DIR_PIN_INIT                        
00002409  Motor_PWM_INIT                            
000024b9  Motor_init                                
000024d1  Motor_pwm_duty                            
000049b5  NMI_Handler                               
00000dbf  OLED_Clear                                
00000da3  OLED_Display_Off                          
00000d87  OLED_Display_On                           
0000110d  OLED_DrawBMP                              
000011bd  OLED_Init                                 
00000b35  OLED_PutPixel                             
00000d4b  OLED_Set_Pos                              
00001057  OLED_ShowCHinese                          
00000e2d  OLED_ShowChar                             
00000ef1  OLED_ShowNum                              
00000ff5  OLED_ShowString                           
00000fc5  OLED_Showfloat                            
00000cbb  OLED_WR_Byte                              
00000ba5  OLED_pos_clr                              
000015d5  OLED_show                                 
0000195d  OLED_showADC                              
20002800  Oscill_data_buff                          
000049b5  PCM_IRQHandler                            
00004675  PCM_getCoreVoltageLevel                   
000046a1  PCM_getPowerMode                          
000049c5  PCM_getPowerState                         
000049e7  PCM_setCoreVoltageLevel                   
000049ef  PCM_setPowerMode                          
000025eb  PID_Inc                                   
000025a9  PID_SET                                   
00003469  PIT_init                                  
00002141  PORT1_IRQHandler                          
00002141  PORT1_IRQHandler                          
0000217f  PORT2_IRQHandler                          
0000217f  PORT2_IRQHandler                          
000021e5  PORT3_IRQHandler                          
000021e5  PORT3_IRQHandler                          
0000223d  PORT4_IRQHandler                          
0000223d  PORT4_IRQHandler                          
000022bd  PORT5_IRQHandler                          
000022bd  PORT5_IRQHandler                          
00002323  PORT6_IRQHandler                          
00002323  PORT6_IRQHandler                          
000049b5  PSS_IRQHandler                            
00001d61  PWM_TEST                                  
000049b5  PendSV_Handler                            
000049b5  RTC_C_IRQHandler                          
20002aa0  R_FLAG                                    
000049a9  Reset_Handler                             
000049b5  SVC_Handler                               
00004921  SysCtl_enableSRAMBankRetention            
00002d11  SysTick_Handler                           
00002d11  SysTick_Handler                           
20002ac8  SystemCoreClock                           
00001e0d  SystemCoreClockUpdate                     
00002085  SystemInit                                
000049b5  T32_INT1_IRQHandler                       
000049b5  T32_INT2_IRQHandler                       
000049b5  T32_INTC_IRQHandler                       
0000238f  TA0_0_IRQHandler                          
0000238f  TA0_0_IRQHandler                          
00001579  TA0_N_IRQHandler                          
00001579  TA0_N_IRQHandler                          
000023a5  TA1_0_IRQHandler                          
000023a5  TA1_0_IRQHandler                          
000049b5  TA1_N_IRQHandler                          
000023b1  TA2_0_IRQHandler                          
000023b1  TA2_0_IRQHandler                          
000049b5  TA2_N_IRQHandler                          
000023bd  TA3_0_IRQHandler                          
000023bd  TA3_0_IRQHandler                          
000049b5  TA3_N_IRQHandler                          
00004f8c  UART0                                     
20002ace  UART0_RXDat                               
000032e5  UART0_init                                
00004fb0  UART2                                     
20002acd  UART2_RXDat                               
0000332d  UART2_init                                
00004fd4  UART3                                     
20002acc  UART3_RXDat                               
00004ff8  UART3_SET                                 
00003375  UART3_init                                
0000498d  UART_clearInterruptFlag                   
00004761  UART_disableInterrupt                     
000048b9  UART_enableInterrupt                      
000049d1  UART_enableModule                         
000045e9  UART_getEnabledInterruptStatus            
00004a01  UART_getInterruptStatus                   
00003ec9  UART_initModule                           
00004785  UART_receiveData                          
000033ed  UART_send_Num                             
000033bd  UART_send_string                          
000047a9  UART_transmitData                         
000049b5  UsageFault_Handler                        
4000480c  WDTCTL_SYM                                
000049b5  WDT_A_IRQHandler                          
00004889  WDT_A_holdTimer                           
20010000  __STACK_END                               
00000200  __STACK_SIZE                              
00005080  __TI_CINIT_Base                           
00005090  __TI_CINIT_Limit                          
0000506c  __TI_Handler_Table_Base                   
00005078  __TI_Handler_Table_Limit                  
00004459  __TI_auto_init_nobinit_nopinit            
00004151  __TI_decompress_lzss                      
0000499b  __TI_decompress_none                      
000042d7  __TI_ltoa                                 
ffffffff  __TI_pprof_out_hndl                       
000000e5  __TI_printfi                              
ffffffff  __TI_prof_data_size                       
ffffffff  __TI_prof_data_start                      
00000000  __TI_static_base__                        
000047ed  __TI_zero_init_nomemset                   
00003f5d  __aeabi_cdcmpeq                           
00003f5d  __aeabi_cdcmple                           
00003fe3  __aeabi_cdrcmple                          
00004411  __aeabi_d2iz                              
00002f83  __aeabi_dadd                              
000036ed  __aeabi_ddiv                              
00003a59  __aeabi_dmul                              
00002f79  __aeabi_dsub                              
000049f9  __aeabi_errno_addr                        
0000451b  __aeabi_f2d                               
00004619  __aeabi_i2d                               
00000b33  __aeabi_idiv0                             
00000b33  __aeabi_ldiv0                             
00004069  __aeabi_memclr                            
00004069  __aeabi_memclr4                           
00004069  __aeabi_memclr8                           
00003d95  __aeabi_memcpy                            
00003d95  __aeabi_memcpy4                           
00003d95  __aeabi_memcpy8                           
0000406b  __aeabi_memset                            
0000406b  __aeabi_memset4                           
0000406b  __aeabi_memset8                           
000047cd  __aeabi_ui2d                              
00003e31  __aeabi_uldivmod                          
ffffffff  __binit__                                 
ffffffff  __c_args__                                
UNDEFED   __mpu_init                                
2000fe00  __stack                                   
20000000  __start___llvm_prf_cnts                   
20000000  __stop___llvm_prf_cnts                    
00004555  _c_int00_noargs                           
00004df8  _ctypes_                                  
UNDEFED   _system_post_cinit                        
00004a07  _system_pre_init                          
00004a0b  abort                                     
20002b4c  ad_get                                    
0000437d  atoi                                      
ffffffff  binit                                     
20002400  bmp                                       
20002000  bmp2                                      
00004825  copysign                                  
00004825  copysignl                                 
20002a68  count                                     
20002a5c  count_max                                 
20002a58  dirf                                      
20002ac0  duty                                      
20002b28  encoder_A                                 
20002b30  encoder_B                                 
20002b38  encoder_C                                 
20002b40  encoder_D                                 
00001311  encoder_IncTypeDef_init                   
0000136d  encoder_dirpin_init                       
00001415  encoder_init                              
000013c5  encoder_interrupt_init                    
20002ac4  errno                                     
00002b69  error                                     
0000421d  frexp                                     
0000421d  frexpl                                    
00002ab7  gpio_INT_EN                               
000029a5  gpio_edg_sel                              
00002965  gpio_get                                  
00002901  gpio_init                                 
00002b0b  gpio_interrupt_INIT                       
00002975  gpio_set                                  
00002995  gpio_toggle                               
20002a8c  ii                                        
00000000  interruptVectors                          
00003949  ldexp                                     
00003949  ldexpl                                    
00004949  main                                      
00004809  memccpy                                   
00003d95  memcpy                                    
00004071  memset                                    
00000eb7  oled_pow                                  
00000bd9  oled_update                               
20002ad0  oscill1                                   
20002a60  page_count                                
00001acd  pwm_clock_init                            
00001cf7  pwm_duty                                  
00001af1  pwm_init                                  
20002a78  receive_success                           
00003949  scalbn                                    
00003949  scalbnl                                   
20000000  screen_buf                                
00002b91  set_DCO_48MH                              
00002c31  set_clock_period                          
0000449d  sprintf                                   
20002a64  start_flag                                
000048cf  strchr                                    
00004935  strlen                                    
20002ab0  sysc                                      
00002cf1  system_init                               
00002ce3  systic_clr                                
00002d39  systic_delayms                            
00002d1b  systic_delayus                            
00002c75  systic_end                                
00002c3b  systic_init                               
00002c83  systic_read                               
00002c5f  systic_start                              
20002ab4  systim                                    
20002a6c  testA                                     
20002a70  testB                                     
20002aac  time_counter                              
20002aa8  timerAcapturePointer                      
20002a30  timerAcaptureValues                       
0000495b  wcslen                                    


GLOBAL SYMBOLS: SORTED BY Symbol Address 

address   name                                      
-------   ----                                      
00000000  __TI_static_base__                        
00000000  interruptVectors                          
000000e5  __TI_printfi                              
00000200  __STACK_SIZE                              
00000b33  __aeabi_idiv0                             
00000b33  __aeabi_ldiv0                             
00000b35  OLED_PutPixel                             
00000ba5  OLED_pos_clr                              
00000bd9  oled_update                               
00000cbb  OLED_WR_Byte                              
00000d4b  OLED_Set_Pos                              
00000d87  OLED_Display_On                           
00000da3  OLED_Display_Off                          
00000dbf  OLED_Clear                                
00000e2d  OLED_ShowChar                             
00000eb7  oled_pow                                  
00000ef1  OLED_ShowNum                              
00000fc5  OLED_Showfloat                            
00000ff5  OLED_ShowString                           
00001057  OLED_ShowCHinese                          
0000110d  OLED_DrawBMP                              
000011bd  OLED_Init                                 
00001311  encoder_IncTypeDef_init                   
0000136d  encoder_dirpin_init                       
000013c5  encoder_interrupt_init                    
00001415  encoder_init                              
000014bd  GET_encoder_num                           
000014f9  GET_encoder_dir                           
00001535  Encoder_clr                               
00001579  TA0_N_IRQHandler                          
00001579  TA0_N_IRQHandler                          
000015d5  OLED_show                                 
00001665  ENCODER_TEST                              
00001701  ADC_INIT                                  
00001761  GET_ADC_VALUE                             
0000179d  ADC_mean_filter                           
000017f1  ADC14_IRQHandler                          
000017f1  ADC14_IRQHandler                          
0000195d  OLED_showADC                              
000019b3  ADC_TEST                                  
00001acd  pwm_clock_init                            
00001af1  pwm_init                                  
00001cf7  pwm_duty                                  
00001d61  PWM_TEST                                  
00001e0d  SystemCoreClockUpdate                     
00002085  SystemInit                                
00002141  PORT1_IRQHandler                          
00002141  PORT1_IRQHandler                          
0000217f  PORT2_IRQHandler                          
0000217f  PORT2_IRQHandler                          
000021e5  PORT3_IRQHandler                          
000021e5  PORT3_IRQHandler                          
0000223d  PORT4_IRQHandler                          
0000223d  PORT4_IRQHandler                          
000022bd  PORT5_IRQHandler                          
000022bd  PORT5_IRQHandler                          
00002323  PORT6_IRQHandler                          
00002323  PORT6_IRQHandler                          
0000238f  TA0_0_IRQHandler                          
0000238f  TA0_0_IRQHandler                          
000023a5  TA1_0_IRQHandler                          
000023a5  TA1_0_IRQHandler                          
000023b1  TA2_0_IRQHandler                          
000023b1  TA2_0_IRQHandler                          
000023bd  TA3_0_IRQHandler                          
000023bd  TA3_0_IRQHandler                          
00002409  Motor_PWM_INIT                            
00002461  Motor_DIR_PIN_INIT                        
000024b9  Motor_init                                
000024d1  Motor_pwm_duty                            
000025a9  PID_SET                                   
000025eb  PID_Inc                                   
0000265f  MOTOR_TEST                                
00002901  gpio_init                                 
00002965  gpio_get                                  
00002975  gpio_set                                  
00002995  gpio_toggle                               
000029a5  gpio_edg_sel                              
00002ab7  gpio_INT_EN                               
00002b0b  gpio_interrupt_INIT                       
00002b69  error                                     
00002b91  set_DCO_48MH                              
00002c31  set_clock_period                          
00002c3b  systic_init                               
00002c5f  systic_start                              
00002c75  systic_end                                
00002c83  systic_read                               
00002ce3  systic_clr                                
00002cf1  system_init                               
00002d11  SysTick_Handler                           
00002d11  SysTick_Handler                           
00002d1b  systic_delayus                            
00002d39  systic_delayms                            
00002f79  __aeabi_dsub                              
00002f83  __aeabi_dadd                              
00003131  ADS_RCV_Init                              
00003179  EUSCIA3_IRQHandler                        
00003179  EUSCIA3_IRQHandler                        
00003209  ADS_Get                                   
0000324b  ADS_RCV_GetData32                         
000032e5  UART0_init                                
0000332d  UART2_init                                
00003375  UART3_init                                
000033bd  UART_send_string                          
000033ed  UART_send_Num                             
000033fd  EUSCIA0_IRQHandler                        
000033fd  EUSCIA0_IRQHandler                        
0000342b  EUSCIA2_IRQHandler                        
0000342b  EUSCIA2_IRQHandler                        
00003469  PIT_init                                  
000036ed  __aeabi_ddiv                              
00003949  ldexp                                     
00003949  ldexpl                                    
00003949  scalbn                                    
00003949  scalbnl                                   
00003a59  __aeabi_dmul                              
00003d95  __aeabi_memcpy                            
00003d95  __aeabi_memcpy4                           
00003d95  __aeabi_memcpy8                           
00003d95  memcpy                                    
00003e31  __aeabi_uldivmod                          
00003ec9  UART_initModule                           
00003f5d  __aeabi_cdcmpeq                           
00003f5d  __aeabi_cdcmple                           
00003fe3  __aeabi_cdrcmple                          
00004069  __aeabi_memclr                            
00004069  __aeabi_memclr4                           
00004069  __aeabi_memclr8                           
0000406b  __aeabi_memset                            
0000406b  __aeabi_memset4                           
0000406b  __aeabi_memset8                           
00004071  memset                                    
00004151  __TI_decompress_lzss                      
000041b9  Interrupt_enableInterrupt                 
0000421d  frexp                                     
0000421d  frexpl                                    
000042d7  __TI_ltoa                                 
0000437d  atoi                                      
000043c9  GPIO_setAsPeripheralModuleFunctionInputPin
00004411  __aeabi_d2iz                              
00004459  __TI_auto_init_nobinit_nopinit            
0000449d  sprintf                                   
0000451b  __aeabi_f2d                               
00004555  _c_int00_noargs                           
00004589  GPIO_getEnabledInterruptStatus            
000045b9  GPIO_setAsInputPinWithPullUpResistor      
000045e9  UART_getEnabledInterruptStatus            
00004619  __aeabi_i2d                               
00004649  GPIO_setAsInputPin                        
00004675  PCM_getCoreVoltageLevel                   
000046a1  PCM_getPowerMode                          
000046cd  FlashCtl_setWaitState                     
000046f5  CS_setDCOCenteredFrequency                
00004719  GPIO_setAsOutputPin                       
0000473d  Interrupt_setPriority                     
00004761  UART_disableInterrupt                     
00004785  UART_receiveData                          
000047a9  UART_transmitData                         
000047cd  __aeabi_ui2d                              
000047ed  __TI_zero_init_nomemset                   
00004809  memccpy                                   
00004825  copysign                                  
00004825  copysignl                                 
00004841  GPIO_clearInterruptFlag                   
00004859  GPIO_getInputPinValue                     
00004871  GPIO_setOutputLowOnPin                    
00004889  WDT_A_holdTimer                           
000048b9  UART_enableInterrupt                      
000048cf  strchr                                    
000048e5  GPIO_enableInterrupt                      
000048f9  GPIO_setOutputHighOnPin                   
0000490d  GPIO_toggleOutputOnPin                    
00004921  SysCtl_enableSRAMBankRetention            
00004935  strlen                                    
00004949  main                                      
0000495b  wcslen                                    
0000496d  GPIO_getInterruptStatus                   
0000497d  Interrupt_enableMaster                    
0000498d  UART_clearInterruptFlag                   
0000499b  __TI_decompress_none                      
000049a9  Reset_Handler                             
000049b5  AES256_IRQHandler                         
000049b5  BusFault_Handler                          
000049b5  COMP_E0_IRQHandler                        
000049b5  COMP_E1_IRQHandler                        
000049b5  CS_IRQHandler                             
000049b5  DMA_ERR_IRQHandler                        
000049b5  DMA_INT0_IRQHandler                       
000049b5  DMA_INT1_IRQHandler                       
000049b5  DMA_INT2_IRQHandler                       
000049b5  DMA_INT3_IRQHandler                       
000049b5  DebugMon_Handler                          
000049b5  Default_Handler                           
000049b5  EUSCIA1_IRQHandler                        
000049b5  EUSCIB0_IRQHandler                        
000049b5  EUSCIB1_IRQHandler                        
000049b5  EUSCIB2_IRQHandler                        
000049b5  EUSCIB3_IRQHandler                        
000049b5  FLCTL_IRQHandler                          
000049b5  FPU_IRQHandler                            
000049b5  HardFault_Handler                         
000049b5  MemManage_Handler                         
000049b5  NMI_Handler                               
000049b5  PCM_IRQHandler                            
000049b5  PSS_IRQHandler                            
000049b5  PendSV_Handler                            
000049b5  RTC_C_IRQHandler                          
000049b5  SVC_Handler                               
000049b5  T32_INT1_IRQHandler                       
000049b5  T32_INT2_IRQHandler                       
000049b5  T32_INTC_IRQHandler                       
000049b5  TA1_N_IRQHandler                          
000049b5  TA2_N_IRQHandler                          
000049b5  TA3_N_IRQHandler                          
000049b5  UsageFault_Handler                        
000049b5  WDT_A_IRQHandler                          
000049b7  CPU_cpsie                                 
000049c5  PCM_getPowerState                         
000049d1  UART_enableModule                         
000049e7  PCM_setCoreVoltageLevel                   
000049ef  PCM_setPowerMode                          
000049f9  __aeabi_errno_addr                        
00004a01  UART_getInterruptStatus                   
00004a07  _system_pre_init                          
00004a0b  C$$EXIT                                   
00004a0b  abort                                     
00004a10  F6x8                                      
00004c38  Hzk                                       
00004df8  _ctypes_                                  
00004f8c  UART0                                     
00004fb0  UART2                                     
00004fd4  UART3                                     
00004ff8  UART3_SET                                 
0000506c  __TI_Handler_Table_Base                   
00005078  __TI_Handler_Table_Limit                  
00005080  __TI_CINIT_Base                           
00005090  __TI_CINIT_Limit                          
20000000  __start___llvm_prf_cnts                   
20000000  __stop___llvm_prf_cnts                    
20000000  screen_buf                                
20002000  bmp2                                      
20002400  bmp                                       
20002800  Oscill_data_buff                          
20002a30  timerAcaptureValues                       
20002a58  dirf                                      
20002a5c  count_max                                 
20002a60  page_count                                
20002a64  start_flag                                
20002a68  count                                     
20002a6c  testA                                     
20002a70  testB                                     
20002a74  IRQ3_5flag                                
20002a75  IRQ4_6flag                                
20002a76  A_flag                                    
20002a77  B_flag                                    
20002a78  receive_success                           
20002a7c  ADC_CA                                    
20002a80  ADC_CB                                    
20002a84  ADC_CC                                    
20002a88  ADC_CD                                    
20002a8c  ii                                        
20002a90  ADC_receive_count                         
20002a94  ADS_RCV_DATA                              
20002aa0  R_FLAG                                    
20002aa1  ADS_RCV_FLAG                              
20002aa2  ADS_RCV_STATE                             
20002aa8  timerAcapturePointer                      
20002aac  time_counter                              
20002ab0  sysc                                      
20002ab4  systim                                    
20002ac0  duty                                      
20002ac4  errno                                     
20002ac8  SystemCoreClock                           
20002acc  UART3_RXDat                               
20002acd  UART2_RXDat                               
20002ace  UART0_RXDat                               
20002ad0  oscill1                                   
20002ae8  A0results                                 
20002af8  A1results                                 
20002b08  A2results                                 
20002b18  A3results                                 
20002b28  encoder_A                                 
20002b30  encoder_B                                 
20002b38  encoder_C                                 
20002b40  encoder_D                                 
20002b4c  ad_get                                    
2000fe00  __stack                                   
20010000  __STACK_END                               
4000480c  WDTCTL_SYM                                
ffffffff  __TI_pprof_out_hndl                       
ffffffff  __TI_prof_data_size                       
ffffffff  __TI_prof_data_start                      
ffffffff  __binit__                                 
ffffffff  __c_args__                                
ffffffff  binit                                     
UNDEFED   __mpu_init                                
UNDEFED   _system_post_cinit                        

[297 symbols]
