******************************************************************************
                  TI ARM Linker PC v20.2.1                     
******************************************************************************
>> Linked Sun Dec 19 10:56:03 2021

OUTPUT FILE NAME:   <2.Exin_pit.out>
ENTRY POINT SYMBOL: "_c_int00_noargs"  address: 00004599


MEMORY CONFIGURATION

         name            origin    length      used     unused   attr    fill
----------------------  --------  ---------  --------  --------  ----  --------
  MAIN                  00000000   00040000  00004ec8  0003b138  R  X
  INFO                  00200000   00004000  00000000  00004000  R  X
  SRAM_CODE             01000000   00010000  00002d01  0000d2ff  RW X
  SRAM_DATA             20000000   00010000  00002d01  0000d2ff  RW  


SEGMENT ALLOCATION MAP

run origin  load origin   length   init length attrs members
----------  ----------- ---------- ----------- ----- -------
00000000    00000000    00004ec8   00004ec8    r-x
  00000000    00000000    000000e4   000000e4    r-- .intvecs
  000000e4    000000e4    000047f8   000047f8    r-x .text
  000048dc    000048dc    0000057c   0000057c    r-- .const
  00004e58    00004e58    00000070   00000070    r-- .cinit
20000000    20000000    00002b01   00000000    rw-
  20000000    20000000    00002a94   00000000    rw- .data
  20002a94    20002a94    0000006d   00000000    rw- .bss
2000fe00    2000fe00    00000200   00000000    rw-
  2000fe00    2000fe00    00000200   00000000    rw- .stack


SECTION ALLOCATION MAP

 output                                  attributes/
section   page    origin      length       input sections
--------  ----  ----------  ----------   ----------------
.intvecs   0    00000000    000000e4     
                  00000000    000000e4     startup_msp432p401r_ccs.obj (.intvecs:retain)

.text      0    000000e4    000047f8     
                  000000e4    00000a4e     rtsv7M4_T_le_v4SPD16_eabi.lib : _printfi.c.obj (.text:__TI_printfi)
                  00000b32    00000002                                   : div0.asm.obj (.text)
                  00000b34    000008f0     exinADC.obj (.text)
                  00001424    000007dc     oled.obj (.text)
                  00001c00    00000698     exinuart.obj (.text)
                  00002298    000003f0     exinencoder.obj (.text)
                  00002688    00000334     system_msp432p401r.obj (.text)
                  000029bc    000002bc     exinisr.obj (.text)
                  00002c78    00000270     rtsv7M4_T_le_v4SPD16_eabi.lib : _printfi.c.obj (.text:_pconv_a)
                  00002ee8    00000268     exingpio.obj (.text)
                  00003150    00000240     exinsystem.obj (.text)
                  00003390    000001d0     rtsv7M4_T_le_v4SPD16_eabi.lib : _printfi.c.obj (.text:_pconv_g)
                  00003560    000001b6                                   : fd_add_t2.asm.obj (.text)
                  00003716    00000002     --HOLE-- [fill = 0]
                  00003718    00000148     exin_pit.obj (.text)
                  00003860    0000013c     rtsv7M4_T_le_v4SPD16_eabi.lib : _printfi.c.obj (.text:_pconv_e)
                  0000399c    00000136                                   : fd_div_t2.asm.obj (.text)
                  00003ad2    00000002     --HOLE-- [fill = 0]
                  00003ad4    00000124                                   : _printfi.c.obj (.text:fcvt)
                  00003bf8    00000110                                   : s_scalbn.c.obj (.text:scalbn)
                  00003d08    000000fc                                   : fd_mul_t2.asm.obj (.text)
                  00003e04    000000b1                                   : _printfi.c.obj (.text:_ltostr)
                  00003eb5    00000001     --HOLE-- [fill = 0]
                  00003eb6    0000009c                                   : memcpy_t2.asm.obj (.text)
                  00003f52    00000096                                   : ull_div_t2.asm.obj (.text)
                  00003fe8    00000086                                   : fd_cmp_t2.asm.obj (.text:__aeabi_cdcmple)
                  0000406e    00000086                                   : fd_cmp_t2.asm.obj (.text:__aeabi_cdrcmple)
                  000040f4    0000007a                                   : memset_t2.asm.obj (.text)
                  0000416e    0000006e                                   : _printfi.c.obj (.text:_mcpy)
                  000041dc    00000068                                   : copy_decompress_lzss.c.obj (.text:decompress:lzss:__TI_decompress_lzss)
                  00004244    00000064     msp432p4xx_driverlib.lib : interrupt.o (.text:Interrupt_enableInterrupt)
                  000042a8    00000064     rtsv7M4_T_le_v4SPD16_eabi.lib : s_frexp.c.obj (.text:frexp)
                  0000430c    00000056                                   : _printfi.c.obj (.text:_pconv_f)
                  00004362    00000054                                   : _ltoa.c.obj (.text:__TI_ltoa)
                  000043b6    00000052                                   : _printfi.c.obj (.text:_ecpy)
                  00004408    0000004c                                   : atoi.c.obj (.text:atoi)
                  00004454    00000048                                   : fd_toi_t2.asm.obj (.text)
                  0000449c    00000044                                   : autoinit.c.obj (.text:__TI_auto_init_nobinit_nopinit:__TI_auto_init_nobinit_nopinit)
                  000044e0    00000040                                   : sprintf.c.obj (.text:sprintf)
                  00004520    0000003e                                   : _printfi.c.obj (.text:_fcpy)
                  0000455e    00000038                                   : fs_tod_t2.asm.obj (.text)
                  00004596    00000002     --HOLE-- [fill = 0]
                  00004598    00000034                                   : boot_cortex_m.c.obj (.text:_c_int00_noargs:_c_int00_noargs)
                  000045cc    00000030     msp432p4xx_driverlib.lib : gpio.o (.text:GPIO_getEnabledInterruptStatus)
                  000045fc    00000030                              : gpio.o (.text:GPIO_setAsInputPinWithPullUpResistor)
                  0000462c    0000002e     rtsv7M4_T_le_v4SPD16_eabi.lib : i_tofd_t2.asm.obj (.text)
                  0000465a    00000002     --HOLE-- [fill = 0]
                  0000465c    0000002c     msp432p4xx_driverlib.lib : gpio.o (.text:GPIO_setAsInputPin)
                  00004688    0000002c     main.obj (.text)
                  000046b4    00000024     msp432p4xx_driverlib.lib : gpio.o (.text:GPIO_setAsOutputPin)
                  000046d8    00000024                              : interrupt.o (.text:Interrupt_setPriority)
                  000046fc    00000020     rtsv7M4_T_le_v4SPD16_eabi.lib : u_tofd_t2.asm.obj (.text)
                  0000471c    0000001c                                   : copy_zero_init.c.obj (.text:decompress:ZI:__TI_zero_init_nomemset:__TI_zero_init_nomemset)
                  00004738    0000001c                                   : memccpy.c.obj (.text:memccpy)
                  00004754    0000001a                                   : s_copysign.c.obj (.text:copysign)
                  0000476e    00000002     --HOLE-- [fill = 0]
                  00004770    00000018     msp432p4xx_driverlib.lib : gpio.o (.text:GPIO_clearInterruptFlag)
                  00004788    00000018                              : gpio.o (.text:GPIO_getInputPinValue)
                  000047a0    00000018                              : gpio.o (.text:GPIO_setOutputLowOnPin)
                  000047b8    00000018                              : wdt_a.o (.text:WDT_A_holdTimer)
                  000047d0    00000018     rtsv7M4_T_le_v4SPD16_eabi.lib : sprintf.c.obj (.text:_outs)
                  000047e8    00000016                                   : strchr.c.obj (.text:strchr)
                  000047fe    00000002     --HOLE-- [fill = 0]
                  00004800    00000014     msp432p4xx_driverlib.lib : gpio.o (.text:GPIO_enableInterrupt)
                  00004814    00000014                              : gpio.o (.text:GPIO_setOutputHighOnPin)
                  00004828    00000014                              : gpio.o (.text:GPIO_toggleOutputOnPin)
                  0000483c    00000014                              : sysctl.o (.text:SysCtl_enableSRAMBankRetention)
                  00004850    00000014     rtsv7M4_T_le_v4SPD16_eabi.lib : strlen.c.obj (.text:strlen)
                  00004864    00000012                                   : wcslen.c.obj (.text:wcslen)
                  00004876    00000002     --HOLE-- [fill = 0]
                  00004878    00000010     msp432p4xx_driverlib.lib : gpio.o (.text:GPIO_getInterruptStatus)
                  00004888    00000010                              : interrupt.o (.text:Interrupt_enableMaster)
                  00004898    0000000e     rtsv7M4_T_le_v4SPD16_eabi.lib : copy_decompress_none.c.obj (.text:decompress:none:__TI_decompress_none)
                  000048a6    0000000e     startup_msp432p401r_ccs.obj (.text)
                  000048b4    0000000c     msp432p4xx_driverlib.lib : cpu.o (.text:CPU_cpsie)
                  000048c0    0000000a     rtsv7M4_T_le_v4SPD16_eabi.lib : sprintf.c.obj (.text:_outc)
                  000048ca    00000002     --HOLE-- [fill = 0]
                  000048cc    00000008                                   : errno.c.obj (.text:__aeabi_errno_addr)
                  000048d4    00000004                                   : pre_init.c.obj (.text:_system_pre_init)
                  000048d8    00000004                                   : exit.c.obj (.text:abort:abort)

.const     0    000048dc    0000057c     
                  000048dc    00000228     oled.obj (.const:F6x8)
                  00004b04    000001c0     oled.obj (.const:Hzk)
                  00004cc4    00000101     rtsv7M4_T_le_v4SPD16_eabi.lib : ctype.c.obj (.const:.string:_ctypes_)
                  00004dc5    00000003     --HOLE-- [fill = 0]
                  00004dc8    00000050     msp432p4xx_driverlib.lib : interrupt.o (.const:g_pulRegs)
                  00004e18    00000040                              : interrupt.o (.const)

.cinit     0    00004e58    00000070     
                  00004e58    00000045     (.cinit..data.load) [load image, compression = lzss]
                  00004e9d    00000003     --HOLE-- [fill = 0]
                  00004ea0    0000000c     (__TI_handler_table)
                  00004eac    00000004     --HOLE-- [fill = 0]
                  00004eb0    00000008     (.cinit..bss.load) [load image, compression = zero_init]
                  00004eb8    00000010     (__TI_cinit_table)

.init_array 
*          0    00000000    00000000     UNINITIALIZED

.binit     0    00000000    00000000     

.data      0    20000000    00002a94     UNINITIALIZED
                  20000000    00002000     oled.obj (.data:screen_buf)
                  20002000    00000400     oled.obj (.data:bmp2)
                  20002400    00000400     oled.obj (.data:bmp)
                  20002800    00000200     Oscill_OLED.obj (.data:Oscill_data_buff)
                  20002a00    00000030     msp432p4xx_driverlib.lib : gpio.o (.data:GPIO_PORT_TO_BASE)
                  20002a30    00000028     exinencoder.obj (.data:timerAcaptureValues)
                  20002a58    0000001c     exinadjust.obj (.data)
                  20002a74    00000008     exinencoder.obj (.data)
                  20002a7c    00000008     exinsystem.obj (.data)
                  20002a84    00000008     oled.obj (.data:tmp$2)
                  20002a8c    00000004     rtsv7M4_T_le_v4SPD16_eabi.lib : errno.c.obj (.data)
                  20002a90    00000004     system_msp432p401r.obj (.data)

.bss       0    20002a94    0000006d     UNINITIALIZED
                  20002a94    00000030     (.common:ADC14_STRUCT)
                  20002ac4    00000018     (.common:oscill1)
                  20002adc    00000008     (.common:encoder_A)
                  20002ae4    00000008     (.common:encoder_B)
                  20002aec    00000008     (.common:encoder_C)
                  20002af4    00000008     (.common:encoder_D)
                  20002afc    00000004     exinsystem.obj (.bss)
                  20002b00    00000001     oled.obj (.bss)

.stack     0    2000fe00    00000200     UNINITIALIZED
                  2000fe00    00000004     rtsv7M4_T_le_v4SPD16_eabi.lib : boot_cortex_m.c.obj (.stack)
                  2000fe04    000001fc     --HOLE--

__llvm_prf_cnts 
*          0    20000000    00000000     UNINITIALIZED

MODULE SUMMARY

       Module                        code    ro data   rw data
       ------                        ----    -------   -------
    .\
       system_msp432p401r.obj        820     0         8      
       startup_msp432p401r_ccs.obj   14      228       0      
       main.obj                      44      0         96     
    +--+-----------------------------+-------+---------+---------+
       Total:                        878     228       104    
                                                              
    .\exinlibs\
       oled.obj                      2012    1000      20498  
       exinADC.obj                   2288    0         0      
       exinuart.obj                  1688    0         0      
       exinencoder.obj               1008    0         160    
       Oscill_OLED.obj               0       0         1072   
       exinisr.obj                   700     0         0      
       exingpio.obj                  616     0         0      
       exinsystem.obj                576     0         24     
       exin_pit.obj                  328     0         0      
       exinadjust.obj                0       0         56     
    +--+-----------------------------+-------+---------+---------+
       Total:                        9216    1000      21810  
                                                              
    C:/ti/msp/MSP432Ware_3_40_00_25/driverlib/driverlib/MSP432P4xx/ccs/msp432p4xx_driverlib.lib
       gpio.o                        324     0         96     
       interrupt.o                   152     144       0      
       wdt_a.o                       24      0         0      
       sysctl.o                      20      0         0      
       cpu.o                         12      0         0      
    +--+-----------------------------+-------+---------+---------+
       Total:                        532     144       96     
                                                              
    D:\CCS\ccs\tools\compiler\ti-cgt-arm_20.2.1.LTS\lib\rtsv7M4_T_le_v4SPD16_eabi.lib
       _printfi.c.obj                4851    0         0      
       fd_add_t2.asm.obj             438     0         0      
       fd_div_t2.asm.obj             310     0         0      
       s_scalbn.c.obj                272     0         0      
       fd_cmp_t2.asm.obj             268     0         0      
       ctype.c.obj                   0       257       0      
       fd_mul_t2.asm.obj             252     0         0      
       memcpy_t2.asm.obj             156     0         0      
       ull_div_t2.asm.obj            150     0         0      
       memset_t2.asm.obj             122     0         0      
       copy_decompress_lzss.c.obj    104     0         0      
       s_frexp.c.obj                 100     0         0      
       sprintf.c.obj                 98      0         0      
       _ltoa.c.obj                   84      0         0      
       atoi.c.obj                    76      0         0      
       fd_toi_t2.asm.obj             72      0         0      
       autoinit.c.obj                68      0         0      
       fs_tod_t2.asm.obj             56      0         0      
       boot_cortex_m.c.obj           52      0         0      
       i_tofd_t2.asm.obj             46      0         0      
       u_tofd_t2.asm.obj             32      0         0      
       copy_zero_init.c.obj          28      0         0      
       memccpy.c.obj                 28      0         0      
       s_copysign.c.obj              26      0         0      
       strchr.c.obj                  22      0         0      
       strlen.c.obj                  20      0         0      
       wcslen.c.obj                  18      0         0      
       errno.c.obj                   8       0         8      
       copy_decompress_none.c.obj    14      0         0      
       exit.c.obj                    4       0         0      
       pre_init.c.obj                4       0         0      
       div0.asm.obj                  2       0         0      
    +--+-----------------------------+-------+---------+---------+
       Total:                        7781    257       8      
                                                              
       Stack:                        0       0         1024   
       Linker Generated:             0       105       0      
    +--+-----------------------------+-------+---------+---------+
       Grand Total:                  18407   1734      23042  


LINKER GENERATED COPY TABLES

__TI_cinit_table @ 00004eb8 records: 2, size/record: 8, table size: 16
	.data: load addr=00004e58, load size=00000045 bytes, run addr=20000000, run size=00002a94 bytes, compression=lzss
	.bss: load addr=00004eb0, load size=00000008 bytes, run addr=20002a94, run size=0000006d bytes, compression=zero_init


LINKER GENERATED HANDLER TABLE

__TI_handler_table @ 00004ea0 records: 3, size/record: 4, table size: 12
	index: 0, handler: __TI_decompress_lzss
	index: 1, handler: __TI_decompress_none
	index: 2, handler: __TI_zero_init


GLOBAL SYMBOLS: SORTED ALPHABETICALLY BY Name 

address   name                                
-------   ----                                
00001045  ADC14_CHAEND_set                    
00000d79  ADC14_CHA_sel                       
00000e8d  ADC14_CLK_sel                       
00001241  ADC14_IRQFG_set                     
00001399  ADC14_IRQHandler                    
00001399  ADC14_IRQHandler                    
0000113d  ADC14_MEM_set                       
00000f8b  ADC14_PREC_sel                      
20002a94  ADC14_STRUCT                        
00000b41  ADC14_convert_disable               
00000b35  ADC14_convert_enable                
00000b59  ADC14_convert_end                   
00000b4d  ADC14_convert_start                 
00000fe5  ADC14_init                          
00000c03  ADC14_read_data                     
000012cd  ADC14_repeatmod_init                
00001343  ADC14_repeatmod_rec                 
00000b65  ADC14_start                         
000048b3  AES256_IRQHandler                   
20002a72  A_flag                              
20002a73  B_flag                              
000048b3  BusFault_Handler                    
000048d9  C$$EXIT                             
000048b3  COMP_E0_IRQHandler                  
000048b3  COMP_E1_IRQHandler                  
000048b5  CPU_cpsie                           
000048b3  CS_IRQHandler                       
000048b3  DMA_ERR_IRQHandler                  
000048b3  DMA_INT0_IRQHandler                 
000048b3  DMA_INT1_IRQHandler                 
000048b3  DMA_INT2_IRQHandler                 
000048b3  DMA_INT3_IRQHandler                 
000048b3  DebugMon_Handler                    
000048b3  Default_Handler                     
000025ed  ENCODER_TEST                        
000021ff  EUSCIA0_IRQHandler                  
000021ff  EUSCIA0_IRQHandler                  
00002209  EUSCIA1_IRQHandler                  
00002209  EUSCIA1_IRQHandler                  
0000221d  EUSCIA2_IRQHandler                  
0000221d  EUSCIA2_IRQHandler                  
00002227  EUSCIA3_IRQHandler                  
00002227  EUSCIA3_IRQHandler                  
000048b3  EUSCIB0_IRQHandler                  
000048b3  EUSCIB1_IRQHandler                  
000048b3  EUSCIB2_IRQHandler                  
000048b3  EUSCIB3_IRQHandler                  
000024bd  Encoder_clr                         
000048dc  F6x8                                
000048b3  FLCTL_IRQHandler                    
000048b3  FPU_IRQHandler                      
00002481  GET_encoder_dir                     
00002445  GET_encoder_num                     
00004771  GPIO_clearInterruptFlag             
00004801  GPIO_enableInterrupt                
000045cd  GPIO_getEnabledInterruptStatus      
00004789  GPIO_getInputPinValue               
00004879  GPIO_getInterruptStatus             
0000465d  GPIO_setAsInputPin                  
000045fd  GPIO_setAsInputPinWithPullUpResistor
000046b5  GPIO_setAsOutputPin                 
00004815  GPIO_setOutputHighOnPin             
000047a1  GPIO_setOutputLowOnPin              
00004829  GPIO_toggleOutputOnPin              
000048b3  HardFault_Handler                   
00004b04  Hzk                                 
20002a70  IRQ3_5flag                          
20002a71  IRQ4_6flag                          
00004245  Interrupt_enableInterrupt           
00004889  Interrupt_enableMaster              
000046d9  Interrupt_setPriority               
000048b3  MemManage_Handler                   
000048b3  NMI_Handler                         
000016af  OLED_Clear                          
00001693  OLED_Display_Off                    
00001677  OLED_Display_On                     
000019fd  OLED_DrawBMP                        
00001aad  OLED_Init                           
00001425  OLED_PutPixel                       
0000163b  OLED_Set_Pos                        
00001947  OLED_ShowCHinese                    
0000171d  OLED_ShowChar                       
000017e1  OLED_ShowNum                        
000018e5  OLED_ShowString                     
000018b5  OLED_Showfloat                      
000015ab  OLED_WR_Byte                        
00001495  OLED_pos_clr                        
0000255d  OLED_show                           
20002800  Oscill_data_buff                    
000048b3  PCM_IRQHandler                      
00003719  PIT_init                            
000029bd  PORT1_IRQHandler                    
000029bd  PORT1_IRQHandler                    
000029fb  PORT2_IRQHandler                    
000029fb  PORT2_IRQHandler                    
00002a61  PORT3_IRQHandler                    
00002a61  PORT3_IRQHandler                    
00002ab3  PORT4_IRQHandler                    
00002ab3  PORT4_IRQHandler                    
00002b2d  PORT5_IRQHandler                    
00002b2d  PORT5_IRQHandler                    
00002b93  PORT6_IRQHandler                    
00002b93  PORT6_IRQHandler                    
000048b3  PSS_IRQHandler                      
000048b3  PendSV_Handler                      
000048b3  RTC_C_IRQHandler                    
000048a7  Reset_Handler                       
000048b3  SVC_Handler                         
0000483d  SysCtl_enableSRAMBankRetention      
000032f9  SysTick_Handler                     
000032f9  SysTick_Handler                     
20002a90  SystemCoreClock                     
00002689  SystemCoreClockUpdate               
00002901  SystemInit                          
000048b3  T32_INT1_IRQHandler                 
000048b3  T32_INT2_IRQHandler                 
000048b3  T32_INTC_IRQHandler                 
00002bff  TA0_0_IRQHandler                    
00002bff  TA0_0_IRQHandler                    
00002501  TA0_N_IRQHandler                    
00002501  TA0_N_IRQHandler                    
00002c15  TA1_0_IRQHandler                    
00002c15  TA1_0_IRQHandler                    
000048b3  TA1_N_IRQHandler                    
00002c21  TA2_0_IRQHandler                    
00002c21  TA2_0_IRQHandler                    
000048b3  TA2_N_IRQHandler                    
00002c2d  TA3_0_IRQHandler                    
00002c2d  TA3_0_IRQHandler                    
000048b3  TA3_N_IRQHandler                    
00001e7d  UART_Baunds_set                     
00001d71  UART_CLK_sel                        
00001c75  UART_IRQRX_set                      
00001c01  UART_IRQ_set                        
00001d1d  UART_PIN_sel                        
00001cc9  UART_USIC_init                      
00002051  UART_init                           
00002105  UART_recv_Byte                      
00002095  UART_send_Byte                      
000021c9  UART_send_int                       
00002181  UART_send_short                     
00002153  UART_send_string                    
000048b3  UsageFault_Handler                  
4000480c  WDTCTL_SYM                          
000048b3  WDT_A_IRQHandler                    
000047b9  WDT_A_holdTimer                     
20010000  __STACK_END                         
00000200  __STACK_SIZE                        
00004eb8  __TI_CINIT_Base                     
00004ec8  __TI_CINIT_Limit                    
00004ea0  __TI_Handler_Table_Base             
00004eac  __TI_Handler_Table_Limit            
0000449d  __TI_auto_init_nobinit_nopinit      
000041dd  __TI_decompress_lzss                
00004899  __TI_decompress_none                
00004363  __TI_ltoa                           
ffffffff  __TI_pprof_out_hndl                 
000000e5  __TI_printfi                        
ffffffff  __TI_prof_data_size                 
ffffffff  __TI_prof_data_start                
00000000  __TI_static_base__                  
0000471d  __TI_zero_init_nomemset             
00003fe9  __aeabi_cdcmpeq                     
00003fe9  __aeabi_cdcmple                     
0000406f  __aeabi_cdrcmple                    
00004455  __aeabi_d2iz                        
0000356b  __aeabi_dadd                        
0000399d  __aeabi_ddiv                        
00003d09  __aeabi_dmul                        
00003561  __aeabi_dsub                        
000048cd  __aeabi_errno_addr                  
0000455f  __aeabi_f2d                         
0000462d  __aeabi_i2d                         
00000b33  __aeabi_idiv0                       
00000b33  __aeabi_ldiv0                       
000040f5  __aeabi_memclr                      
000040f5  __aeabi_memclr4                     
000040f5  __aeabi_memclr8                     
00003eb7  __aeabi_memcpy                      
00003eb7  __aeabi_memcpy4                     
00003eb7  __aeabi_memcpy8                     
000040f7  __aeabi_memset                      
000040f7  __aeabi_memset4                     
000040f7  __aeabi_memset8                     
000046fd  __aeabi_ui2d                        
00003f53  __aeabi_uldivmod                    
ffffffff  __binit__                           
ffffffff  __c_args__                          
UNDEFED   __mpu_init                          
2000fe00  __stack                             
20000000  __start___llvm_prf_cnts             
20000000  __stop___llvm_prf_cnts              
00004599  _c_int00_noargs                     
00004cc4  _ctypes_                            
UNDEFED   _system_post_cinit                  
000048d5  _system_pre_init                    
000048d9  abort                               
00004409  atoi                                
ffffffff  binit                               
20002400  bmp                                 
20002000  bmp2                                
00004755  copysign                            
00004755  copysignl                           
20002a64  count                               
20002a58  dirf                                
20002adc  encoder_A                           
20002ae4  encoder_B                           
20002aec  encoder_C                           
20002af4  encoder_D                           
00002299  encoder_IncTypeDef_init             
000022f5  encoder_dirpin_init                 
0000239d  encoder_init                        
0000234d  encoder_interrupt_init              
20002a8c  errno                               
00003151  error                               
000042a9  frexp                               
000042a9  frexpl                              
0000309f  gpio_INT_EN                         
00002f8d  gpio_edg_sel                        
00002f4d  gpio_get                            
00002ee9  gpio_init                           
000030f3  gpio_interrupt_INIT                 
00002f5d  gpio_set                            
00002f7d  gpio_toggle                         
00000000  interruptVectors                    
00003bf9  ldexp                               
00003bf9  ldexpl                              
00004689  main                                
00004739  memccpy                             
00003eb7  memcpy                              
000040fd  memset                              
000017a7  oled_pow                            
000014c9  oled_update                         
20002ac4  oscill1                             
20002a5c  page_count                          
00003bf9  scalbn                              
00003bf9  scalbnl                             
20000000  screen_buf                          
00003179  set_DCO_48MH                        
00003219  set_clock_period                    
000044e1  sprintf                             
20002a60  start_flag                          
000047e9  strchr                              
00004851  strlen                              
20002a7c  sysc                                
000032d9  system_init                         
000032cb  systic_clr                          
00003321  systic_delayms                      
00003303  systic_delayus                      
0000325d  systic_end                          
00003223  systic_init                         
0000326b  systic_read                         
00003247  systic_start                        
20002a80  systim                              
20002a68  testA                               
20002a6c  testB                               
20002a78  time_counter                        
20002a74  timerAcapturePointer                
20002a30  timerAcaptureValues                 
00004865  wcslen                              


GLOBAL SYMBOLS: SORTED BY Symbol Address 

address   name                                
-------   ----                                
00000000  __TI_static_base__                  
00000000  interruptVectors                    
000000e5  __TI_printfi                        
00000200  __STACK_SIZE                        
00000b33  __aeabi_idiv0                       
00000b33  __aeabi_ldiv0                       
00000b35  ADC14_convert_enable                
00000b41  ADC14_convert_disable               
00000b4d  ADC14_convert_start                 
00000b59  ADC14_convert_end                   
00000b65  ADC14_start                         
00000c03  ADC14_read_data                     
00000d79  ADC14_CHA_sel                       
00000e8d  ADC14_CLK_sel                       
00000f8b  ADC14_PREC_sel                      
00000fe5  ADC14_init                          
00001045  ADC14_CHAEND_set                    
0000113d  ADC14_MEM_set                       
00001241  ADC14_IRQFG_set                     
000012cd  ADC14_repeatmod_init                
00001343  ADC14_repeatmod_rec                 
00001399  ADC14_IRQHandler                    
00001399  ADC14_IRQHandler                    
00001425  OLED_PutPixel                       
00001495  OLED_pos_clr                        
000014c9  oled_update                         
000015ab  OLED_WR_Byte                        
0000163b  OLED_Set_Pos                        
00001677  OLED_Display_On                     
00001693  OLED_Display_Off                    
000016af  OLED_Clear                          
0000171d  OLED_ShowChar                       
000017a7  oled_pow                            
000017e1  OLED_ShowNum                        
000018b5  OLED_Showfloat                      
000018e5  OLED_ShowString                     
00001947  OLED_ShowCHinese                    
000019fd  OLED_DrawBMP                        
00001aad  OLED_Init                           
00001c01  UART_IRQ_set                        
00001c75  UART_IRQRX_set                      
00001cc9  UART_USIC_init                      
00001d1d  UART_PIN_sel                        
00001d71  UART_CLK_sel                        
00001e7d  UART_Baunds_set                     
00002051  UART_init                           
00002095  UART_send_Byte                      
00002105  UART_recv_Byte                      
00002153  UART_send_string                    
00002181  UART_send_short                     
000021c9  UART_send_int                       
000021ff  EUSCIA0_IRQHandler                  
000021ff  EUSCIA0_IRQHandler                  
00002209  EUSCIA1_IRQHandler                  
00002209  EUSCIA1_IRQHandler                  
0000221d  EUSCIA2_IRQHandler                  
0000221d  EUSCIA2_IRQHandler                  
00002227  EUSCIA3_IRQHandler                  
00002227  EUSCIA3_IRQHandler                  
00002299  encoder_IncTypeDef_init             
000022f5  encoder_dirpin_init                 
0000234d  encoder_interrupt_init              
0000239d  encoder_init                        
00002445  GET_encoder_num                     
00002481  GET_encoder_dir                     
000024bd  Encoder_clr                         
00002501  TA0_N_IRQHandler                    
00002501  TA0_N_IRQHandler                    
0000255d  OLED_show                           
000025ed  ENCODER_TEST                        
00002689  SystemCoreClockUpdate               
00002901  SystemInit                          
000029bd  PORT1_IRQHandler                    
000029bd  PORT1_IRQHandler                    
000029fb  PORT2_IRQHandler                    
000029fb  PORT2_IRQHandler                    
00002a61  PORT3_IRQHandler                    
00002a61  PORT3_IRQHandler                    
00002ab3  PORT4_IRQHandler                    
00002ab3  PORT4_IRQHandler                    
00002b2d  PORT5_IRQHandler                    
00002b2d  PORT5_IRQHandler                    
00002b93  PORT6_IRQHandler                    
00002b93  PORT6_IRQHandler                    
00002bff  TA0_0_IRQHandler                    
00002bff  TA0_0_IRQHandler                    
00002c15  TA1_0_IRQHandler                    
00002c15  TA1_0_IRQHandler                    
00002c21  TA2_0_IRQHandler                    
00002c21  TA2_0_IRQHandler                    
00002c2d  TA3_0_IRQHandler                    
00002c2d  TA3_0_IRQHandler                    
00002ee9  gpio_init                           
00002f4d  gpio_get                            
00002f5d  gpio_set                            
00002f7d  gpio_toggle                         
00002f8d  gpio_edg_sel                        
0000309f  gpio_INT_EN                         
000030f3  gpio_interrupt_INIT                 
00003151  error                               
00003179  set_DCO_48MH                        
00003219  set_clock_period                    
00003223  systic_init                         
00003247  systic_start                        
0000325d  systic_end                          
0000326b  systic_read                         
000032cb  systic_clr                          
000032d9  system_init                         
000032f9  SysTick_Handler                     
000032f9  SysTick_Handler                     
00003303  systic_delayus                      
00003321  systic_delayms                      
00003561  __aeabi_dsub                        
0000356b  __aeabi_dadd                        
00003719  PIT_init                            
0000399d  __aeabi_ddiv                        
00003bf9  ldexp                               
00003bf9  ldexpl                              
00003bf9  scalbn                              
00003bf9  scalbnl                             
00003d09  __aeabi_dmul                        
00003eb7  __aeabi_memcpy                      
00003eb7  __aeabi_memcpy4                     
00003eb7  __aeabi_memcpy8                     
00003eb7  memcpy                              
00003f53  __aeabi_uldivmod                    
00003fe9  __aeabi_cdcmpeq                     
00003fe9  __aeabi_cdcmple                     
0000406f  __aeabi_cdrcmple                    
000040f5  __aeabi_memclr                      
000040f5  __aeabi_memclr4                     
000040f5  __aeabi_memclr8                     
000040f7  __aeabi_memset                      
000040f7  __aeabi_memset4                     
000040f7  __aeabi_memset8                     
000040fd  memset                              
000041dd  __TI_decompress_lzss                
00004245  Interrupt_enableInterrupt           
000042a9  frexp                               
000042a9  frexpl                              
00004363  __TI_ltoa                           
00004409  atoi                                
00004455  __aeabi_d2iz                        
0000449d  __TI_auto_init_nobinit_nopinit      
000044e1  sprintf                             
0000455f  __aeabi_f2d                         
00004599  _c_int00_noargs                     
000045cd  GPIO_getEnabledInterruptStatus      
000045fd  GPIO_setAsInputPinWithPullUpResistor
0000462d  __aeabi_i2d                         
0000465d  GPIO_setAsInputPin                  
00004689  main                                
000046b5  GPIO_setAsOutputPin                 
000046d9  Interrupt_setPriority               
000046fd  __aeabi_ui2d                        
0000471d  __TI_zero_init_nomemset             
00004739  memccpy                             
00004755  copysign                            
00004755  copysignl                           
00004771  GPIO_clearInterruptFlag             
00004789  GPIO_getInputPinValue               
000047a1  GPIO_setOutputLowOnPin              
000047b9  WDT_A_holdTimer                     
000047e9  strchr                              
00004801  GPIO_enableInterrupt                
00004815  GPIO_setOutputHighOnPin             
00004829  GPIO_toggleOutputOnPin              
0000483d  SysCtl_enableSRAMBankRetention      
00004851  strlen                              
00004865  wcslen                              
00004879  GPIO_getInterruptStatus             
00004889  Interrupt_enableMaster              
00004899  __TI_decompress_none                
000048a7  Reset_Handler                       
000048b3  AES256_IRQHandler                   
000048b3  BusFault_Handler                    
000048b3  COMP_E0_IRQHandler                  
000048b3  COMP_E1_IRQHandler                  
000048b3  CS_IRQHandler                       
000048b3  DMA_ERR_IRQHandler                  
000048b3  DMA_INT0_IRQHandler                 
000048b3  DMA_INT1_IRQHandler                 
000048b3  DMA_INT2_IRQHandler                 
000048b3  DMA_INT3_IRQHandler                 
000048b3  DebugMon_Handler                    
000048b3  Default_Handler                     
000048b3  EUSCIB0_IRQHandler                  
000048b3  EUSCIB1_IRQHandler                  
000048b3  EUSCIB2_IRQHandler                  
000048b3  EUSCIB3_IRQHandler                  
000048b3  FLCTL_IRQHandler                    
000048b3  FPU_IRQHandler                      
000048b3  HardFault_Handler                   
000048b3  MemManage_Handler                   
000048b3  NMI_Handler                         
000048b3  PCM_IRQHandler                      
000048b3  PSS_IRQHandler                      
000048b3  PendSV_Handler                      
000048b3  RTC_C_IRQHandler                    
000048b3  SVC_Handler                         
000048b3  T32_INT1_IRQHandler                 
000048b3  T32_INT2_IRQHandler                 
000048b3  T32_INTC_IRQHandler                 
000048b3  TA1_N_IRQHandler                    
000048b3  TA2_N_IRQHandler                    
000048b3  TA3_N_IRQHandler                    
000048b3  UsageFault_Handler                  
000048b3  WDT_A_IRQHandler                    
000048b5  CPU_cpsie                           
000048cd  __aeabi_errno_addr                  
000048d5  _system_pre_init                    
000048d9  C$$EXIT                             
000048d9  abort                               
000048dc  F6x8                                
00004b04  Hzk                                 
00004cc4  _ctypes_                            
00004ea0  __TI_Handler_Table_Base             
00004eac  __TI_Handler_Table_Limit            
00004eb8  __TI_CINIT_Base                     
00004ec8  __TI_CINIT_Limit                    
20000000  __start___llvm_prf_cnts             
20000000  __stop___llvm_prf_cnts              
20000000  screen_buf                          
20002000  bmp2                                
20002400  bmp                                 
20002800  Oscill_data_buff                    
20002a30  timerAcaptureValues                 
20002a58  dirf                                
20002a5c  page_count                          
20002a60  start_flag                          
20002a64  count                               
20002a68  testA                               
20002a6c  testB                               
20002a70  IRQ3_5flag                          
20002a71  IRQ4_6flag                          
20002a72  A_flag                              
20002a73  B_flag                              
20002a74  timerAcapturePointer                
20002a78  time_counter                        
20002a7c  sysc                                
20002a80  systim                              
20002a8c  errno                               
20002a90  SystemCoreClock                     
20002a94  ADC14_STRUCT                        
20002ac4  oscill1                             
20002adc  encoder_A                           
20002ae4  encoder_B                           
20002aec  encoder_C                           
20002af4  encoder_D                           
2000fe00  __stack                             
20010000  __STACK_END                         
4000480c  WDTCTL_SYM                          
ffffffff  __TI_pprof_out_hndl                 
ffffffff  __TI_prof_data_size                 
ffffffff  __TI_prof_data_start                
ffffffff  __binit__                           
ffffffff  __c_args__                          
ffffffff  binit                               
UNDEFED   __mpu_init                          
UNDEFED   _system_post_cinit                  

[260 symbols]
