******************************************************************************
                  TI ARM Linker PC v20.2.1                     
******************************************************************************
>> Linked Fri Dec 24 19:45:47 2021

OUTPUT FILE NAME:   <22.Exin_ADC0832_1.out>
ENTRY POINT SYMBOL: "_c_int00_noargs"  address: 00005d01


MEMORY CONFIGURATION

         name            origin    length      used     unused   attr    fill
----------------------  --------  ---------  --------  --------  ----  --------
  MAIN                  00000000   00040000  00006484  00039b7c  R  X
  INFO                  00200000   00004000  00000000  00004000  R  X
  SRAM_CODE             01000000   00010000  00002d1b  0000d2e5  RW X
  SRAM_DATA             20000000   00010000  00002d1b  0000d2e5  RW  


SEGMENT ALLOCATION MAP

run origin  load origin   length   init length attrs members
----------  ----------- ---------- ----------- ----- -------
00000000    00000000    00006488   00006488    r-x
  00000000    00000000    000000e4   000000e4    r-- .intvecs
  000000e4    000000e4    00005df4   00005df4    r-x .text
  00005ed8    00005ed8    0000053c   0000053c    r-- .const
  00006418    00006418    00000070   00000070    r-- .cinit
20000000    20000000    00002b1b   00000000    rw-
  20000000    20000000    00002aac   00000000    rw- .data
  20002aac    20002aac    0000006f   00000000    rw- .bss
2000fe00    2000fe00    00000200   00000000    rw-
  2000fe00    2000fe00    00000200   00000000    rw- .stack


SECTION ALLOCATION MAP

 output                                  attributes/
section   page    origin      length       input sections
--------  ----  ----------  ----------   ----------------
.intvecs   0    00000000    000000e4     
                  00000000    000000e4     startup_msp432p401r_ccs.obj (.intvecs:retain)

.text      0    000000e4    00005df4     
                  000000e4    00000a9c     exingpio.obj (.text)
                  00000b80    00000a4e     rtsv7M4_T_le_v4SPD16_eabi.lib : _printfi.c.obj (.text:__TI_printfi)
                  000015ce    00000002                                   : div0.asm.obj (.text)
                  000015d0    000008f0     exinADC.obj (.text)
                  00001ec0    000007dc     oled.obj (.text)
                  0000269c    000006a0     exinuart.obj (.text)
                  00002d3c    00000668     exinisr.obj (.text)
                  000033a4    000004fc     exinsystem.obj (.text)
                  000038a0    00000480     exinADC0832.obj (.text)
                  00003d20    0000046c     exinTimerA.obj (.text)
                  0000418c    0000038c     exinencoder.obj (.text)
                  00004518    00000334     system_msp432p401r.obj (.text)
                  0000484c    00000270     rtsv7M4_T_le_v4SPD16_eabi.lib : _printfi.c.obj (.text:_pconv_a)
                  00004abc    000001d0                                   : _printfi.c.obj (.text:_pconv_g)
                  00004c8c    000001b6                                   : fd_add_t2.asm.obj (.text)
                  00004e42    00000002     --HOLE-- [fill = 0]
                  00004e44    0000016c     exinTimerAINT.obj (.text)
                  00004fb0    0000013c     rtsv7M4_T_le_v4SPD16_eabi.lib : _printfi.c.obj (.text:_pconv_e)
                  000050ec    00000136                                   : fd_div_t2.asm.obj (.text)
                  00005222    00000002     --HOLE-- [fill = 0]
                  00005224    00000124                                   : _printfi.c.obj (.text:fcvt)
                  00005348    00000110                                   : s_scalbn.c.obj (.text:scalbn)
                  00005458    000000fc                                   : fd_mul_t2.asm.obj (.text)
                  00005554    000000b1                                   : _printfi.c.obj (.text:_ltostr)
                  00005605    00000001     --HOLE-- [fill = 0]
                  00005606    0000009c                                   : memcpy_t2.asm.obj (.text)
                  000056a2    00000096                                   : ull_div_t2.asm.obj (.text)
                  00005738    00000086                                   : fd_cmp_t2.asm.obj (.text:__aeabi_cdcmple)
                  000057be    00000086                                   : fd_cmp_t2.asm.obj (.text:__aeabi_cdrcmple)
                  00005844    0000007a                                   : memset_t2.asm.obj (.text)
                  000058be    00000002     --HOLE-- [fill = 0]
                  000058c0    00000078     main.obj (.text)
                  00005938    0000006e     rtsv7M4_T_le_v4SPD16_eabi.lib : _printfi.c.obj (.text:_mcpy)
                  000059a6    00000068                                   : copy_decompress_lzss.c.obj (.text:decompress:lzss:__TI_decompress_lzss)
                  00005a0e    00000002     --HOLE-- [fill = 0]
                  00005a10    00000064                                   : s_frexp.c.obj (.text:frexp)
                  00005a74    00000056                                   : _printfi.c.obj (.text:_pconv_f)
                  00005aca    00000054                                   : _ltoa.c.obj (.text:__TI_ltoa)
                  00005b1e    00000052                                   : _printfi.c.obj (.text:_ecpy)
                  00005b70    0000004c                                   : atoi.c.obj (.text:atoi)
                  00005bbc    00000048                                   : fd_toi_t2.asm.obj (.text)
                  00005c04    00000044                                   : autoinit.c.obj (.text:__TI_auto_init_nobinit_nopinit:__TI_auto_init_nobinit_nopinit)
                  00005c48    00000040                                   : sprintf.c.obj (.text:sprintf)
                  00005c88    0000003e                                   : _printfi.c.obj (.text:_fcpy)
                  00005cc6    00000038                                   : fs_tod_t2.asm.obj (.text)
                  00005cfe    00000002     --HOLE-- [fill = 0]
                  00005d00    00000034                                   : boot_cortex_m.c.obj (.text:_c_int00_noargs:_c_int00_noargs)
                  00005d34    0000002e                                   : i_tofd_t2.asm.obj (.text)
                  00005d62    00000002     --HOLE-- [fill = 0]
                  00005d64    00000024     msp432p4xx_driverlib.lib : gpio.o (.text:GPIO_setAsOutputPin)
                  00005d88    00000024                              : interrupt.o (.text:Interrupt_setPriority)
                  00005dac    00000020     rtsv7M4_T_le_v4SPD16_eabi.lib : u_tofd_t2.asm.obj (.text)
                  00005dcc    0000001c                                   : copy_zero_init.c.obj (.text:decompress:ZI:__TI_zero_init_nomemset:__TI_zero_init_nomemset)
                  00005de8    0000001c                                   : memccpy.c.obj (.text:memccpy)
                  00005e04    0000001a                                   : s_copysign.c.obj (.text:copysign)
                  00005e1e    00000002     --HOLE-- [fill = 0]
                  00005e20    00000018     msp432p4xx_driverlib.lib : gpio.o (.text:GPIO_setOutputLowOnPin)
                  00005e38    00000018     rtsv7M4_T_le_v4SPD16_eabi.lib : sprintf.c.obj (.text:_outs)
                  00005e50    00000016                                   : strchr.c.obj (.text:strchr)
                  00005e66    00000002     --HOLE-- [fill = 0]
                  00005e68    00000014     msp432p4xx_driverlib.lib : gpio.o (.text:GPIO_setOutputHighOnPin)
                  00005e7c    00000014     rtsv7M4_T_le_v4SPD16_eabi.lib : strlen.c.obj (.text:strlen)
                  00005e90    00000012                                   : wcslen.c.obj (.text:wcslen)
                  00005ea2    0000000e                                   : copy_decompress_none.c.obj (.text:decompress:none:__TI_decompress_none)
                  00005eb0    0000000e     startup_msp432p401r_ccs.obj (.text)
                  00005ebe    0000000a     rtsv7M4_T_le_v4SPD16_eabi.lib : sprintf.c.obj (.text:_outc)
                  00005ec8    00000008                                   : errno.c.obj (.text:__aeabi_errno_addr)
                  00005ed0    00000004                                   : pre_init.c.obj (.text:_system_pre_init)
                  00005ed4    00000004                                   : exit.c.obj (.text:abort:abort)

.const     0    00005ed8    0000053c     
                  00005ed8    00000228     oled.obj (.const:F6x8)
                  00006100    000001c0     oled.obj (.const:Hzk)
                  000062c0    00000101     rtsv7M4_T_le_v4SPD16_eabi.lib : ctype.c.obj (.const:.string:_ctypes_)
                  000063c1    00000003     --HOLE-- [fill = 0]
                  000063c4    00000050     msp432p4xx_driverlib.lib : interrupt.o (.const:g_pulRegs)

.cinit     0    00006418    00000070     
                  00006418    00000046     (.cinit..data.load) [load image, compression = lzss]
                  0000645e    00000002     --HOLE-- [fill = 0]
                  00006460    0000000c     (__TI_handler_table)
                  0000646c    00000004     --HOLE-- [fill = 0]
                  00006470    00000008     (.cinit..bss.load) [load image, compression = zero_init]
                  00006478    00000010     (__TI_cinit_table)

.init_array 
*          0    00000000    00000000     UNINITIALIZED

.binit     0    00000000    00000000     

.data      0    20000000    00002aac     UNINITIALIZED
                  20000000    00002000     oled.obj (.data:screen_buf)
                  20002000    00000400     oled.obj (.data:bmp2)
                  20002400    00000400     oled.obj (.data:bmp)
                  20002800    00000200     Oscill_OLED.obj (.data:Oscill_data_buff)
                  20002a00    00000038     exinTimerAINT.obj (.data:CCRn_period_val)
                  20002a38    00000030     msp432p4xx_driverlib.lib : gpio.o (.data:GPIO_PORT_TO_BASE)
                  20002a68    0000001c     exinadjust.obj (.data)
                  20002a84    00000008     exinencoder.obj (.data)
                  20002a8c    00000008     exinsystem.obj (.data)
                  20002a94    00000008     oled.obj (.data:tmp$2)
                  20002a9c    00000005     main.obj (.data:buf)
                  20002aa1    00000003     --HOLE--
                  20002aa4    00000004     rtsv7M4_T_le_v4SPD16_eabi.lib : errno.c.obj (.data)
                  20002aa8    00000004     system_msp432p401r.obj (.data)

.bss       0    20002aac    0000006f     UNINITIALIZED
                  20002aac    00000030     (.common:ADC14_STRUCT)
                  20002adc    00000018     (.common:oscill1)
                  20002af4    00000008     (.common:encoder_A)
                  20002afc    00000008     (.common:encoder_B)
                  20002b04    00000008     (.common:encoder_C)
                  20002b0c    00000008     (.common:encoder_D)
                  20002b14    00000004     exinsystem.obj (.bss)
                  20002b18    00000001     exinADC0832.obj (.bss)
                  20002b19    00000001     oled.obj (.bss)
                  20002b1a    00000001     (.common:ADC_dat)

.stack     0    2000fe00    00000200     UNINITIALIZED
                  2000fe00    00000004     rtsv7M4_T_le_v4SPD16_eabi.lib : boot_cortex_m.c.obj (.stack)
                  2000fe04    000001fc     --HOLE--

__llvm_prf_cnts 
*          0    20000000    00000000     UNINITIALIZED

MODULE SUMMARY

       Module                        code    ro data   rw data
       ------                        ----    -------   -------
    .\
       system_msp432p401r.obj        820     0         8      
       startup_msp432p401r_ccs.obj   14      228       0      
       main.obj                      120     0         108    
    +--+-----------------------------+-------+---------+---------+
       Total:                        954     228       116    
                                                              
    .\exinlibs\
       oled.obj                      2012    1000      20498  
       exingpio.obj                  2716    0         0      
       exinADC.obj                   2288    0         0      
       exinuart.obj                  1696    0         0      
       exinisr.obj                   1640    0         0      
       exinsystem.obj                1276    0         24     
       exinADC0832.obj               1152    0         2      
       exinTimerA.obj                1132    0         0      
       Oscill_OLED.obj               0       0         1072   
       exinencoder.obj               908     0         80     
       exinTimerAINT.obj             364     0         112    
       exinadjust.obj                0       0         56     
    +--+-----------------------------+-------+---------+---------+
       Total:                        15184   1000      21844  
                                                              
    C:/ti/msp/MSP432Ware_3_40_00_25/driverlib/driverlib/MSP432P4xx/ccs/msp432p4xx_driverlib.lib
       gpio.o                        80      0         96     
       interrupt.o                   36      80        0      
    +--+-----------------------------+-------+---------+---------+
       Total:                        116     80        96     
                                                              
    D:\CCS\ccs\tools\compiler\ti-cgt-arm_20.2.1.LTS\lib\rtsv7M4_T_le_v4SPD16_eabi.lib
       _printfi.c.obj                4851    0         0      
       fd_add_t2.asm.obj             438     0         0      
       fd_div_t2.asm.obj             310     0         0      
       s_scalbn.c.obj                272     0         0      
       fd_cmp_t2.asm.obj             268     0         0      
       ctype.c.obj                   0       257       0      
       fd_mul_t2.asm.obj             252     0         0      
       memcpy_t2.asm.obj             156     0         0      
       ull_div_t2.asm.obj            150     0         0      
       memset_t2.asm.obj             122     0         0      
       copy_decompress_lzss.c.obj    104     0         0      
       s_frexp.c.obj                 100     0         0      
       sprintf.c.obj                 98      0         0      
       _ltoa.c.obj                   84      0         0      
       atoi.c.obj                    76      0         0      
       fd_toi_t2.asm.obj             72      0         0      
       autoinit.c.obj                68      0         0      
       fs_tod_t2.asm.obj             56      0         0      
       boot_cortex_m.c.obj           52      0         0      
       i_tofd_t2.asm.obj             46      0         0      
       u_tofd_t2.asm.obj             32      0         0      
       copy_zero_init.c.obj          28      0         0      
       memccpy.c.obj                 28      0         0      
       s_copysign.c.obj              26      0         0      
       strchr.c.obj                  22      0         0      
       strlen.c.obj                  20      0         0      
       wcslen.c.obj                  18      0         0      
       errno.c.obj                   8       0         8      
       copy_decompress_none.c.obj    14      0         0      
       exit.c.obj                    4       0         0      
       pre_init.c.obj                4       0         0      
       div0.asm.obj                  2       0         0      
    +--+-----------------------------+-------+---------+---------+
       Total:                        7781    257       8      
                                                              
       Stack:                        0       0         1024   
       Linker Generated:             0       106       0      
    +--+-----------------------------+-------+---------+---------+
       Grand Total:                  24035   1671      23088  


LINKER GENERATED COPY TABLES

__TI_cinit_table @ 00006478 records: 2, size/record: 8, table size: 16
	.data: load addr=00006418, load size=00000046 bytes, run addr=20000000, run size=00002aac bytes, compression=lzss
	.bss: load addr=00006470, load size=00000008 bytes, run addr=20002aac, run size=0000006f bytes, compression=zero_init


LINKER GENERATED HANDLER TABLE

__TI_handler_table @ 00006460 records: 3, size/record: 4, table size: 12
	index: 0, handler: __TI_decompress_lzss
	index: 1, handler: __TI_decompress_none
	index: 2, handler: __TI_zero_init


GLOBAL SYMBOLS: SORTED ALPHABETICALLY BY Name 

address   name                          
-------   ----                          
00003a25  ADC0832_CHA_sel               
00003945  ADC0832_disable               
00003919  ADC0832_enable                
000038a1  ADC0832_init                  
00003a87  ADC0832_read_Byte             
00003971  ADC0832_write_DI              
00001ae1  ADC14_CHAEND_set              
00001815  ADC14_CHA_sel                 
00001929  ADC14_CLK_sel                 
00001cdd  ADC14_IRQFG_set               
00001e35  ADC14_IRQHandler              
00001e35  ADC14_IRQHandler              
00001bd9  ADC14_MEM_set                 
00001a27  ADC14_PREC_sel                
20002aac  ADC14_STRUCT                  
000015dd  ADC14_convert_disable         
000015d1  ADC14_convert_enable          
000015f5  ADC14_convert_end             
000015e9  ADC14_convert_start           
00001a81  ADC14_init                    
0000169f  ADC14_read_data               
00001d69  ADC14_repeatmod_init          
00001de1  ADC14_repeatmod_rec           
00001601  ADC14_start                   
20002b1a  ADC_dat                       
00005ebd  AES256_IRQHandler             
20002a82  A_flag                        
20002a83  B_flag                        
00005ebd  BusFault_Handler              
00005ed5  C$$EXIT                       
20002a00  CCRn_period_val               
00005ebd  COMP_E0_IRQHandler            
00005ebd  COMP_E1_IRQHandler            
00005ebd  CS_IRQHandler                 
000033d7  CS_locked                     
000033cd  CS_unlocked                   
000033df  DCO_set                       
00005ebd  DMA_ERR_IRQHandler            
00005ebd  DMA_INT0_IRQHandler           
00005ebd  DMA_INT1_IRQHandler           
00005ebd  DMA_INT2_IRQHandler           
00005ebd  DMA_INT3_IRQHandler           
00005ebd  DebugMon_Handler              
00005ebd  Default_Handler               
0000449d  ENCODER_TEST                  
00002ca3  EUSCIA0_IRQHandler            
00002ca3  EUSCIA0_IRQHandler            
00002cad  EUSCIA1_IRQHandler            
00002cad  EUSCIA1_IRQHandler            
00002cc1  EUSCIA2_IRQHandler            
00002cc1  EUSCIA2_IRQHandler            
00002ccb  EUSCIA3_IRQHandler            
00002ccb  EUSCIA3_IRQHandler            
00005ebd  EUSCIB0_IRQHandler            
00005ebd  EUSCIB1_IRQHandler            
00005ebd  EUSCIB2_IRQHandler            
00005ebd  EUSCIB3_IRQHandler            
000043b1  Encoder_clr                   
00005ed8  F6x8                          
00005ebd  FLCTL_IRQHandler              
00005ebd  FPU_IRQHandler                
00004375  GET_encoder_dir               
00004339  GET_encoder_num               
00005d65  GPIO_setAsOutputPin           
00005e69  GPIO_setOutputHighOnPin       
00005e21  GPIO_setOutputLowOnPin        
00005ebd  HardFault_Handler             
00006100  Hzk                           
20002a80  IRQ3_5flag                    
20002a81  IRQ4_6flag                    
00005d89  Interrupt_setPriority         
00003455  MCLK_set                      
00005ebd  MemManage_Handler             
00005ebd  NMI_Handler                   
0000214b  OLED_Clear                    
0000212f  OLED_Display_Off              
00002113  OLED_Display_On               
00002499  OLED_DrawBMP                  
00002549  OLED_Init                     
00001ec1  OLED_PutPixel                 
000020d7  OLED_Set_Pos                  
000023e3  OLED_ShowCHinese              
000021b9  OLED_ShowChar                 
0000227d  OLED_ShowNum                  
00002381  OLED_ShowString               
00002351  OLED_Showfloat                
00002047  OLED_WR_Byte                  
00001f31  OLED_pos_clr                  
000043f5  OLED_show                     
20002800  Oscill_data_buff              
000058c1  Oscill_send                   
00005ebd  PCM_IRQHandler                
00002d3d  PORT1_IRQHandler              
00002d3d  PORT1_IRQHandler              
00002de3  PORT2_IRQHandler              
00002de3  PORT2_IRQHandler              
00002eaf  PORT3_IRQHandler              
00002eaf  PORT3_IRQHandler              
00002f67  PORT4_IRQHandler              
00002f67  PORT4_IRQHandler              
00003045  PORT5_IRQHandler              
00003045  PORT5_IRQHandler              
00003119  PORT6_IRQHandler              
00003119  PORT6_IRQHandler              
00005ebd  PSS_IRQHandler                
00005ebd  PendSV_Handler                
00005ebd  RTC_C_IRQHandler              
00005eb1  Reset_Handler                 
00003575  SMCLK_set                     
00005ebd  SVC_Handler                   
0000381b  SysTick_Handler               
0000381b  SysTick_Handler               
20002aa8  SystemCoreClock               
00004519  SystemCoreClockUpdate         
00004791  SystemInit                    
00005ebd  T32_INT1_IRQHandler           
00005ebd  T32_INT2_IRQHandler           
00005ebd  T32_INTC_IRQHandler           
000031f5  TA0_0_IRQHandler              
000031f5  TA0_0_IRQHandler              
00003237  TA0_N_IRQHandler              
00003237  TA0_N_IRQHandler              
00003201  TA1_0_IRQHandler              
00003201  TA1_0_IRQHandler              
00003239  TA1_N_IRQHandler              
00003239  TA1_N_IRQHandler              
0000320d  TA2_0_IRQHandler              
0000320d  TA2_0_IRQHandler              
0000323b  TA2_N_IRQHandler              
0000323b  TA2_N_IRQHandler              
0000321d  TA3_0_IRQHandler              
0000321d  TA3_0_IRQHandler              
00003251  TA3_N_IRQHandler              
00003251  TA3_N_IRQHandler              
00004edb  TimerA_CCR0INT_init           
000040fd  TimerA_CCRVAL_set             
00004f2b  TimerA_CCRnINT_init           
00003dc7  TimerA_CLK_set                
00003d21  TimerA_MOD_sel                
00003ed3  TimerA_NVIC_IRQ_set           
0000404d  TimerA_disable_CCRnIRQ        
00003f8f  TimerA_enable_CCRnIRQ         
00002921  UART_Baunds_set               
00002815  UART_CLK_sel                  
00002719  UART_IRQRX_set                
0000269d  UART_IRQ_set                  
000027c1  UART_PIN_sel                  
0000276d  UART_USIC_init                
00002af5  UART_init                     
00002ba9  UART_recv_Byte                
00002b39  UART_send_Byte                
00002c6d  UART_send_int                 
00002c25  UART_send_short               
00002bf7  UART_send_string              
00005ebd  UsageFault_Handler            
4000480c  WDTCTL_SYM                    
00005ebd  WDT_A_IRQHandler              
20010000  __STACK_END                   
00000200  __STACK_SIZE                  
00006478  __TI_CINIT_Base               
00006488  __TI_CINIT_Limit              
00006460  __TI_Handler_Table_Base       
0000646c  __TI_Handler_Table_Limit      
00005c05  __TI_auto_init_nobinit_nopinit
000059a7  __TI_decompress_lzss          
00005ea3  __TI_decompress_none          
00005acb  __TI_ltoa                     
ffffffff  __TI_pprof_out_hndl           
00000b81  __TI_printfi                  
ffffffff  __TI_prof_data_size           
ffffffff  __TI_prof_data_start          
00000000  __TI_static_base__            
00005dcd  __TI_zero_init_nomemset       
00005739  __aeabi_cdcmpeq               
00005739  __aeabi_cdcmple               
000057bf  __aeabi_cdrcmple              
00005bbd  __aeabi_d2iz                  
00004c97  __aeabi_dadd                  
000050ed  __aeabi_ddiv                  
00005459  __aeabi_dmul                  
00004c8d  __aeabi_dsub                  
00005ec9  __aeabi_errno_addr            
00005cc7  __aeabi_f2d                   
00005d35  __aeabi_i2d                   
000015cf  __aeabi_idiv0                 
000015cf  __aeabi_ldiv0                 
00005845  __aeabi_memclr                
00005845  __aeabi_memclr4               
00005845  __aeabi_memclr8               
00005607  __aeabi_memcpy                
00005607  __aeabi_memcpy4               
00005607  __aeabi_memcpy8               
00005847  __aeabi_memset                
00005847  __aeabi_memset4               
00005847  __aeabi_memset8               
00005dad  __aeabi_ui2d                  
000056a3  __aeabi_uldivmod              
ffffffff  __binit__                     
ffffffff  __c_args__                    
UNDEFED   __mpu_init                    
2000fe00  __stack                       
20000000  __start___llvm_prf_cnts       
20000000  __stop___llvm_prf_cnts        
00005d01  _c_int00_noargs               
000062c0  _ctypes_                      
UNDEFED   _system_post_cinit            
00005ed1  _system_pre_init              
00005ed5  abort                         
00005b71  atoi                          
ffffffff  binit                         
20002400  bmp                           
20002000  bmp2                          
20002a9c  buf                           
00005e05  copysign                      
00005e05  copysignl                     
20002a74  count                         
20002a68  dirf                          
20002af4  encoder_A                     
20002afc  encoder_B                     
20002b04  encoder_C                     
20002b0c  encoder_D                     
0000418d  encoder_IncTypeDef_init       
000041e9  encoder_dirpin_init           
00004291  encoder_init                  
00004241  encoder_interrupt_init        
20002aa4  errno                         
000033a5  error                         
00005a11  frexp                         
00005a11  frexpl                        
00003ceb  get_voltage                   
000006bf  gpio_clr_GPIOIRQFLG           
0000064d  gpio_disable_IRQ              
000004cd  gpio_disable_Ren              
00000741  gpio_edg_sel                  
000005b5  gpio_enable_IRQ               
0000040d  gpio_enable_Ren               
00000951  gpio_get                      
000008c1  gpio_init                     
00000861  gpio_interrupt_INIT           
00000a41  gpio_set                      
000001a5  gpio_set_Asin                 
000000e5  gpio_set_Asout                
00000265  gpio_set_High                 
00000325  gpio_set_Low                  
00000a71  gpio_toggle                   
00000000  interruptVectors              
00005349  ldexp                         
00005349  ldexpl                        
000058f1  main                          
00005de9  memccpy                       
00005607  memcpy                        
0000584d  memset                        
00002243  oled_pow                      
00001f65  oled_update                   
20002adc  oscill1                       
20002a6c  page_count                    
00004e45  period_cvert                  
00005349  scalbn                        
00005349  scalbnl                       
20000000  screen_buf                    
0000369d  set_DCO_48MH                  
00003735  set_clock_period              
00005c49  sprintf                       
20002a70  start_flag                    
00005e51  strchr                        
00005e7d  strlen                        
20002a8c  sysc                          
000037fb  system_init                   
000037ed  systic_clr                    
00003843  systic_delayms                
00003825  systic_delayus                
00003779  systic_end                    
0000373f  systic_init                   
0000378d  systic_read                   
00003763  systic_start                  
20002a90  systim                        
20002a78  testA                         
20002a7c  testB                         
20002a88  time_counter                  
20002a84  timerAcapturePointer          
00005e91  wcslen                        


GLOBAL SYMBOLS: SORTED BY Symbol Address 

address   name                          
-------   ----                          
00000000  __TI_static_base__            
00000000  interruptVectors              
000000e5  gpio_set_Asout                
000001a5  gpio_set_Asin                 
00000200  __STACK_SIZE                  
00000265  gpio_set_High                 
00000325  gpio_set_Low                  
0000040d  gpio_enable_Ren               
000004cd  gpio_disable_Ren              
000005b5  gpio_enable_IRQ               
0000064d  gpio_disable_IRQ              
000006bf  gpio_clr_GPIOIRQFLG           
00000741  gpio_edg_sel                  
00000861  gpio_interrupt_INIT           
000008c1  gpio_init                     
00000951  gpio_get                      
00000a41  gpio_set                      
00000a71  gpio_toggle                   
00000b81  __TI_printfi                  
000015cf  __aeabi_idiv0                 
000015cf  __aeabi_ldiv0                 
000015d1  ADC14_convert_enable          
000015dd  ADC14_convert_disable         
000015e9  ADC14_convert_start           
000015f5  ADC14_convert_end             
00001601  ADC14_start                   
0000169f  ADC14_read_data               
00001815  ADC14_CHA_sel                 
00001929  ADC14_CLK_sel                 
00001a27  ADC14_PREC_sel                
00001a81  ADC14_init                    
00001ae1  ADC14_CHAEND_set              
00001bd9  ADC14_MEM_set                 
00001cdd  ADC14_IRQFG_set               
00001d69  ADC14_repeatmod_init          
00001de1  ADC14_repeatmod_rec           
00001e35  ADC14_IRQHandler              
00001e35  ADC14_IRQHandler              
00001ec1  OLED_PutPixel                 
00001f31  OLED_pos_clr                  
00001f65  oled_update                   
00002047  OLED_WR_Byte                  
000020d7  OLED_Set_Pos                  
00002113  OLED_Display_On               
0000212f  OLED_Display_Off              
0000214b  OLED_Clear                    
000021b9  OLED_ShowChar                 
00002243  oled_pow                      
0000227d  OLED_ShowNum                  
00002351  OLED_Showfloat                
00002381  OLED_ShowString               
000023e3  OLED_ShowCHinese              
00002499  OLED_DrawBMP                  
00002549  OLED_Init                     
0000269d  UART_IRQ_set                  
00002719  UART_IRQRX_set                
0000276d  UART_USIC_init                
000027c1  UART_PIN_sel                  
00002815  UART_CLK_sel                  
00002921  UART_Baunds_set               
00002af5  UART_init                     
00002b39  UART_send_Byte                
00002ba9  UART_recv_Byte                
00002bf7  UART_send_string              
00002c25  UART_send_short               
00002c6d  UART_send_int                 
00002ca3  EUSCIA0_IRQHandler            
00002ca3  EUSCIA0_IRQHandler            
00002cad  EUSCIA1_IRQHandler            
00002cad  EUSCIA1_IRQHandler            
00002cc1  EUSCIA2_IRQHandler            
00002cc1  EUSCIA2_IRQHandler            
00002ccb  EUSCIA3_IRQHandler            
00002ccb  EUSCIA3_IRQHandler            
00002d3d  PORT1_IRQHandler              
00002d3d  PORT1_IRQHandler              
00002de3  PORT2_IRQHandler              
00002de3  PORT2_IRQHandler              
00002eaf  PORT3_IRQHandler              
00002eaf  PORT3_IRQHandler              
00002f67  PORT4_IRQHandler              
00002f67  PORT4_IRQHandler              
00003045  PORT5_IRQHandler              
00003045  PORT5_IRQHandler              
00003119  PORT6_IRQHandler              
00003119  PORT6_IRQHandler              
000031f5  TA0_0_IRQHandler              
000031f5  TA0_0_IRQHandler              
00003201  TA1_0_IRQHandler              
00003201  TA1_0_IRQHandler              
0000320d  TA2_0_IRQHandler              
0000320d  TA2_0_IRQHandler              
0000321d  TA3_0_IRQHandler              
0000321d  TA3_0_IRQHandler              
00003237  TA0_N_IRQHandler              
00003237  TA0_N_IRQHandler              
00003239  TA1_N_IRQHandler              
00003239  TA1_N_IRQHandler              
0000323b  TA2_N_IRQHandler              
0000323b  TA2_N_IRQHandler              
00003251  TA3_N_IRQHandler              
00003251  TA3_N_IRQHandler              
000033a5  error                         
000033cd  CS_unlocked                   
000033d7  CS_locked                     
000033df  DCO_set                       
00003455  MCLK_set                      
00003575  SMCLK_set                     
0000369d  set_DCO_48MH                  
00003735  set_clock_period              
0000373f  systic_init                   
00003763  systic_start                  
00003779  systic_end                    
0000378d  systic_read                   
000037ed  systic_clr                    
000037fb  system_init                   
0000381b  SysTick_Handler               
0000381b  SysTick_Handler               
00003825  systic_delayus                
00003843  systic_delayms                
000038a1  ADC0832_init                  
00003919  ADC0832_enable                
00003945  ADC0832_disable               
00003971  ADC0832_write_DI              
00003a25  ADC0832_CHA_sel               
00003a87  ADC0832_read_Byte             
00003ceb  get_voltage                   
00003d21  TimerA_MOD_sel                
00003dc7  TimerA_CLK_set                
00003ed3  TimerA_NVIC_IRQ_set           
00003f8f  TimerA_enable_CCRnIRQ         
0000404d  TimerA_disable_CCRnIRQ        
000040fd  TimerA_CCRVAL_set             
0000418d  encoder_IncTypeDef_init       
000041e9  encoder_dirpin_init           
00004241  encoder_interrupt_init        
00004291  encoder_init                  
00004339  GET_encoder_num               
00004375  GET_encoder_dir               
000043b1  Encoder_clr                   
000043f5  OLED_show                     
0000449d  ENCODER_TEST                  
00004519  SystemCoreClockUpdate         
00004791  SystemInit                    
00004c8d  __aeabi_dsub                  
00004c97  __aeabi_dadd                  
00004e45  period_cvert                  
00004edb  TimerA_CCR0INT_init           
00004f2b  TimerA_CCRnINT_init           
000050ed  __aeabi_ddiv                  
00005349  ldexp                         
00005349  ldexpl                        
00005349  scalbn                        
00005349  scalbnl                       
00005459  __aeabi_dmul                  
00005607  __aeabi_memcpy                
00005607  __aeabi_memcpy4               
00005607  __aeabi_memcpy8               
00005607  memcpy                        
000056a3  __aeabi_uldivmod              
00005739  __aeabi_cdcmpeq               
00005739  __aeabi_cdcmple               
000057bf  __aeabi_cdrcmple              
00005845  __aeabi_memclr                
00005845  __aeabi_memclr4               
00005845  __aeabi_memclr8               
00005847  __aeabi_memset                
00005847  __aeabi_memset4               
00005847  __aeabi_memset8               
0000584d  memset                        
000058c1  Oscill_send                   
000058f1  main                          
000059a7  __TI_decompress_lzss          
00005a11  frexp                         
00005a11  frexpl                        
00005acb  __TI_ltoa                     
00005b71  atoi                          
00005bbd  __aeabi_d2iz                  
00005c05  __TI_auto_init_nobinit_nopinit
00005c49  sprintf                       
00005cc7  __aeabi_f2d                   
00005d01  _c_int00_noargs               
00005d35  __aeabi_i2d                   
00005d65  GPIO_setAsOutputPin           
00005d89  Interrupt_setPriority         
00005dad  __aeabi_ui2d                  
00005dcd  __TI_zero_init_nomemset       
00005de9  memccpy                       
00005e05  copysign                      
00005e05  copysignl                     
00005e21  GPIO_setOutputLowOnPin        
00005e51  strchr                        
00005e69  GPIO_setOutputHighOnPin       
00005e7d  strlen                        
00005e91  wcslen                        
00005ea3  __TI_decompress_none          
00005eb1  Reset_Handler                 
00005ebd  AES256_IRQHandler             
00005ebd  BusFault_Handler              
00005ebd  COMP_E0_IRQHandler            
00005ebd  COMP_E1_IRQHandler            
00005ebd  CS_IRQHandler                 
00005ebd  DMA_ERR_IRQHandler            
00005ebd  DMA_INT0_IRQHandler           
00005ebd  DMA_INT1_IRQHandler           
00005ebd  DMA_INT2_IRQHandler           
00005ebd  DMA_INT3_IRQHandler           
00005ebd  DebugMon_Handler              
00005ebd  Default_Handler               
00005ebd  EUSCIB0_IRQHandler            
00005ebd  EUSCIB1_IRQHandler            
00005ebd  EUSCIB2_IRQHandler            
00005ebd  EUSCIB3_IRQHandler            
00005ebd  FLCTL_IRQHandler              
00005ebd  FPU_IRQHandler                
00005ebd  HardFault_Handler             
00005ebd  MemManage_Handler             
00005ebd  NMI_Handler                   
00005ebd  PCM_IRQHandler                
00005ebd  PSS_IRQHandler                
00005ebd  PendSV_Handler                
00005ebd  RTC_C_IRQHandler              
00005ebd  SVC_Handler                   
00005ebd  T32_INT1_IRQHandler           
00005ebd  T32_INT2_IRQHandler           
00005ebd  T32_INTC_IRQHandler           
00005ebd  UsageFault_Handler            
00005ebd  WDT_A_IRQHandler              
00005ec9  __aeabi_errno_addr            
00005ed1  _system_pre_init              
00005ed5  C$$EXIT                       
00005ed5  abort                         
00005ed8  F6x8                          
00006100  Hzk                           
000062c0  _ctypes_                      
00006460  __TI_Handler_Table_Base       
0000646c  __TI_Handler_Table_Limit      
00006478  __TI_CINIT_Base               
00006488  __TI_CINIT_Limit              
20000000  __start___llvm_prf_cnts       
20000000  __stop___llvm_prf_cnts        
20000000  screen_buf                    
20002000  bmp2                          
20002400  bmp                           
20002800  Oscill_data_buff              
20002a00  CCRn_period_val               
20002a68  dirf                          
20002a6c  page_count                    
20002a70  start_flag                    
20002a74  count                         
20002a78  testA                         
20002a7c  testB                         
20002a80  IRQ3_5flag                    
20002a81  IRQ4_6flag                    
20002a82  A_flag                        
20002a83  B_flag                        
20002a84  timerAcapturePointer          
20002a88  time_counter                  
20002a8c  sysc                          
20002a90  systim                        
20002a9c  buf                           
20002aa4  errno                         
20002aa8  SystemCoreClock               
20002aac  ADC14_STRUCT                  
20002adc  oscill1                       
20002af4  encoder_A                     
20002afc  encoder_B                     
20002b04  encoder_C                     
20002b0c  encoder_D                     
20002b1a  ADC_dat                       
2000fe00  __stack                       
20010000  __STACK_END                   
4000480c  WDTCTL_SYM                    
ffffffff  __TI_pprof_out_hndl           
ffffffff  __TI_prof_data_size           
ffffffff  __TI_prof_data_start          
ffffffff  __binit__                     
ffffffff  __c_args__                    
ffffffff  binit                         
UNDEFED   __mpu_init                    
UNDEFED   _system_post_cinit            

[281 symbols]
