******************************************************************************
                  TI ARM Linker PC v20.2.1                     
******************************************************************************
>> Linked Thu Dec 16 23:55:56 2021

OUTPUT FILE NAME:   <22.Exin_ADC0832_1.out>
ENTRY POINT SYMBOL: "_c_int00_noargs"  address: 00004485


MEMORY CONFIGURATION

         name            origin    length      used     unused   attr    fill
----------------------  --------  ---------  --------  --------  ----  --------
  MAIN                  00000000   00040000  00004faa  0003b056  R  X
  INFO                  00200000   00004000  00000000  00004000  R  X
  SRAM_CODE             01000000   00010000  00002d50  0000d2b0  RW X
  SRAM_DATA             20000000   00010000  00002d50  0000d2b0  RW  


SEGMENT ALLOCATION MAP

run origin  load origin   length   init length attrs members
----------  ----------- ---------- ----------- ----- -------
00000000    00000000    00004fb0   00004fb0    r-x
  00000000    00000000    000000e4   000000e4    r-- .intvecs
  000000e4    000000e4    0000484a   0000484a    r-x .text
  00004930    00004930    0000060c   0000060c    r-- .const
  00004f40    00004f40    00000070   00000070    r-- .cinit
20000000    20000000    00002b50   00000000    rw-
  20000000    20000000    00002acc   00000000    rw- .data
  20002acc    20002acc    00000084   00000000    rw- .bss
2000fe00    2000fe00    00000200   00000000    rw-
  2000fe00    2000fe00    00000200   00000000    rw- .stack


SECTION ALLOCATION MAP

 output                                  attributes/
section   page    origin      length       input sections
--------  ----  ----------  ----------   ----------------
.intvecs   0    00000000    000000e4     
                  00000000    000000e4     startup_msp432p401r_ccs.obj (.intvecs:retain)

.text      0    000000e4    0000484a     
                  000000e4    00000a4e     rtsv7M4_T_le_v4SPD16_eabi.lib : _printfi.c.obj (.text:__TI_printfi)
                  00000b32    00000002                                   : div0.asm.obj (.text)
                  00000b34    000007dc     oled.obj (.text)
                  00001310    00000484     exinADC0832.obj (.text)
                  00001794    000003f0     exinencoder.obj (.text)
                  00001b84    000003cc     exinADC.obj (.text)
                  00001f50    00000334     system_msp432p401r.obj (.text)
                  00002284    000002c0     exinisr.obj (.text)
                  00002544    00000270     rtsv7M4_T_le_v4SPD16_eabi.lib : _printfi.c.obj (.text:_pconv_a)
                  000027b4    00000268     exingpio.obj (.text)
                  00002a1c    00000240     exinsystem.obj (.text)
                  00002c5c    000001d0     rtsv7M4_T_le_v4SPD16_eabi.lib : _printfi.c.obj (.text:_pconv_g)
                  00002e2c    000001b6                                   : fd_add_t2.asm.obj (.text)
                  00002fe2    00000002     --HOLE-- [fill = 0]
                  00002fe4    000001b4     ADS_RCV.obj (.text)
                  00003198    00000184     exinuart.obj (.text)
                  0000331c    00000148     exin_pit.obj (.text)
                  00003464    0000013c     rtsv7M4_T_le_v4SPD16_eabi.lib : _printfi.c.obj (.text:_pconv_e)
                  000035a0    00000136                                   : fd_div_t2.asm.obj (.text)
                  000036d6    00000002     --HOLE-- [fill = 0]
                  000036d8    00000124                                   : _printfi.c.obj (.text:fcvt)
                  000037fc    00000110                                   : s_scalbn.c.obj (.text:scalbn)
                  0000390c    000000fc                                   : fd_mul_t2.asm.obj (.text)
                  00003a08    000000dc     msp432p4xx_driverlib.lib : pcm.o (.text:__PCM_setPowerModeAdvanced)
                  00003ae4    000000b1     rtsv7M4_T_le_v4SPD16_eabi.lib : _printfi.c.obj (.text:_ltostr)
                  00003b95    00000003     --HOLE-- [fill = 0]
                  00003b98    000000b0     msp432p4xx_driverlib.lib : pcm.o (.text:__PCM_setCoreVoltageLevelAdvanced)
                  00003c48    0000009c     rtsv7M4_T_le_v4SPD16_eabi.lib : memcpy_t2.asm.obj (.text)
                  00003ce4    00000096                                   : ull_div_t2.asm.obj (.text)
                  00003d7a    00000002     --HOLE-- [fill = 0]
                  00003d7c    00000094     msp432p4xx_driverlib.lib : uart.o (.text:UART_initModule)
                  00003e10    00000086     rtsv7M4_T_le_v4SPD16_eabi.lib : fd_cmp_t2.asm.obj (.text:__aeabi_cdcmple)
                  00003e96    00000086                                   : fd_cmp_t2.asm.obj (.text:__aeabi_cdrcmple)
                  00003f1c    0000007a                                   : memset_t2.asm.obj (.text)
                  00003f96    00000002     --HOLE-- [fill = 0]
                  00003f98    00000078     main.obj (.text)
                  00004010    0000006e     rtsv7M4_T_le_v4SPD16_eabi.lib : _printfi.c.obj (.text:_mcpy)
                  0000407e    00000068                                   : copy_decompress_lzss.c.obj (.text:decompress:lzss:__TI_decompress_lzss)
                  000040e6    00000002     --HOLE-- [fill = 0]
                  000040e8    00000064     msp432p4xx_driverlib.lib : interrupt.o (.text:Interrupt_enableInterrupt)
                  0000414c    00000064     rtsv7M4_T_le_v4SPD16_eabi.lib : s_frexp.c.obj (.text:frexp)
                  000041b0    00000056                                   : _printfi.c.obj (.text:_pconv_f)
                  00004206    00000054                                   : _ltoa.c.obj (.text:__TI_ltoa)
                  0000425a    00000052                                   : _printfi.c.obj (.text:_ecpy)
                  000042ac    0000004c                                   : atoi.c.obj (.text:atoi)
                  000042f8    00000048     msp432p4xx_driverlib.lib : gpio.o (.text:GPIO_setAsPeripheralModuleFunctionInputPin)
                  00004340    00000048     rtsv7M4_T_le_v4SPD16_eabi.lib : fd_toi_t2.asm.obj (.text)
                  00004388    00000044                                   : autoinit.c.obj (.text:__TI_auto_init_nobinit_nopinit:__TI_auto_init_nobinit_nopinit)
                  000043cc    00000040                                   : sprintf.c.obj (.text:sprintf)
                  0000440c    0000003e                                   : _printfi.c.obj (.text:_fcpy)
                  0000444a    00000038                                   : fs_tod_t2.asm.obj (.text)
                  00004482    00000002     --HOLE-- [fill = 0]
                  00004484    00000034                                   : boot_cortex_m.c.obj (.text:_c_int00_noargs:_c_int00_noargs)
                  000044b8    00000030     msp432p4xx_driverlib.lib : gpio.o (.text:GPIO_getEnabledInterruptStatus)
                  000044e8    00000030                              : gpio.o (.text:GPIO_setAsInputPinWithPullUpResistor)
                  00004518    00000030                              : uart.o (.text:UART_getEnabledInterruptStatus)
                  00004548    0000002e     rtsv7M4_T_le_v4SPD16_eabi.lib : i_tofd_t2.asm.obj (.text)
                  00004576    00000002     --HOLE-- [fill = 0]
                  00004578    0000002c     msp432p4xx_driverlib.lib : gpio.o (.text:GPIO_setAsInputPin)
                  000045a4    0000002c                              : pcm.o (.text:PCM_getCoreVoltageLevel)
                  000045d0    0000002a                              : pcm.o (.text:PCM_getPowerMode)
                  000045fa    00000002     --HOLE-- [fill = 0]
                  000045fc    00000028                              : flash.o (.text:FlashCtl_setWaitState)
                  00004624    00000024                              : cs.o (.text:CS_setDCOCenteredFrequency)
                  00004648    00000024                              : gpio.o (.text:GPIO_setAsOutputPin)
                  0000466c    00000024                              : interrupt.o (.text:Interrupt_setPriority)
                  00004690    00000024                              : uart.o (.text:UART_disableInterrupt)
                  000046b4    00000024                              : uart.o (.text:UART_receiveData)
                  000046d8    00000024                              : uart.o (.text:UART_transmitData)
                  000046fc    00000020     rtsv7M4_T_le_v4SPD16_eabi.lib : u_tofd_t2.asm.obj (.text)
                  0000471c    0000001c                                   : copy_zero_init.c.obj (.text:decompress:ZI:__TI_zero_init_nomemset:__TI_zero_init_nomemset)
                  00004738    0000001c                                   : memccpy.c.obj (.text:memccpy)
                  00004754    0000001a                                   : s_copysign.c.obj (.text:copysign)
                  0000476e    00000002     --HOLE-- [fill = 0]
                  00004770    00000018     msp432p4xx_driverlib.lib : gpio.o (.text:GPIO_clearInterruptFlag)
                  00004788    00000018                              : gpio.o (.text:GPIO_getInputPinValue)
                  000047a0    00000018                              : gpio.o (.text:GPIO_setOutputLowOnPin)
                  000047b8    00000018                              : wdt_a.o (.text:WDT_A_holdTimer)
                  000047d0    00000018     rtsv7M4_T_le_v4SPD16_eabi.lib : sprintf.c.obj (.text:_outs)
                  000047e8    00000016     msp432p4xx_driverlib.lib : uart.o (.text:UART_enableInterrupt)
                  000047fe    00000016     rtsv7M4_T_le_v4SPD16_eabi.lib : strchr.c.obj (.text:strchr)
                  00004814    00000014     msp432p4xx_driverlib.lib : gpio.o (.text:GPIO_enableInterrupt)
                  00004828    00000014                              : gpio.o (.text:GPIO_setOutputHighOnPin)
                  0000483c    00000014                              : gpio.o (.text:GPIO_toggleOutputOnPin)
                  00004850    00000014                              : sysctl.o (.text:SysCtl_enableSRAMBankRetention)
                  00004864    00000014     rtsv7M4_T_le_v4SPD16_eabi.lib : strlen.c.obj (.text:strlen)
                  00004878    00000012                                   : wcslen.c.obj (.text:wcslen)
                  0000488a    00000002     --HOLE-- [fill = 0]
                  0000488c    00000010     msp432p4xx_driverlib.lib : gpio.o (.text:GPIO_getInterruptStatus)
                  0000489c    00000010                              : interrupt.o (.text:Interrupt_enableMaster)
                  000048ac    0000000e                              : uart.o (.text:UART_clearInterruptFlag)
                  000048ba    0000000e     rtsv7M4_T_le_v4SPD16_eabi.lib : copy_decompress_none.c.obj (.text:decompress:none:__TI_decompress_none)
                  000048c8    0000000e     startup_msp432p401r_ccs.obj (.text)
                  000048d6    0000000c     msp432p4xx_driverlib.lib : cpu.o (.text:CPU_cpsie)
                  000048e2    00000002     --HOLE-- [fill = 0]
                  000048e4    0000000c                              : pcm.o (.text:PCM_getPowerState)
                  000048f0    0000000c                              : uart.o (.text:UART_enableModule)
                  000048fc    0000000a     rtsv7M4_T_le_v4SPD16_eabi.lib : sprintf.c.obj (.text:_outc)
                  00004906    00000008     msp432p4xx_driverlib.lib : pcm.o (.text:PCM_setCoreVoltageLevel)
                  0000490e    00000008                              : pcm.o (.text:PCM_setPowerMode)
                  00004916    00000002     --HOLE-- [fill = 0]
                  00004918    00000008     rtsv7M4_T_le_v4SPD16_eabi.lib : errno.c.obj (.text:__aeabi_errno_addr)
                  00004920    00000006     msp432p4xx_driverlib.lib : uart.o (.text:UART_getInterruptStatus)
                  00004926    00000004     rtsv7M4_T_le_v4SPD16_eabi.lib : pre_init.c.obj (.text:_system_pre_init)
                  0000492a    00000004                                   : exit.c.obj (.text:abort:abort)

.const     0    00004930    0000060c     
                  00004930    00000228     oled.obj (.const:F6x8)
                  00004b58    000001c0     oled.obj (.const:Hzk)
                  00004d18    00000101     rtsv7M4_T_le_v4SPD16_eabi.lib : ctype.c.obj (.const:.string:_ctypes_)
                  00004e19    00000003     --HOLE-- [fill = 0]
                  00004e1c    00000050     msp432p4xx_driverlib.lib : interrupt.o (.const:g_pulRegs)
                  00004e6c    00000040                              : interrupt.o (.const)
                  00004eac    00000024     exinuart.obj (.const:UART0)
                  00004ed0    00000024     exinuart.obj (.const:UART2)
                  00004ef4    00000024     exinuart.obj (.const:UART3)
                  00004f18    00000024     ADS_RCV.obj (.const:UART3_SET)

.cinit     0    00004f40    00000070     
                  00004f40    00000049     (.cinit..data.load) [load image, compression = lzss]
                  00004f89    00000003     --HOLE-- [fill = 0]
                  00004f8c    0000000c     (__TI_handler_table)
                  00004f98    00000008     (.cinit..bss.load) [load image, compression = zero_init]
                  00004fa0    00000010     (__TI_cinit_table)

.init_array 
*          0    00000000    00000000     UNINITIALIZED

.binit     0    00000000    00000000     

.data      0    20000000    00002acc     UNINITIALIZED
                  20000000    00002000     oled.obj (.data:screen_buf)
                  20002000    00000400     oled.obj (.data:bmp2)
                  20002400    00000400     oled.obj (.data:bmp)
                  20002800    00000200     Oscill_OLED.obj (.data:Oscill_data_buff)
                  20002a00    00000030     msp432p4xx_driverlib.lib : gpio.o (.data:GPIO_PORT_TO_BASE)
                  20002a30    00000028     exinencoder.obj (.data:timerAcaptureValues)
                  20002a58    0000001c     exinADC.obj (.data)
                  20002a74    0000001c     exinadjust.obj (.data)
                  20002a90    0000000a     ADS_RCV.obj (.data:ADS_RCV_DATA)
                  20002a9a    00000002     --HOLE--
                  20002a9c    00000008     ADS_RCV.obj (.data)
                  20002aa4    00000008     exinencoder.obj (.data)
                  20002aac    00000008     exinsystem.obj (.data)
                  20002ab4    00000008     oled.obj (.data:tmp$2)
                  20002abc    00000005     main.obj (.data:buf)
                  20002ac1    00000003     exinuart.obj (.data)
                  20002ac4    00000004     rtsv7M4_T_le_v4SPD16_eabi.lib : errno.c.obj (.data)
                  20002ac8    00000004     system_msp432p401r.obj (.data)

.bss       0    20002acc    00000084     UNINITIALIZED
                  20002acc    00000018     (.common:oscill1)
                  20002ae4    00000010     (.common:A0results)
                  20002af4    00000010     (.common:A1results)
                  20002b04    00000010     (.common:A2results)
                  20002b14    00000010     (.common:A3results)
                  20002b24    00000008     (.common:encoder_A)
                  20002b2c    00000008     (.common:encoder_B)
                  20002b34    00000008     (.common:encoder_C)
                  20002b3c    00000008     (.common:encoder_D)
                  20002b44    00000004     exinsystem.obj (.bss)
                  20002b48    00000004     (.common:ad_get)
                  20002b4c    00000001     exinADC.obj (.bss)
                  20002b4d    00000001     exinADC0832.obj (.bss)
                  20002b4e    00000001     oled.obj (.bss)
                  20002b4f    00000001     (.common:ADC_dat)

.stack     0    2000fe00    00000200     UNINITIALIZED
                  2000fe00    00000004     rtsv7M4_T_le_v4SPD16_eabi.lib : boot_cortex_m.c.obj (.stack)
                  2000fe04    000001fc     --HOLE--

__llvm_prf_cnts 
*          0    20000000    00000000     UNINITIALIZED

MODULE SUMMARY

       Module                        code    ro data   rw data
       ------                        ----    -------   -------
    .\
       system_msp432p401r.obj        820     0         8      
       startup_msp432p401r_ccs.obj   14      228       0      
       main.obj                      120     0         12     
    +--+-----------------------------+-------+---------+---------+
       Total:                        954     228       20     
                                                              
    .\exinlibs\
       oled.obj                      2012    1000      20498  
       exinencoder.obj               1008    0         160    
       exinADC.obj                   972     0         194    
       exinADC0832.obj               1156    0         2      
       Oscill_OLED.obj               0       0         1072   
       exinisr.obj                   704     0         0      
       exingpio.obj                  616     0         0      
       exinsystem.obj                576     0         24     
       ADS_RCV.obj                   436     36        36     
       exinuart.obj                  388     108       6      
       exin_pit.obj                  328     0         0      
       exinadjust.obj                0       0         56     
    +--+-----------------------------+-------+---------+---------+
       Total:                        8196    1144      22048  
                                                              
    C:/ti/msp/MSP432Ware_3_40_00_25/driverlib/driverlib/MSP432P4xx/ccs/msp432p4xx_driverlib.lib
       pcm.o                         510     0         0      
       gpio.o                        396     0         96     
       uart.o                        358     0         0      
       interrupt.o                   152     144       0      
       flash.o                       40      0         0      
       cs.o                          36      0         0      
       wdt_a.o                       24      0         0      
       sysctl.o                      20      0         0      
       cpu.o                         12      0         0      
    +--+-----------------------------+-------+---------+---------+
       Total:                        1548    144       96     
                                                              
    D:\CCS\ccs\tools\compiler\ti-cgt-arm_20.2.1.LTS\lib\rtsv7M4_T_le_v4SPD16_eabi.lib
       _printfi.c.obj                4851    0         0      
       fd_add_t2.asm.obj             438     0         0      
       fd_div_t2.asm.obj             310     0         0      
       s_scalbn.c.obj                272     0         0      
       fd_cmp_t2.asm.obj             268     0         0      
       ctype.c.obj                   0       257       0      
       fd_mul_t2.asm.obj             252     0         0      
       memcpy_t2.asm.obj             156     0         0      
       ull_div_t2.asm.obj            150     0         0      
       memset_t2.asm.obj             122     0         0      
       copy_decompress_lzss.c.obj    104     0         0      
       s_frexp.c.obj                 100     0         0      
       sprintf.c.obj                 98      0         0      
       _ltoa.c.obj                   84      0         0      
       atoi.c.obj                    76      0         0      
       fd_toi_t2.asm.obj             72      0         0      
       autoinit.c.obj                68      0         0      
       fs_tod_t2.asm.obj             56      0         0      
       boot_cortex_m.c.obj           52      0         0      
       i_tofd_t2.asm.obj             46      0         0      
       u_tofd_t2.asm.obj             32      0         0      
       copy_zero_init.c.obj          28      0         0      
       memccpy.c.obj                 28      0         0      
       s_copysign.c.obj              26      0         0      
       strchr.c.obj                  22      0         0      
       strlen.c.obj                  20      0         0      
       wcslen.c.obj                  18      0         0      
       errno.c.obj                   8       0         8      
       copy_decompress_none.c.obj    14      0         0      
       exit.c.obj                    4       0         0      
       pre_init.c.obj                4       0         0      
       div0.asm.obj                  2       0         0      
    +--+-----------------------------+-------+---------+---------+
       Total:                        7781    257       8      
                                                              
       Stack:                        0       0         1024   
       Linker Generated:             0       109       0      
    +--+-----------------------------+-------+---------+---------+
       Grand Total:                  18479   1882      23196  


LINKER GENERATED COPY TABLES

__TI_cinit_table @ 00004fa0 records: 2, size/record: 8, table size: 16
	.data: load addr=00004f40, load size=00000049 bytes, run addr=20000000, run size=00002acc bytes, compression=lzss
	.bss: load addr=00004f98, load size=00000008 bytes, run addr=20002acc, run size=00000084 bytes, compression=zero_init


LINKER GENERATED HANDLER TABLE

__TI_handler_table @ 00004f8c records: 3, size/record: 4, table size: 12
	index: 0, handler: __TI_decompress_lzss
	index: 1, handler: __TI_decompress_none
	index: 2, handler: __TI_zero_init


GLOBAL SYMBOLS: SORTED ALPHABETICALLY BY Name 

address   name                                      
-------   ----                                      
20002ae4  A0results                                 
20002af4  A1results                                 
20002b04  A2results                                 
20002b14  A3results                                 
00001495  ADC0832_CHA_sel                           
000013b5  ADC0832_disable                           
00001389  ADC0832_enable                            
00001311  ADC0832_init                              
000014f7  ADC0832_read_Byte                         
000013e1  ADC0832_write_DI                          
00001c75  ADC14_IRQHandler                          
00001c75  ADC14_IRQHandler                          
20002a5c  ADC_CA                                    
20002a60  ADC_CB                                    
20002a64  ADC_CC                                    
20002a68  ADC_CD                                    
00001b85  ADC_INIT                                  
00001e37  ADC_TEST                                  
20002b4f  ADC_dat                                   
00001c21  ADC_mean_filter                           
20002a70  ADC_receive_count                         
000030bd  ADS_Get                                   
20002a90  ADS_RCV_DATA                              
20002a9d  ADS_RCV_FLAG                              
000030ff  ADS_RCV_GetData32                         
00002fe5  ADS_RCV_Init                              
20002a9e  ADS_RCV_STATE                             
000048d5  AES256_IRQHandler                         
20002a8e  A_flag                                    
20002a8f  B_flag                                    
000048d5  BusFault_Handler                          
0000492b  C$$EXIT                                   
000048d5  COMP_E0_IRQHandler                        
000048d5  COMP_E1_IRQHandler                        
000048d7  CPU_cpsie                                 
000048d5  CS_IRQHandler                             
00004625  CS_setDCOCenteredFrequency                
000048d5  DMA_ERR_IRQHandler                        
000048d5  DMA_INT0_IRQHandler                       
000048d5  DMA_INT1_IRQHandler                       
000048d5  DMA_INT2_IRQHandler                       
000048d5  DMA_INT3_IRQHandler                       
000048d5  DebugMon_Handler                          
000048d5  Default_Handler                           
00001ae9  ENCODER_TEST                              
000032b1  EUSCIA0_IRQHandler                        
000032b1  EUSCIA0_IRQHandler                        
000048d5  EUSCIA1_IRQHandler                        
000032df  EUSCIA2_IRQHandler                        
000032df  EUSCIA2_IRQHandler                        
0000302d  EUSCIA3_IRQHandler                        
0000302d  EUSCIA3_IRQHandler                        
000048d5  EUSCIB0_IRQHandler                        
000048d5  EUSCIB1_IRQHandler                        
000048d5  EUSCIB2_IRQHandler                        
000048d5  EUSCIB3_IRQHandler                        
000019b9  Encoder_clr                               
00004930  F6x8                                      
000048d5  FLCTL_IRQHandler                          
000048d5  FPU_IRQHandler                            
000045fd  FlashCtl_setWaitState                     
00001be5  GET_ADC_VALUE                             
0000197d  GET_encoder_dir                           
00001941  GET_encoder_num                           
00004771  GPIO_clearInterruptFlag                   
00004815  GPIO_enableInterrupt                      
000044b9  GPIO_getEnabledInterruptStatus            
00004789  GPIO_getInputPinValue                     
0000488d  GPIO_getInterruptStatus                   
00004579  GPIO_setAsInputPin                        
000044e9  GPIO_setAsInputPinWithPullUpResistor      
00004649  GPIO_setAsOutputPin                       
000042f9  GPIO_setAsPeripheralModuleFunctionInputPin
00004829  GPIO_setOutputHighOnPin                   
000047a1  GPIO_setOutputLowOnPin                    
0000483d  GPIO_toggleOutputOnPin                    
000048d5  HardFault_Handler                         
00004b58  Hzk                                       
20002a8c  IRQ3_5flag                                
20002a8d  IRQ4_6flag                                
000040e9  Interrupt_enableInterrupt                 
0000489d  Interrupt_enableMaster                    
0000466d  Interrupt_setPriority                     
000048d5  MemManage_Handler                         
000048d5  NMI_Handler                               
00000dbf  OLED_Clear                                
00000da3  OLED_Display_Off                          
00000d87  OLED_Display_On                           
0000110d  OLED_DrawBMP                              
000011bd  OLED_Init                                 
00000b35  OLED_PutPixel                             
00000d4b  OLED_Set_Pos                              
00001057  OLED_ShowCHinese                          
00000e2d  OLED_ShowChar                             
00000ef1  OLED_ShowNum                              
00000ff5  OLED_ShowString                           
00000fc5  OLED_Showfloat                            
00000cbb  OLED_WR_Byte                              
00000ba5  OLED_pos_clr                              
00001a59  OLED_show                                 
00001de1  OLED_showADC                              
20002800  Oscill_data_buff                          
00003f99  Oscill_send                               
000048d5  PCM_IRQHandler                            
000045a5  PCM_getCoreVoltageLevel                   
000045d1  PCM_getPowerMode                          
000048e5  PCM_getPowerState                         
00004907  PCM_setCoreVoltageLevel                   
0000490f  PCM_setPowerMode                          
0000331d  PIT_init                                  
00002285  PORT1_IRQHandler                          
00002285  PORT1_IRQHandler                          
000022c3  PORT2_IRQHandler                          
000022c3  PORT2_IRQHandler                          
00002329  PORT3_IRQHandler                          
00002329  PORT3_IRQHandler                          
0000237b  PORT4_IRQHandler                          
0000237b  PORT4_IRQHandler                          
000023f5  PORT5_IRQHandler                          
000023f5  PORT5_IRQHandler                          
0000245b  PORT6_IRQHandler                          
0000245b  PORT6_IRQHandler                          
000048d5  PSS_IRQHandler                            
000048d5  PendSV_Handler                            
000048d5  RTC_C_IRQHandler                          
20002a9c  R_FLAG                                    
000048c9  Reset_Handler                             
000048d5  SVC_Handler                               
00004851  SysCtl_enableSRAMBankRetention            
00002bc5  SysTick_Handler                           
00002bc5  SysTick_Handler                           
20002ac8  SystemCoreClock                           
00001f51  SystemCoreClockUpdate                     
000021c9  SystemInit                                
000048d5  T32_INT1_IRQHandler                       
000048d5  T32_INT2_IRQHandler                       
000048d5  T32_INTC_IRQHandler                       
000024c7  TA0_0_IRQHandler                          
000024c7  TA0_0_IRQHandler                          
000019fd  TA0_N_IRQHandler                          
000019fd  TA0_N_IRQHandler                          
000024d3  TA1_0_IRQHandler                          
000024d3  TA1_0_IRQHandler                          
000048d5  TA1_N_IRQHandler                          
000024df  TA2_0_IRQHandler                          
000024df  TA2_0_IRQHandler                          
000048d5  TA2_N_IRQHandler                          
000024eb  TA3_0_IRQHandler                          
000024eb  TA3_0_IRQHandler                          
000048d5  TA3_N_IRQHandler                          
00004eac  UART0                                     
20002ac3  UART0_RXDat                               
00003199  UART0_init                                
00004ed0  UART2                                     
20002ac2  UART2_RXDat                               
000031e1  UART2_init                                
00004ef4  UART3                                     
20002ac1  UART3_RXDat                               
00004f18  UART3_SET                                 
00003229  UART3_init                                
000048ad  UART_clearInterruptFlag                   
00004691  UART_disableInterrupt                     
000047e9  UART_enableInterrupt                      
000048f1  UART_enableModule                         
00004519  UART_getEnabledInterruptStatus            
00004921  UART_getInterruptStatus                   
00003d7d  UART_initModule                           
000046b5  UART_receiveData                          
000032a1  UART_send_Num                             
00003271  UART_send_string                          
000046d9  UART_transmitData                         
000048d5  UsageFault_Handler                        
4000480c  WDTCTL_SYM                                
000048d5  WDT_A_IRQHandler                          
000047b9  WDT_A_holdTimer                           
20010000  __STACK_END                               
00000200  __STACK_SIZE                              
00004fa0  __TI_CINIT_Base                           
00004fb0  __TI_CINIT_Limit                          
00004f8c  __TI_Handler_Table_Base                   
00004f98  __TI_Handler_Table_Limit                  
00004389  __TI_auto_init_nobinit_nopinit            
0000407f  __TI_decompress_lzss                      
000048bb  __TI_decompress_none                      
00004207  __TI_ltoa                                 
ffffffff  __TI_pprof_out_hndl                       
000000e5  __TI_printfi                              
ffffffff  __TI_prof_data_size                       
ffffffff  __TI_prof_data_start                      
00000000  __TI_static_base__                        
0000471d  __TI_zero_init_nomemset                   
00003e11  __aeabi_cdcmpeq                           
00003e11  __aeabi_cdcmple                           
00003e97  __aeabi_cdrcmple                          
00004341  __aeabi_d2iz                              
00002e37  __aeabi_dadd                              
000035a1  __aeabi_ddiv                              
0000390d  __aeabi_dmul                              
00002e2d  __aeabi_dsub                              
00004919  __aeabi_errno_addr                        
0000444b  __aeabi_f2d                               
00004549  __aeabi_i2d                               
00000b33  __aeabi_idiv0                             
00000b33  __aeabi_ldiv0                             
00003f1d  __aeabi_memclr                            
00003f1d  __aeabi_memclr4                           
00003f1d  __aeabi_memclr8                           
00003c49  __aeabi_memcpy                            
00003c49  __aeabi_memcpy4                           
00003c49  __aeabi_memcpy8                           
00003f1f  __aeabi_memset                            
00003f1f  __aeabi_memset4                           
00003f1f  __aeabi_memset8                           
000046fd  __aeabi_ui2d                              
00003ce5  __aeabi_uldivmod                          
ffffffff  __binit__                                 
ffffffff  __c_args__                                
UNDEFED   __mpu_init                                
2000fe00  __stack                                   
20000000  __start___llvm_prf_cnts                   
20000000  __stop___llvm_prf_cnts                    
00004485  _c_int00_noargs                           
00004d18  _ctypes_                                  
UNDEFED   _system_post_cinit                        
00004927  _system_pre_init                          
0000492b  abort                                     
20002b48  ad_get                                    
000042ad  atoi                                      
ffffffff  binit                                     
20002400  bmp                                       
20002000  bmp2                                      
20002abc  buf                                       
00004755  copysign                                  
00004755  copysignl                                 
20002a80  count                                     
20002a74  dirf                                      
20002b24  encoder_A                                 
20002b2c  encoder_B                                 
20002b34  encoder_C                                 
20002b3c  encoder_D                                 
00001795  encoder_IncTypeDef_init                   
000017f1  encoder_dirpin_init                       
00001899  encoder_init                              
00001849  encoder_interrupt_init                    
20002ac4  errno                                     
00002a1d  error                                     
0000414d  frexp                                     
0000414d  frexpl                                    
0000175b  get_voltage                               
0000296b  gpio_INT_EN                               
00002859  gpio_edg_sel                              
00002819  gpio_get                                  
000027b5  gpio_init                                 
000029bf  gpio_interrupt_INIT                       
00002829  gpio_set                                  
00002849  gpio_toggle                               
20002a6c  ii                                        
00000000  interruptVectors                          
000037fd  ldexp                                     
000037fd  ldexpl                                    
00003fc9  main                                      
00004739  memccpy                                   
00003c49  memcpy                                    
00003f25  memset                                    
00000eb7  oled_pow                                  
00000bd9  oled_update                               
20002acc  oscill1                                   
20002a78  page_count                                
20002a58  receive_success                           
000037fd  scalbn                                    
000037fd  scalbnl                                   
20000000  screen_buf                                
00002a45  set_DCO_48MH                              
00002ae5  set_clock_period                          
000043cd  sprintf                                   
20002a7c  start_flag                                
000047ff  strchr                                    
00004865  strlen                                    
20002aac  sysc                                      
00002ba5  system_init                               
00002b97  systic_clr                                
00002bed  systic_delayms                            
00002bcf  systic_delayus                            
00002b29  systic_end                                
00002aef  systic_init                               
00002b37  systic_read                               
00002b13  systic_start                              
20002ab0  systim                                    
20002a84  testA                                     
20002a88  testB                                     
20002aa8  time_counter                              
20002aa4  timerAcapturePointer                      
20002a30  timerAcaptureValues                       
00004879  wcslen                                    


GLOBAL SYMBOLS: SORTED BY Symbol Address 

address   name                                      
-------   ----                                      
00000000  __TI_static_base__                        
00000000  interruptVectors                          
000000e5  __TI_printfi                              
00000200  __STACK_SIZE                              
00000b33  __aeabi_idiv0                             
00000b33  __aeabi_ldiv0                             
00000b35  OLED_PutPixel                             
00000ba5  OLED_pos_clr                              
00000bd9  oled_update                               
00000cbb  OLED_WR_Byte                              
00000d4b  OLED_Set_Pos                              
00000d87  OLED_Display_On                           
00000da3  OLED_Display_Off                          
00000dbf  OLED_Clear                                
00000e2d  OLED_ShowChar                             
00000eb7  oled_pow                                  
00000ef1  OLED_ShowNum                              
00000fc5  OLED_Showfloat                            
00000ff5  OLED_ShowString                           
00001057  OLED_ShowCHinese                          
0000110d  OLED_DrawBMP                              
000011bd  OLED_Init                                 
00001311  ADC0832_init                              
00001389  ADC0832_enable                            
000013b5  ADC0832_disable                           
000013e1  ADC0832_write_DI                          
00001495  ADC0832_CHA_sel                           
000014f7  ADC0832_read_Byte                         
0000175b  get_voltage                               
00001795  encoder_IncTypeDef_init                   
000017f1  encoder_dirpin_init                       
00001849  encoder_interrupt_init                    
00001899  encoder_init                              
00001941  GET_encoder_num                           
0000197d  GET_encoder_dir                           
000019b9  Encoder_clr                               
000019fd  TA0_N_IRQHandler                          
000019fd  TA0_N_IRQHandler                          
00001a59  OLED_show                                 
00001ae9  ENCODER_TEST                              
00001b85  ADC_INIT                                  
00001be5  GET_ADC_VALUE                             
00001c21  ADC_mean_filter                           
00001c75  ADC14_IRQHandler                          
00001c75  ADC14_IRQHandler                          
00001de1  OLED_showADC                              
00001e37  ADC_TEST                                  
00001f51  SystemCoreClockUpdate                     
000021c9  SystemInit                                
00002285  PORT1_IRQHandler                          
00002285  PORT1_IRQHandler                          
000022c3  PORT2_IRQHandler                          
000022c3  PORT2_IRQHandler                          
00002329  PORT3_IRQHandler                          
00002329  PORT3_IRQHandler                          
0000237b  PORT4_IRQHandler                          
0000237b  PORT4_IRQHandler                          
000023f5  PORT5_IRQHandler                          
000023f5  PORT5_IRQHandler                          
0000245b  PORT6_IRQHandler                          
0000245b  PORT6_IRQHandler                          
000024c7  TA0_0_IRQHandler                          
000024c7  TA0_0_IRQHandler                          
000024d3  TA1_0_IRQHandler                          
000024d3  TA1_0_IRQHandler                          
000024df  TA2_0_IRQHandler                          
000024df  TA2_0_IRQHandler                          
000024eb  TA3_0_IRQHandler                          
000024eb  TA3_0_IRQHandler                          
000027b5  gpio_init                                 
00002819  gpio_get                                  
00002829  gpio_set                                  
00002849  gpio_toggle                               
00002859  gpio_edg_sel                              
0000296b  gpio_INT_EN                               
000029bf  gpio_interrupt_INIT                       
00002a1d  error                                     
00002a45  set_DCO_48MH                              
00002ae5  set_clock_period                          
00002aef  systic_init                               
00002b13  systic_start                              
00002b29  systic_end                                
00002b37  systic_read                               
00002b97  systic_clr                                
00002ba5  system_init                               
00002bc5  SysTick_Handler                           
00002bc5  SysTick_Handler                           
00002bcf  systic_delayus                            
00002bed  systic_delayms                            
00002e2d  __aeabi_dsub                              
00002e37  __aeabi_dadd                              
00002fe5  ADS_RCV_Init                              
0000302d  EUSCIA3_IRQHandler                        
0000302d  EUSCIA3_IRQHandler                        
000030bd  ADS_Get                                   
000030ff  ADS_RCV_GetData32                         
00003199  UART0_init                                
000031e1  UART2_init                                
00003229  UART3_init                                
00003271  UART_send_string                          
000032a1  UART_send_Num                             
000032b1  EUSCIA0_IRQHandler                        
000032b1  EUSCIA0_IRQHandler                        
000032df  EUSCIA2_IRQHandler                        
000032df  EUSCIA2_IRQHandler                        
0000331d  PIT_init                                  
000035a1  __aeabi_ddiv                              
000037fd  ldexp                                     
000037fd  ldexpl                                    
000037fd  scalbn                                    
000037fd  scalbnl                                   
0000390d  __aeabi_dmul                              
00003c49  __aeabi_memcpy                            
00003c49  __aeabi_memcpy4                           
00003c49  __aeabi_memcpy8                           
00003c49  memcpy                                    
00003ce5  __aeabi_uldivmod                          
00003d7d  UART_initModule                           
00003e11  __aeabi_cdcmpeq                           
00003e11  __aeabi_cdcmple                           
00003e97  __aeabi_cdrcmple                          
00003f1d  __aeabi_memclr                            
00003f1d  __aeabi_memclr4                           
00003f1d  __aeabi_memclr8                           
00003f1f  __aeabi_memset                            
00003f1f  __aeabi_memset4                           
00003f1f  __aeabi_memset8                           
00003f25  memset                                    
00003f99  Oscill_send                               
00003fc9  main                                      
0000407f  __TI_decompress_lzss                      
000040e9  Interrupt_enableInterrupt                 
0000414d  frexp                                     
0000414d  frexpl                                    
00004207  __TI_ltoa                                 
000042ad  atoi                                      
000042f9  GPIO_setAsPeripheralModuleFunctionInputPin
00004341  __aeabi_d2iz                              
00004389  __TI_auto_init_nobinit_nopinit            
000043cd  sprintf                                   
0000444b  __aeabi_f2d                               
00004485  _c_int00_noargs                           
000044b9  GPIO_getEnabledInterruptStatus            
000044e9  GPIO_setAsInputPinWithPullUpResistor      
00004519  UART_getEnabledInterruptStatus            
00004549  __aeabi_i2d                               
00004579  GPIO_setAsInputPin                        
000045a5  PCM_getCoreVoltageLevel                   
000045d1  PCM_getPowerMode                          
000045fd  FlashCtl_setWaitState                     
00004625  CS_setDCOCenteredFrequency                
00004649  GPIO_setAsOutputPin                       
0000466d  Interrupt_setPriority                     
00004691  UART_disableInterrupt                     
000046b5  UART_receiveData                          
000046d9  UART_transmitData                         
000046fd  __aeabi_ui2d                              
0000471d  __TI_zero_init_nomemset                   
00004739  memccpy                                   
00004755  copysign                                  
00004755  copysignl                                 
00004771  GPIO_clearInterruptFlag                   
00004789  GPIO_getInputPinValue                     
000047a1  GPIO_setOutputLowOnPin                    
000047b9  WDT_A_holdTimer                           
000047e9  UART_enableInterrupt                      
000047ff  strchr                                    
00004815  GPIO_enableInterrupt                      
00004829  GPIO_setOutputHighOnPin                   
0000483d  GPIO_toggleOutputOnPin                    
00004851  SysCtl_enableSRAMBankRetention            
00004865  strlen                                    
00004879  wcslen                                    
0000488d  GPIO_getInterruptStatus                   
0000489d  Interrupt_enableMaster                    
000048ad  UART_clearInterruptFlag                   
000048bb  __TI_decompress_none                      
000048c9  Reset_Handler                             
000048d5  AES256_IRQHandler                         
000048d5  BusFault_Handler                          
000048d5  COMP_E0_IRQHandler                        
000048d5  COMP_E1_IRQHandler                        
000048d5  CS_IRQHandler                             
000048d5  DMA_ERR_IRQHandler                        
000048d5  DMA_INT0_IRQHandler                       
000048d5  DMA_INT1_IRQHandler                       
000048d5  DMA_INT2_IRQHandler                       
000048d5  DMA_INT3_IRQHandler                       
000048d5  DebugMon_Handler                          
000048d5  Default_Handler                           
000048d5  EUSCIA1_IRQHandler                        
000048d5  EUSCIB0_IRQHandler                        
000048d5  EUSCIB1_IRQHandler                        
000048d5  EUSCIB2_IRQHandler                        
000048d5  EUSCIB3_IRQHandler                        
000048d5  FLCTL_IRQHandler                          
000048d5  FPU_IRQHandler                            
000048d5  HardFault_Handler                         
000048d5  MemManage_Handler                         
000048d5  NMI_Handler                               
000048d5  PCM_IRQHandler                            
000048d5  PSS_IRQHandler                            
000048d5  PendSV_Handler                            
000048d5  RTC_C_IRQHandler                          
000048d5  SVC_Handler                               
000048d5  T32_INT1_IRQHandler                       
000048d5  T32_INT2_IRQHandler                       
000048d5  T32_INTC_IRQHandler                       
000048d5  TA1_N_IRQHandler                          
000048d5  TA2_N_IRQHandler                          
000048d5  TA3_N_IRQHandler                          
000048d5  UsageFault_Handler                        
000048d5  WDT_A_IRQHandler                          
000048d7  CPU_cpsie                                 
000048e5  PCM_getPowerState                         
000048f1  UART_enableModule                         
00004907  PCM_setCoreVoltageLevel                   
0000490f  PCM_setPowerMode                          
00004919  __aeabi_errno_addr                        
00004921  UART_getInterruptStatus                   
00004927  _system_pre_init                          
0000492b  C$$EXIT                                   
0000492b  abort                                     
00004930  F6x8                                      
00004b58  Hzk                                       
00004d18  _ctypes_                                  
00004eac  UART0                                     
00004ed0  UART2                                     
00004ef4  UART3                                     
00004f18  UART3_SET                                 
00004f8c  __TI_Handler_Table_Base                   
00004f98  __TI_Handler_Table_Limit                  
00004fa0  __TI_CINIT_Base                           
00004fb0  __TI_CINIT_Limit                          
20000000  __start___llvm_prf_cnts                   
20000000  __stop___llvm_prf_cnts                    
20000000  screen_buf                                
20002000  bmp2                                      
20002400  bmp                                       
20002800  Oscill_data_buff                          
20002a30  timerAcaptureValues                       
20002a58  receive_success                           
20002a5c  ADC_CA                                    
20002a60  ADC_CB                                    
20002a64  ADC_CC                                    
20002a68  ADC_CD                                    
20002a6c  ii                                        
20002a70  ADC_receive_count                         
20002a74  dirf                                      
20002a78  page_count                                
20002a7c  start_flag                                
20002a80  count                                     
20002a84  testA                                     
20002a88  testB                                     
20002a8c  IRQ3_5flag                                
20002a8d  IRQ4_6flag                                
20002a8e  A_flag                                    
20002a8f  B_flag                                    
20002a90  ADS_RCV_DATA                              
20002a9c  R_FLAG                                    
20002a9d  ADS_RCV_FLAG                              
20002a9e  ADS_RCV_STATE                             
20002aa4  timerAcapturePointer                      
20002aa8  time_counter                              
20002aac  sysc                                      
20002ab0  systim                                    
20002abc  buf                                       
20002ac1  UART3_RXDat                               
20002ac2  UART2_RXDat                               
20002ac3  UART0_RXDat                               
20002ac4  errno                                     
20002ac8  SystemCoreClock                           
20002acc  oscill1                                   
20002ae4  A0results                                 
20002af4  A1results                                 
20002b04  A2results                                 
20002b14  A3results                                 
20002b24  encoder_A                                 
20002b2c  encoder_B                                 
20002b34  encoder_C                                 
20002b3c  encoder_D                                 
20002b48  ad_get                                    
20002b4f  ADC_dat                                   
2000fe00  __stack                                   
20010000  __STACK_END                               
4000480c  WDTCTL_SYM                                
ffffffff  __TI_pprof_out_hndl                       
ffffffff  __TI_prof_data_size                       
ffffffff  __TI_prof_data_start                      
ffffffff  __binit__                                 
ffffffff  __c_args__                                
ffffffff  binit                                     
UNDEFED   __mpu_init                                
UNDEFED   _system_post_cinit                        

[294 symbols]
