******************************************************************************
                  TI ARM Linker PC v20.2.1                     
******************************************************************************
>> Linked Wed Mar 30 21:01:52 2022

OUTPUT FILE NAME:   <22.Exin_ADC0832_1.out>
ENTRY POINT SYMBOL: "_c_int00_noargs"  address: 0000749d


MEMORY CONFIGURATION

         name            origin    length      used     unused   attr    fill
----------------------  --------  ---------  --------  --------  ----  --------
  MAIN                  00000000   00040000  00008554  00037aac  R  X
  INFO                  00200000   00004000  00000000  00004000  R  X
  SRAM_CODE             01000000   00010000  000026ca  0000d936  RW X
  SRAM_DATA             20000000   00010000  000026ca  0000d936  RW  


SEGMENT ALLOCATION MAP

run origin  load origin   length   init length attrs members
----------  ----------- ---------- ----------- ----- -------
00000000    00000000    00008558   00008558    r-x
  00000000    00000000    000000e4   000000e4    r-- .intvecs
  000000e4    000000e4    0000753c   0000753c    r-x .text
  00007620    00007620    00000bb4   00000bb4    r-- .const
  000081d8    000081d8    00000380   00000380    r-- .cinit
20000000    20000000    000024ca   00000000    rw-
  20000000    20000000    00002474   00000000    rw- .data
  20002474    20002474    00000056   00000000    rw- .bss
2000fe00    2000fe00    00000200   00000000    rw-
  2000fe00    2000fe00    00000200   00000000    rw- .stack


SECTION ALLOCATION MAP

 output                                  attributes/
section   page    origin      length       input sections
--------  ----  ----------  ----------   ----------------
.intvecs   0    00000000    000000e4     
                  00000000    000000e4     startup_msp432p401r_ccs.obj (.intvecs:retain)

.text      0    000000e4    0000753c     
                  000000e4    00001c20     exinoled.obj (.text)
                  00001d04    00000a9c     exingpio.obj (.text)
                  000027a0    00000a4e     rtsv7M4_T_le_v4SPD16_eabi.lib : _printfi.c.obj (.text:__TI_printfi)
                  000031ee    00000002                                   : div0.asm.obj (.text)
                  000031f0    000008f0     exinADC.obj (.text)
                  00003ae0    00000838     exinuart.obj (.text)
                  00004318    00000668     exinisr.obj (.text)
                  00004980    00000600     exinTimerA.obj (.text)
                  00004f80    000004fc     exinsystem.obj (.text)
                  0000547c    00000480     exinADC0832.obj (.text)
                  000058fc    000003b4     exinencoder.obj (.text)
                  00005cb0    00000334     system_msp432p401r.obj (.text)
                  00005fe4    00000270     rtsv7M4_T_le_v4SPD16_eabi.lib : _printfi.c.obj (.text:_pconv_a)
                  00006254    000001d0                                   : _printfi.c.obj (.text:_pconv_g)
                  00006424    000001b6                                   : fd_add_t2.asm.obj (.text)
                  000065da    00000002     --HOLE-- [fill = 0]
                  000065dc    00000170     exinTimerAINT.obj (.text)
                  0000674c    0000013c     rtsv7M4_T_le_v4SPD16_eabi.lib : _printfi.c.obj (.text:_pconv_e)
                  00006888    00000136                                   : fd_div_t2.asm.obj (.text)
                  000069be    00000002     --HOLE-- [fill = 0]
                  000069c0    00000124                                   : _printfi.c.obj (.text:fcvt)
                  00006ae4    00000110                                   : s_scalbn.c.obj (.text:scalbn)
                  00006bf4    000000fc                                   : fd_mul_t2.asm.obj (.text)
                  00006cf0    000000b1                                   : _printfi.c.obj (.text:_ltostr)
                  00006da1    00000001     --HOLE-- [fill = 0]
                  00006da2    0000009c                                   : memcpy_t2.asm.obj (.text)
                  00006e3e    00000096                                   : ull_div_t2.asm.obj (.text)
                  00006ed4    00000086                                   : fd_cmp_t2.asm.obj (.text:__aeabi_cdcmple)
                  00006f5a    00000086                                   : fd_cmp_t2.asm.obj (.text:__aeabi_cdrcmple)
                  00006fe0    0000007a                                   : memset_t2.asm.obj (.text)
                  0000705a    00000002     --HOLE-- [fill = 0]
                  0000705c    00000078     main.obj (.text)
                  000070d4    0000006e     rtsv7M4_T_le_v4SPD16_eabi.lib : _printfi.c.obj (.text:_mcpy)
                  00007142    00000068                                   : copy_decompress_lzss.c.obj (.text:decompress:lzss:__TI_decompress_lzss)
                  000071aa    00000002     --HOLE-- [fill = 0]
                  000071ac    00000064                                   : s_frexp.c.obj (.text:frexp)
                  00007210    00000056                                   : _printfi.c.obj (.text:_pconv_f)
                  00007266    00000054                                   : _ltoa.c.obj (.text:__TI_ltoa)
                  000072ba    00000052                                   : _printfi.c.obj (.text:_ecpy)
                  0000730c    0000004c                                   : atoi.c.obj (.text:atoi)
                  00007358    00000048                                   : fd_toi_t2.asm.obj (.text)
                  000073a0    00000044                                   : autoinit.c.obj (.text:__TI_auto_init_nobinit_nopinit:__TI_auto_init_nobinit_nopinit)
                  000073e4    00000040                                   : sprintf.c.obj (.text:sprintf)
                  00007424    0000003e                                   : _printfi.c.obj (.text:_fcpy)
                  00007462    00000038                                   : fs_tod_t2.asm.obj (.text)
                  0000749a    00000002     --HOLE-- [fill = 0]
                  0000749c    00000034                                   : boot_cortex_m.c.obj (.text:_c_int00_noargs:_c_int00_noargs)
                  000074d0    0000002e                                   : i_tofd_t2.asm.obj (.text)
                  000074fe    00000002     --HOLE-- [fill = 0]
                  00007500    00000024     msp432p4xx_driverlib.lib : interrupt.o (.text:Interrupt_setPriority)
                  00007524    00000020     rtsv7M4_T_le_v4SPD16_eabi.lib : u_tofd_t2.asm.obj (.text)
                  00007544    0000001c                                   : copy_zero_init.c.obj (.text:decompress:ZI:__TI_zero_init_nomemset:__TI_zero_init_nomemset)
                  00007560    0000001c                                   : memccpy.c.obj (.text:memccpy)
                  0000757c    0000001a                                   : s_copysign.c.obj (.text:copysign)
                  00007596    00000018                                   : sprintf.c.obj (.text:_outs)
                  000075ae    00000016                                   : strchr.c.obj (.text:strchr)
                  000075c4    00000014                                   : strlen.c.obj (.text:strlen)
                  000075d8    00000012                                   : wcslen.c.obj (.text:wcslen)
                  000075ea    0000000e                                   : copy_decompress_none.c.obj (.text:decompress:none:__TI_decompress_none)
                  000075f8    0000000e     startup_msp432p401r_ccs.obj (.text)
                  00007606    0000000a     rtsv7M4_T_le_v4SPD16_eabi.lib : sprintf.c.obj (.text:_outc)
                  00007610    00000008                                   : errno.c.obj (.text:__aeabi_errno_addr)
                  00007618    00000004                                   : pre_init.c.obj (.text:_system_pre_init)
                  0000761c    00000004                                   : exit.c.obj (.text:abort:abort)

.const     0    00007620    00000bb4     
                  00007620    000005f0     exinoled.obj (.const:.string:F8x16)
                  00007c10    00000228     exinoled.obj (.const:F6x8)
                  00007e38    00000180     exinoled.obj (.const:Chiness)
                  00007fb8    00000101     rtsv7M4_T_le_v4SPD16_eabi.lib : ctype.c.obj (.const:.string:_ctypes_)
                  000080b9    00000003     --HOLE-- [fill = 0]
                  000080bc    000000a0     exinuart.obj (.const:FP_N)
                  0000815c    00000050     msp432p4xx_driverlib.lib : interrupt.o (.const:g_pulRegs)
                  000081ac    00000028     exinuart.obj (.const:.string:BRS)

.cinit     0    000081d8    00000380     
                  000081d8    00000357     (.cinit..data.load) [load image, compression = lzss]
                  0000852f    00000001     --HOLE-- [fill = 0]
                  00008530    0000000c     (__TI_handler_table)
                  0000853c    00000004     --HOLE-- [fill = 0]
                  00008540    00000008     (.cinit..bss.load) [load image, compression = zero_init]
                  00008548    00000010     (__TI_cinit_table)

.init_array 
*          0    00000000    00000000     UNINITIALIZED

.binit     0    00000000    00000000     

.data      0    20000000    00002474     UNINITIALIZED
                  20000000    00002000     exinoled.obj (.data:bmp_pixel1)
                  20002000    00000400     exinoled.obj (.data:GDDRAM)
                  20002400    00000038     exinTimerAINT.obj (.data:CCRn_period_val)
                  20002438    0000001c     exinadjust.obj (.data)
                  20002454    00000008     exinsystem.obj (.data)
                  2000245c    00000008     exinuart.obj (.data)
                  20002464    00000005     main.obj (.data:buf)
                  20002469    00000003     --HOLE--
                  2000246c    00000004     rtsv7M4_T_le_v4SPD16_eabi.lib : errno.c.obj (.data)
                  20002470    00000004     system_msp432p401r.obj (.data)

.bss       0    20002474    00000056     UNINITIALIZED
                  20002474    00000030     (.common:ADC14_STRUCT)
                  200024a4    00000008     (.common:encoder_A)
                  200024ac    00000008     (.common:encoder_B)
                  200024b4    00000008     (.common:encoder_C)
                  200024bc    00000008     (.common:encoder_D)
                  200024c4    00000004     exinsystem.obj (.bss)
                  200024c8    00000001     exinADC0832.obj (.bss)
                  200024c9    00000001     (.common:ADC_dat)

.stack     0    2000fe00    00000200     UNINITIALIZED
                  2000fe00    00000004     rtsv7M4_T_le_v4SPD16_eabi.lib : boot_cortex_m.c.obj (.stack)
                  2000fe04    000001fc     --HOLE--

__llvm_prf_cnts 
*          0    20000000    00000000     UNINITIALIZED

MODULE SUMMARY

       Module                        code    ro data   rw data
       ------                        ----    -------   -------
    .\
       system_msp432p401r.obj        820     0         8      
       startup_msp432p401r_ccs.obj   14      228       0      
       main.obj                      120     0         108    
    +--+-----------------------------+-------+---------+---------+
       Total:                        954     228       116    
                                                              
    .\exinlibs\
       exinoled.obj                  7200    2456      18432  
       exingpio.obj                  2716    0         0      
       exinuart.obj                  2104    200       16     
       exinADC.obj                   2288    0         0      
       exinisr.obj                   1640    0         0      
       exinTimerA.obj                1536    0         0      
       exinsystem.obj                1276    0         24     
       exinADC0832.obj               1152    0         2      
       exinencoder.obj               948     0         64     
       exinTimerAINT.obj             368     0         112    
       exinadjust.obj                0       0         56     
    +--+-----------------------------+-------+---------+---------+
       Total:                        21228   2656      18706  
                                                              
    C:/ti/msp/MSP432Ware_3_40_00_25/driverlib/driverlib/MSP432P4xx/ccs/msp432p4xx_driverlib.lib
       interrupt.o                   36      80        0      
    +--+-----------------------------+-------+---------+---------+
       Total:                        36      80        0      
                                                              
    D:\CCS\ccs\tools\compiler\ti-cgt-arm_20.2.1.LTS\lib\rtsv7M4_T_le_v4SPD16_eabi.lib
       _printfi.c.obj                4851    0         0      
       fd_add_t2.asm.obj             438     0         0      
       fd_div_t2.asm.obj             310     0         0      
       s_scalbn.c.obj                272     0         0      
       fd_cmp_t2.asm.obj             268     0         0      
       ctype.c.obj                   0       257       0      
       fd_mul_t2.asm.obj             252     0         0      
       memcpy_t2.asm.obj             156     0         0      
       ull_div_t2.asm.obj            150     0         0      
       memset_t2.asm.obj             122     0         0      
       copy_decompress_lzss.c.obj    104     0         0      
       s_frexp.c.obj                 100     0         0      
       sprintf.c.obj                 98      0         0      
       _ltoa.c.obj                   84      0         0      
       atoi.c.obj                    76      0         0      
       fd_toi_t2.asm.obj             72      0         0      
       autoinit.c.obj                68      0         0      
       fs_tod_t2.asm.obj             56      0         0      
       boot_cortex_m.c.obj           52      0         0      
       i_tofd_t2.asm.obj             46      0         0      
       u_tofd_t2.asm.obj             32      0         0      
       copy_zero_init.c.obj          28      0         0      
       memccpy.c.obj                 28      0         0      
       s_copysign.c.obj              26      0         0      
       strchr.c.obj                  22      0         0      
       strlen.c.obj                  20      0         0      
       wcslen.c.obj                  18      0         0      
       errno.c.obj                   8       0         8      
       copy_decompress_none.c.obj    14      0         0      
       exit.c.obj                    4       0         0      
       pre_init.c.obj                4       0         0      
       div0.asm.obj                  2       0         0      
    +--+-----------------------------+-------+---------+---------+
       Total:                        7781    257       8      
                                                              
       Stack:                        0       0         1024   
       Linker Generated:             0       891       0      
    +--+-----------------------------+-------+---------+---------+
       Grand Total:                  29999   4112      19854  


LINKER GENERATED COPY TABLES

__TI_cinit_table @ 00008548 records: 2, size/record: 8, table size: 16
	.data: load addr=000081d8, load size=00000357 bytes, run addr=20000000, run size=00002474 bytes, compression=lzss
	.bss: load addr=00008540, load size=00000008 bytes, run addr=20002474, run size=00000056 bytes, compression=zero_init


LINKER GENERATED HANDLER TABLE

__TI_handler_table @ 00008530 records: 3, size/record: 4, table size: 12
	index: 0, handler: __TI_decompress_lzss
	index: 1, handler: __TI_decompress_none
	index: 2, handler: __TI_zero_init


GLOBAL SYMBOLS: SORTED ALPHABETICALLY BY Name 

address   name                          
-------   ----                          
00005601  ADC0832_CHA_sel               
00005521  ADC0832_disable               
000054f5  ADC0832_enable                
0000547d  ADC0832_init                  
00005663  ADC0832_read_Byte             
0000554d  ADC0832_write_DI              
00003701  ADC14_CHAEND_set              
00003435  ADC14_CHA_sel                 
00003549  ADC14_CLK_sel                 
000038fd  ADC14_IRQFG_set               
00003a55  ADC14_IRQHandler              
00003a55  ADC14_IRQHandler              
000037f9  ADC14_MEM_set                 
00003647  ADC14_PREC_sel                
20002474  ADC14_STRUCT                  
000031fd  ADC14_convert_disable         
000031f1  ADC14_convert_enable          
00003215  ADC14_convert_end             
00003209  ADC14_convert_start           
000036a1  ADC14_init                    
000032bf  ADC14_read_data               
00003989  ADC14_repeatmod_init          
00003a01  ADC14_repeatmod_rec           
00003221  ADC14_start                   
200024c9  ADC_dat                       
00007605  AES256_IRQHandler             
20002452  A_flag                        
20002460  BRCLK                         
000081ac  BRS                           
20002453  B_flag                        
00007605  BusFault_Handler              
0000761d  C$$EXIT                       
00004e91  CCRn_MOD_sel                  
20002400  CCRn_period_val               
00007605  COMP_E0_IRQHandler            
00007605  COMP_E1_IRQHandler            
00007605  CS_IRQHandler                 
00004fb3  CS_locked                     
00004fa9  CS_unlocked                   
00007e38  Chiness                       
00004fbb  DCO_set                       
00007605  DMA_ERR_IRQHandler            
00007605  DMA_INT0_IRQHandler           
00007605  DMA_INT1_IRQHandler           
00007605  DMA_INT2_IRQHandler           
00007605  DMA_INT3_IRQHandler           
00007605  DebugMon_Handler              
00007605  Default_Handler               
00005c39  ENCODER_TEST                  
000042ad  EUSCIA0_IRQHandler            
000042ad  EUSCIA0_IRQHandler            
000042b7  EUSCIA1_IRQHandler            
000042b7  EUSCIA1_IRQHandler            
000042c9  EUSCIA2_IRQHandler            
000042c9  EUSCIA2_IRQHandler            
000042d9  EUSCIA3_IRQHandler            
000042d9  EUSCIA3_IRQHandler            
00007605  EUSCIB0_IRQHandler            
00007605  EUSCIB1_IRQHandler            
00007605  EUSCIB2_IRQHandler            
00007605  EUSCIB3_IRQHandler            
00005b21  Encoder_clr                   
00007c10  F6x8                          
00007620  F8x16                         
00007605  FLCTL_IRQHandler              
00007605  FPU_IRQHandler                
000080bc  FP_N                          
20002000  GDDRAM                        
00001535  GDDRAM_Map_clr                
0000158f  GDDRAM_Map_set                
00005ae5  GET_encoder_dir               
00005aa9  GET_encoder_num               
00007605  HardFault_Handler             
20002450  IRQ3_5flag                    
20002451  IRQ4_6flag                    
00007501  Interrupt_setPriority         
00005031  MCLK_set                      
00007605  MemManage_Handler             
00007605  NMI_Handler                   
0000126f  OLED_Draw_Bmp                 
0000132d  OLED_Draw_BmpPixel            
00000b73  OLED_Draw_Circle              
00000361  OLED_Draw_Pixel               
00000acd  OLED_Draw_Rectangle           
00000479  OLED_Draw_line                
0000151b  OLED_OFF                      
00001505  OLED_ON                       
0000018d  OLED_SPI_configuration        
00000237  OLED_SPI_write_cmd            
0000026f  OLED_SPI_write_data           
000002a7  OLED_SetPos                   
00000c83  OLED_Show_Char                
00001161  OLED_Show_Hanzi               
00000eb1  OLED_Show_Num                 
00000e55  OLED_Show_String              
00000fd9  OLED_Show_float               
00000357  OLED_clr                      
000002df  OLED_fill                     
00001429  OLED_init                     
00005b75  OLED_show                     
000015cd  OLED_test                     
0000705d  Oscill_send                   
00007605  PCM_IRQHandler                
00004319  PORT1_IRQHandler              
00004319  PORT1_IRQHandler              
000043bf  PORT2_IRQHandler              
000043bf  PORT2_IRQHandler              
0000448b  PORT3_IRQHandler              
0000448b  PORT3_IRQHandler              
00004543  PORT4_IRQHandler              
00004543  PORT4_IRQHandler              
00004621  PORT5_IRQHandler              
00004621  PORT5_IRQHandler              
000046f5  PORT6_IRQHandler              
000046f5  PORT6_IRQHandler              
00007605  PSS_IRQHandler                
00007605  PendSV_Handler                
00007605  RTC_C_IRQHandler              
000075f9  Reset_Handler                 
00005151  SMCLK_set                     
000001cd  SPI_write_byte                
00007605  SVC_Handler                   
000053f7  SysTick_Handler               
000053f7  SysTick_Handler               
20002470  SystemCoreClock               
00005cb1  SystemCoreClockUpdate         
00005f29  SystemInit                    
00007605  T32_INT1_IRQHandler           
00007605  T32_INT2_IRQHandler           
00007605  T32_INTC_IRQHandler           
000047d1  TA0_0_IRQHandler              
000047d1  TA0_0_IRQHandler              
00004813  TA0_N_IRQHandler              
00004813  TA0_N_IRQHandler              
000047dd  TA1_0_IRQHandler              
000047dd  TA1_0_IRQHandler              
00004815  TA1_N_IRQHandler              
00004815  TA1_N_IRQHandler              
000047e9  TA2_0_IRQHandler              
000047e9  TA2_0_IRQHandler              
00004817  TA2_N_IRQHandler              
00004817  TA2_N_IRQHandler              
000047f9  TA3_0_IRQHandler              
000047f9  TA3_0_IRQHandler              
0000482d  TA3_N_IRQHandler              
0000482d  TA3_N_IRQHandler              
00006673  TimerA_CCR0INT_init           
00004e11  TimerA_CCRVAL_set             
000066c5  TimerA_CCRnINT_init           
00004a27  TimerA_CLK_set                
00004981  TimerA_MOD_sel                
00004be9  TimerA_NVIC_IRQ_set           
00004d61  TimerA_disable_CCRnIRQ        
00004cb1  TimerA_enable_CCRnIRQ         
2000245e  UART0_RXDat                   
2000245d  UART2_RXDat                   
2000245c  UART3_RXDat                   
00003d51  UART_BRS_val                  
00003e71  UART_Baunds_set               
00003c59  UART_CLK_sel                  
00003b5d  UART_IRQRX_set                
00003ae1  UART_IRQ_set                  
00003c05  UART_PIN_sel                  
00003bb1  UART_USIC_init                
000040a5  UART_init                     
00004185  UART_recv_Byte                
00004111  UART_send_Byte                
00004271  UART_send_int                 
00004215  UART_send_short               
000041d9  UART_send_string              
00007605  UsageFault_Handler            
4000480c  WDTCTL_SYM                    
00007605  WDT_A_IRQHandler              
20010000  __STACK_END                   
00000200  __STACK_SIZE                  
00008548  __TI_CINIT_Base               
00008558  __TI_CINIT_Limit              
00008530  __TI_Handler_Table_Base       
0000853c  __TI_Handler_Table_Limit      
000073a1  __TI_auto_init_nobinit_nopinit
00007143  __TI_decompress_lzss          
000075eb  __TI_decompress_none          
00007267  __TI_ltoa                     
ffffffff  __TI_pprof_out_hndl           
000027a1  __TI_printfi                  
ffffffff  __TI_prof_data_size           
ffffffff  __TI_prof_data_start          
00000000  __TI_static_base__            
00007545  __TI_zero_init_nomemset       
00006ed5  __aeabi_cdcmpeq               
00006ed5  __aeabi_cdcmple               
00006f5b  __aeabi_cdrcmple              
00007359  __aeabi_d2iz                  
0000642f  __aeabi_dadd                  
00006889  __aeabi_ddiv                  
00006bf5  __aeabi_dmul                  
00006425  __aeabi_dsub                  
00007611  __aeabi_errno_addr            
00007463  __aeabi_f2d                   
000074d1  __aeabi_i2d                   
000031ef  __aeabi_idiv0                 
000031ef  __aeabi_ldiv0                 
00006fe1  __aeabi_memclr                
00006fe1  __aeabi_memclr4               
00006fe1  __aeabi_memclr8               
00006da3  __aeabi_memcpy                
00006da3  __aeabi_memcpy4               
00006da3  __aeabi_memcpy8               
00006fe3  __aeabi_memset                
00006fe3  __aeabi_memset4               
00006fe3  __aeabi_memset8               
00007525  __aeabi_ui2d                  
00006e3f  __aeabi_uldivmod              
ffffffff  __binit__                     
ffffffff  __c_args__                    
UNDEFED   __mpu_init                    
2000fe00  __stack                       
20000000  __start___llvm_prf_cnts       
20000000  __stop___llvm_prf_cnts        
0000749d  _c_int00_noargs               
00007fb8  _ctypes_                      
UNDEFED   _system_post_cinit            
00007619  _system_pre_init              
0000761d  abort                         
0000730d  atoi                          
ffffffff  binit                         
20000000  bmp_pixel1                    
20002464  buf                           
0000757d  copysign                      
0000757d  copysignl                     
20002444  count                         
20002438  dirf                          
200024a4  encoder_A                     
200024ac  encoder_B                     
200024b4  encoder_C                     
200024bc  encoder_D                     
000058fd  encoder_IncTypeDef_init       
00005959  encoder_dirpin_init           
00005a01  encoder_init                  
000059b1  encoder_interrupt_init        
2000246c  errno                         
00004f81  error                         
000071ad  frexp                         
000071ad  frexpl                        
000058c7  get_voltage                   
000022df  gpio_clr_GPIOIRQFLG           
0000226d  gpio_disable_IRQ              
000020ed  gpio_disable_Ren              
00002361  gpio_edg_sel                  
000021d5  gpio_enable_IRQ               
0000202d  gpio_enable_Ren               
00002571  gpio_get                      
000024e1  gpio_init                     
00002481  gpio_interrupt_INIT           
00002661  gpio_set                      
00001dc5  gpio_set_Asin                 
00001d05  gpio_set_Asout                
00001e85  gpio_set_High                 
00001f45  gpio_set_Low                  
00002691  gpio_toggle                   
00000000  interruptVectors              
00006ae5  ldexp                         
00006ae5  ldexpl                        
0000708d  main                          
00007561  memccpy                       
00006da3  memcpy                        
00006fe9  memset                        
000000e5  num_pow                       
2000243c  page_count                    
000065dd  period_cvert                  
00006ae5  scalbn                        
00006ae5  scalbnl                       
00005279  set_DCO_48MH                  
00005311  set_clock_period              
000073e5  sprintf                       
00000115  sqr                           
20002440  start_flag                    
000075af  strchr                        
000075c5  strlen                        
20002454  sysc                          
000053d7  system_init                   
000053c9  systic_clr                    
0000541f  systic_delayms                
00005401  systic_delayus                
00005355  systic_end                    
0000531b  systic_init                   
00005369  systic_read                   
0000533f  systic_start                  
20002458  systim                        
20002448  testA                         
2000244c  testB                         
000075d9  wcslen                        


GLOBAL SYMBOLS: SORTED BY Symbol Address 

address   name                          
-------   ----                          
00000000  __TI_static_base__            
00000000  interruptVectors              
000000e5  num_pow                       
00000115  sqr                           
0000018d  OLED_SPI_configuration        
000001cd  SPI_write_byte                
00000200  __STACK_SIZE                  
00000237  OLED_SPI_write_cmd            
0000026f  OLED_SPI_write_data           
000002a7  OLED_SetPos                   
000002df  OLED_fill                     
00000357  OLED_clr                      
00000361  OLED_Draw_Pixel               
00000479  OLED_Draw_line                
00000acd  OLED_Draw_Rectangle           
00000b73  OLED_Draw_Circle              
00000c83  OLED_Show_Char                
00000e55  OLED_Show_String              
00000eb1  OLED_Show_Num                 
00000fd9  OLED_Show_float               
00001161  OLED_Show_Hanzi               
0000126f  OLED_Draw_Bmp                 
0000132d  OLED_Draw_BmpPixel            
00001429  OLED_init                     
00001505  OLED_ON                       
0000151b  OLED_OFF                      
00001535  GDDRAM_Map_clr                
0000158f  GDDRAM_Map_set                
000015cd  OLED_test                     
00001d05  gpio_set_Asout                
00001dc5  gpio_set_Asin                 
00001e85  gpio_set_High                 
00001f45  gpio_set_Low                  
0000202d  gpio_enable_Ren               
000020ed  gpio_disable_Ren              
000021d5  gpio_enable_IRQ               
0000226d  gpio_disable_IRQ              
000022df  gpio_clr_GPIOIRQFLG           
00002361  gpio_edg_sel                  
00002481  gpio_interrupt_INIT           
000024e1  gpio_init                     
00002571  gpio_get                      
00002661  gpio_set                      
00002691  gpio_toggle                   
000027a1  __TI_printfi                  
000031ef  __aeabi_idiv0                 
000031ef  __aeabi_ldiv0                 
000031f1  ADC14_convert_enable          
000031fd  ADC14_convert_disable         
00003209  ADC14_convert_start           
00003215  ADC14_convert_end             
00003221  ADC14_start                   
000032bf  ADC14_read_data               
00003435  ADC14_CHA_sel                 
00003549  ADC14_CLK_sel                 
00003647  ADC14_PREC_sel                
000036a1  ADC14_init                    
00003701  ADC14_CHAEND_set              
000037f9  ADC14_MEM_set                 
000038fd  ADC14_IRQFG_set               
00003989  ADC14_repeatmod_init          
00003a01  ADC14_repeatmod_rec           
00003a55  ADC14_IRQHandler              
00003a55  ADC14_IRQHandler              
00003ae1  UART_IRQ_set                  
00003b5d  UART_IRQRX_set                
00003bb1  UART_USIC_init                
00003c05  UART_PIN_sel                  
00003c59  UART_CLK_sel                  
00003d51  UART_BRS_val                  
00003e71  UART_Baunds_set               
000040a5  UART_init                     
00004111  UART_send_Byte                
00004185  UART_recv_Byte                
000041d9  UART_send_string              
00004215  UART_send_short               
00004271  UART_send_int                 
000042ad  EUSCIA0_IRQHandler            
000042ad  EUSCIA0_IRQHandler            
000042b7  EUSCIA1_IRQHandler            
000042b7  EUSCIA1_IRQHandler            
000042c9  EUSCIA2_IRQHandler            
000042c9  EUSCIA2_IRQHandler            
000042d9  EUSCIA3_IRQHandler            
000042d9  EUSCIA3_IRQHandler            
00004319  PORT1_IRQHandler              
00004319  PORT1_IRQHandler              
000043bf  PORT2_IRQHandler              
000043bf  PORT2_IRQHandler              
0000448b  PORT3_IRQHandler              
0000448b  PORT3_IRQHandler              
00004543  PORT4_IRQHandler              
00004543  PORT4_IRQHandler              
00004621  PORT5_IRQHandler              
00004621  PORT5_IRQHandler              
000046f5  PORT6_IRQHandler              
000046f5  PORT6_IRQHandler              
000047d1  TA0_0_IRQHandler              
000047d1  TA0_0_IRQHandler              
000047dd  TA1_0_IRQHandler              
000047dd  TA1_0_IRQHandler              
000047e9  TA2_0_IRQHandler              
000047e9  TA2_0_IRQHandler              
000047f9  TA3_0_IRQHandler              
000047f9  TA3_0_IRQHandler              
00004813  TA0_N_IRQHandler              
00004813  TA0_N_IRQHandler              
00004815  TA1_N_IRQHandler              
00004815  TA1_N_IRQHandler              
00004817  TA2_N_IRQHandler              
00004817  TA2_N_IRQHandler              
0000482d  TA3_N_IRQHandler              
0000482d  TA3_N_IRQHandler              
00004981  TimerA_MOD_sel                
00004a27  TimerA_CLK_set                
00004be9  TimerA_NVIC_IRQ_set           
00004cb1  TimerA_enable_CCRnIRQ         
00004d61  TimerA_disable_CCRnIRQ        
00004e11  TimerA_CCRVAL_set             
00004e91  CCRn_MOD_sel                  
00004f81  error                         
00004fa9  CS_unlocked                   
00004fb3  CS_locked                     
00004fbb  DCO_set                       
00005031  MCLK_set                      
00005151  SMCLK_set                     
00005279  set_DCO_48MH                  
00005311  set_clock_period              
0000531b  systic_init                   
0000533f  systic_start                  
00005355  systic_end                    
00005369  systic_read                   
000053c9  systic_clr                    
000053d7  system_init                   
000053f7  SysTick_Handler               
000053f7  SysTick_Handler               
00005401  systic_delayus                
0000541f  systic_delayms                
0000547d  ADC0832_init                  
000054f5  ADC0832_enable                
00005521  ADC0832_disable               
0000554d  ADC0832_write_DI              
00005601  ADC0832_CHA_sel               
00005663  ADC0832_read_Byte             
000058c7  get_voltage                   
000058fd  encoder_IncTypeDef_init       
00005959  encoder_dirpin_init           
000059b1  encoder_interrupt_init        
00005a01  encoder_init                  
00005aa9  GET_encoder_num               
00005ae5  GET_encoder_dir               
00005b21  Encoder_clr                   
00005b75  OLED_show                     
00005c39  ENCODER_TEST                  
00005cb1  SystemCoreClockUpdate         
00005f29  SystemInit                    
00006425  __aeabi_dsub                  
0000642f  __aeabi_dadd                  
000065dd  period_cvert                  
00006673  TimerA_CCR0INT_init           
000066c5  TimerA_CCRnINT_init           
00006889  __aeabi_ddiv                  
00006ae5  ldexp                         
00006ae5  ldexpl                        
00006ae5  scalbn                        
00006ae5  scalbnl                       
00006bf5  __aeabi_dmul                  
00006da3  __aeabi_memcpy                
00006da3  __aeabi_memcpy4               
00006da3  __aeabi_memcpy8               
00006da3  memcpy                        
00006e3f  __aeabi_uldivmod              
00006ed5  __aeabi_cdcmpeq               
00006ed5  __aeabi_cdcmple               
00006f5b  __aeabi_cdrcmple              
00006fe1  __aeabi_memclr                
00006fe1  __aeabi_memclr4               
00006fe1  __aeabi_memclr8               
00006fe3  __aeabi_memset                
00006fe3  __aeabi_memset4               
00006fe3  __aeabi_memset8               
00006fe9  memset                        
0000705d  Oscill_send                   
0000708d  main                          
00007143  __TI_decompress_lzss          
000071ad  frexp                         
000071ad  frexpl                        
00007267  __TI_ltoa                     
0000730d  atoi                          
00007359  __aeabi_d2iz                  
000073a1  __TI_auto_init_nobinit_nopinit
000073e5  sprintf                       
00007463  __aeabi_f2d                   
0000749d  _c_int00_noargs               
000074d1  __aeabi_i2d                   
00007501  Interrupt_setPriority         
00007525  __aeabi_ui2d                  
00007545  __TI_zero_init_nomemset       
00007561  memccpy                       
0000757d  copysign                      
0000757d  copysignl                     
000075af  strchr                        
000075c5  strlen                        
000075d9  wcslen                        
000075eb  __TI_decompress_none          
000075f9  Reset_Handler                 
00007605  AES256_IRQHandler             
00007605  BusFault_Handler              
00007605  COMP_E0_IRQHandler            
00007605  COMP_E1_IRQHandler            
00007605  CS_IRQHandler                 
00007605  DMA_ERR_IRQHandler            
00007605  DMA_INT0_IRQHandler           
00007605  DMA_INT1_IRQHandler           
00007605  DMA_INT2_IRQHandler           
00007605  DMA_INT3_IRQHandler           
00007605  DebugMon_Handler              
00007605  Default_Handler               
00007605  EUSCIB0_IRQHandler            
00007605  EUSCIB1_IRQHandler            
00007605  EUSCIB2_IRQHandler            
00007605  EUSCIB3_IRQHandler            
00007605  FLCTL_IRQHandler              
00007605  FPU_IRQHandler                
00007605  HardFault_Handler             
00007605  MemManage_Handler             
00007605  NMI_Handler                   
00007605  PCM_IRQHandler                
00007605  PSS_IRQHandler                
00007605  PendSV_Handler                
00007605  RTC_C_IRQHandler              
00007605  SVC_Handler                   
00007605  T32_INT1_IRQHandler           
00007605  T32_INT2_IRQHandler           
00007605  T32_INTC_IRQHandler           
00007605  UsageFault_Handler            
00007605  WDT_A_IRQHandler              
00007611  __aeabi_errno_addr            
00007619  _system_pre_init              
0000761d  C$$EXIT                       
0000761d  abort                         
00007620  F8x16                         
00007c10  F6x8                          
00007e38  Chiness                       
00007fb8  _ctypes_                      
000080bc  FP_N                          
000081ac  BRS                           
00008530  __TI_Handler_Table_Base       
0000853c  __TI_Handler_Table_Limit      
00008548  __TI_CINIT_Base               
00008558  __TI_CINIT_Limit              
20000000  __start___llvm_prf_cnts       
20000000  __stop___llvm_prf_cnts        
20000000  bmp_pixel1                    
20002000  GDDRAM                        
20002400  CCRn_period_val               
20002438  dirf                          
2000243c  page_count                    
20002440  start_flag                    
20002444  count                         
20002448  testA                         
2000244c  testB                         
20002450  IRQ3_5flag                    
20002451  IRQ4_6flag                    
20002452  A_flag                        
20002453  B_flag                        
20002454  sysc                          
20002458  systim                        
2000245c  UART3_RXDat                   
2000245d  UART2_RXDat                   
2000245e  UART0_RXDat                   
20002460  BRCLK                         
20002464  buf                           
2000246c  errno                         
20002470  SystemCoreClock               
20002474  ADC14_STRUCT                  
200024a4  encoder_A                     
200024ac  encoder_B                     
200024b4  encoder_C                     
200024bc  encoder_D                     
200024c9  ADC_dat                       
2000fe00  __stack                       
20010000  __STACK_END                   
4000480c  WDTCTL_SYM                    
ffffffff  __TI_pprof_out_hndl           
ffffffff  __TI_prof_data_size           
ffffffff  __TI_prof_data_start          
ffffffff  __binit__                     
ffffffff  __c_args__                    
ffffffff  binit                         
UNDEFED   __mpu_init                    
UNDEFED   _system_post_cinit            

[292 symbols]
